CONFIGURATION:	USE_HYPERTHREADING	HASH_CONSTANT: 2654435761	THREAD_NUM: 64	AB_HIGH_THREAD_NUM: 22	AB_SIZE: 524288	AB_MIN_NUM: 32768	AB_PRT: 0.850000	AB_DNR	AB_ACC_THRES: 1.116000	DAHA	DAHA_REAR	DAHA_QUANTILE: 0.990000	DAHA_SYMB_THRES: 7000000	DAHA_NUMC_THRES: 2100000	DAHA_SPMV_THRES: 800000	DAHA_SPMM_THRES: 800000	DN_MIN: 256	GUD_ALPHA: 0.500000	GUD_MIN: 256	HYB_THRES: 0.950000	SPMM_B_K: 64	MKL_DENSE_VAL: 3.00
backend: mkl_sparse_sp2m	metapath: APCPA	left half: APC	(2 edges)
  ap.org: 1766547 x 3079007, nnz=9476108	(dataset/pathsim/dblp_v10/ap.org.mtx)
  cp.trs: 3079007 x 5078, nnz=2572308	(dataset/pathsim/dblp_v10/cp.trs.mtx)
  step 1/1: AP x PC -> 1766547 x 5078, nnz=4984961	(0.122622974 s  init=0.002853 symb=0.019516 mgmt=0.060392 numc=0.039515)
  M_l: 1766547 x 5078, nnz=4984961	(3.260902528 s total)
  diag precompute: 0.001033631 s

query: id=30247  type=A  name="AnHai Doan"

[0;36m0th run	init_time: 0.000005755	symb_time: 0.000000000	mgmt_time: 0.000938096	numc_time: 0.002558333	total_time: 0.003502184
[0m[0;36m1th run	init_time: 0.000003782	symb_time: 0.000000000	mgmt_time: 0.000961922	numc_time: 0.002377961	total_time: 0.003343665
[0m[0;36m2th run	init_time: 0.000003907	symb_time: 0.000000000	mgmt_time: 0.000962963	numc_time: 0.002291213	total_time: 0.003258083
[0m
top-10:
   1. A=30247	score=1.000000000	AnHai Doan
   2. A=6137	score=0.960407240	Yannis Papakonstantinou
   3. A=947	score=0.959498003	Vivek R. Narasayya
   4. A=37205	score=0.958393113	Ihab F. Ilyas
   5. A=431	score=0.948215184	S. Sudarshan
   6. A=37956	score=0.945402299	Amol Deshpande
   7. A=9277	score=0.944121071	C. Mohan
   8. A=155854	score=0.942581012	Neoklis Polyzotis
   9. A=47899	score=0.940389294	Guy M. Lohman
  10. A=63379	score=0.935206162	David Lomet

[0;32mbackend: mkl_sparse_sp2m	dataset: dblp_v10	metapath: APCPA	query: 30247	k: 10	num_trials: 2	thread_num: 64	numa_mask: 1	ml_time: 3.260902528	ml_init: 0.002852612	ml_symb: 0.019516405	ml_mgmt: 0.060391753	ml_numc: 0.039515383	diag_time: 0.001033631	init_time: 0.000003845	symb_time: 0.000000000	mgmt_time: 0.000962443	numc_time: 0.002334587	total_time: 0.003300874	ml_nnz: 4984961
[0m