CONFIGURATION:	USE_HYPERTHREADING	HASH_CONSTANT: 2654435761	THREAD_NUM: 64	AB_HIGH_THREAD_NUM: 22	AB_SIZE: 524288	AB_MIN_NUM: 32768	AB_PRT: 0.850000	AB_DNR	AB_ACC_THRES: 1.116000	DAHA	DAHA_REAR	DAHA_QUANTILE: 0.990000	DAHA_SYMB_THRES: 7000000	DAHA_NUMC_THRES: 2100000	DAHA_SPMV_THRES: 800000	DAHA_SPMM_THRES: 800000	DN_MIN: 256	GUD_ALPHA: 0.500000	GUD_MIN: 256	HYB_THRES: 0.950000	SPMM_B_K: 64	MKL_DENSE_VAL: 3.00
backend: ab_hashspgemm	metapath: TPAPT	left half: TPA	(2 edges)
  pt.trs: 120685 x 3079007, nnz=22644935	(dataset/pathsim/dblp_v10/pt.trs.mtx)
  ap.trs: 3079007 x 1766547, nnz=9476108	(dataset/pathsim/dblp_v10/ap.trs.mtx)
  step 1/1: TP x PA -> 120685 x 1766547, nnz=48479839	(0.235938731 s  init=0.007905 symb=0.075160 mgmt=0.010912 numc=0.141958)
  M_l: 120685 x 1766547, nnz=48479839	(8.497330970 s total)
  diag precompute: 0.003183990 s

query: id=105634  type=T  name="systems"

[0;36m0th run	init_time: 0.004274000	symb_time: 0.000000000	mgmt_time: 0.000064778	numc_time: 0.009360776	total_time: 0.013699554
[0m[0;36m1th run	init_time: 0.002905555	symb_time: 0.000000000	mgmt_time: 0.000068290	numc_time: 0.010375246	total_time: 0.013349091
[0m[0;36m2th run	init_time: 0.002398291	symb_time: 0.000000000	mgmt_time: 0.000068093	numc_time: 0.009263831	total_time: 0.011730215
[0m
top-10:
   1. T=105634	score=1.000000000	systems
   2. T=108441	score=0.532471101	time
   3. T=20247	score=0.516929600	control
   4. T=3426	score=0.466948851	analysis
   5. T=105564	score=0.449617055	system
   6. T=68553	score=0.424279256	multi
   7. T=25553	score=0.415233297	design
   8. T=66850	score=0.402473872	model
   9. T=4816	score=0.397937748	approach
  10. T=71692	score=0.392113546	networks

[0;32mbackend: ab_hashspgemm	dataset: dblp_v10	metapath: TPAPT	query: 105634	k: 10	num_trials: 2	thread_num: 64	numa_mask: 1	ml_time: 8.497330970	ml_init: 0.007905300	ml_symb: 0.075159909	ml_mgmt: 0.010912261	ml_numc: 0.141958014	diag_time: 0.003183990	init_time: 0.002651923	symb_time: 0.000000000	mgmt_time: 0.000068192	numc_time: 0.009819539	total_time: 0.012539653	ml_nnz: 48479839
[0m