CONFIGURATION:	USE_HYPERTHREADING	USE_WEIGHTED_INTERLEAVING	HASH_CONSTANT: 2654435761	THREAD_NUM: 64	AB_HIGH_THREAD_NUM: 22	AB_SIZE: 524288	AB_MIN_NUM: 32768	AB_PRT: 0.850000	AB_DNR	AB_ACC_THRES: 1.211600	DAHA	DAHA_REAR	DAHA_QUANTILE: 0.990000	DAHA_SYMB_THRES: 5000000	DAHA_NUMC_THRES: 450000	DAHA_SPMV_THRES: 800000	DAHA_SPMM_THRES: 800000	DN_MIN: 256	GUD_ALPHA: 0.500000	GUD_MIN: 256	HYB_THRES: 0.950000	SPMM_B_K: 64	MKL_DENSE_VAL: 3.00
[0;36m0th run	init_time: 0.010386159	symb_time: 0.063072962	mgmt_time: 0.011417214	numc_time: 0.089505590	total_time: 0.174381925
[0m
[0;36m1th run	init_time: 0.008795030	symb_time: 0.063071878	mgmt_time: 0.011439306	numc_time: 0.089967236	total_time: 0.173273450
[0m
[0;36m2th run	init_time: 0.008738961	symb_time: 0.063039972	mgmt_time: 0.011421979	numc_time: 0.089482409	total_time: 0.172683321
[0m
[0;32mdataset: imdb_movie	num_trials: 2	thread_num: 64	numa_mask: 6	init_time: 0.008766995	symb_time: 0.063055925	mgmt_time: 0.011430643	numc_time: 0.089724822	total_time: 0.172978385	flop_cnt: 214765720	numc_perf: 2393604289.381570816	perf: 1241575468.398622751
[0mCONFIGURATION:	USE_HYPERTHREADING	USE_WEIGHTED_INTERLEAVING	HASH_CONSTANT: 2654435761	THREAD_NUM: 64	AB_HIGH_THREAD_NUM: 22	AB_SIZE: 524288	AB_MIN_NUM: 32768	AB_PRT: 0.850000	AB_DNR	AB_ACC_THRES: 1.211600	DAHA	DAHA_REAR	DAHA_QUANTILE: 0.990000	DAHA_SYMB_THRES: 5000000	DAHA_NUMC_THRES: 450000	DAHA_SPMV_THRES: 800000	DAHA_SPMM_THRES: 800000	DN_MIN: 256	GUD_ALPHA: 0.500000	GUD_MIN: 256	HYB_THRES: 0.950000	SPMM_B_K: 64	MKL_DENSE_VAL: 3.00
[0;36m0th run	init_time: 0.016031270	symb_time: 0.539468916	mgmt_time: 0.013435248	numc_time: 1.272413337	total_time: 1.841348771
[0m
[0;36m1th run	init_time: 0.009592426	symb_time: 0.538480675	mgmt_time: 0.013568652	numc_time: 1.272973871	total_time: 1.834615624
[0m
[0;36m2th run	init_time: 0.009984374	symb_time: 0.538915774	mgmt_time: 0.013666043	numc_time: 1.277542607	total_time: 1.840108798
[0m
[0;32mdataset: chbc_s_uni	num_trials: 2	thread_num: 64	numa_mask: 6	init_time: 0.009788400	symb_time: 0.538698225	mgmt_time: 0.013617348	numc_time: 1.275258239	total_time: 1.837362211	flop_cnt: 2433938671	numc_perf: 1908584941.124226570	perf: 1324691808.957640648
[0mCONFIGURATION:	USE_HYPERTHREADING	USE_WEIGHTED_INTERLEAVING	HASH_CONSTANT: 2654435761	THREAD_NUM: 64	AB_HIGH_THREAD_NUM: 22	AB_SIZE: 524288	AB_MIN_NUM: 32768	AB_PRT: 0.850000	AB_DNR	AB_ACC_THRES: 1.211600	DAHA	DAHA_REAR	DAHA_QUANTILE: 0.990000	DAHA_SYMB_THRES: 5000000	DAHA_NUMC_THRES: 450000	DAHA_SPMV_THRES: 800000	DAHA_SPMM_THRES: 800000	DN_MIN: 256	GUD_ALPHA: 0.500000	GUD_MIN: 256	HYB_THRES: 0.950000	SPMM_B_K: 64	MKL_DENSE_VAL: 3.00
[0;36m0th run	init_time: 0.007703610	symb_time: 4.885054893	mgmt_time: 0.018305019	numc_time: 5.137128270	total_time: 10.048191792
[0m
[0;36m1th run	init_time: 0.138037593	symb_time: 4.874815130	mgmt_time: 0.017731550	numc_time: 5.167645320	total_time: 10.198229593
[0m
[0;36m2th run	init_time: 0.138811720	symb_time: 4.884027960	mgmt_time: 0.017984783	numc_time: 5.039713947	total_time: 10.080538410
[0m
[0;32mdataset: bkgn	num_trials: 2	thread_num: 64	numa_mask: 6	init_time: 0.138424656	symb_time: 4.879421545	mgmt_time: 0.017858167	numc_time: 5.103679634	total_time: 10.139384001	flop_cnt: 11433004430	numc_perf: 2240149314.027275085	perf: 1127583729.771811008
[0mCONFIGURATION:	USE_HYPERTHREADING	USE_WEIGHTED_INTERLEAVING	HASH_CONSTANT: 2654435761	THREAD_NUM: 64	AB_HIGH_THREAD_NUM: 22	AB_SIZE: 524288	AB_MIN_NUM: 32768	AB_PRT: 0.850000	AB_DNR	AB_ACC_THRES: 1.211600	DAHA	DAHA_REAR	DAHA_QUANTILE: 0.990000	DAHA_SYMB_THRES: 5000000	DAHA_NUMC_THRES: 450000	DAHA_SPMV_THRES: 800000	DAHA_SPMM_THRES: 800000	DN_MIN: 256	GUD_ALPHA: 0.500000	GUD_MIN: 256	HYB_THRES: 0.950000	SPMM_B_K: 64	MKL_DENSE_VAL: 3.00
[0;36m0th run	init_time: 0.018808106	symb_time: 3.353433079	mgmt_time: 0.023440826	numc_time: 7.464364895	total_time: 10.860046906
[0m
[0;36m1th run	init_time: 0.149849189	symb_time: 3.349016768	mgmt_time: 0.024089856	numc_time: 7.470245802	total_time: 10.993201615
[0m
[0;36m2th run	init_time: 0.152882209	symb_time: 3.349084478	mgmt_time: 0.023540040	numc_time: 7.458202935	total_time: 10.983709662
[0m
[0;32mdataset: chbc_s_skew	num_trials: 2	thread_num: 64	numa_mask: 6	init_time: 0.151365699	symb_time: 3.349050623	mgmt_time: 0.023814948	numc_time: 7.464224369	total_time: 10.988455638	flop_cnt: 20336103104	numc_perf: 2724476395.674948692	perf: 1850678910.032531023
[0mCONFIGURATION:	USE_HYPERTHREADING	USE_WEIGHTED_INTERLEAVING	HASH_CONSTANT: 2654435761	THREAD_NUM: 64	AB_HIGH_THREAD_NUM: 22	AB_SIZE: 524288	AB_MIN_NUM: 32768	AB_PRT: 0.850000	AB_DNR	AB_ACC_THRES: 1.211600	DAHA	DAHA_REAR	DAHA_QUANTILE: 0.990000	DAHA_SYMB_THRES: 5000000	DAHA_NUMC_THRES: 450000	DAHA_SPMV_THRES: 800000	DAHA_SPMM_THRES: 800000	DN_MIN: 256	GUD_ALPHA: 0.500000	GUD_MIN: 256	HYB_THRES: 0.950000	SPMM_B_K: 64	MKL_DENSE_VAL: 3.00
[0;36m0th run	init_time: 0.008759549	symb_time: 28.693812581	mgmt_time: 0.026323180	numc_time: 31.792058876	total_time: 60.520954186
[0m
[0;36m1th run	init_time: 0.138219367	symb_time: 28.504284978	mgmt_time: 0.026387076	numc_time: 31.644628098	total_time: 60.313519519
[0m
[0;36m2th run	init_time: 0.139056272	symb_time: 28.635138306	mgmt_time: 0.027304546	numc_time: 31.741144384	total_time: 60.542643508
[0m
[0;32mdataset: ml20m	num_trials: 2	thread_num: 64	numa_mask: 6	init_time: 0.138637820	symb_time: 28.569711642	mgmt_time: 0.026845811	numc_time: 31.692886241	total_time: 60.428081513	flop_cnt: 269611202959	numc_perf: 8506994311.241153717	perf: 4461687285.219657898
[0m