CONFIGURATION:	USE_HYPERTHREADING	HASH_CONSTANT: 2654435761	THREAD_NUM: 64	AB_HIGH_THREAD_NUM: 22	AB_SIZE: 524288	AB_MIN_NUM: 32768	AB_PRT: 0.850000	AB_DNR	AB_ACC_THRES: 1.211600	DAHA	DAHA_REAR	DAHA_QUANTILE: 0.990000	DAHA_SYMB_THRES: 7000000	DAHA_NUMC_THRES: 2100000	DAHA_SPMV_THRES: 800000	DAHA_SPMM_THRES: 800000	DN_MIN: 256	GUD_ALPHA: 0.500000	GUD_MIN: 256	HYB_THRES: 0.950000	SPMM_B_K: 64	MKL_DENSE_VAL: 3.00
[0;36m0th run	init_time: 0.002739978	symb_time: 0.097719265	mgmt_time: 0.000517713	numc_time: 0.129427301	total_time: 0.230404257
[0m
[0;36m1th run	init_time: 0.000007470	symb_time: 0.089444377	mgmt_time: 0.000504546	numc_time: 0.130070456	total_time: 0.220026849
[0m
[0;36m2th run	init_time: 0.000005478	symb_time: 0.089351810	mgmt_time: 0.000492647	numc_time: 0.131381193	total_time: 0.221231128
[0m
[0;32mdataset: imdb_movie	num_trials: 2	thread_num: 64	numa_mask: 1	init_time: 0.000006474	symb_time: 0.089398093	mgmt_time: 0.000498596	numc_time: 0.130725825	total_time: 0.220628989	flop_cnt: 214765720	numc_perf: 1642871412.908931255	perf: 973424759.185713172
[0mCONFIGURATION:	USE_HYPERTHREADING	HASH_CONSTANT: 2654435761	THREAD_NUM: 64	AB_HIGH_THREAD_NUM: 22	AB_SIZE: 524288	AB_MIN_NUM: 32768	AB_PRT: 0.850000	AB_DNR	AB_ACC_THRES: 1.211600	DAHA	DAHA_REAR	DAHA_QUANTILE: 0.990000	DAHA_SYMB_THRES: 7000000	DAHA_NUMC_THRES: 2100000	DAHA_SPMV_THRES: 800000	DAHA_SPMM_THRES: 800000	DN_MIN: 256	GUD_ALPHA: 0.500000	GUD_MIN: 256	HYB_THRES: 0.950000	SPMM_B_K: 64	MKL_DENSE_VAL: 3.00
[0;36m0th run	init_time: 0.002702331	symb_time: 0.610461261	mgmt_time: 0.000595397	numc_time: 1.249821539	total_time: 1.863580528
[0m
[0;36m1th run	init_time: 0.000008436	symb_time: 0.601253602	mgmt_time: 0.000576076	numc_time: 1.243770003	total_time: 1.845608117
[0m
[0;36m2th run	init_time: 0.000005863	symb_time: 0.604895078	mgmt_time: 0.000580262	numc_time: 1.247678120	total_time: 1.853159323
[0m
[0;32mdataset: chbc_s_uni	num_trials: 2	thread_num: 64	numa_mask: 1	init_time: 0.000007149	symb_time: 0.603074340	mgmt_time: 0.000578169	numc_time: 1.245724062	total_time: 1.849383720	flop_cnt: 2433938671	numc_perf: 1953834517.789797068	perf: 1316080943.439904451
[0mCONFIGURATION:	USE_HYPERTHREADING	HASH_CONSTANT: 2654435761	THREAD_NUM: 64	AB_HIGH_THREAD_NUM: 22	AB_SIZE: 524288	AB_MIN_NUM: 32768	AB_PRT: 0.850000	AB_DNR	AB_ACC_THRES: 1.211600	DAHA	DAHA_REAR	DAHA_QUANTILE: 0.990000	DAHA_SYMB_THRES: 7000000	DAHA_NUMC_THRES: 2100000	DAHA_SPMV_THRES: 800000	DAHA_SPMM_THRES: 800000	DN_MIN: 256	GUD_ALPHA: 0.500000	GUD_MIN: 256	HYB_THRES: 0.950000	SPMM_B_K: 64	MKL_DENSE_VAL: 3.00
[0;36m0th run	init_time: 0.002745250	symb_time: 1.327446718	mgmt_time: 0.000257785	numc_time: 4.561760638	total_time: 5.892210391
[0m
[0;36m1th run	init_time: 0.000007317	symb_time: 1.309073299	mgmt_time: 0.000241435	numc_time: 4.581160600	total_time: 5.890482651
[0m
[0;36m2th run	init_time: 0.000007161	symb_time: 1.306780114	mgmt_time: 0.000242186	numc_time: 4.626419762	total_time: 5.933449223
[0m
[0;32mdataset: bkgn	num_trials: 2	thread_num: 64	numa_mask: 1	init_time: 0.000007239	symb_time: 1.307926706	mgmt_time: 0.000241811	numc_time: 4.603790181	total_time: 5.911965937	flop_cnt: 11433004430	numc_perf: 2483389550.893175125	perf: 1933875220.499261856
[0mCONFIGURATION:	USE_HYPERTHREADING	HASH_CONSTANT: 2654435761	THREAD_NUM: 64	AB_HIGH_THREAD_NUM: 22	AB_SIZE: 524288	AB_MIN_NUM: 32768	AB_PRT: 0.850000	AB_DNR	AB_ACC_THRES: 1.211600	DAHA	DAHA_REAR	DAHA_QUANTILE: 0.990000	DAHA_SYMB_THRES: 7000000	DAHA_NUMC_THRES: 2100000	DAHA_SPMV_THRES: 800000	DAHA_SPMM_THRES: 800000	DN_MIN: 256	GUD_ALPHA: 0.500000	GUD_MIN: 256	HYB_THRES: 0.950000	SPMM_B_K: 64	MKL_DENSE_VAL: 3.00
[0;36m0th run	init_time: 0.002684703	symb_time: 1.351515844	mgmt_time: 0.000589757	numc_time: 4.246073695	total_time: 5.600863999
[0m
[0;36m1th run	init_time: 0.000007839	symb_time: 1.367255059	mgmt_time: 0.000586763	numc_time: 4.330628363	total_time: 5.698478024
[0m
[0;36m2th run	init_time: 0.000007456	symb_time: 1.369562766	mgmt_time: 0.000582642	numc_time: 4.375724016	total_time: 5.745876880
[0m
[0;32mdataset: chbc_s_skew	num_trials: 2	thread_num: 64	numa_mask: 1	init_time: 0.000007648	symb_time: 1.368408913	mgmt_time: 0.000584703	numc_time: 4.353176190	total_time: 5.722177452	flop_cnt: 20336103104	numc_perf: 4671555255.000091553	perf: 3553909901.359696388
[0mCONFIGURATION:	USE_HYPERTHREADING	USE_WEIGHTED_INTERLEAVING	HASH_CONSTANT: 2654435761	THREAD_NUM: 64	AB_HIGH_THREAD_NUM: 22	AB_SIZE: 524288	AB_MIN_NUM: 32768	AB_PRT: 0.850000	AB_DNR	AB_ACC_THRES: 1.211600	DAHA	DAHA_REAR	DAHA_QUANTILE: 0.990000	DAHA_SYMB_THRES: 7000000	DAHA_NUMC_THRES: 2100000	DAHA_SPMV_THRES: 800000	DAHA_SPMM_THRES: 800000	DN_MIN: 256	GUD_ALPHA: 0.500000	GUD_MIN: 256	HYB_THRES: 0.950000	SPMM_B_K: 64	MKL_DENSE_VAL: 3.00
[0;36m0th run	init_time: 0.002707819	symb_time: 18.517934817	mgmt_time: 0.000129116	numc_time: 59.338808890	total_time: 77.859580642
[0m
[0;36m1th run	init_time: 0.000007051	symb_time: 18.474231295	mgmt_time: 0.000109452	numc_time: 58.074013369	total_time: 76.548361167
[0m
[0;36m2th run	init_time: 0.000007846	symb_time: 18.544627148	mgmt_time: 0.000117539	numc_time: 59.135349582	total_time: 77.680102115
[0m
[0;32mdataset: ml20m	num_trials: 2	thread_num: 64	numa_mask: 1	init_time: 0.000007449	symb_time: 18.509429221	mgmt_time: 0.000113496	numc_time: 58.604681476	total_time: 77.114231641	flop_cnt: 269611202959	numc_perf: 4600506242.350492477	perf: 3496257399.206885815
[0m