CONFIGURATION:	HASH_CONSTANT: 2654435761	THREAD_NUM: 32	AB_HIGH_THREAD_NUM: 22	AB_SIZE: 524288	AB_MIN_NUM: 32768	AB_PRT: 0.850000	AB_DNR	AB_ACC_THRES: 1.211600	DAHA	DAHA_REAR	DAHA_QUANTILE: 0.990000	DAHA_SYMB_THRES: 7000000	DAHA_NUMC_THRES: 2100000	DAHA_SPMV_THRES: 800000	DAHA_SPMM_THRES: 800000	DN_MIN: 256	GUD_ALPHA: 0.500000	GUD_MIN: 256	HYB_THRES: 0.950000	SPMM_B_K: 64	MKL_DENSE_VAL: 3.00
csr_a: rows=733468 cols=2415931 nnz=7519610
csr_b: rows=2415931 cols=733468 nnz=7519610
[0;36m0th run	total_time: 1.972481588	|Result|=176911684
[0m
[0;36m1th run	total_time: 1.856060745	|Result|=176911684
[0m
[0;36m2th run	total_time: 1.859677028	|Result|=176911684
[0m
[0;32mdataset: imdb_movie	num_trials: 2	thread_num: 32	numa_mask: 1	avg_total_time: 1.857868886
[0mCONFIGURATION:	HASH_CONSTANT: 2654435761	THREAD_NUM: 32	AB_HIGH_THREAD_NUM: 22	AB_SIZE: 524288	AB_MIN_NUM: 32768	AB_PRT: 0.850000	AB_DNR	AB_ACC_THRES: 1.211600	DAHA	DAHA_REAR	DAHA_QUANTILE: 0.990000	DAHA_SYMB_THRES: 7000000	DAHA_NUMC_THRES: 2100000	DAHA_SPMV_THRES: 800000	DAHA_SPMM_THRES: 800000	DN_MIN: 256	GUD_ALPHA: 0.500000	GUD_MIN: 256	HYB_THRES: 0.950000	SPMM_B_K: 64	MKL_DENSE_VAL: 3.00
csr_a: rows=850000 cols=1508336 nnz=2902349
csr_b: rows=1508336 cols=850000 nnz=2902349
[0;36m0th run	total_time: 8.636141056	|Result|=2336863404
[0m
[0;36m1th run	total_time: 4.297813598	|Result|=2336863404
[0m
[0;36m2th run	total_time: 4.318797763	|Result|=2336863404
[0m
[0;32mdataset: chbc_s_uni	num_trials: 2	thread_num: 32	numa_mask: 1	avg_total_time: 4.308305681
[0mCONFIGURATION:	HASH_CONSTANT: 2654435761	THREAD_NUM: 32	AB_HIGH_THREAD_NUM: 22	AB_SIZE: 524288	AB_MIN_NUM: 32768	AB_PRT: 0.850000	AB_DNR	AB_ACC_THRES: 1.211600	DAHA	DAHA_REAR	DAHA_QUANTILE: 0.990000	DAHA_SYMB_THRES: 7000000	DAHA_NUMC_THRES: 2100000	DAHA_SPMV_THRES: 800000	DAHA_SPMM_THRES: 800000	DN_MIN: 256	GUD_ALPHA: 0.500000	GUD_MIN: 256	HYB_THRES: 0.950000	SPMM_B_K: 64	MKL_DENSE_VAL: 3.00
csr_a: rows=350332 cols=9374 nnz=5152656
csr_b: rows=9374 cols=350332 nnz=5152656
errno: 22
buffer_size: 2384451035136
CONFIGURATION:	HASH_CONSTANT: 2654435761	THREAD_NUM: 32	AB_HIGH_THREAD_NUM: 22	AB_SIZE: 524288	AB_MIN_NUM: 32768	AB_PRT: 0.850000	AB_DNR	AB_ACC_THRES: 1.211600	DAHA	DAHA_REAR	DAHA_QUANTILE: 0.990000	DAHA_SYMB_THRES: 7000000	DAHA_NUMC_THRES: 2100000	DAHA_SPMV_THRES: 800000	DAHA_SPMM_THRES: 800000	DN_MIN: 256	GUD_ALPHA: 0.500000	GUD_MIN: 256	HYB_THRES: 0.950000	SPMM_B_K: 64	MKL_DENSE_VAL: 3.00
csr_a: rows=850000 cols=9703411 nnz=24054186
csr_b: rows=9703411 cols=850000 nnz=24054186
errno: 22
buffer_size: 305967955968
CONFIGURATION:	USE_WEIGHTED_INTERLEAVING	HASH_CONSTANT: 2654435761	THREAD_NUM: 32	AB_HIGH_THREAD_NUM: 22	AB_SIZE: 524288	AB_MIN_NUM: 32768	AB_PRT: 0.850000	AB_DNR	AB_ACC_THRES: 1.211600	DAHA	DAHA_REAR	DAHA_QUANTILE: 0.990000	DAHA_SYMB_THRES: 7000000	DAHA_NUMC_THRES: 2100000	DAHA_SPMV_THRES: 800000	DAHA_SPMM_THRES: 800000	DN_MIN: 256	GUD_ALPHA: 0.500000	GUD_MIN: 256	HYB_THRES: 0.950000	SPMM_B_K: 64	MKL_DENSE_VAL: 3.00
csr_a: rows=138493 cols=26744 nnz=20000263
csr_b: rows=26744 cols=138493 nnz=20000263
errno: 22
buffer_size: 460327465176
