CONFIGURATION:	HASH_CONSTANT: 2654435761	THREAD_NUM: 32	AB_HIGH_THREAD_NUM: 22	AB_SIZE: 524288	AB_MIN_NUM: 32768	AB_PRT: 0.850000	AB_DNR	AB_ACC_THRES: 1.211600	DAHA	DAHA_REAR	DAHA_QUANTILE: 0.990000	DAHA_SYMB_THRES: 7000000	DAHA_NUMC_THRES: 2100000	DAHA_SPMV_THRES: 800000	DAHA_SPMM_THRES: 800000	DN_MIN: 256	GUD_ALPHA: 0.500000	GUD_MIN: 256	HYB_THRES: 0.950000	SPMM_B_K: 64	MKL_DENSE_VAL: 3.00
[0;36m0th run	init_time: 0.025131200	symb_time: 0.081934811	mgmt_time: 0.000508846	numc_time: 0.120624285	total_time: 0.228199142
[0m
[0;36m1th run	init_time: 0.000006910	symb_time: 0.066039700	mgmt_time: 0.000492776	numc_time: 0.120320424	total_time: 0.186859810
[0m
[0;36m2th run	init_time: 0.000005501	symb_time: 0.064892057	mgmt_time: 0.000494062	numc_time: 0.120886793	total_time: 0.186278413
[0m
[0;32mdataset: imdb_movie	num_trials: 2	thread_num: 32	numa_mask: 1	init_time: 0.000006206	symb_time: 0.065465879	mgmt_time: 0.000493419	numc_time: 0.120603609	total_time: 0.186569112	flop_cnt: 214765720	numc_perf: 1780756999.488949537	perf: 1151132244.096043587
[0mCONFIGURATION:	HASH_CONSTANT: 2654435761	THREAD_NUM: 32	AB_HIGH_THREAD_NUM: 22	AB_SIZE: 524288	AB_MIN_NUM: 32768	AB_PRT: 0.850000	AB_DNR	AB_ACC_THRES: 1.211600	DAHA	DAHA_REAR	DAHA_QUANTILE: 0.990000	DAHA_SYMB_THRES: 7000000	DAHA_NUMC_THRES: 2100000	DAHA_SPMV_THRES: 800000	DAHA_SPMM_THRES: 800000	DN_MIN: 256	GUD_ALPHA: 0.500000	GUD_MIN: 256	HYB_THRES: 0.950000	SPMM_B_K: 64	MKL_DENSE_VAL: 3.00
[0;36m0th run	init_time: 0.002736558	symb_time: 0.309022968	mgmt_time: 0.000600733	numc_time: 1.007584457	total_time: 1.319944716
[0m
[0;36m1th run	init_time: 0.000007905	symb_time: 0.296431721	mgmt_time: 0.000572197	numc_time: 0.950142645	total_time: 1.247154468
[0m
[0;36m2th run	init_time: 0.000005486	symb_time: 0.291267735	mgmt_time: 0.000574173	numc_time: 0.960585764	total_time: 1.252433158
[0m
[0;32mdataset: chbc_s_uni	num_trials: 2	thread_num: 32	numa_mask: 1	init_time: 0.000006696	symb_time: 0.293849728	mgmt_time: 0.000573185	numc_time: 0.955364204	total_time: 1.249793813	flop_cnt: 2433938671	numc_perf: 2547655291.600367069	perf: 1947472171.555709362
[0mCONFIGURATION:	HASH_CONSTANT: 2654435761	THREAD_NUM: 32	AB_HIGH_THREAD_NUM: 22	AB_SIZE: 524288	AB_MIN_NUM: 32768	AB_PRT: 0.850000	AB_DNR	AB_ACC_THRES: 1.211600	DAHA	DAHA_REAR	DAHA_QUANTILE: 0.990000	DAHA_SYMB_THRES: 7000000	DAHA_NUMC_THRES: 2100000	DAHA_SPMV_THRES: 800000	DAHA_SPMM_THRES: 800000	DN_MIN: 256	GUD_ALPHA: 0.500000	GUD_MIN: 256	HYB_THRES: 0.950000	SPMM_B_K: 64	MKL_DENSE_VAL: 3.00
[0;36m0th run	init_time: 0.002732952	symb_time: 0.866316659	mgmt_time: 0.000253594	numc_time: 2.932112762	total_time: 3.801415967
[0m
[0;36m1th run	init_time: 0.000007820	symb_time: 0.844517080	mgmt_time: 0.000241362	numc_time: 3.032438601	total_time: 3.877204863
[0m
[0;36m2th run	init_time: 0.000007617	symb_time: 0.849275395	mgmt_time: 0.000245211	numc_time: 2.834632342	total_time: 3.684160565
[0m
[0;32mdataset: bkgn	num_trials: 2	thread_num: 32	numa_mask: 1	init_time: 0.000007719	symb_time: 0.846896237	mgmt_time: 0.000243287	numc_time: 2.933535471	total_time: 3.780682714	flop_cnt: 11433004430	numc_perf: 3897346577.559527874	perf: 3024058164.855565548
[0mCONFIGURATION:	HASH_CONSTANT: 2654435761	THREAD_NUM: 32	AB_HIGH_THREAD_NUM: 22	AB_SIZE: 524288	AB_MIN_NUM: 32768	AB_PRT: 0.850000	AB_DNR	AB_ACC_THRES: 1.211600	DAHA	DAHA_REAR	DAHA_QUANTILE: 0.990000	DAHA_SYMB_THRES: 7000000	DAHA_NUMC_THRES: 2100000	DAHA_SPMV_THRES: 800000	DAHA_SPMM_THRES: 800000	DN_MIN: 256	GUD_ALPHA: 0.500000	GUD_MIN: 256	HYB_THRES: 0.950000	SPMM_B_K: 64	MKL_DENSE_VAL: 3.00
[0;36m0th run	init_time: 0.002800287	symb_time: 1.160245934	mgmt_time: 0.000592628	numc_time: 4.234261470	total_time: 5.397900319
[0m
[0;36m1th run	init_time: 0.000007513	symb_time: 1.145588310	mgmt_time: 0.000583788	numc_time: 4.145901120	total_time: 5.292080731
[0m
[0;36m2th run	init_time: 0.000007612	symb_time: 1.145533245	mgmt_time: 0.000588084	numc_time: 4.047567186	total_time: 5.193696127
[0m
[0;32mdataset: chbc_s_skew	num_trials: 2	thread_num: 32	numa_mask: 1	init_time: 0.000007563	symb_time: 1.145560778	mgmt_time: 0.000585936	numc_time: 4.096734153	total_time: 5.242888429	flop_cnt: 20336103104	numc_perf: 4963979195.259243965	perf: 3878797609.255781174
[0mCONFIGURATION:	USE_WEIGHTED_INTERLEAVING	HASH_CONSTANT: 2654435761	THREAD_NUM: 32	AB_HIGH_THREAD_NUM: 22	AB_SIZE: 524288	AB_MIN_NUM: 32768	AB_PRT: 0.850000	AB_DNR	AB_ACC_THRES: 1.211600	DAHA	DAHA_REAR	DAHA_QUANTILE: 0.990000	DAHA_SYMB_THRES: 7000000	DAHA_NUMC_THRES: 2100000	DAHA_SPMV_THRES: 800000	DAHA_SPMM_THRES: 800000	DN_MIN: 256	GUD_ALPHA: 0.500000	GUD_MIN: 256	HYB_THRES: 0.950000	SPMM_B_K: 64	MKL_DENSE_VAL: 3.00
[0;36m0th run	init_time: 0.002722133	symb_time: 10.282947172	mgmt_time: 0.000113011	numc_time: 31.076207085	total_time: 41.361989401
[0m
[0;36m1th run	init_time: 0.000007897	symb_time: 11.406178740	mgmt_time: 0.000099051	numc_time: 31.061765649	total_time: 42.468051337
[0m
[0;36m2th run	init_time: 0.000005471	symb_time: 10.284620443	mgmt_time: 0.000101205	numc_time: 31.083840752	total_time: 41.368567871
[0m
[0;32mdataset: ml20m	num_trials: 2	thread_num: 32	numa_mask: 1	init_time: 0.000006684	symb_time: 10.845399591	mgmt_time: 0.000100128	numc_time: 31.072803201	total_time: 41.918309604	flop_cnt: 269611202959	numc_perf: 8676758296.292419434	perf: 6431824315.102456093
[0m