CONFIGURATION:	USE_HYPERTHREADING	USE_WEIGHTED_INTERLEAVING	HASH_CONSTANT: 2654435761	THREAD_NUM: 64	AB_HIGH_THREAD_NUM: 22	AB_SIZE: 524288	AB_MIN_NUM: 32768	AB_PRT: 0.850000	AB_DNR	AB_ACC_THRES: 1.211600	DAHA	DAHA_REAR	DAHA_QUANTILE: 0.990000	DAHA_SYMB_THRES: 5000000	DAHA_NUMC_THRES: 450000	DAHA_SPMV_THRES: 800000	DAHA_SPMM_THRES: 800000	DN_MIN: 256	GUD_ALPHA: 0.500000	GUD_MIN: 256	HYB_THRES: 0.950000	SPMM_B_K: 64	MKL_DENSE_VAL: 3.00
[0;36m0th run	init_time: 0.002907316	symb_time: 0.204078001	mgmt_time: 0.000685306	numc_time: 0.280389499	total_time: 0.488060122
[0m
[0;36m1th run	init_time: 0.000006870	symb_time: 0.195530161	mgmt_time: 0.000669615	numc_time: 0.280007553	total_time: 0.476214199
[0m
[0;36m2th run	init_time: 0.000004576	symb_time: 0.196586381	mgmt_time: 0.000663606	numc_time: 0.280383777	total_time: 0.477638340
[0m
[0;32mdataset: imdb_movie	num_trials: 2	thread_num: 64	numa_mask: 6	init_time: 0.000005723	symb_time: 0.196058271	mgmt_time: 0.000666611	numc_time: 0.280195665	total_time: 0.476926269	flop_cnt: 214765720	numc_perf: 766484806.251374245	perf: 450312204.914097309
[0mCONFIGURATION:	USE_HYPERTHREADING	USE_WEIGHTED_INTERLEAVING	HASH_CONSTANT: 2654435761	THREAD_NUM: 64	AB_HIGH_THREAD_NUM: 22	AB_SIZE: 524288	AB_MIN_NUM: 32768	AB_PRT: 0.850000	AB_DNR	AB_ACC_THRES: 1.211600	DAHA	DAHA_REAR	DAHA_QUANTILE: 0.990000	DAHA_SYMB_THRES: 5000000	DAHA_NUMC_THRES: 450000	DAHA_SPMV_THRES: 800000	DAHA_SPMM_THRES: 800000	DN_MIN: 256	GUD_ALPHA: 0.500000	GUD_MIN: 256	HYB_THRES: 0.950000	SPMM_B_K: 64	MKL_DENSE_VAL: 3.00
[0;36m0th run	init_time: 0.002955281	symb_time: 1.360842604	mgmt_time: 0.000804148	numc_time: 2.575552820	total_time: 3.940154853
[0m
[0;36m1th run	init_time: 0.000007927	symb_time: 1.345846762	mgmt_time: 0.000781478	numc_time: 2.579507135	total_time: 3.926143302
[0m
[0;36m2th run	init_time: 0.000007828	symb_time: 1.342882803	mgmt_time: 0.000773562	numc_time: 2.571077644	total_time: 3.914741837
[0m
[0;32mdataset: chbc_s_uni	num_trials: 2	thread_num: 64	numa_mask: 6	init_time: 0.000007878	symb_time: 1.344364783	mgmt_time: 0.000777520	numc_time: 2.575292389	total_time: 3.920442569	flop_cnt: 2433938671	numc_perf: 945111584.581102967	perf: 620832629.952392459
[0mCONFIGURATION:	USE_HYPERTHREADING	USE_WEIGHTED_INTERLEAVING	HASH_CONSTANT: 2654435761	THREAD_NUM: 64	AB_HIGH_THREAD_NUM: 22	AB_SIZE: 524288	AB_MIN_NUM: 32768	AB_PRT: 0.850000	AB_DNR	AB_ACC_THRES: 1.211600	DAHA	DAHA_REAR	DAHA_QUANTILE: 0.990000	DAHA_SYMB_THRES: 5000000	DAHA_NUMC_THRES: 450000	DAHA_SPMV_THRES: 800000	DAHA_SPMM_THRES: 800000	DN_MIN: 256	GUD_ALPHA: 0.500000	GUD_MIN: 256	HYB_THRES: 0.950000	SPMM_B_K: 64	MKL_DENSE_VAL: 3.00
[0;36m0th run	init_time: 0.002782556	symb_time: 3.158501305	mgmt_time: 0.000346873	numc_time: 11.554869863	total_time: 14.716500597
[0m
[0;36m1th run	init_time: 0.000008420	symb_time: 3.090425076	mgmt_time: 0.000332174	numc_time: 11.463170095	total_time: 14.553935765
[0m
[0;36m2th run	init_time: 0.000012983	symb_time: 3.088703197	mgmt_time: 0.000325161	numc_time: 11.432011487	total_time: 14.521052828
[0m
[0;32mdataset: bkgn	num_trials: 2	thread_num: 64	numa_mask: 6	init_time: 0.000010702	symb_time: 3.089564136	mgmt_time: 0.000328667	numc_time: 11.447590791	total_time: 14.537494297	flop_cnt: 11433004430	numc_perf: 998725813.905623913	perf: 786449452.485946774
[0mCONFIGURATION:	USE_HYPERTHREADING	USE_WEIGHTED_INTERLEAVING	HASH_CONSTANT: 2654435761	THREAD_NUM: 64	AB_HIGH_THREAD_NUM: 22	AB_SIZE: 524288	AB_MIN_NUM: 32768	AB_PRT: 0.850000	AB_DNR	AB_ACC_THRES: 1.211600	DAHA	DAHA_REAR	DAHA_QUANTILE: 0.990000	DAHA_SYMB_THRES: 5000000	DAHA_NUMC_THRES: 450000	DAHA_SPMV_THRES: 800000	DAHA_SPMM_THRES: 800000	DN_MIN: 256	GUD_ALPHA: 0.500000	GUD_MIN: 256	HYB_THRES: 0.950000	SPMM_B_K: 64	MKL_DENSE_VAL: 3.00
[0;36m0th run	init_time: 0.002877032	symb_time: 3.278612906	mgmt_time: 0.000788433	numc_time: 10.832993145	total_time: 14.115271516
[0m
[0;36m1th run	init_time: 0.000007969	symb_time: 3.268819083	mgmt_time: 0.000766159	numc_time: 10.806657623	total_time: 14.076250834
[0m
[0;36m2th run	init_time: 0.000008368	symb_time: 3.289830430	mgmt_time: 0.000772113	numc_time: 10.816084912	total_time: 14.106695823
[0m
[0;32mdataset: chbc_s_skew	num_trials: 2	thread_num: 64	numa_mask: 6	init_time: 0.000008169	symb_time: 3.279324756	mgmt_time: 0.000769136	numc_time: 10.811371268	total_time: 14.091473328	flop_cnt: 20336103104	numc_perf: 1880992022.273089409	perf: 1443149529.500952959
[0mCONFIGURATION:	USE_HYPERTHREADING	USE_WEIGHTED_INTERLEAVING	HASH_CONSTANT: 2654435761	THREAD_NUM: 64	AB_HIGH_THREAD_NUM: 22	AB_SIZE: 524288	AB_MIN_NUM: 32768	AB_PRT: 0.850000	AB_DNR	AB_ACC_THRES: 1.211600	DAHA	DAHA_REAR	DAHA_QUANTILE: 0.990000	DAHA_SYMB_THRES: 5000000	DAHA_NUMC_THRES: 450000	DAHA_SPMV_THRES: 800000	DAHA_SPMM_THRES: 800000	DN_MIN: 256	GUD_ALPHA: 0.500000	GUD_MIN: 256	HYB_THRES: 0.950000	SPMM_B_K: 64	MKL_DENSE_VAL: 3.00
[0;36m0th run	init_time: 0.002888577	symb_time: 22.536859302	mgmt_time: 0.000152181	numc_time: 109.598100500	total_time: 132.138000560
[0m
[0;36m1th run	init_time: 0.000007676	symb_time: 23.418855055	mgmt_time: 0.000139330	numc_time: 108.017470428	total_time: 131.436472489
[0m
[0;36m2th run	init_time: 0.000006274	symb_time: 23.481717487	mgmt_time: 0.000138552	numc_time: 109.923863972	total_time: 133.405726285
[0m
[0;32mdataset: ml20m	num_trials: 2	thread_num: 64	numa_mask: 6	init_time: 0.000006975	symb_time: 23.450286271	mgmt_time: 0.000138941	numc_time: 108.970667200	total_time: 132.421099387	flop_cnt: 269611202959	numc_perf: 2474163092.570291042	perf: 2036013929.857677937
[0m