CONFIGURATION:	USE_WEIGHTED_INTERLEAVING	HASH_CONSTANT: 2654435761	THREAD_NUM: 32	AB_HIGH_THREAD_NUM: 22	AB_SIZE: 524288	AB_MIN_NUM: 32768	AB_PRT: 0.850000	AB_DNR	AB_ACC_THRES: 1.211600	DAHA	DAHA_REAR	DAHA_QUANTILE: 0.990000	DAHA_SYMB_THRES: 5000000	DAHA_NUMC_THRES: 450000	DAHA_SPMV_THRES: 800000	DAHA_SPMM_THRES: 800000	DN_MIN: 256	GUD_ALPHA: 0.500000	GUD_MIN: 256	HYB_THRES: 0.950000	SPMM_B_K: 64	MKL_DENSE_VAL: 3.00
[0;36m0th run	init_time: 0.002915045	symb_time: 0.122605292	mgmt_time: 0.000683761	numc_time: 0.239268261	total_time: 0.365472359
[0m
[0;36m1th run	init_time: 0.000007227	symb_time: 0.112624744	mgmt_time: 0.000674284	numc_time: 0.224130663	total_time: 0.337436918
[0m
[0;36m2th run	init_time: 0.000006200	symb_time: 0.111717738	mgmt_time: 0.000675337	numc_time: 0.223416076	total_time: 0.335815351
[0m
[0;32mdataset: imdb_movie	num_trials: 2	thread_num: 32	numa_mask: 6	init_time: 0.000006714	symb_time: 0.112171241	mgmt_time: 0.000674811	numc_time: 0.223773369	total_time: 0.336626135	flop_cnt: 214765720	numc_perf: 959746552.862269998	perf: 637994790.033154726
[0mCONFIGURATION:	USE_WEIGHTED_INTERLEAVING	HASH_CONSTANT: 2654435761	THREAD_NUM: 32	AB_HIGH_THREAD_NUM: 22	AB_SIZE: 524288	AB_MIN_NUM: 32768	AB_PRT: 0.850000	AB_DNR	AB_ACC_THRES: 1.211600	DAHA	DAHA_REAR	DAHA_QUANTILE: 0.990000	DAHA_SYMB_THRES: 5000000	DAHA_NUMC_THRES: 450000	DAHA_SPMV_THRES: 800000	DAHA_SPMM_THRES: 800000	DN_MIN: 256	GUD_ALPHA: 0.500000	GUD_MIN: 256	HYB_THRES: 0.950000	SPMM_B_K: 64	MKL_DENSE_VAL: 3.00
[0;36m0th run	init_time: 0.002864641	symb_time: 0.569374238	mgmt_time: 0.000813510	numc_time: 1.963518274	total_time: 2.536570663
[0m
[0;36m1th run	init_time: 0.000008289	symb_time: 0.552251792	mgmt_time: 0.000788553	numc_time: 1.951621482	total_time: 2.504670116
[0m
[0;36m2th run	init_time: 0.000007426	symb_time: 0.557929312	mgmt_time: 0.000793092	numc_time: 1.954526755	total_time: 2.513256585
[0m
[0;32mdataset: chbc_s_uni	num_trials: 2	thread_num: 32	numa_mask: 6	init_time: 0.000007858	symb_time: 0.555090552	mgmt_time: 0.000790823	numc_time: 1.953074119	total_time: 2.508963351	flop_cnt: 2433938671	numc_perf: 1246209064.953107595	perf: 970097339.411096334
[0mCONFIGURATION:	USE_WEIGHTED_INTERLEAVING	HASH_CONSTANT: 2654435761	THREAD_NUM: 32	AB_HIGH_THREAD_NUM: 22	AB_SIZE: 524288	AB_MIN_NUM: 32768	AB_PRT: 0.850000	AB_DNR	AB_ACC_THRES: 1.211600	DAHA	DAHA_REAR	DAHA_QUANTILE: 0.990000	DAHA_SYMB_THRES: 5000000	DAHA_NUMC_THRES: 450000	DAHA_SPMV_THRES: 800000	DAHA_SPMM_THRES: 800000	DN_MIN: 256	GUD_ALPHA: 0.500000	GUD_MIN: 256	HYB_THRES: 0.950000	SPMM_B_K: 64	MKL_DENSE_VAL: 3.00
[0;36m0th run	init_time: 0.002855889	symb_time: 0.971977610	mgmt_time: 0.000340228	numc_time: 4.414123853	total_time: 5.389297580
[0m
[0;36m1th run	init_time: 0.000007608	symb_time: 0.926493012	mgmt_time: 0.000322538	numc_time: 4.348296097	total_time: 5.275119255
[0m
[0;36m2th run	init_time: 0.000008179	symb_time: 0.944122561	mgmt_time: 0.000326532	numc_time: 4.486325932	total_time: 5.430783204
[0m
[0;32mdataset: bkgn	num_trials: 2	thread_num: 32	numa_mask: 6	init_time: 0.000007894	symb_time: 0.935307787	mgmt_time: 0.000324535	numc_time: 4.417311014	total_time: 5.352951230	flop_cnt: 11433004430	numc_perf: 2588227179.945154190	perf: 2135831981.242974043
[0mCONFIGURATION:	USE_WEIGHTED_INTERLEAVING	HASH_CONSTANT: 2654435761	THREAD_NUM: 32	AB_HIGH_THREAD_NUM: 22	AB_SIZE: 524288	AB_MIN_NUM: 32768	AB_PRT: 0.850000	AB_DNR	AB_ACC_THRES: 1.211600	DAHA	DAHA_REAR	DAHA_QUANTILE: 0.990000	DAHA_SYMB_THRES: 5000000	DAHA_NUMC_THRES: 450000	DAHA_SPMV_THRES: 800000	DAHA_SPMM_THRES: 800000	DN_MIN: 256	GUD_ALPHA: 0.500000	GUD_MIN: 256	HYB_THRES: 0.950000	SPMM_B_K: 64	MKL_DENSE_VAL: 3.00
[0;36m0th run	init_time: 0.002873160	symb_time: 2.132288434	mgmt_time: 0.000790266	numc_time: 8.232799693	total_time: 10.368751553
[0m
[0;36m1th run	init_time: 0.000007668	symb_time: 2.128782341	mgmt_time: 0.000784536	numc_time: 8.238500561	total_time: 10.368075106
[0m
[0;36m2th run	init_time: 0.000006320	symb_time: 2.134849999	mgmt_time: 0.000785343	numc_time: 8.241212002	total_time: 10.376853664
[0m
[0;32mdataset: chbc_s_skew	num_trials: 2	thread_num: 32	numa_mask: 6	init_time: 0.000006994	symb_time: 2.131816170	mgmt_time: 0.000784940	numc_time: 8.239856281	total_time: 10.372464385	flop_cnt: 20336103104	numc_perf: 2468016723.745328903	perf: 1960585483.755315065
[0mCONFIGURATION:	USE_WEIGHTED_INTERLEAVING	HASH_CONSTANT: 2654435761	THREAD_NUM: 32	AB_HIGH_THREAD_NUM: 22	AB_SIZE: 524288	AB_MIN_NUM: 32768	AB_PRT: 0.850000	AB_DNR	AB_ACC_THRES: 1.211600	DAHA	DAHA_REAR	DAHA_QUANTILE: 0.990000	DAHA_SYMB_THRES: 5000000	DAHA_NUMC_THRES: 450000	DAHA_SPMV_THRES: 800000	DAHA_SPMM_THRES: 800000	DN_MIN: 256	GUD_ALPHA: 0.500000	GUD_MIN: 256	HYB_THRES: 0.950000	SPMM_B_K: 64	MKL_DENSE_VAL: 3.00
[0;36m0th run	init_time: 0.002819266	symb_time: 13.390688897	mgmt_time: 0.000144611	numc_time: 34.208593763	total_time: 47.602246537
[0m
[0;36m1th run	init_time: 0.000007148	symb_time: 14.451872863	mgmt_time: 0.000141100	numc_time: 35.214640010	total_time: 49.666661121
[0m
[0;36m2th run	init_time: 0.000005100	symb_time: 14.972370910	mgmt_time: 0.000131117	numc_time: 33.816398454	total_time: 48.788905581
[0m
[0;32mdataset: ml20m	num_trials: 2	thread_num: 32	numa_mask: 6	init_time: 0.000006124	symb_time: 14.712121887	mgmt_time: 0.000136109	numc_time: 34.515519232	total_time: 49.227783351	flop_cnt: 269611202959	numc_perf: 7811303696.368509293	perf: 5476809732.354589462
[0m