CONFIGURATION:	USE_HYPERTHREADING	HASH_CONSTANT: 2654435761	THREAD_NUM: 64	AB_HIGH_THREAD_NUM: 22	AB_SIZE: 524288	AB_MIN_NUM: 32768	AB_PRT: 0.850000	AB_DNR	AB_ACC_THRES: 1.211600	DAHA	DAHA_REAR	DAHA_QUANTILE: 0.990000	DAHA_SYMB_THRES: 7000000	DAHA_NUMC_THRES: 2100000	DAHA_SPMV_THRES: 800000	DAHA_SPMM_THRES: 800000	DN_MIN: 256	GUD_ALPHA: 0.500000	GUD_MIN: 256	HYB_THRES: 0.950000	SPMM_B_K: 64	MKL_DENSE_VAL: 3.00
[0;36m0th run	init_time: 0.009605030	symb_time: 0.062108263	mgmt_time: 0.011530746	numc_time: 0.076588370	total_time: 0.159832409
[0m
[0;36m1th run	init_time: 0.007306172	symb_time: 0.062135178	mgmt_time: 0.011256547	numc_time: 0.076730833	total_time: 0.157428730
[0m
[0;36m2th run	init_time: 0.007298613	symb_time: 0.062095871	mgmt_time: 0.011363784	numc_time: 0.076576472	total_time: 0.157334740
[0m
[0;32mdataset: imdb_movie	num_trials: 2	thread_num: 64	numa_mask: 1	init_time: 0.007302393	symb_time: 0.062115525	mgmt_time: 0.011310166	numc_time: 0.076653653	total_time: 0.157381735	flop_cnt: 214765720	numc_perf: 2801767600.050108433	perf: 1364616548.419675112
[0mCONFIGURATION:	USE_HYPERTHREADING	HASH_CONSTANT: 2654435761	THREAD_NUM: 64	AB_HIGH_THREAD_NUM: 22	AB_SIZE: 524288	AB_MIN_NUM: 32768	AB_PRT: 0.850000	AB_DNR	AB_ACC_THRES: 1.211600	DAHA	DAHA_REAR	DAHA_QUANTILE: 0.990000	DAHA_SYMB_THRES: 7000000	DAHA_NUMC_THRES: 2100000	DAHA_SPMV_THRES: 800000	DAHA_SPMM_THRES: 800000	DN_MIN: 256	GUD_ALPHA: 0.500000	GUD_MIN: 256	HYB_THRES: 0.950000	SPMM_B_K: 64	MKL_DENSE_VAL: 3.00
[0;36m0th run	init_time: 0.009142000	symb_time: 0.539866368	mgmt_time: 0.013266702	numc_time: 0.838214362	total_time: 1.400489432
[0m
[0;36m1th run	init_time: 0.007840946	symb_time: 0.538890578	mgmt_time: 0.013042829	numc_time: 0.837060565	total_time: 1.396834918
[0m
[0;36m2th run	init_time: 0.007765110	symb_time: 0.537769687	mgmt_time: 0.013310657	numc_time: 0.835520309	total_time: 1.394365763
[0m
[0;32mdataset: chbc_s_uni	num_trials: 2	thread_num: 64	numa_mask: 1	init_time: 0.007803028	symb_time: 0.538330132	mgmt_time: 0.013176743	numc_time: 0.836290437	total_time: 1.395600341	flop_cnt: 2433938671	numc_perf: 2910398784.100887299	perf: 1744008367.128941536
[0mCONFIGURATION:	USE_HYPERTHREADING	HASH_CONSTANT: 2654435761	THREAD_NUM: 64	AB_HIGH_THREAD_NUM: 22	AB_SIZE: 524288	AB_MIN_NUM: 32768	AB_PRT: 0.850000	AB_DNR	AB_ACC_THRES: 1.211600	DAHA	DAHA_REAR	DAHA_QUANTILE: 0.990000	DAHA_SYMB_THRES: 7000000	DAHA_NUMC_THRES: 2100000	DAHA_SPMV_THRES: 800000	DAHA_SPMM_THRES: 800000	DN_MIN: 256	GUD_ALPHA: 0.500000	GUD_MIN: 256	HYB_THRES: 0.950000	SPMM_B_K: 64	MKL_DENSE_VAL: 3.00
[0;36m0th run	init_time: 0.007291978	symb_time: 2.552487044	mgmt_time: 0.017866436	numc_time: 3.306423149	total_time: 5.884068607
[0m
[0;36m1th run	init_time: 0.005566664	symb_time: 2.558758589	mgmt_time: 0.017477099	numc_time: 3.316514131	total_time: 5.898316483
[0m
[0;36m2th run	init_time: 0.005586462	symb_time: 2.564772549	mgmt_time: 0.018188924	numc_time: 3.312225810	total_time: 5.900773745
[0m
[0;32mdataset: bkgn	num_trials: 2	thread_num: 64	numa_mask: 1	init_time: 0.005576563	symb_time: 2.561765569	mgmt_time: 0.017833012	numc_time: 3.314369971	total_time: 5.899545114	flop_cnt: 11433004430	numc_perf: 3449525711.299887657	perf: 1937946775.399470091
[0mCONFIGURATION:	USE_HYPERTHREADING	HASH_CONSTANT: 2654435761	THREAD_NUM: 64	AB_HIGH_THREAD_NUM: 22	AB_SIZE: 524288	AB_MIN_NUM: 32768	AB_PRT: 0.850000	AB_DNR	AB_ACC_THRES: 1.211600	DAHA	DAHA_REAR	DAHA_QUANTILE: 0.990000	DAHA_SYMB_THRES: 7000000	DAHA_NUMC_THRES: 2100000	DAHA_SPMV_THRES: 800000	DAHA_SPMM_THRES: 800000	DN_MIN: 256	GUD_ALPHA: 0.500000	GUD_MIN: 256	HYB_THRES: 0.950000	SPMM_B_K: 64	MKL_DENSE_VAL: 3.00
[0;36m0th run	init_time: 0.012643110	symb_time: 3.292194675	mgmt_time: 0.023573434	numc_time: 4.583056837	total_time: 7.911468056
[0m
[0;36m1th run	init_time: 0.011369356	symb_time: 3.295987094	mgmt_time: 0.023020062	numc_time: 4.574997643	total_time: 7.905374155
[0m
[0;36m2th run	init_time: 0.012015383	symb_time: 3.297452905	mgmt_time: 0.023139061	numc_time: 4.586259870	total_time: 7.918867219
[0m
[0;32mdataset: chbc_s_skew	num_trials: 2	thread_num: 64	numa_mask: 1	init_time: 0.011692370	symb_time: 3.296720000	mgmt_time: 0.023079562	numc_time: 4.580628756	total_time: 7.912120687	flop_cnt: 20336103104	numc_perf: 4439587704.011743546	perf: 2570246828.693248749
[0mCONFIGURATION:	USE_HYPERTHREADING	USE_WEIGHTED_INTERLEAVING	HASH_CONSTANT: 2654435761	THREAD_NUM: 64	AB_HIGH_THREAD_NUM: 22	AB_SIZE: 524288	AB_MIN_NUM: 32768	AB_PRT: 0.850000	AB_DNR	AB_ACC_THRES: 1.211600	DAHA	DAHA_REAR	DAHA_QUANTILE: 0.990000	DAHA_SYMB_THRES: 7000000	DAHA_NUMC_THRES: 2100000	DAHA_SPMV_THRES: 800000	DAHA_SPMM_THRES: 800000	DN_MIN: 256	GUD_ALPHA: 0.500000	GUD_MIN: 256	HYB_THRES: 0.950000	SPMM_B_K: 64	MKL_DENSE_VAL: 3.00
[0;36m0th run	init_time: 0.006756071	symb_time: 25.100870184	mgmt_time: 0.024847245	numc_time: 27.459915886	total_time: 52.592389386
[0m
[0;36m1th run	init_time: 0.135353394	symb_time: 25.123453072	mgmt_time: 0.024383419	numc_time: 27.703334608	total_time: 52.986524493
[0m
[0;36m2th run	init_time: 0.134278280	symb_time: 24.965865537	mgmt_time: 0.023504177	numc_time: 27.454475446	total_time: 52.578123440
[0m
[0;32mdataset: ml20m	num_trials: 2	thread_num: 64	numa_mask: 1	init_time: 0.134815837	symb_time: 25.044659305	mgmt_time: 0.023943798	numc_time: 27.578905027	total_time: 52.782323967	flop_cnt: 269611202959	numc_perf: 9775993742.139080048	perf: 5107982799.888034821
[0m