CONFIGURATION:	USE_HYPERTHREADING	USE_WEIGHTED_INTERLEAVING	MEMSV	MEM_MON	HASH_CONSTANT: 2654435761	THREAD_NUM: 64	AB_HIGH_THREAD_NUM: 22	AB_SIZE: 524288	AB_MIN_NUM: 32768	AB_PRT: 0.850000	AB_DNR	DAHA	DAHA_REAR	DAHA_QUANTILE: 0.990000	DAHA_SYMB_THRES: 5000000	DAHA_NUMC_THRES: 340000	DN_MIN: 256	GUD_ALPHA: 0.500000	GUD_MIN: 256	HYB_THRES: 0.950000
[0;36m0th run	init_time: 0.010694994	symb_time: 0.015033331	mgmt_time: 0.000227282	numc_time: 0.027098227	total_time: 0.053053834
[0m
[0;36m1th run	init_time: 0.005622261	symb_time: 0.013565729	mgmt_time: 0.000206814	numc_time: 0.025503862	total_time: 0.044898666
[0m
[0;36m2th run	init_time: 0.005545344	symb_time: 0.013642261	mgmt_time: 0.000202557	numc_time: 0.025609755	total_time: 0.044999917
[0m
[0;36m3th run	init_time: 0.005566793	symb_time: 0.013601527	mgmt_time: 0.000199213	numc_time: 0.025472061	total_time: 0.044839594
[0m
[0;32mdataset: ch7-9-b5	num_trials: 3	thread_num: 64	numa_mask: 6	init_time: 0.005578133	symb_time: 0.013603172	mgmt_time: 0.000202861	numc_time: 0.025528559	total_time: 0.044912726	flop_cnt: 20321280	numc_perf: 796021417.999328732	perf: 452461517.272866130
[0mMEMORY_CONSUMPTION: ch7-9-b5	TOTAL_AVG: 95.60	TOTAL_PEAK: 95.60	NUMA0_AVG: 1.04	NUMA0_PEAK: 1.04	NUMA1_AVG: 35.85	NUMA1_PEAK: 35.85	NUMA2_AVG: 66.23	NUMA2_PEAK: 66.23
CONFIGURATION:	USE_HYPERTHREADING	USE_WEIGHTED_INTERLEAVING	MEMSV	MEM_MON	HASH_CONSTANT: 2654435761	THREAD_NUM: 64	AB_HIGH_THREAD_NUM: 22	AB_SIZE: 524288	AB_MIN_NUM: 32768	AB_PRT: 0.850000	AB_DNR	DAHA	DAHA_REAR	DAHA_QUANTILE: 0.990000	DAHA_SYMB_THRES: 5000000	DAHA_NUMC_THRES: 340000	DN_MIN: 256	GUD_ALPHA: 0.500000	GUD_MIN: 256	HYB_THRES: 0.950000
[0;36m0th run	init_time: 0.034189349	symb_time: 0.060903373	mgmt_time: 0.011940458	numc_time: 0.175468419	total_time: 0.282501599
[0m
[0;36m1th run	init_time: 0.030253620	symb_time: 0.060443429	mgmt_time: 0.011711051	numc_time: 0.181996677	total_time: 0.284404777
[0m
[0;36m2th run	init_time: 0.030028275	symb_time: 0.060248088	mgmt_time: 0.011829384	numc_time: 0.175561482	total_time: 0.277667229
[0m
[0;36m3th run	init_time: 0.030118037	symb_time: 0.060399949	mgmt_time: 0.011751958	numc_time: 0.175904021	total_time: 0.278173965
[0m
[0;32mdataset: 333SP	num_trials: 3	thread_num: 64	numa_mask: 6	init_time: 0.030133311	symb_time: 0.060363822	mgmt_time: 0.011764131	numc_time: 0.177820727	total_time: 0.280081990	flop_cnt: 134781510	numc_perf: 757962879.392874599	perf: 481221623.138256073
[0mMEMORY_CONSUMPTION: 333SP	TOTAL_AVG: 1270.60	TOTAL_PEAK: 1765.84	NUMA0_AVG: 1.16	NUMA0_PEAK: 1.22	NUMA1_AVG: 260.68	NUMA1_PEAK: 296.33	NUMA2_AVG: 1081.21	NUMA2_PEAK: 1612.14
CONFIGURATION:	USE_HYPERTHREADING	USE_WEIGHTED_INTERLEAVING	MEMSV	MEM_MON	HASH_CONSTANT: 2654435761	THREAD_NUM: 64	AB_HIGH_THREAD_NUM: 22	AB_SIZE: 524288	AB_MIN_NUM: 32768	AB_PRT: 0.850000	AB_DNR	DAHA	DAHA_REAR	DAHA_QUANTILE: 0.990000	DAHA_SYMB_THRES: 5000000	DAHA_NUMC_THRES: 340000	DN_MIN: 256	GUD_ALPHA: 0.500000	GUD_MIN: 256	HYB_THRES: 0.950000
[0;36m0th run	init_time: 0.022508796	symb_time: 0.158213943	mgmt_time: 0.011729886	numc_time: 0.902905460	total_time: 1.095358085
[0m
[0;36m1th run	init_time: 0.012970992	symb_time: 0.157718526	mgmt_time: 0.011968903	numc_time: 0.903753798	total_time: 1.086412219
[0m
[0;36m2th run	init_time: 0.012735979	symb_time: 0.158050081	mgmt_time: 0.011895615	numc_time: 0.934474947	total_time: 1.117156622
[0m
[0;36m3th run	init_time: 0.013003161	symb_time: 0.157896613	mgmt_time: 0.011824540	numc_time: 0.905196722	total_time: 1.087921036
[0m
[0;32mdataset: GL7d16	num_trials: 3	thread_num: 64	numa_mask: 6	init_time: 0.012903377	symb_time: 0.157888407	mgmt_time: 0.011896353	numc_time: 0.914475156	total_time: 1.097163292	flop_cnt: 515644137	numc_perf: 563868940.347633004	perf: 469979391.949380100
[0mMEMORY_CONSUMPTION: GL7d16	TOTAL_AVG: 3748.81	TOTAL_PEAK: 7597.03	NUMA0_AVG: 1.15	NUMA0_PEAK: 1.16	NUMA1_AVG: 150.56	NUMA1_PEAK: 156.83	NUMA2_AVG: 3370.45	NUMA2_PEAK: 7836.17
CONFIGURATION:	USE_HYPERTHREADING	USE_WEIGHTED_INTERLEAVING	MEMSV	MEM_MON	HASH_CONSTANT: 2654435761	THREAD_NUM: 64	AB_HIGH_THREAD_NUM: 22	AB_SIZE: 524288	AB_MIN_NUM: 32768	AB_PRT: 0.850000	AB_DNR	DAHA	DAHA_REAR	DAHA_QUANTILE: 0.990000	DAHA_SYMB_THRES: 5000000	DAHA_NUMC_THRES: 340000	DN_MIN: 256	GUD_ALPHA: 0.500000	GUD_MIN: 256	HYB_THRES: 0.950000
[0;36m0th run	init_time: 0.012520479	symb_time: 0.028831648	mgmt_time: 0.000377804	numc_time: 0.069857729	total_time: 0.111587660
[0m
[0;36m1th run	init_time: 0.007295539	symb_time: 0.028526995	mgmt_time: 0.000365540	numc_time: 0.069151967	total_time: 0.105340041
[0m
[0;36m2th run	init_time: 0.007360260	symb_time: 0.028558407	mgmt_time: 0.000375452	numc_time: 0.069113882	total_time: 0.105408001
[0m
[0;36m3th run	init_time: 0.007229813	symb_time: 0.028554370	mgmt_time: 0.000383645	numc_time: 0.069373968	total_time: 0.105541796
[0m
[0;32mdataset: auto	num_trials: 3	thread_num: 64	numa_mask: 6	init_time: 0.007295204	symb_time: 0.028546591	mgmt_time: 0.000374879	numc_time: 0.069213272	total_time: 0.105429946	flop_cnt: 101247158	numc_perf: 1462828653.908898354	perf: 960326376.340930700
[0mMEMORY_CONSUMPTION: auto	TOTAL_AVG: 231.76	TOTAL_PEAK: 231.76	NUMA0_AVG: 1.04	NUMA0_PEAK: 1.04	NUMA1_AVG: 72.03	NUMA1_PEAK: 72.03	NUMA2_AVG: 155.11	NUMA2_PEAK: 155.11
CONFIGURATION:	USE_HYPERTHREADING	USE_WEIGHTED_INTERLEAVING	MEMSV	MEM_MON	HASH_CONSTANT: 2654435761	THREAD_NUM: 64	AB_HIGH_THREAD_NUM: 22	AB_SIZE: 524288	AB_MIN_NUM: 32768	AB_PRT: 0.850000	AB_DNR	DAHA	DAHA_REAR	DAHA_QUANTILE: 0.990000	DAHA_SYMB_THRES: 5000000	DAHA_NUMC_THRES: 340000	DN_MIN: 256	GUD_ALPHA: 0.500000	GUD_MIN: 256	HYB_THRES: 0.950000
[0;36m0th run	init_time: 0.081927240	symb_time: 0.094660352	mgmt_time: 0.013061316	numc_time: 0.349825885	total_time: 0.539474793
[0m
[0;36m1th run	init_time: 0.080324929	symb_time: 0.094334981	mgmt_time: 0.012981540	numc_time: 0.351202960	total_time: 0.538844410
[0m
[0;36m2th run	init_time: 0.079555450	symb_time: 0.094417363	mgmt_time: 0.012977708	numc_time: 0.350442250	total_time: 0.537392771
[0m
[0;36m3th run	init_time: 0.080093472	symb_time: 0.094308314	mgmt_time: 0.012803464	numc_time: 0.349239487	total_time: 0.536444737
[0m
[0;32mdataset: delaunay_n23	num_trials: 3	thread_num: 64	numa_mask: 6	init_time: 0.079991284	symb_time: 0.094353553	mgmt_time: 0.012920904	numc_time: 0.350294899	total_time: 0.537560639	flop_cnt: 316961668	numc_perf: 904842373.967883706	perf: 589629606.053535461
[0mMEMORY_CONSUMPTION: delaunay_n23	TOTAL_AVG: 3535.14	TOTAL_PEAK: 4394.02	NUMA0_AVG: 1.16	NUMA0_PEAK: 1.19	NUMA1_AVG: 593.90	NUMA1_PEAK: 645.88	NUMA2_AVG: 3072.01	NUMA2_PEAK: 3854.53
CONFIGURATION:	USE_HYPERTHREADING	USE_WEIGHTED_INTERLEAVING	MEMSV	MEM_MON	HASH_CONSTANT: 2654435761	THREAD_NUM: 64	AB_HIGH_THREAD_NUM: 22	AB_SIZE: 524288	AB_MIN_NUM: 32768	AB_PRT: 0.850000	AB_DNR	DAHA	DAHA_REAR	DAHA_QUANTILE: 0.990000	DAHA_SYMB_THRES: 5000000	DAHA_NUMC_THRES: 340000	DN_MIN: 256	GUD_ALPHA: 0.500000	GUD_MIN: 256	HYB_THRES: 0.950000
[0;36m0th run	init_time: 0.047558041	symb_time: 0.196493954	mgmt_time: 0.011702787	numc_time: 1.195188606	total_time: 1.450943388
[0m
[0;36m1th run	init_time: 0.035971566	symb_time: 0.196416765	mgmt_time: 0.011640227	numc_time: 1.195609494	total_time: 1.439638052
[0m
[0;36m2th run	init_time: 0.036435587	symb_time: 0.198033067	mgmt_time: 0.011685079	numc_time: 1.221955824	total_time: 1.468109557
[0m
[0;36m3th run	init_time: 0.035141824	symb_time: 0.196931485	mgmt_time: 0.011768447	numc_time: 1.195497531	total_time: 1.439339287
[0m
[0;32mdataset: nv2	num_trials: 3	thread_num: 64	numa_mask: 6	init_time: 0.035849659	symb_time: 0.197127106	mgmt_time: 0.011697918	numc_time: 1.204354283	total_time: 1.449028965	flop_cnt: 1270061806	numc_perf: 1054558300.599326253	perf: 876491661.923290849
[0mMEMORY_CONSUMPTION: nv2	TOTAL_AVG: 3094.60	TOTAL_PEAK: 5632.11	NUMA0_AVG: 1.18	NUMA0_PEAK: 1.19	NUMA1_AVG: 372.63	NUMA1_PEAK: 378.74	NUMA2_AVG: 2845.46	NUMA2_PEAK: 5288.86
CONFIGURATION:	USE_HYPERTHREADING	USE_WEIGHTED_INTERLEAVING	MEMSV	MEM_MON	HASH_CONSTANT: 2654435761	THREAD_NUM: 64	AB_HIGH_THREAD_NUM: 22	AB_SIZE: 524288	AB_MIN_NUM: 32768	AB_PRT: 0.850000	AB_DNR	DAHA	DAHA_REAR	DAHA_QUANTILE: 0.990000	DAHA_SYMB_THRES: 5000000	DAHA_NUMC_THRES: 340000	DN_MIN: 256	GUD_ALPHA: 0.500000	GUD_MIN: 256	HYB_THRES: 0.950000
[0;36m0th run	init_time: 0.031909255	symb_time: 0.026703411	mgmt_time: 0.011425143	numc_time: 0.094833623	total_time: 0.164871432
[0m
[0;36m1th run	init_time: 0.025872207	symb_time: 0.027273322	mgmt_time: 0.011699855	numc_time: 0.094042602	total_time: 0.158887986
[0m
[0;36m2th run	init_time: 0.026000293	symb_time: 0.026588982	mgmt_time: 0.011224318	numc_time: 0.093445686	total_time: 0.157259279
[0m
[0;36m3th run	init_time: 0.028345184	symb_time: 0.026381531	mgmt_time: 0.011476262	numc_time: 0.095360002	total_time: 0.161562979
[0m
[0;32mdataset: Freescale1	num_trials: 3	thread_num: 64	numa_mask: 6	init_time: 0.026739228	symb_time: 0.026747945	mgmt_time: 0.011466812	numc_time: 0.094282763	total_time: 0.159236748	flop_cnt: 90325256	numc_perf: 958025123.644905448	perf: 567238763.253316402
[0mMEMORY_CONSUMPTION: Freescale1	TOTAL_AVG: 579.88	TOTAL_PEAK: 593.02	NUMA0_AVG: 1.11	NUMA0_PEAK: 1.17	NUMA1_AVG: 180.74	NUMA1_PEAK: 182.69	NUMA2_AVG: 412.98	NUMA2_PEAK: 414.57
CONFIGURATION:	USE_HYPERTHREADING	USE_WEIGHTED_INTERLEAVING	MEMSV	MEM_MON	HASH_CONSTANT: 2654435761	THREAD_NUM: 64	AB_HIGH_THREAD_NUM: 22	AB_SIZE: 524288	AB_MIN_NUM: 32768	AB_PRT: 0.850000	AB_DNR	DAHA	DAHA_REAR	DAHA_QUANTILE: 0.990000	DAHA_SYMB_THRES: 5000000	DAHA_NUMC_THRES: 340000	DN_MIN: 256	GUD_ALPHA: 0.500000	GUD_MIN: 256	HYB_THRES: 0.950000
[0;36m0th run	init_time: 0.028603003	symb_time: 0.124471327	mgmt_time: 0.011460074	numc_time: 0.643165496	total_time: 0.807699900
[0m
[0;36m1th run	init_time: 0.018477149	symb_time: 0.124336056	mgmt_time: 0.011450844	numc_time: 0.641083668	total_time: 0.795347717
[0m
[0;36m2th run	init_time: 0.018603835	symb_time: 0.125019200	mgmt_time: 0.013743573	numc_time: 0.641845077	total_time: 0.799211685
[0m
[0;36m3th run	init_time: 0.018542344	symb_time: 0.124233112	mgmt_time: 0.011426250	numc_time: 0.642125452	total_time: 0.796327158
[0m
[0;32mdataset: dgreen	num_trials: 3	thread_num: 64	numa_mask: 6	init_time: 0.018541109	symb_time: 0.124529456	mgmt_time: 0.012206889	numc_time: 0.641684732	total_time: 0.796962187	flop_cnt: 823556881	numc_perf: 1283429135.060346603	perf: 1033370083.020584702
[0mMEMORY_CONSUMPTION: dgreen	TOTAL_AVG: 1981.11	TOTAL_PEAK: 3342.32	NUMA0_AVG: 1.16	NUMA0_PEAK: 1.18	NUMA1_AVG: 271.07	NUMA1_PEAK: 275.54	NUMA2_AVG: 1827.01	NUMA2_PEAK: 3263.05
CONFIGURATION:	USE_HYPERTHREADING	USE_WEIGHTED_INTERLEAVING	MEMSV	MEM_MON	HASH_CONSTANT: 2654435761	THREAD_NUM: 64	AB_HIGH_THREAD_NUM: 22	AB_SIZE: 524288	AB_MIN_NUM: 32768	AB_PRT: 0.850000	AB_DNR	DAHA	DAHA_REAR	DAHA_QUANTILE: 0.990000	DAHA_SYMB_THRES: 5000000	DAHA_NUMC_THRES: 340000	DN_MIN: 256	GUD_ALPHA: 0.500000	GUD_MIN: 256	HYB_THRES: 0.950000
[0;36m0th run	init_time: 0.019504775	symb_time: 0.122380970	mgmt_time: 0.011238291	numc_time: 0.467856868	total_time: 0.620980904
[0m
[0;36m1th run	init_time: 0.013662458	symb_time: 0.121798322	mgmt_time: 0.011066204	numc_time: 0.454397273	total_time: 0.600924257
[0m
[0;36m2th run	init_time: 0.013682145	symb_time: 0.121551097	mgmt_time: 0.011177668	numc_time: 0.454331204	total_time: 0.600742114
[0m
[0;36m3th run	init_time: 0.013665673	symb_time: 0.121795904	mgmt_time: 0.011179662	numc_time: 0.453332451	total_time: 0.599973690
[0m
[0;32mdataset: gsm_106857	num_trials: 3	thread_num: 64	numa_mask: 6	init_time: 0.013670092	symb_time: 0.121715108	mgmt_time: 0.011141178	numc_time: 0.454020309	total_time: 0.600546687	flop_cnt: 947250936	numc_perf: 2086362474.381175518	perf: 1577314397.872950077
[0mMEMORY_CONSUMPTION: gsm_106857	TOTAL_AVG: 1939.60	TOTAL_PEAK: 2686.08	NUMA0_AVG: 1.15	NUMA0_PEAK: 1.17	NUMA1_AVG: 216.28	NUMA1_PEAK: 220.54	NUMA2_AVG: 1805.97	NUMA2_PEAK: 2502.64
CONFIGURATION:	USE_HYPERTHREADING	USE_WEIGHTED_INTERLEAVING	MEMSV	MEM_MON	HASH_CONSTANT: 2654435761	THREAD_NUM: 64	AB_HIGH_THREAD_NUM: 22	AB_SIZE: 524288	AB_MIN_NUM: 32768	AB_PRT: 0.850000	AB_DNR	DAHA	DAHA_REAR	DAHA_QUANTILE: 0.990000	DAHA_SYMB_THRES: 5000000	DAHA_NUMC_THRES: 340000	DN_MIN: 256	GUD_ALPHA: 0.500000	GUD_MIN: 256	HYB_THRES: 0.950000
[0;36m0th run	init_time: 0.016430926	symb_time: 0.037727497	mgmt_time: 0.012623810	numc_time: 0.118734716	total_time: 0.185516949
[0m
[0;36m1th run	init_time: 0.010467607	symb_time: 0.036879056	mgmt_time: 0.010859801	numc_time: 0.118561225	total_time: 0.176767689
[0m
[0;36m2th run	init_time: 0.010440997	symb_time: 0.036818031	mgmt_time: 0.011045665	numc_time: 0.118766253	total_time: 0.177070946
[0m
[0;36m3th run	init_time: 0.010274724	symb_time: 0.036745277	mgmt_time: 0.010837333	numc_time: 0.118294454	total_time: 0.176151788
[0m
[0;32mdataset: amazon-2008	num_trials: 3	thread_num: 64	numa_mask: 6	init_time: 0.010394443	symb_time: 0.036814121	mgmt_time: 0.010914266	numc_time: 0.118540644	total_time: 0.176663474	flop_cnt: 218165528	numc_perf: 1840428064.487316132	perf: 1234921529.893380880
[0mMEMORY_CONSUMPTION: amazon-2008	TOTAL_AVG: 669.63	TOTAL_PEAK: 1004.84	NUMA0_AVG: 1.12	NUMA0_PEAK: 1.18	NUMA1_AVG: 113.25	NUMA1_PEAK: 118.89	NUMA2_AVG: 639.46	NUMA2_PEAK: 1040.56
CONFIGURATION:	USE_HYPERTHREADING	USE_WEIGHTED_INTERLEAVING	MEMSV	MEM_MON	HASH_CONSTANT: 2654435761	THREAD_NUM: 64	AB_HIGH_THREAD_NUM: 22	AB_SIZE: 524288	AB_MIN_NUM: 32768	AB_PRT: 0.850000	AB_DNR	DAHA	DAHA_REAR	DAHA_QUANTILE: 0.990000	DAHA_SYMB_THRES: 5000000	DAHA_NUMC_THRES: 340000	DN_MIN: 256	GUD_ALPHA: 0.500000	GUD_MIN: 256	HYB_THRES: 0.950000
[0;36m0th run	init_time: 0.015371259	symb_time: 0.084889820	mgmt_time: 0.012499588	numc_time: 1.819417811	total_time: 1.932178478
[0m
[0;36m1th run	init_time: 0.009488999	symb_time: 0.084379273	mgmt_time: 0.012262854	numc_time: 1.878854366	total_time: 1.984985492
[0m
[0;36m2th run	init_time: 0.009385732	symb_time: 0.085104243	mgmt_time: 0.012144615	numc_time: 1.868359544	total_time: 1.974994134
[0m
[0;36m3th run	init_time: 0.009585846	symb_time: 0.086210058	mgmt_time: 0.012405507	numc_time: 1.840894391	total_time: 1.949095802
[0m
[0;32mdataset: webbase-1M	num_trials: 3	thread_num: 64	numa_mask: 6	init_time: 0.009486859	symb_time: 0.085231191	mgmt_time: 0.012270992	numc_time: 1.862702767	total_time: 1.969691809	flop_cnt: 1369780052	numc_perf: 735372318.261016488	perf: 695428617.568156123
[0mMEMORY_CONSUMPTION: webbase-1M	TOTAL_AVG: 7838.71	TOTAL_PEAK: 20076.64	NUMA0_AVG: 1.21	NUMA0_PEAK: 1.22	NUMA1_AVG: 98.66	NUMA1_PEAK: 144.32	NUMA2_AVG: 6377.54	NUMA2_PEAK: 17589.66
CONFIGURATION:	USE_HYPERTHREADING	USE_WEIGHTED_INTERLEAVING	MEMSV	MEM_MON	HASH_CONSTANT: 2654435761	THREAD_NUM: 64	AB_HIGH_THREAD_NUM: 22	AB_SIZE: 524288	AB_MIN_NUM: 32768	AB_PRT: 0.850000	AB_DNR	DAHA	DAHA_REAR	DAHA_QUANTILE: 0.990000	DAHA_SYMB_THRES: 5000000	DAHA_NUMC_THRES: 340000	DN_MIN: 256	GUD_ALPHA: 0.500000	GUD_MIN: 256	HYB_THRES: 0.950000
[0;36m0th run	init_time: 0.066365709	symb_time: 0.449429253	mgmt_time: 0.028522104	numc_time: 3.258250316	total_time: 3.802567382
[0m
[0;36m1th run	init_time: 0.066991453	symb_time: 0.451104340	mgmt_time: 0.018920735	numc_time: 3.257419328	total_time: 3.794435856
[0m
[0;36m2th run	init_time: 0.066092512	symb_time: 0.450984535	mgmt_time: 0.019350031	numc_time: 3.360249012	total_time: 3.896676090
[0m
[0;36m3th run	init_time: 0.066483362	symb_time: 0.451261987	mgmt_time: 0.019248366	numc_time: 3.259026650	total_time: 3.796020365
[0m
[0;32mdataset: rel9	num_trials: 3	thread_num: 64	numa_mask: 6	init_time: 0.066522442	symb_time: 0.451116954	mgmt_time: 0.019173044	numc_time: 3.292231663	total_time: 3.829044104	flop_cnt: 2099952367	numc_perf: 637850729.153680086	perf: 548427312.443097711
[0mMEMORY_CONSUMPTION: rel9	TOTAL_AVG: 12065.95	TOTAL_PEAK: 29581.41	NUMA0_AVG: 1.21	NUMA0_PEAK: 1.22	NUMA1_AVG: 346.28	NUMA1_PEAK: 400.21	NUMA2_AVG: 10609.86	NUMA2_PEAK: 31153.64
CONFIGURATION:	USE_HYPERTHREADING	USE_WEIGHTED_INTERLEAVING	MEMSV	MEM_MON	HASH_CONSTANT: 2654435761	THREAD_NUM: 64	AB_HIGH_THREAD_NUM: 22	AB_SIZE: 524288	AB_MIN_NUM: 32768	AB_PRT: 0.850000	AB_DNR	DAHA	DAHA_REAR	DAHA_QUANTILE: 0.990000	DAHA_SYMB_THRES: 5000000	DAHA_NUMC_THRES: 340000	DN_MIN: 256	GUD_ALPHA: 0.500000	GUD_MIN: 256	HYB_THRES: 0.950000
[0;36m0th run	init_time: 0.033894328	symb_time: 0.088942952	mgmt_time: 0.013250655	numc_time: 0.315621943	total_time: 0.451709878
[0m
[0;36m1th run	init_time: 0.035420662	symb_time: 0.090006917	mgmt_time: 0.012863199	numc_time: 0.314738520	total_time: 0.453029298
[0m
[0;36m2th run	init_time: 0.030941341	symb_time: 0.091299097	mgmt_time: 0.013274005	numc_time: 0.315106538	total_time: 0.450620981
[0m
[0;36m3th run	init_time: 0.030348915	symb_time: 0.088563746	mgmt_time: 0.014684449	numc_time: 0.315419231	total_time: 0.449016341
[0m
[0;32mdataset: patents	num_trials: 3	thread_num: 64	numa_mask: 6	init_time: 0.032236973	symb_time: 0.089956587	mgmt_time: 0.013607218	numc_time: 0.315088096	total_time: 0.450888873	flop_cnt: 178292053	numc_perf: 565848266.166754484	perf: 395423492.449307263
[0mMEMORY_CONSUMPTION: patents	TOTAL_AVG: 563.53	TOTAL_PEAK: 610.22	NUMA0_AVG: 1.14	NUMA0_PEAK: 1.17	NUMA1_AVG: 196.40	NUMA1_PEAK: 224.59	NUMA2_AVG: 394.64	NUMA2_PEAK: 414.33
CONFIGURATION:	USE_HYPERTHREADING	USE_WEIGHTED_INTERLEAVING	MEMSV	MEM_MON	HASH_CONSTANT: 2654435761	THREAD_NUM: 64	AB_HIGH_THREAD_NUM: 22	AB_SIZE: 524288	AB_MIN_NUM: 32768	AB_PRT: 0.850000	AB_DNR	DAHA	DAHA_REAR	DAHA_QUANTILE: 0.990000	DAHA_SYMB_THRES: 5000000	DAHA_NUMC_THRES: 340000	DN_MIN: 256	GUD_ALPHA: 0.500000	GUD_MIN: 256	HYB_THRES: 0.950000
[0;36m0th run	init_time: 0.034284999	symb_time: 0.109846532	mgmt_time: 0.013273457	numc_time: 0.419728523	total_time: 0.577133511
[0m
[0;36m1th run	init_time: 0.031702251	symb_time: 0.109189430	mgmt_time: 0.013207168	numc_time: 0.403397719	total_time: 0.557496568
[0m
[0;36m2th run	init_time: 0.031639153	symb_time: 0.109224602	mgmt_time: 0.012889481	numc_time: 0.405605998	total_time: 0.559359234
[0m
[0;36m3th run	init_time: 0.031598696	symb_time: 0.108422388	mgmt_time: 0.013201741	numc_time: 0.404234865	total_time: 0.557457690
[0m
[0;32mdataset: cit-Patents	num_trials: 3	thread_num: 64	numa_mask: 6	init_time: 0.031646700	symb_time: 0.108945473	mgmt_time: 0.013099463	numc_time: 0.404412861	total_time: 0.558104497	flop_cnt: 239453700	numc_perf: 592102089.941613793	perf: 429048146.259577632
[0mMEMORY_CONSUMPTION: cit-Patents	TOTAL_AVG: 2221.05	TOTAL_PEAK: 3125.43	NUMA0_AVG: 1.14	NUMA0_PEAK: 1.16	NUMA1_AVG: 234.64	NUMA1_PEAK: 249.70	NUMA2_AVG: 2127.67	NUMA2_PEAK: 2929.35
CONFIGURATION:	USE_HYPERTHREADING	USE_WEIGHTED_INTERLEAVING	MEMSV	MEM_MON	HASH_CONSTANT: 2654435761	THREAD_NUM: 64	AB_HIGH_THREAD_NUM: 22	AB_SIZE: 524288	AB_MIN_NUM: 32768	AB_PRT: 0.850000	AB_DNR	DAHA	DAHA_REAR	DAHA_QUANTILE: 0.990000	DAHA_SYMB_THRES: 5000000	DAHA_NUMC_THRES: 340000	DN_MIN: 256	GUD_ALPHA: 0.500000	GUD_MIN: 256	HYB_THRES: 0.950000
[0;36m0th run	init_time: 0.010280859	symb_time: 0.048657160	mgmt_time: 0.011183881	numc_time: 0.382983733	total_time: 0.453105633
[0m
[0;36m1th run	init_time: 0.005259080	symb_time: 0.050214050	mgmt_time: 0.011240957	numc_time: 0.382949687	total_time: 0.449663774
[0m
[0;36m2th run	init_time: 0.005299692	symb_time: 0.052133082	mgmt_time: 0.011122569	numc_time: 0.402871328	total_time: 0.471426671
[0m
[0;36m3th run	init_time: 0.005368081	symb_time: 0.048495230	mgmt_time: 0.011355850	numc_time: 0.396525779	total_time: 0.461744940
[0m
[0;32mdataset: web-NotreDame	num_trials: 3	thread_num: 64	numa_mask: 6	init_time: 0.005308951	symb_time: 0.050280787	mgmt_time: 0.011239792	numc_time: 0.394115598	total_time: 0.460945128	flop_cnt: 503567738	numc_perf: 1277715828.948236704	perf: 1092467860.156760454
[0mMEMORY_CONSUMPTION: web-NotreDame	TOTAL_AVG: 2694.99	TOTAL_PEAK: 4143.42	NUMA0_AVG: 1.16	NUMA0_PEAK: 1.19	NUMA1_AVG: 52.00	NUMA1_PEAK: 74.99	NUMA2_AVG: 2254.79	NUMA2_PEAK: 4535.47
