CONFIGURATION:	USE_HYPERTHREADING	MEM_MON	HASH_CONSTANT: 2654435761	THREAD_NUM: 64	AB_HIGH_THREAD_NUM: 22	AB_SIZE: 524288	AB_MIN_NUM: 32768	AB_PRT: 0.850000	AB_DNR	DAHA	DAHA_REAR	DAHA_QUANTILE: 0.990000	DAHA_SYMB_THRES: 5000000	DAHA_NUMC_THRES: 340000	DN_MIN: 256	GUD_ALPHA: 0.500000	GUD_MIN: 256	HYB_THRES: 0.950000
[0;36m0th run	init_time: 0.012839001	symb_time: 0.014321476	mgmt_time: 0.002060674	numc_time: 0.027086411	total_time: 0.056307562
[0m
[0;36m1th run	init_time: 0.005923508	symb_time: 0.013737917	mgmt_time: 0.000209638	numc_time: 0.026495217	total_time: 0.046366280
[0m
[0;36m2th run	init_time: 0.005708104	symb_time: 0.013568709	mgmt_time: 0.000211774	numc_time: 0.026573446	total_time: 0.046062033
[0m
[0;36m3th run	init_time: 0.005666099	symb_time: 0.013968349	mgmt_time: 0.000212906	numc_time: 0.026508584	total_time: 0.046355938
[0m
[0;32mdataset: ch7-9-b5	num_trials: 3	thread_num: 64	numa_mask: 4	init_time: 0.005765904	symb_time: 0.013758325	mgmt_time: 0.000211439	numc_time: 0.026525749	total_time: 0.046261417	flop_cnt: 20321280	numc_perf: 766096369.229762316	perf: 439270591.300737679
[0mMEMORY_CONSUMPTION: ch7-9-b5	TOTAL_AVG: 99.11	TOTAL_PEAK: 99.11	NUMA0_AVG: 1.04	NUMA0_PEAK: 1.04	NUMA1_AVG: 8.29	NUMA1_PEAK: 8.29	NUMA2_AVG: 92.86	NUMA2_PEAK: 92.86
CONFIGURATION:	USE_HYPERTHREADING	MEM_MON	HASH_CONSTANT: 2654435761	THREAD_NUM: 64	AB_HIGH_THREAD_NUM: 22	AB_SIZE: 524288	AB_MIN_NUM: 32768	AB_PRT: 0.850000	AB_DNR	DAHA	DAHA_REAR	DAHA_QUANTILE: 0.990000	DAHA_SYMB_THRES: 5000000	DAHA_NUMC_THRES: 340000	DN_MIN: 256	GUD_ALPHA: 0.500000	GUD_MIN: 256	HYB_THRES: 0.950000
[0;36m0th run	init_time: 0.040356623	symb_time: 0.103150771	mgmt_time: 0.012524297	numc_time: 0.253291748	total_time: 0.409323439
[0m
[0;36m1th run	init_time: 0.035479092	symb_time: 0.105310444	mgmt_time: 0.013815439	numc_time: 0.254340323	total_time: 0.408945298
[0m
[0;36m2th run	init_time: 0.035371551	symb_time: 0.103391667	mgmt_time: 0.012506045	numc_time: 0.255622776	total_time: 0.406892039
[0m
[0;36m3th run	init_time: 0.035838013	symb_time: 0.103079194	mgmt_time: 0.012557460	numc_time: 0.262545089	total_time: 0.414019756
[0m
[0;32mdataset: 333SP	num_trials: 3	thread_num: 64	numa_mask: 4	init_time: 0.035562885	symb_time: 0.103927102	mgmt_time: 0.012959648	numc_time: 0.257502729	total_time: 0.409952364	flop_cnt: 134781510	numc_perf: 523417791.916012645	perf: 328773588.656287909
[0mMEMORY_CONSUMPTION: 333SP	TOTAL_AVG: 1131.48	TOTAL_PEAK: 1856.62	NUMA0_AVG: 1.13	NUMA0_PEAK: 1.16	NUMA1_AVG: 5.36	NUMA1_PEAK: 5.90	NUMA2_AVG: 1164.93	NUMA2_PEAK: 1864.73
CONFIGURATION:	USE_HYPERTHREADING	MEM_MON	HASH_CONSTANT: 2654435761	THREAD_NUM: 64	AB_HIGH_THREAD_NUM: 22	AB_SIZE: 524288	AB_MIN_NUM: 32768	AB_PRT: 0.850000	AB_DNR	DAHA	DAHA_REAR	DAHA_QUANTILE: 0.990000	DAHA_SYMB_THRES: 5000000	DAHA_NUMC_THRES: 340000	DN_MIN: 256	GUD_ALPHA: 0.500000	GUD_MIN: 256	HYB_THRES: 0.950000
[0;36m0th run	init_time: 0.020081452	symb_time: 0.183135351	mgmt_time: 0.012165488	numc_time: 1.200352022	total_time: 1.415734313
[0m
[0;36m1th run	init_time: 0.014092086	symb_time: 0.182410943	mgmt_time: 0.012125432	numc_time: 1.201585476	total_time: 1.410213937
[0m
[0;36m2th run	init_time: 0.013601308	symb_time: 0.182392541	mgmt_time: 0.011995752	numc_time: 1.201557481	total_time: 1.409547082
[0m
[0;36m3th run	init_time: 0.013804596	symb_time: 0.184193109	mgmt_time: 0.014290824	numc_time: 1.197240722	total_time: 1.409529251
[0m
[0;32mdataset: GL7d16	num_trials: 3	thread_num: 64	numa_mask: 4	init_time: 0.013832663	symb_time: 0.182998864	mgmt_time: 0.012804003	numc_time: 1.200127893	total_time: 1.409763423	flop_cnt: 515644137	numc_perf: 429657655.661203742	perf: 365766431.775324762
[0mMEMORY_CONSUMPTION: GL7d16	TOTAL_AVG: 3605.72	TOTAL_PEAK: 7925.92	NUMA0_AVG: 1.18	NUMA0_PEAK: 1.19	NUMA1_AVG: 5.95	NUMA1_PEAK: 7.76	NUMA2_AVG: 3295.50	NUMA2_PEAK: 7498.04
CONFIGURATION:	USE_HYPERTHREADING	MEM_MON	HASH_CONSTANT: 2654435761	THREAD_NUM: 64	AB_HIGH_THREAD_NUM: 22	AB_SIZE: 524288	AB_MIN_NUM: 32768	AB_PRT: 0.850000	AB_DNR	DAHA	DAHA_REAR	DAHA_QUANTILE: 0.990000	DAHA_SYMB_THRES: 5000000	DAHA_NUMC_THRES: 340000	DN_MIN: 256	GUD_ALPHA: 0.500000	GUD_MIN: 256	HYB_THRES: 0.950000
[0;36m0th run	init_time: 0.013382007	symb_time: 0.030991564	mgmt_time: 0.001948279	numc_time: 0.094963035	total_time: 0.141284885
[0m
[0;36m1th run	init_time: 0.007732164	symb_time: 0.028986078	mgmt_time: 0.000433739	numc_time: 0.094525675	total_time: 0.131677656
[0m
[0;36m2th run	init_time: 0.007680995	symb_time: 0.028862367	mgmt_time: 0.000451333	numc_time: 0.094388876	total_time: 0.131383571
[0m
[0;36m3th run	init_time: 0.007474915	symb_time: 0.028789088	mgmt_time: 0.000428605	numc_time: 0.095287616	total_time: 0.131980224
[0m
[0;32mdataset: auto	num_trials: 3	thread_num: 64	numa_mask: 4	init_time: 0.007629358	symb_time: 0.028879178	mgmt_time: 0.000437892	numc_time: 0.094734056	total_time: 0.131680484	flop_cnt: 101247158	numc_perf: 1068751435.663754106	perf: 768885070.746664643
[0mMEMORY_CONSUMPTION: auto	TOTAL_AVG: 406.77	TOTAL_PEAK: 580.54	NUMA0_AVG: 1.12	NUMA0_PEAK: 1.19	NUMA1_AVG: 5.12	NUMA1_PEAK: 5.44	NUMA2_AVG: 449.04	NUMA2_PEAK: 678.50
CONFIGURATION:	USE_HYPERTHREADING	MEM_MON	HASH_CONSTANT: 2654435761	THREAD_NUM: 64	AB_HIGH_THREAD_NUM: 22	AB_SIZE: 524288	AB_MIN_NUM: 32768	AB_PRT: 0.850000	AB_DNR	DAHA	DAHA_REAR	DAHA_QUANTILE: 0.990000	DAHA_SYMB_THRES: 5000000	DAHA_NUMC_THRES: 340000	DN_MIN: 256	GUD_ALPHA: 0.500000	GUD_MIN: 256	HYB_THRES: 0.950000
[0;36m0th run	init_time: 0.100112208	symb_time: 0.131635284	mgmt_time: 0.015406438	numc_time: 0.446142122	total_time: 0.693296052
[0m
[0;36m1th run	init_time: 0.098015304	symb_time: 0.131601276	mgmt_time: 0.015440986	numc_time: 0.446219262	total_time: 0.691276828
[0m
[0;36m2th run	init_time: 0.098469359	symb_time: 0.132277609	mgmt_time: 0.015239477	numc_time: 0.446440756	total_time: 0.692427201
[0m
[0;36m3th run	init_time: 0.098017754	symb_time: 0.132826940	mgmt_time: 0.017555833	numc_time: 0.445436262	total_time: 0.693836789
[0m
[0;32mdataset: delaunay_n23	num_trials: 3	thread_num: 64	numa_mask: 4	init_time: 0.098167472	symb_time: 0.132235275	mgmt_time: 0.016078765	numc_time: 0.446032093	total_time: 0.692513606	flop_cnt: 316961668	numc_perf: 710625250.374360323	perf: 457697387.103756070
[0mMEMORY_CONSUMPTION: delaunay_n23	TOTAL_AVG: 2549.13	TOTAL_PEAK: 3704.56	NUMA0_AVG: 1.15	NUMA0_PEAK: 1.17	NUMA1_AVG: 5.38	NUMA1_PEAK: 5.89	NUMA2_AVG: 2420.41	NUMA2_PEAK: 3899.19
CONFIGURATION:	USE_HYPERTHREADING	MEM_MON	HASH_CONSTANT: 2654435761	THREAD_NUM: 64	AB_HIGH_THREAD_NUM: 22	AB_SIZE: 524288	AB_MIN_NUM: 32768	AB_PRT: 0.850000	AB_DNR	DAHA	DAHA_REAR	DAHA_QUANTILE: 0.990000	DAHA_SYMB_THRES: 5000000	DAHA_NUMC_THRES: 340000	DN_MIN: 256	GUD_ALPHA: 0.500000	GUD_MIN: 256	HYB_THRES: 0.950000
[0;36m0th run	init_time: 0.045212076	symb_time: 0.208866667	mgmt_time: 0.011884878	numc_time: 2.135239700	total_time: 2.401203321
[0m
[0;36m1th run	init_time: 0.037666633	symb_time: 0.208887097	mgmt_time: 0.012028155	numc_time: 2.137304527	total_time: 2.395886412
[0m
[0;36m2th run	init_time: 0.037446550	symb_time: 0.208740796	mgmt_time: 0.012124118	numc_time: 2.149327167	total_time: 2.407638631
[0m
[0;36m3th run	init_time: 0.037528579	symb_time: 0.208884954	mgmt_time: 0.011982009	numc_time: 2.143516373	total_time: 2.401911915
[0m
[0;32mdataset: nv2	num_trials: 3	thread_num: 64	numa_mask: 4	init_time: 0.037547254	symb_time: 0.208837616	mgmt_time: 0.012044761	numc_time: 2.143382689	total_time: 2.401812319	flop_cnt: 1270061806	numc_perf: 592550183.650382042	perf: 528793110.009748220
[0mMEMORY_CONSUMPTION: nv2	TOTAL_AVG: 3470.82	TOTAL_PEAK: 5565.25	NUMA0_AVG: 1.15	NUMA0_PEAK: 1.16	NUMA1_AVG: 7.03	NUMA1_PEAK: 7.29	NUMA2_AVG: 3284.89	NUMA2_PEAK: 5654.77
CONFIGURATION:	USE_HYPERTHREADING	MEM_MON	HASH_CONSTANT: 2654435761	THREAD_NUM: 64	AB_HIGH_THREAD_NUM: 22	AB_SIZE: 524288	AB_MIN_NUM: 32768	AB_PRT: 0.850000	AB_DNR	DAHA	DAHA_REAR	DAHA_QUANTILE: 0.990000	DAHA_SYMB_THRES: 5000000	DAHA_NUMC_THRES: 340000	DN_MIN: 256	GUD_ALPHA: 0.500000	GUD_MIN: 256	HYB_THRES: 0.950000
[0;36m0th run	init_time: 0.036466262	symb_time: 0.042164626	mgmt_time: 0.011989386	numc_time: 0.116355410	total_time: 0.206975684
[0m
[0;36m1th run	init_time: 0.030805348	symb_time: 0.042921536	mgmt_time: 0.012343543	numc_time: 0.116358293	total_time: 0.202428720
[0m
[0;36m2th run	init_time: 0.030802915	symb_time: 0.042933747	mgmt_time: 0.012093969	numc_time: 0.117319046	total_time: 0.203149677
[0m
[0;36m3th run	init_time: 0.030828853	symb_time: 0.042784970	mgmt_time: 0.012124681	numc_time: 0.115665112	total_time: 0.201403616
[0m
[0;32mdataset: Freescale1	num_trials: 3	thread_num: 64	numa_mask: 4	init_time: 0.030812372	symb_time: 0.042880084	mgmt_time: 0.012187398	numc_time: 0.116447484	total_time: 0.202327338	flop_cnt: 90325256	numc_perf: 775673747.133582711	perf: 446431298.121514499
[0mMEMORY_CONSUMPTION: Freescale1	TOTAL_AVG: 661.98	TOTAL_PEAK: 731.81	NUMA0_AVG: 1.11	NUMA0_PEAK: 1.19	NUMA1_AVG: 5.05	NUMA1_PEAK: 5.43	NUMA2_AVG: 686.89	NUMA2_PEAK: 785.55
CONFIGURATION:	USE_HYPERTHREADING	MEM_MON	HASH_CONSTANT: 2654435761	THREAD_NUM: 64	AB_HIGH_THREAD_NUM: 22	AB_SIZE: 524288	AB_MIN_NUM: 32768	AB_PRT: 0.850000	AB_DNR	DAHA	DAHA_REAR	DAHA_QUANTILE: 0.990000	DAHA_SYMB_THRES: 5000000	DAHA_NUMC_THRES: 340000	DN_MIN: 256	GUD_ALPHA: 0.500000	GUD_MIN: 256	HYB_THRES: 0.950000
[0;36m0th run	init_time: 0.027808949	symb_time: 0.127541541	mgmt_time: 0.011846159	numc_time: 1.106907216	total_time: 1.274103865
[0m
[0;36m1th run	init_time: 0.019680860	symb_time: 0.127919596	mgmt_time: 0.011726484	numc_time: 1.107839615	total_time: 1.267166555
[0m
[0;36m2th run	init_time: 0.019718922	symb_time: 0.127581320	mgmt_time: 0.011879362	numc_time: 1.107600095	total_time: 1.266779699
[0m
[0;36m3th run	init_time: 0.019745489	symb_time: 0.127522611	mgmt_time: 0.011671458	numc_time: 1.106273501	total_time: 1.265213059
[0m
[0;32mdataset: dgreen	num_trials: 3	thread_num: 64	numa_mask: 4	init_time: 0.019715090	symb_time: 0.127674509	mgmt_time: 0.011759101	numc_time: 1.107237737	total_time: 1.266386438	flop_cnt: 823556881	numc_perf: 743794086.382371902	perf: 650320357.597491503
[0mMEMORY_CONSUMPTION: dgreen	TOTAL_AVG: 2284.52	TOTAL_PEAK: 3665.07	NUMA0_AVG: 1.19	NUMA0_PEAK: 1.21	NUMA1_AVG: 5.35	NUMA1_PEAK: 5.43	NUMA2_AVG: 2354.15	NUMA2_PEAK: 3761.10
CONFIGURATION:	USE_HYPERTHREADING	MEM_MON	HASH_CONSTANT: 2654435761	THREAD_NUM: 64	AB_HIGH_THREAD_NUM: 22	AB_SIZE: 524288	AB_MIN_NUM: 32768	AB_PRT: 0.850000	AB_DNR	DAHA	DAHA_REAR	DAHA_QUANTILE: 0.990000	DAHA_SYMB_THRES: 5000000	DAHA_NUMC_THRES: 340000	DN_MIN: 256	GUD_ALPHA: 0.500000	GUD_MIN: 256	HYB_THRES: 0.950000
[0;36m0th run	init_time: 0.019171378	symb_time: 0.221912434	mgmt_time: 0.011465823	numc_time: 0.732637827	total_time: 0.985187462
[0m
[0;36m1th run	init_time: 0.014111714	symb_time: 0.220882883	mgmt_time: 0.012663008	numc_time: 0.734827354	total_time: 0.982484959
[0m
[0;36m2th run	init_time: 0.014357048	symb_time: 0.219603069	mgmt_time: 0.011382199	numc_time: 0.742409540	total_time: 0.987751856
[0m
[0;36m3th run	init_time: 0.014197007	symb_time: 0.219354980	mgmt_time: 0.011414269	numc_time: 0.733538771	total_time: 0.978505027
[0m
[0;32mdataset: gsm_106857	num_trials: 3	thread_num: 64	numa_mask: 4	init_time: 0.014221923	symb_time: 0.219946977	mgmt_time: 0.011819825	numc_time: 0.736925222	total_time: 0.982913947	flop_cnt: 947250936	numc_perf: 1285409846.412435293	perf: 963717056.381092310
[0mMEMORY_CONSUMPTION: gsm_106857	TOTAL_AVG: 1490.98	TOTAL_PEAK: 2655.70	NUMA0_AVG: 1.15	NUMA0_PEAK: 1.17	NUMA1_AVG: 6.53	NUMA1_PEAK: 7.30	NUMA2_AVG: 1551.89	NUMA2_PEAK: 2714.87
CONFIGURATION:	USE_HYPERTHREADING	MEM_MON	HASH_CONSTANT: 2654435761	THREAD_NUM: 64	AB_HIGH_THREAD_NUM: 22	AB_SIZE: 524288	AB_MIN_NUM: 32768	AB_PRT: 0.850000	AB_DNR	DAHA	DAHA_REAR	DAHA_QUANTILE: 0.990000	DAHA_SYMB_THRES: 5000000	DAHA_NUMC_THRES: 340000	DN_MIN: 256	GUD_ALPHA: 0.500000	GUD_MIN: 256	HYB_THRES: 0.950000
[0;36m0th run	init_time: 0.016632705	symb_time: 0.039322799	mgmt_time: 0.011681881	numc_time: 0.143702662	total_time: 0.211340047
[0m
[0;36m1th run	init_time: 0.010910487	symb_time: 0.038009416	mgmt_time: 0.010912280	numc_time: 0.143436485	total_time: 0.203268668
[0m
[0;36m2th run	init_time: 0.010921708	symb_time: 0.037931380	mgmt_time: 0.011273326	numc_time: 0.146007373	total_time: 0.206133787
[0m
[0;36m3th run	init_time: 0.010952096	symb_time: 0.037902956	mgmt_time: 0.011113716	numc_time: 0.143739683	total_time: 0.203708451
[0m
[0;32mdataset: amazon-2008	num_trials: 3	thread_num: 64	numa_mask: 4	init_time: 0.010928097	symb_time: 0.037947917	mgmt_time: 0.011099774	numc_time: 0.144394514	total_time: 0.204370302	flop_cnt: 218165528	numc_perf: 1510899011.742461443	perf: 1067501128.417376518
[0mMEMORY_CONSUMPTION: amazon-2008	TOTAL_AVG: 437.57	TOTAL_PEAK: 542.99	NUMA0_AVG: 1.11	NUMA0_PEAK: 1.19	NUMA1_AVG: 5.20	NUMA1_PEAK: 5.43	NUMA2_AVG: 489.81	NUMA2_PEAK: 638.75
CONFIGURATION:	USE_HYPERTHREADING	MEM_MON	HASH_CONSTANT: 2654435761	THREAD_NUM: 64	AB_HIGH_THREAD_NUM: 22	AB_SIZE: 524288	AB_MIN_NUM: 32768	AB_PRT: 0.850000	AB_DNR	DAHA	DAHA_REAR	DAHA_QUANTILE: 0.990000	DAHA_SYMB_THRES: 5000000	DAHA_NUMC_THRES: 340000	DN_MIN: 256	GUD_ALPHA: 0.500000	GUD_MIN: 256	HYB_THRES: 0.950000
[0;36m0th run	init_time: 0.012226906	symb_time: 0.085529403	mgmt_time: 0.012127975	numc_time: 1.841812735	total_time: 1.951697019
[0m
[0;36m1th run	init_time: 0.010339843	symb_time: 0.085651536	mgmt_time: 0.012562686	numc_time: 1.895489249	total_time: 2.004043314
[0m
[0;36m2th run	init_time: 0.010321495	symb_time: 0.085143332	mgmt_time: 0.012462234	numc_time: 1.833271498	total_time: 1.941198559
[0m
[0;36m3th run	init_time: 0.010329480	symb_time: 0.085443668	mgmt_time: 0.012387901	numc_time: 1.882379399	total_time: 1.990540448
[0m
[0;32mdataset: webbase-1M	num_trials: 3	thread_num: 64	numa_mask: 4	init_time: 0.010330273	symb_time: 0.085412845	mgmt_time: 0.012470940	numc_time: 1.870380049	total_time: 1.978594107	flop_cnt: 1369780052	numc_perf: 732353861.973919034	perf: 692299672.355185151
[0mMEMORY_CONSUMPTION: webbase-1M	TOTAL_AVG: 7691.15	TOTAL_PEAK: 17412.03	NUMA0_AVG: 1.18	NUMA0_PEAK: 1.19	NUMA1_AVG: 11.86	NUMA1_PEAK: 12.70	NUMA2_AVG: 7045.66	NUMA2_PEAK: 16397.72
CONFIGURATION:	USE_HYPERTHREADING	MEM_MON	HASH_CONSTANT: 2654435761	THREAD_NUM: 64	AB_HIGH_THREAD_NUM: 22	AB_SIZE: 524288	AB_MIN_NUM: 32768	AB_PRT: 0.850000	AB_DNR	DAHA	DAHA_REAR	DAHA_QUANTILE: 0.990000	DAHA_SYMB_THRES: 5000000	DAHA_NUMC_THRES: 340000	DN_MIN: 256	GUD_ALPHA: 0.500000	GUD_MIN: 256	HYB_THRES: 0.950000
[0;36m0th run	init_time: 0.084416666	symb_time: 0.463837983	mgmt_time: 0.023996879	numc_time: 4.002174238	total_time: 4.574425766
[0m
[0;36m1th run	init_time: 0.082880525	symb_time: 0.461899801	mgmt_time: 0.022305455	numc_time: 3.997362412	total_time: 4.564448193
[0m
[0;36m2th run	init_time: 0.082532784	symb_time: 0.461992881	mgmt_time: 0.021899459	numc_time: 3.995529127	total_time: 4.561954251
[0m
[0;36m3th run	init_time: 0.082783328	symb_time: 0.462028569	mgmt_time: 0.022188630	numc_time: 3.997556501	total_time: 4.564557028
[0m
[0;32mdataset: rel9	num_trials: 3	thread_num: 64	numa_mask: 4	init_time: 0.082732212	symb_time: 0.461973750	mgmt_time: 0.022131181	numc_time: 3.996816013	total_time: 4.563653157	flop_cnt: 2099952367	numc_perf: 525406313.424131215	perf: 460147231.746914625
[0mMEMORY_CONSUMPTION: rel9	TOTAL_AVG: 11294.59	TOTAL_PEAK: 26861.60	NUMA0_AVG: 1.16	NUMA0_PEAK: 1.16	NUMA1_AVG: 12.68	NUMA1_PEAK: 13.76	NUMA2_AVG: 11549.40	NUMA2_PEAK: 29339.38
CONFIGURATION:	USE_HYPERTHREADING	MEM_MON	HASH_CONSTANT: 2654435761	THREAD_NUM: 64	AB_HIGH_THREAD_NUM: 22	AB_SIZE: 524288	AB_MIN_NUM: 32768	AB_PRT: 0.850000	AB_DNR	DAHA	DAHA_REAR	DAHA_QUANTILE: 0.990000	DAHA_SYMB_THRES: 5000000	DAHA_NUMC_THRES: 340000	DN_MIN: 256	GUD_ALPHA: 0.500000	GUD_MIN: 256	HYB_THRES: 0.950000
[0;36m0th run	init_time: 0.038655026	symb_time: 0.129242743	mgmt_time: 0.014261365	numc_time: 0.483483193	total_time: 0.665642327
[0m
[0;36m1th run	init_time: 0.036841529	symb_time: 0.127649045	mgmt_time: 0.014374352	numc_time: 0.483120180	total_time: 0.661985106
[0m
[0;36m2th run	init_time: 0.036609118	symb_time: 0.127988769	mgmt_time: 0.014285242	numc_time: 0.482494697	total_time: 0.661377826
[0m
[0;36m3th run	init_time: 0.036701196	symb_time: 0.127411172	mgmt_time: 0.014221609	numc_time: 0.482335774	total_time: 0.660669751
[0m
[0;32mdataset: patents	num_trials: 3	thread_num: 64	numa_mask: 4	init_time: 0.036717281	symb_time: 0.127682995	mgmt_time: 0.014293734	numc_time: 0.482650217	total_time: 0.661344228	flop_cnt: 178292053	numc_perf: 369402202.092038035	perf: 269590397.165851593
[0mMEMORY_CONSUMPTION: patents	TOTAL_AVG: 1353.21	TOTAL_PEAK: 2134.47	NUMA0_AVG: 1.15	NUMA0_PEAK: 1.17	NUMA1_AVG: 5.27	NUMA1_PEAK: 5.42	NUMA2_AVG: 1430.96	NUMA2_PEAK: 2250.25
CONFIGURATION:	USE_HYPERTHREADING	MEM_MON	HASH_CONSTANT: 2654435761	THREAD_NUM: 64	AB_HIGH_THREAD_NUM: 22	AB_SIZE: 524288	AB_MIN_NUM: 32768	AB_PRT: 0.850000	AB_DNR	DAHA	DAHA_REAR	DAHA_QUANTILE: 0.990000	DAHA_SYMB_THRES: 5000000	DAHA_NUMC_THRES: 340000	DN_MIN: 256	GUD_ALPHA: 0.500000	GUD_MIN: 256	HYB_THRES: 0.950000
[0;36m0th run	init_time: 0.039669475	symb_time: 0.173633294	mgmt_time: 0.014507690	numc_time: 0.621970901	total_time: 0.849781360
[0m
[0;36m1th run	init_time: 0.037792916	symb_time: 0.173547922	mgmt_time: 0.014309200	numc_time: 0.632901209	total_time: 0.858551247
[0m
[0;36m2th run	init_time: 0.037855061	symb_time: 0.173816153	mgmt_time: 0.014166922	numc_time: 0.621752689	total_time: 0.847590825
[0m
[0;36m3th run	init_time: 0.038505210	symb_time: 0.175925007	mgmt_time: 0.016274436	numc_time: 0.623593528	total_time: 0.854298181
[0m
[0;32mdataset: cit-Patents	num_trials: 3	thread_num: 64	numa_mask: 4	init_time: 0.038051062	symb_time: 0.174429694	mgmt_time: 0.014916853	numc_time: 0.626082475	total_time: 0.853480084	flop_cnt: 239453700	numc_perf: 382463508.298187375	perf: 280561555.442785740
[0mMEMORY_CONSUMPTION: cit-Patents	TOTAL_AVG: 1620.88	TOTAL_PEAK: 3090.83	NUMA0_AVG: 1.14	NUMA0_PEAK: 1.16	NUMA1_AVG: 5.39	NUMA1_PEAK: 5.90	NUMA2_AVG: 1696.02	NUMA2_PEAK: 3179.89
CONFIGURATION:	USE_HYPERTHREADING	MEM_MON	HASH_CONSTANT: 2654435761	THREAD_NUM: 64	AB_HIGH_THREAD_NUM: 22	AB_SIZE: 524288	AB_MIN_NUM: 32768	AB_PRT: 0.850000	AB_DNR	DAHA	DAHA_REAR	DAHA_QUANTILE: 0.990000	DAHA_SYMB_THRES: 5000000	DAHA_NUMC_THRES: 340000	DN_MIN: 256	GUD_ALPHA: 0.500000	GUD_MIN: 256	HYB_THRES: 0.950000
[0;36m0th run	init_time: 0.014081042	symb_time: 0.047258304	mgmt_time: 0.011298225	numc_time: 0.393110750	total_time: 0.465748321
[0m
[0;36m1th run	init_time: 0.005411044	symb_time: 0.047904648	mgmt_time: 0.011192216	numc_time: 0.392019460	total_time: 0.456527368
[0m
[0;36m2th run	init_time: 0.005333364	symb_time: 0.047641816	mgmt_time: 0.011353610	numc_time: 0.407987656	total_time: 0.472316446
[0m
[0;36m3th run	init_time: 0.005414772	symb_time: 0.048023969	mgmt_time: 0.011046665	numc_time: 0.402430374	total_time: 0.466915780
[0m
[0;32mdataset: web-NotreDame	num_trials: 3	thread_num: 64	numa_mask: 4	init_time: 0.005386393	symb_time: 0.047856811	mgmt_time: 0.011197497	numc_time: 0.400812497	total_time: 0.465253198	flop_cnt: 503567738	numc_perf: 1256367359.271208525	perf: 1082352018.566887856
[0mMEMORY_CONSUMPTION: web-NotreDame	TOTAL_AVG: 2792.16	TOTAL_PEAK: 4406.92	NUMA0_AVG: 1.18	NUMA0_PEAK: 1.21	NUMA1_AVG: 18.92	NUMA1_PEAK: 19.00	NUMA2_AVG: 2261.12	NUMA2_PEAK: 4516.68
