CONFIGURATION:	USE_HYPERTHREADING	MEM_MON	HASH_CONSTANT: 2654435761	THREAD_NUM: 64	AB_HIGH_THREAD_NUM: 16	AB_SIZE: 524288	AB_MIN_NUM: 32768	AB_PRT: 0.900000	AB_DNR	DAHA	DAHA_REAR	DAHA_QUANTILE: 0.990000	DAHA_SYMB_THRES: 6000000	DAHA_NUMC_THRES: 800000	DN_MIN: 256	GUD_ALPHA: 0.500000	GUD_MIN: 256	HYB_THRES: 0.950000
[0;36m0th run	init_time: 0.009554191	symb_time: 0.016207941	mgmt_time: 0.002265341	numc_time: 0.026972177	total_time: 0.054999650
[0m
[0;36m1th run	init_time: 0.005900282	symb_time: 0.015287099	mgmt_time: 0.000222866	numc_time: 0.026301641	total_time: 0.047711888
[0m
[0;36m2th run	init_time: 0.005727503	symb_time: 0.013640865	mgmt_time: 0.000207113	numc_time: 0.026462367	total_time: 0.046037848
[0m
[0;36m3th run	init_time: 0.005707065	symb_time: 0.013744878	mgmt_time: 0.000206905	numc_time: 0.026388388	total_time: 0.046047236
[0m
[0;32mdataset: ch7-9-b5	num_trials: 3	thread_num: 64	numa_mask: 4	init_time: 0.005778283	symb_time: 0.014224281	mgmt_time: 0.000212295	numc_time: 0.026384132	total_time: 0.046598991	flop_cnt: 20321280	numc_perf: 770208396.471030354	perf: 436088415.420042098
[0mMEMORY_CONSUMPTION: ch7-9-b5	TOTAL_AVG: 98.84	TOTAL_PEAK: 98.84	NUMA0_AVG: 1.08	NUMA0_PEAK: 1.08	NUMA1_AVG: 12.65	NUMA1_PEAK: 12.65	NUMA2_AVG: 93.06	NUMA2_PEAK: 93.06
CONFIGURATION:	USE_HYPERTHREADING	MEM_MON	HASH_CONSTANT: 2654435761	THREAD_NUM: 64	AB_HIGH_THREAD_NUM: 16	AB_SIZE: 524288	AB_MIN_NUM: 32768	AB_PRT: 0.900000	AB_DNR	DAHA	DAHA_REAR	DAHA_QUANTILE: 0.990000	DAHA_SYMB_THRES: 6000000	DAHA_NUMC_THRES: 800000	DN_MIN: 256	GUD_ALPHA: 0.500000	GUD_MIN: 256	HYB_THRES: 0.950000
[0;36m0th run	init_time: 0.038575119	symb_time: 0.102973049	mgmt_time: 0.012782194	numc_time: 0.302120828	total_time: 0.456451190
[0m
[0;36m1th run	init_time: 0.035317118	symb_time: 0.105264876	mgmt_time: 0.015315330	numc_time: 0.303020200	total_time: 0.458917524
[0m
[0;36m2th run	init_time: 0.035228832	symb_time: 0.103415675	mgmt_time: 0.012831144	numc_time: 0.304691741	total_time: 0.456167392
[0m
[0;36m3th run	init_time: 0.035322123	symb_time: 0.103485322	mgmt_time: 0.013017380	numc_time: 0.303819896	total_time: 0.455644721
[0m
[0;32mdataset: 333SP	num_trials: 3	thread_num: 64	numa_mask: 4	init_time: 0.035289358	symb_time: 0.104055291	mgmt_time: 0.013721285	numc_time: 0.303843946	total_time: 0.456909879	flop_cnt: 134781510	numc_perf: 443587940.198297203	perf: 294984889.131714284
[0mMEMORY_CONSUMPTION: 333SP	TOTAL_AVG: 893.81	TOTAL_PEAK: 1175.04	NUMA0_AVG: 1.14	NUMA0_PEAK: 1.17	NUMA1_AVG: 6.77	NUMA1_PEAK: 7.31	NUMA2_AVG: 940.26	NUMA2_PEAK: 1252.71
CONFIGURATION:	USE_HYPERTHREADING	MEM_MON	HASH_CONSTANT: 2654435761	THREAD_NUM: 64	AB_HIGH_THREAD_NUM: 16	AB_SIZE: 524288	AB_MIN_NUM: 32768	AB_PRT: 0.900000	AB_DNR	DAHA	DAHA_REAR	DAHA_QUANTILE: 0.990000	DAHA_SYMB_THRES: 6000000	DAHA_NUMC_THRES: 800000	DN_MIN: 256	GUD_ALPHA: 0.500000	GUD_MIN: 256	HYB_THRES: 0.950000
[0;36m0th run	init_time: 0.023096202	symb_time: 0.183008708	mgmt_time: 0.012172309	numc_time: 1.251480665	total_time: 1.469757884
[0m
[0;36m1th run	init_time: 0.013951710	symb_time: 0.183239149	mgmt_time: 0.012913005	numc_time: 1.282103481	total_time: 1.492207345
[0m
[0;36m2th run	init_time: 0.013761863	symb_time: 0.182441297	mgmt_time: 0.012057271	numc_time: 1.250643158	total_time: 1.458903589
[0m
[0;36m3th run	init_time: 0.014123890	symb_time: 0.182648706	mgmt_time: 0.012061170	numc_time: 1.250961077	total_time: 1.459794843
[0m
[0;32mdataset: GL7d16	num_trials: 3	thread_num: 64	numa_mask: 4	init_time: 0.013945821	symb_time: 0.182776384	mgmt_time: 0.012343815	numc_time: 1.261235905	total_time: 1.470301926	flop_cnt: 515644137	numc_perf: 408840356.367526591	perf: 350706292.359778941
[0mMEMORY_CONSUMPTION: GL7d16	TOTAL_AVG: 3350.26	TOTAL_PEAK: 7756.83	NUMA0_AVG: 1.15	NUMA0_PEAK: 1.16	NUMA1_AVG: 6.84	NUMA1_PEAK: 7.31	NUMA2_AVG: 3486.86	NUMA2_PEAK: 7986.16
CONFIGURATION:	USE_HYPERTHREADING	MEM_MON	HASH_CONSTANT: 2654435761	THREAD_NUM: 64	AB_HIGH_THREAD_NUM: 16	AB_SIZE: 524288	AB_MIN_NUM: 32768	AB_PRT: 0.900000	AB_DNR	DAHA	DAHA_REAR	DAHA_QUANTILE: 0.990000	DAHA_SYMB_THRES: 6000000	DAHA_NUMC_THRES: 800000	DN_MIN: 256	GUD_ALPHA: 0.500000	GUD_MIN: 256	HYB_THRES: 0.950000
[0;36m0th run	init_time: 0.013067388	symb_time: 0.030949389	mgmt_time: 0.002316904	numc_time: 0.104454003	total_time: 0.150787684
[0m
[0;36m1th run	init_time: 0.007559438	symb_time: 0.028904059	mgmt_time: 0.000423945	numc_time: 0.103639660	total_time: 0.140527102
[0m
[0;36m2th run	init_time: 0.007824283	symb_time: 0.028869564	mgmt_time: 0.000429933	numc_time: 0.103639765	total_time: 0.140763545
[0m
[0;36m3th run	init_time: 0.007579879	symb_time: 0.028836167	mgmt_time: 0.000416275	numc_time: 0.105316612	total_time: 0.142148933
[0m
[0;32mdataset: auto	num_trials: 3	thread_num: 64	numa_mask: 4	init_time: 0.007654533	symb_time: 0.028869930	mgmt_time: 0.000423384	numc_time: 0.104198679	total_time: 0.141146527	flop_cnt: 101247158	numc_perf: 971674103.469200253	perf: 717319514.628273368
[0mMEMORY_CONSUMPTION: auto	TOTAL_AVG: 316.48	TOTAL_PEAK: 401.04	NUMA0_AVG: 1.11	NUMA0_PEAK: 1.17	NUMA1_AVG: 6.53	NUMA1_PEAK: 6.84	NUMA2_AVG: 342.08	NUMA2_PEAK: 466.00
CONFIGURATION:	USE_HYPERTHREADING	MEM_MON	HASH_CONSTANT: 2654435761	THREAD_NUM: 64	AB_HIGH_THREAD_NUM: 16	AB_SIZE: 524288	AB_MIN_NUM: 32768	AB_PRT: 0.900000	AB_DNR	DAHA	DAHA_REAR	DAHA_QUANTILE: 0.990000	DAHA_SYMB_THRES: 6000000	DAHA_NUMC_THRES: 800000	DN_MIN: 256	GUD_ALPHA: 0.500000	GUD_MIN: 256	HYB_THRES: 0.950000
[0;36m0th run	init_time: 0.100019150	symb_time: 0.131619624	mgmt_time: 0.015397439	numc_time: 0.442214266	total_time: 0.689250479
[0m
[0;36m1th run	init_time: 0.098419589	symb_time: 0.131607522	mgmt_time: 0.015272877	numc_time: 0.443045639	total_time: 0.688345627
[0m
[0;36m2th run	init_time: 0.098451126	symb_time: 0.131601056	mgmt_time: 0.015514195	numc_time: 0.443085977	total_time: 0.688652354
[0m
[0;36m3th run	init_time: 0.098318769	symb_time: 0.138182416	mgmt_time: 0.018350160	numc_time: 0.442762246	total_time: 0.697613591
[0m
[0;32mdataset: delaunay_n23	num_trials: 3	thread_num: 64	numa_mask: 4	init_time: 0.098396495	symb_time: 0.133796998	mgmt_time: 0.016379077	numc_time: 0.442964621	total_time: 0.691537191	flop_cnt: 316961668	numc_perf: 715546238.259320021	perf: 458343632.530359685
[0mMEMORY_CONSUMPTION: delaunay_n23	TOTAL_AVG: 2429.54	TOTAL_PEAK: 3744.64	NUMA0_AVG: 1.14	NUMA0_PEAK: 1.16	NUMA1_AVG: 6.79	NUMA1_PEAK: 7.30	NUMA2_AVG: 2491.43	NUMA2_PEAK: 3956.43
CONFIGURATION:	USE_HYPERTHREADING	MEM_MON	HASH_CONSTANT: 2654435761	THREAD_NUM: 64	AB_HIGH_THREAD_NUM: 16	AB_SIZE: 524288	AB_MIN_NUM: 32768	AB_PRT: 0.900000	AB_DNR	DAHA	DAHA_REAR	DAHA_QUANTILE: 0.990000	DAHA_SYMB_THRES: 6000000	DAHA_NUMC_THRES: 800000	DN_MIN: 256	GUD_ALPHA: 0.500000	GUD_MIN: 256	HYB_THRES: 0.950000
[0;36m0th run	init_time: 0.048003710	symb_time: 0.208923886	mgmt_time: 0.011952167	numc_time: 2.297177910	total_time: 2.566057673
[0m
[0;36m1th run	init_time: 0.037492725	symb_time: 0.208376734	mgmt_time: 0.011961156	numc_time: 2.277223831	total_time: 2.535054446
[0m
[0;36m2th run	init_time: 0.037428633	symb_time: 0.208269515	mgmt_time: 0.012131708	numc_time: 2.276687698	total_time: 2.534517554
[0m
[0;36m3th run	init_time: 0.037501318	symb_time: 0.214889425	mgmt_time: 0.012723052	numc_time: 2.273615201	total_time: 2.538728996
[0m
[0;32mdataset: nv2	num_trials: 3	thread_num: 64	numa_mask: 4	init_time: 0.037474225	symb_time: 0.210511891	mgmt_time: 0.012271972	numc_time: 2.275842243	total_time: 2.536100332	flop_cnt: 1270061806	numc_perf: 558062321.639566779	perf: 500793202.056960225
[0m/home/huang/workspace/sc25-artifact-abs/mem_mon.sh: line 28: [: : integer expression expected
MEMORY_CONSUMPTION: nv2	TOTAL_AVG: 3187.46	TOTAL_PEAK: 5631.77	NUMA0_AVG: 1.14	NUMA0_PEAK: 1.22	NUMA1_AVG: 8.00	NUMA1_PEAK: 9.18	NUMA2_AVG: 3255.67	NUMA2_PEAK: 5638.86
CONFIGURATION:	USE_HYPERTHREADING	MEM_MON	HASH_CONSTANT: 2654435761	THREAD_NUM: 64	AB_HIGH_THREAD_NUM: 16	AB_SIZE: 524288	AB_MIN_NUM: 32768	AB_PRT: 0.900000	AB_DNR	DAHA	DAHA_REAR	DAHA_QUANTILE: 0.990000	DAHA_SYMB_THRES: 6000000	DAHA_NUMC_THRES: 800000	DN_MIN: 256	GUD_ALPHA: 0.500000	GUD_MIN: 256	HYB_THRES: 0.950000
[0;36m0th run	init_time: 0.037101691	symb_time: 0.042599551	mgmt_time: 0.012203234	numc_time: 0.113285687	total_time: 0.205190163
[0m
[0;36m1th run	init_time: 0.031056512	symb_time: 0.042538198	mgmt_time: 0.011895284	numc_time: 0.113218384	total_time: 0.198708378
[0m
[0;36m2th run	init_time: 0.030725420	symb_time: 0.043029926	mgmt_time: 0.011874075	numc_time: 0.114284055	total_time: 0.199913476
[0m
[0;36m3th run	init_time: 0.030947817	symb_time: 0.042892202	mgmt_time: 0.011889131	numc_time: 0.113144693	total_time: 0.198873843
[0m
[0;32mdataset: Freescale1	num_trials: 3	thread_num: 64	numa_mask: 4	init_time: 0.030909916	symb_time: 0.042820109	mgmt_time: 0.011886163	numc_time: 0.113549044	total_time: 0.199165232	flop_cnt: 90325256	numc_perf: 795473504.823167086	perf: 453519195.804350793
[0mMEMORY_CONSUMPTION: Freescale1	TOTAL_AVG: 668.94	TOTAL_PEAK: 745.60	NUMA0_AVG: 1.11	NUMA0_PEAK: 1.19	NUMA1_AVG: 7.39	NUMA1_PEAK: 8.70	NUMA2_AVG: 713.92	NUMA2_PEAK: 840.91
CONFIGURATION:	USE_HYPERTHREADING	MEM_MON	HASH_CONSTANT: 2654435761	THREAD_NUM: 64	AB_HIGH_THREAD_NUM: 16	AB_SIZE: 524288	AB_MIN_NUM: 32768	AB_PRT: 0.900000	AB_DNR	DAHA	DAHA_REAR	DAHA_QUANTILE: 0.990000	DAHA_SYMB_THRES: 6000000	DAHA_NUMC_THRES: 800000	DN_MIN: 256	GUD_ALPHA: 0.500000	GUD_MIN: 256	HYB_THRES: 0.950000
[0;36m0th run	init_time: 0.027077794	symb_time: 0.127652094	mgmt_time: 0.012279685	numc_time: 1.130548687	total_time: 1.297558260
[0m
[0;36m1th run	init_time: 0.019641156	symb_time: 0.126996821	mgmt_time: 0.011707595	numc_time: 1.132147584	total_time: 1.290493156
[0m
[0;36m2th run	init_time: 0.019742393	symb_time: 0.127686500	mgmt_time: 0.011899554	numc_time: 1.131566732	total_time: 1.290895179
[0m
[0;36m3th run	init_time: 0.019694880	symb_time: 0.127557701	mgmt_time: 0.011758241	numc_time: 1.131428354	total_time: 1.290439176
[0m
[0;32mdataset: dgreen	num_trials: 3	thread_num: 64	numa_mask: 4	init_time: 0.019692810	symb_time: 0.127413674	mgmt_time: 0.011788463	numc_time: 1.131714223	total_time: 1.290609170	flop_cnt: 823556881	numc_perf: 727707458.314262867	perf: 638114852.994028449
[0mMEMORY_CONSUMPTION: dgreen	TOTAL_AVG: 2267.09	TOTAL_PEAK: 3635.05	NUMA0_AVG: 1.17	NUMA0_PEAK: 1.19	NUMA1_AVG: 7.17	NUMA1_PEAK: 8.71	NUMA2_AVG: 2342.92	NUMA2_PEAK: 3730.80
CONFIGURATION:	USE_HYPERTHREADING	MEM_MON	HASH_CONSTANT: 2654435761	THREAD_NUM: 64	AB_HIGH_THREAD_NUM: 16	AB_SIZE: 524288	AB_MIN_NUM: 32768	AB_PRT: 0.900000	AB_DNR	DAHA	DAHA_REAR	DAHA_QUANTILE: 0.990000	DAHA_SYMB_THRES: 6000000	DAHA_NUMC_THRES: 800000	DN_MIN: 256	GUD_ALPHA: 0.500000	GUD_MIN: 256	HYB_THRES: 0.950000
[0;36m0th run	init_time: 0.018776146	symb_time: 0.220599801	mgmt_time: 0.011432403	numc_time: 0.720542873	total_time: 0.971351223
[0m
[0;36m1th run	init_time: 0.014136687	symb_time: 0.222464051	mgmt_time: 0.015229274	numc_time: 0.720056873	total_time: 0.971886885
[0m
[0;36m2th run	init_time: 0.014133389	symb_time: 0.219504230	mgmt_time: 0.011276674	numc_time: 0.719954387	total_time: 0.964868680
[0m
[0;36m3th run	init_time: 0.015938416	symb_time: 0.221512296	mgmt_time: 0.011385747	numc_time: 0.720254295	total_time: 0.969090754
[0m
[0;32mdataset: gsm_106857	num_trials: 3	thread_num: 64	numa_mask: 4	init_time: 0.014736164	symb_time: 0.221160192	mgmt_time: 0.012630565	numc_time: 0.720088518	total_time: 0.968615440	flop_cnt: 947250936	numc_perf: 1315464573.983822346	perf: 977943255.092011571
[0mMEMORY_CONSUMPTION: gsm_106857	TOTAL_AVG: 1349.92	TOTAL_PEAK: 2295.45	NUMA0_AVG: 1.15	NUMA0_PEAK: 1.17	NUMA1_AVG: 8.47	NUMA1_PEAK: 9.18	NUMA2_AVG: 1391.33	NUMA2_PEAK: 2364.09
CONFIGURATION:	USE_HYPERTHREADING	MEM_MON	HASH_CONSTANT: 2654435761	THREAD_NUM: 64	AB_HIGH_THREAD_NUM: 16	AB_SIZE: 524288	AB_MIN_NUM: 32768	AB_PRT: 0.900000	AB_DNR	DAHA	DAHA_REAR	DAHA_QUANTILE: 0.990000	DAHA_SYMB_THRES: 6000000	DAHA_NUMC_THRES: 800000	DN_MIN: 256	GUD_ALPHA: 0.500000	GUD_MIN: 256	HYB_THRES: 0.950000
[0;36m0th run	init_time: 0.021548452	symb_time: 0.039184018	mgmt_time: 0.011159553	numc_time: 0.139784205	total_time: 0.211676228
[0m
[0;36m1th run	init_time: 0.010858972	symb_time: 0.038066588	mgmt_time: 0.011075135	numc_time: 0.140036557	total_time: 0.200037252
[0m
[0;36m2th run	init_time: 0.010798613	symb_time: 0.038173870	mgmt_time: 0.011102496	numc_time: 0.142007194	total_time: 0.202082173
[0m
[0;36m3th run	init_time: 0.010839282	symb_time: 0.037867258	mgmt_time: 0.011139385	numc_time: 0.140011400	total_time: 0.199857325
[0m
[0;32mdataset: amazon-2008	num_trials: 3	thread_num: 64	numa_mask: 4	init_time: 0.010832289	symb_time: 0.038035905	mgmt_time: 0.011105672	numc_time: 0.140685050	total_time: 0.200658917	flop_cnt: 218165528	numc_perf: 1550737107.340742111	perf: 1087245618.705373526
[0mMEMORY_CONSUMPTION: amazon-2008	TOTAL_AVG: 470.96	TOTAL_PEAK: 608.45	NUMA0_AVG: 1.12	NUMA0_PEAK: 1.19	NUMA1_AVG: 6.67	NUMA1_PEAK: 6.84	NUMA2_AVG: 540.36	NUMA2_PEAK: 741.29
CONFIGURATION:	USE_HYPERTHREADING	MEM_MON	HASH_CONSTANT: 2654435761	THREAD_NUM: 64	AB_HIGH_THREAD_NUM: 16	AB_SIZE: 524288	AB_MIN_NUM: 32768	AB_PRT: 0.900000	AB_DNR	DAHA	DAHA_REAR	DAHA_QUANTILE: 0.990000	DAHA_SYMB_THRES: 6000000	DAHA_NUMC_THRES: 800000	DN_MIN: 256	GUD_ALPHA: 0.500000	GUD_MIN: 256	HYB_THRES: 0.950000
[0;36m0th run	init_time: 0.017546846	symb_time: 0.085221229	mgmt_time: 0.012488611	numc_time: 1.752781081	total_time: 1.868037767
[0m
[0;36m1th run	init_time: 0.010284036	symb_time: 0.085273966	mgmt_time: 0.012358697	numc_time: 1.801173455	total_time: 1.909090154
[0m
[0;36m2th run	init_time: 0.010459459	symb_time: 0.085792279	mgmt_time: 0.012639210	numc_time: 1.851398848	total_time: 1.960289796
[0m
[0;36m3th run	init_time: 0.010332581	symb_time: 0.086468666	mgmt_time: 0.012408120	numc_time: 1.849638677	total_time: 1.958848044
[0m
[0;32mdataset: webbase-1M	num_trials: 3	thread_num: 64	numa_mask: 4	init_time: 0.010358692	symb_time: 0.085844970	mgmt_time: 0.012468676	numc_time: 1.834070327	total_time: 1.942742665	flop_cnt: 1369780052	numc_perf: 746852523.637688637	perf: 705075395.168214560
[0mMEMORY_CONSUMPTION: webbase-1M	TOTAL_AVG: 7389.81	TOTAL_PEAK: 19416.60	NUMA0_AVG: 1.15	NUMA0_PEAK: 1.16	NUMA1_AVG: 13.65	NUMA1_PEAK: 15.41	NUMA2_AVG: 8003.03	NUMA2_PEAK: 20144.04
CONFIGURATION:	USE_HYPERTHREADING	MEM_MON	HASH_CONSTANT: 2654435761	THREAD_NUM: 64	AB_HIGH_THREAD_NUM: 16	AB_SIZE: 524288	AB_MIN_NUM: 32768	AB_PRT: 0.900000	AB_DNR	DAHA	DAHA_REAR	DAHA_QUANTILE: 0.990000	DAHA_SYMB_THRES: 6000000	DAHA_NUMC_THRES: 800000	DN_MIN: 256	GUD_ALPHA: 0.500000	GUD_MIN: 256	HYB_THRES: 0.950000
[0;36m0th run	init_time: 0.083727956	symb_time: 0.460173725	mgmt_time: 0.026677336	numc_time: 4.024080249	total_time: 4.594659266
[0m
[0;36m1th run	init_time: 0.082902398	symb_time: 0.461353768	mgmt_time: 0.022393983	numc_time: 4.022357577	total_time: 4.589007726
[0m
[0;36m2th run	init_time: 0.082660421	symb_time: 0.461145616	mgmt_time: 0.022367353	numc_time: 4.088361917	total_time: 4.654535307
[0m
[0;36m3th run	init_time: 0.082793956	symb_time: 0.461911716	mgmt_time: 0.021872269	numc_time: 4.022708571	total_time: 4.589286512
[0m
[0;32mdataset: rel9	num_trials: 3	thread_num: 64	numa_mask: 4	init_time: 0.082785592	symb_time: 0.461470367	mgmt_time: 0.022211202	numc_time: 4.044476022	total_time: 4.610943182	flop_cnt: 2099952367	numc_perf: 519214938.041502237	perf: 455427942.671146333
[0mMEMORY_CONSUMPTION: rel9	TOTAL_AVG: 12305.34	TOTAL_PEAK: 28894.84	NUMA0_AVG: 1.16	NUMA0_PEAK: 1.16	NUMA1_AVG: 20.26	NUMA1_PEAK: 21.33	NUMA2_AVG: 11242.50	NUMA2_PEAK: 31008.48
CONFIGURATION:	USE_HYPERTHREADING	MEM_MON	HASH_CONSTANT: 2654435761	THREAD_NUM: 64	AB_HIGH_THREAD_NUM: 16	AB_SIZE: 524288	AB_MIN_NUM: 32768	AB_PRT: 0.900000	AB_DNR	DAHA	DAHA_REAR	DAHA_QUANTILE: 0.990000	DAHA_SYMB_THRES: 6000000	DAHA_NUMC_THRES: 800000	DN_MIN: 256	GUD_ALPHA: 0.500000	GUD_MIN: 256	HYB_THRES: 0.950000
[0;36m0th run	init_time: 0.038684145	symb_time: 0.127089161	mgmt_time: 0.014481316	numc_time: 0.536447460	total_time: 0.716702082
[0m
[0;36m1th run	init_time: 0.036628396	symb_time: 0.126843139	mgmt_time: 0.014461353	numc_time: 0.537093279	total_time: 0.715026167
[0m
[0;36m2th run	init_time: 0.036512717	symb_time: 0.126878751	mgmt_time: 0.014151837	numc_time: 0.535915006	total_time: 0.713458311
[0m
[0;36m3th run	init_time: 0.036841068	symb_time: 0.129930482	mgmt_time: 0.014292680	numc_time: 0.540922023	total_time: 0.721986253
[0m
[0;32mdataset: patents	num_trials: 3	thread_num: 64	numa_mask: 4	init_time: 0.036660727	symb_time: 0.127884124	mgmt_time: 0.014301957	numc_time: 0.537976769	total_time: 0.716823577	flop_cnt: 178292053	numc_perf: 331412178.300824106	perf: 248725151.795614004
[0mMEMORY_CONSUMPTION: patents	TOTAL_AVG: 1312.61	TOTAL_PEAK: 2482.39	NUMA0_AVG: 1.15	NUMA0_PEAK: 1.17	NUMA1_AVG: 6.80	NUMA1_PEAK: 7.31	NUMA2_AVG: 1387.95	NUMA2_PEAK: 2620.16
CONFIGURATION:	USE_HYPERTHREADING	MEM_MON	HASH_CONSTANT: 2654435761	THREAD_NUM: 64	AB_HIGH_THREAD_NUM: 16	AB_SIZE: 524288	AB_MIN_NUM: 32768	AB_PRT: 0.900000	AB_DNR	DAHA	DAHA_REAR	DAHA_QUANTILE: 0.990000	DAHA_SYMB_THRES: 6000000	DAHA_NUMC_THRES: 800000	DN_MIN: 256	GUD_ALPHA: 0.500000	GUD_MIN: 256	HYB_THRES: 0.950000
[0;36m0th run	init_time: 0.039977462	symb_time: 0.172389649	mgmt_time: 0.014363788	numc_time: 0.676891030	total_time: 0.903621929
[0m
[0;36m1th run	init_time: 0.037891243	symb_time: 0.172993242	mgmt_time: 0.017061638	numc_time: 0.678001670	total_time: 0.905947793
[0m
[0;36m2th run	init_time: 0.037876275	symb_time: 0.172126709	mgmt_time: 0.014455290	numc_time: 0.676998520	total_time: 0.901456794
[0m
[0;36m3th run	init_time: 0.038632607	symb_time: 0.175221284	mgmt_time: 0.014489553	numc_time: 0.677193383	total_time: 0.905536827
[0m
[0;32mdataset: cit-Patents	num_trials: 3	thread_num: 64	numa_mask: 4	init_time: 0.038133375	symb_time: 0.173447078	mgmt_time: 0.015335494	numc_time: 0.677397858	total_time: 0.904313805	flop_cnt: 239453700	numc_perf: 353490489.067696691	perf: 264790495.029834777
[0mMEMORY_CONSUMPTION: cit-Patents	TOTAL_AVG: 1439.49	TOTAL_PEAK: 2629.46	NUMA0_AVG: 1.15	NUMA0_PEAK: 1.17	NUMA1_AVG: 7.40	NUMA1_PEAK: 9.18	NUMA2_AVG: 1509.09	NUMA2_PEAK: 2761.56
CONFIGURATION:	USE_HYPERTHREADING	MEM_MON	HASH_CONSTANT: 2654435761	THREAD_NUM: 64	AB_HIGH_THREAD_NUM: 16	AB_SIZE: 524288	AB_MIN_NUM: 32768	AB_PRT: 0.900000	AB_DNR	DAHA	DAHA_REAR	DAHA_QUANTILE: 0.990000	DAHA_SYMB_THRES: 6000000	DAHA_NUMC_THRES: 800000	DN_MIN: 256	GUD_ALPHA: 0.500000	GUD_MIN: 256	HYB_THRES: 0.950000
[0;36m0th run	init_time: 0.009386140	symb_time: 0.047058566	mgmt_time: 0.011197729	numc_time: 0.387888335	total_time: 0.455530770
[0m
[0;36m1th run	init_time: 0.005437369	symb_time: 0.046046255	mgmt_time: 0.011250241	numc_time: 0.387494309	total_time: 0.450228174
[0m
[0;36m2th run	init_time: 0.005442618	symb_time: 0.048120097	mgmt_time: 0.011128418	numc_time: 0.409083767	total_time: 0.473774900
[0m
[0;36m3th run	init_time: 0.005460713	symb_time: 0.049139936	mgmt_time: 0.011334997	numc_time: 0.408878565	total_time: 0.474814211
[0m
[0;32mdataset: web-NotreDame	num_trials: 3	thread_num: 64	numa_mask: 4	init_time: 0.005446900	symb_time: 0.047768763	mgmt_time: 0.011237885	numc_time: 0.401818880	total_time: 0.466272428	flop_cnt: 503567738	numc_perf: 1253220698.794092894	perf: 1079986092.679717064
[0mMEMORY_CONSUMPTION: web-NotreDame	TOTAL_AVG: 2709.28	TOTAL_PEAK: 4204.52	NUMA0_AVG: 1.15	NUMA0_PEAK: 1.17	NUMA1_AVG: 20.90	NUMA1_PEAK: 20.96	NUMA2_AVG: 2304.11	NUMA2_PEAK: 4557.16
