CONFIGURATION:	USE_HYPERTHREADING	USE_WEIGHTED_INTERLEAVING	MEM_MON	HASH_CONSTANT: 2654435761	THREAD_NUM: 64	AB_HIGH_THREAD_NUM: 22	AB_SIZE: 524288	AB_MIN_NUM: 32768	AB_PRT: 0.850000	AB_DNR	DAHA	DAHA_REAR	DAHA_QUANTILE: 0.990000	DAHA_SYMB_THRES: 5000000	DAHA_NUMC_THRES: 340000	DN_MIN: 256	GUD_ALPHA: 0.500000	GUD_MIN: 256	HYB_THRES: 0.950000
[0;36m0th run	init_time: 0.011399057	symb_time: 0.013939615	mgmt_time: 0.001465341	numc_time: 0.021978425	total_time: 0.048782438
[0m
[0;36m1th run	init_time: 0.005575540	symb_time: 0.014360090	mgmt_time: 0.000207332	numc_time: 0.020960858	total_time: 0.041103820
[0m
[0;36m2th run	init_time: 0.005510627	symb_time: 0.013498182	mgmt_time: 0.000205602	numc_time: 0.020875243	total_time: 0.040089654
[0m
[0;36m3th run	init_time: 0.005501559	symb_time: 0.013483787	mgmt_time: 0.000204867	numc_time: 0.021116115	total_time: 0.040306328
[0m
[0;32mdataset: ch7-9-b5	num_trials: 3	thread_num: 64	numa_mask: 6	init_time: 0.005529242	symb_time: 0.013780686	mgmt_time: 0.000205934	numc_time: 0.020984072	total_time: 0.040499934	flop_cnt: 20321280	numc_perf: 968414519.355442405	perf: 501760817.684295356
[0mMEMORY_CONSUMPTION: ch7-9-b5	TOTAL_AVG: 102.98	TOTAL_PEAK: 102.98	NUMA0_AVG: 1.04	NUMA0_PEAK: 1.04	NUMA1_AVG: 65.57	NUMA1_PEAK: 65.57	NUMA2_AVG: 41.47	NUMA2_PEAK: 41.47
CONFIGURATION:	USE_HYPERTHREADING	USE_WEIGHTED_INTERLEAVING	MEM_MON	HASH_CONSTANT: 2654435761	THREAD_NUM: 64	AB_HIGH_THREAD_NUM: 22	AB_SIZE: 524288	AB_MIN_NUM: 32768	AB_PRT: 0.850000	AB_DNR	DAHA	DAHA_REAR	DAHA_QUANTILE: 0.990000	DAHA_SYMB_THRES: 5000000	DAHA_NUMC_THRES: 340000	DN_MIN: 256	GUD_ALPHA: 0.500000	GUD_MIN: 256	HYB_THRES: 0.950000
[0;36m0th run	init_time: 0.035816367	symb_time: 0.059410135	mgmt_time: 0.011803771	numc_time: 0.147630915	total_time: 0.254661188
[0m
[0;36m1th run	init_time: 0.026061730	symb_time: 0.059107334	mgmt_time: 0.011759821	numc_time: 0.146352337	total_time: 0.243281222
[0m
[0;36m2th run	init_time: 0.025893161	symb_time: 0.059213375	mgmt_time: 0.011722509	numc_time: 0.147097157	total_time: 0.243926202
[0m
[0;36m3th run	init_time: 0.025840996	symb_time: 0.059175543	mgmt_time: 0.011594745	numc_time: 0.162646924	total_time: 0.259258208
[0m
[0;32mdataset: 333SP	num_trials: 3	thread_num: 64	numa_mask: 6	init_time: 0.025931962	symb_time: 0.059165417	mgmt_time: 0.011692358	numc_time: 0.152032139	total_time: 0.248821877	flop_cnt: 134781510	numc_perf: 886533009.342774510	perf: 541678695.798281550
[0mMEMORY_CONSUMPTION: 333SP	TOTAL_AVG: 1321.85	TOTAL_PEAK: 1626.35	NUMA0_AVG: 1.14	NUMA0_PEAK: 1.19	NUMA1_AVG: 785.43	NUMA1_PEAK: 1130.44	NUMA2_AVG: 549.73	NUMA2_PEAK: 791.06
CONFIGURATION:	USE_HYPERTHREADING	USE_WEIGHTED_INTERLEAVING	MEM_MON	HASH_CONSTANT: 2654435761	THREAD_NUM: 64	AB_HIGH_THREAD_NUM: 22	AB_SIZE: 524288	AB_MIN_NUM: 32768	AB_PRT: 0.850000	AB_DNR	DAHA	DAHA_REAR	DAHA_QUANTILE: 0.990000	DAHA_SYMB_THRES: 5000000	DAHA_NUMC_THRES: 340000	DN_MIN: 256	GUD_ALPHA: 0.500000	GUD_MIN: 256	HYB_THRES: 0.950000
[0;36m0th run	init_time: 0.023210551	symb_time: 0.158588665	mgmt_time: 0.011797868	numc_time: 0.646187259	total_time: 0.839784343
[0m
[0;36m1th run	init_time: 0.010843114	symb_time: 0.158409949	mgmt_time: 0.011804996	numc_time: 0.612873353	total_time: 0.793931412
[0m
[0;36m2th run	init_time: 0.011096116	symb_time: 0.159628208	mgmt_time: 0.011812221	numc_time: 0.650216300	total_time: 0.832752845
[0m
[0;36m3th run	init_time: 0.011277659	symb_time: 0.158227058	mgmt_time: 0.011737468	numc_time: 0.614434858	total_time: 0.795677043
[0m
[0;32mdataset: GL7d16	num_trials: 3	thread_num: 64	numa_mask: 6	init_time: 0.011072296	symb_time: 0.158755072	mgmt_time: 0.011784895	numc_time: 0.625841504	total_time: 0.807453767	flop_cnt: 515644137	numc_perf: 823921286.745853662	perf: 638605153.987557530
[0mMEMORY_CONSUMPTION: GL7d16	TOTAL_AVG: 2361.40	TOTAL_PEAK: 6332.38	NUMA0_AVG: 1.12	NUMA0_PEAK: 1.14	NUMA1_AVG: 2169.67	NUMA1_PEAK: 4693.91	NUMA2_AVG: 1518.36	NUMA2_PEAK: 3285.55
CONFIGURATION:	USE_HYPERTHREADING	USE_WEIGHTED_INTERLEAVING	MEM_MON	HASH_CONSTANT: 2654435761	THREAD_NUM: 64	AB_HIGH_THREAD_NUM: 22	AB_SIZE: 524288	AB_MIN_NUM: 32768	AB_PRT: 0.850000	AB_DNR	DAHA	DAHA_REAR	DAHA_QUANTILE: 0.990000	DAHA_SYMB_THRES: 5000000	DAHA_NUMC_THRES: 340000	DN_MIN: 256	GUD_ALPHA: 0.500000	GUD_MIN: 256	HYB_THRES: 0.950000
[0;36m0th run	init_time: 0.012784552	symb_time: 0.028614492	mgmt_time: 0.002342259	numc_time: 0.061241739	total_time: 0.104983042
[0m
[0;36m1th run	init_time: 0.006315115	symb_time: 0.028448234	mgmt_time: 0.000367646	numc_time: 0.060441812	total_time: 0.095572807
[0m
[0;36m2th run	init_time: 0.006427820	symb_time: 0.028445839	mgmt_time: 0.000361201	numc_time: 0.060825227	total_time: 0.096060087
[0m
[0;36m3th run	init_time: 0.006385204	symb_time: 0.028430189	mgmt_time: 0.000360078	numc_time: 0.060920787	total_time: 0.096096258
[0m
[0;32mdataset: auto	num_trials: 3	thread_num: 64	numa_mask: 6	init_time: 0.006376046	symb_time: 0.028441421	mgmt_time: 0.000362975	numc_time: 0.060729275	total_time: 0.095909717	flop_cnt: 101247158	numc_perf: 1667188640.804133654	perf: 1055650676.647460580
[0mMEMORY_CONSUMPTION: auto	TOTAL_AVG: 233.02	TOTAL_PEAK: 233.02	NUMA0_AVG: 1.04	NUMA0_PEAK: 1.04	NUMA1_AVG: 133.09	NUMA1_PEAK: 133.09	NUMA2_AVG: 93.29	NUMA2_PEAK: 93.29
CONFIGURATION:	USE_HYPERTHREADING	USE_WEIGHTED_INTERLEAVING	MEM_MON	HASH_CONSTANT: 2654435761	THREAD_NUM: 64	AB_HIGH_THREAD_NUM: 22	AB_SIZE: 524288	AB_MIN_NUM: 32768	AB_PRT: 0.850000	AB_DNR	DAHA	DAHA_REAR	DAHA_QUANTILE: 0.990000	DAHA_SYMB_THRES: 5000000	DAHA_NUMC_THRES: 340000	DN_MIN: 256	GUD_ALPHA: 0.500000	GUD_MIN: 256	HYB_THRES: 0.950000
[0;36m0th run	init_time: 0.071763280	symb_time: 0.093735361	mgmt_time: 0.013412591	numc_time: 0.270238380	total_time: 0.449149612
[0m
[0;36m1th run	init_time: 0.069491984	symb_time: 0.093530266	mgmt_time: 0.013285744	numc_time: 0.266304950	total_time: 0.442612944
[0m
[0;36m2th run	init_time: 0.069484400	symb_time: 0.093797285	mgmt_time: 0.013090811	numc_time: 0.266799958	total_time: 0.443172454
[0m
[0;36m3th run	init_time: 0.069246143	symb_time: 0.093632558	mgmt_time: 0.013010050	numc_time: 0.266112675	total_time: 0.442001426
[0m
[0;32mdataset: delaunay_n23	num_trials: 3	thread_num: 64	numa_mask: 6	init_time: 0.069407509	symb_time: 0.093653370	mgmt_time: 0.013128868	numc_time: 0.266405861	total_time: 0.442595608	flop_cnt: 316961668	numc_perf: 1189769875.220575809	perf: 716142822.637318254
[0mMEMORY_CONSUMPTION: delaunay_n23	TOTAL_AVG: 2705.87	TOTAL_PEAK: 3876.73	NUMA0_AVG: 1.14	NUMA0_PEAK: 1.17	NUMA1_AVG: 1327.12	NUMA1_PEAK: 1801.27	NUMA2_AVG: 928.94	NUMA2_PEAK: 1260.77
CONFIGURATION:	USE_HYPERTHREADING	USE_WEIGHTED_INTERLEAVING	MEM_MON	HASH_CONSTANT: 2654435761	THREAD_NUM: 64	AB_HIGH_THREAD_NUM: 22	AB_SIZE: 524288	AB_MIN_NUM: 32768	AB_PRT: 0.850000	AB_DNR	DAHA	DAHA_REAR	DAHA_QUANTILE: 0.990000	DAHA_SYMB_THRES: 5000000	DAHA_NUMC_THRES: 340000	DN_MIN: 256	GUD_ALPHA: 0.500000	GUD_MIN: 256	HYB_THRES: 0.950000
[0;36m0th run	init_time: 0.045992241	symb_time: 0.195461260	mgmt_time: 0.011742488	numc_time: 1.103793195	total_time: 1.356989184
[0m
[0;36m1th run	init_time: 0.028605985	symb_time: 0.195339433	mgmt_time: 0.011695591	numc_time: 1.135525738	total_time: 1.371166747
[0m
[0;36m2th run	init_time: 0.028888010	symb_time: 0.195328096	mgmt_time: 0.011617723	numc_time: 1.123642221	total_time: 1.359476050
[0m
[0;36m3th run	init_time: 0.028766467	symb_time: 0.195207786	mgmt_time: 0.011552835	numc_time: 1.124365879	total_time: 1.359892967
[0m
[0;32mdataset: nv2	num_trials: 3	thread_num: 64	numa_mask: 6	init_time: 0.028753487	symb_time: 0.195291772	mgmt_time: 0.011622050	numc_time: 1.127844613	total_time: 1.363511921	flop_cnt: 1270061806	numc_perf: 1126096442.485172033	perf: 931463660.954316020
[0mMEMORY_CONSUMPTION: nv2	TOTAL_AVG: 3214.72	TOTAL_PEAK: 5367.80	NUMA0_AVG: 1.15	NUMA0_PEAK: 1.16	NUMA1_AVG: 2017.46	NUMA1_PEAK: 3339.16	NUMA2_AVG: 1411.39	NUMA2_PEAK: 2337.32
CONFIGURATION:	USE_HYPERTHREADING	USE_WEIGHTED_INTERLEAVING	MEM_MON	HASH_CONSTANT: 2654435761	THREAD_NUM: 64	AB_HIGH_THREAD_NUM: 22	AB_SIZE: 524288	AB_MIN_NUM: 32768	AB_PRT: 0.850000	AB_DNR	DAHA	DAHA_REAR	DAHA_QUANTILE: 0.990000	DAHA_SYMB_THRES: 5000000	DAHA_NUMC_THRES: 340000	DN_MIN: 256	GUD_ALPHA: 0.500000	GUD_MIN: 256	HYB_THRES: 0.950000
[0;36m0th run	init_time: 0.029247055	symb_time: 0.025271354	mgmt_time: 0.011215611	numc_time: 0.082120429	total_time: 0.147854449
[0m
[0;36m1th run	init_time: 0.022704323	symb_time: 0.025493024	mgmt_time: 0.011417255	numc_time: 0.081051732	total_time: 0.140666334
[0m
[0;36m2th run	init_time: 0.022716526	symb_time: 0.025487728	mgmt_time: 0.011278508	numc_time: 0.081522386	total_time: 0.141005148
[0m
[0;36m3th run	init_time: 0.022697409	symb_time: 0.025737483	mgmt_time: 0.017595865	numc_time: 0.083236050	total_time: 0.149266807
[0m
[0;32mdataset: Freescale1	num_trials: 3	thread_num: 64	numa_mask: 6	init_time: 0.022706086	symb_time: 0.025572745	mgmt_time: 0.013430543	numc_time: 0.081936723	total_time: 0.143646096	flop_cnt: 90325256	numc_perf: 1102378189.660567999	perf: 628804111.671775818
[0mMEMORY_CONSUMPTION: Freescale1	TOTAL_AVG: 625.75	TOTAL_PEAK: 659.26	NUMA0_AVG: 1.12	NUMA0_PEAK: 1.21	NUMA1_AVG: 378.45	NUMA1_PEAK: 403.93	NUMA2_AVG: 265.00	NUMA2_PEAK: 282.61
CONFIGURATION:	USE_HYPERTHREADING	USE_WEIGHTED_INTERLEAVING	MEM_MON	HASH_CONSTANT: 2654435761	THREAD_NUM: 64	AB_HIGH_THREAD_NUM: 22	AB_SIZE: 524288	AB_MIN_NUM: 32768	AB_PRT: 0.850000	AB_DNR	DAHA	DAHA_REAR	DAHA_QUANTILE: 0.990000	DAHA_SYMB_THRES: 5000000	DAHA_NUMC_THRES: 340000	DN_MIN: 256	GUD_ALPHA: 0.500000	GUD_MIN: 256	HYB_THRES: 0.950000
[0;36m0th run	init_time: 0.024081765	symb_time: 0.124545435	mgmt_time: 0.011474187	numc_time: 0.591361038	total_time: 0.751462425
[0m
[0;36m1th run	init_time: 0.013938680	symb_time: 0.124079967	mgmt_time: 0.011412447	numc_time: 0.585668104	total_time: 0.735099198
[0m
[0;36m2th run	init_time: 0.014417603	symb_time: 0.124052509	mgmt_time: 0.011597827	numc_time: 0.585137782	total_time: 0.735205721
[0m
[0;36m3th run	init_time: 0.013882594	symb_time: 0.124072590	mgmt_time: 0.011279428	numc_time: 0.584783523	total_time: 0.734018135
[0m
[0;32mdataset: dgreen	num_trials: 3	thread_num: 64	numa_mask: 6	init_time: 0.014079626	symb_time: 0.124068355	mgmt_time: 0.011429901	numc_time: 0.585196470	total_time: 0.734774351	flop_cnt: 823556881	numc_perf: 1407316899.005056381	perf: 1120829652.675764322
[0mMEMORY_CONSUMPTION: dgreen	TOTAL_AVG: 2051.24	TOTAL_PEAK: 3110.07	NUMA0_AVG: 1.16	NUMA0_PEAK: 1.19	NUMA1_AVG: 1422.46	NUMA1_PEAK: 2130.99	NUMA2_AVG: 995.40	NUMA2_PEAK: 1492.63
CONFIGURATION:	USE_HYPERTHREADING	USE_WEIGHTED_INTERLEAVING	MEM_MON	HASH_CONSTANT: 2654435761	THREAD_NUM: 64	AB_HIGH_THREAD_NUM: 22	AB_SIZE: 524288	AB_MIN_NUM: 32768	AB_PRT: 0.850000	AB_DNR	DAHA	DAHA_REAR	DAHA_QUANTILE: 0.990000	DAHA_SYMB_THRES: 5000000	DAHA_NUMC_THRES: 340000	DN_MIN: 256	GUD_ALPHA: 0.500000	GUD_MIN: 256	HYB_THRES: 0.950000
[0;36m0th run	init_time: 0.020001411	symb_time: 0.121496415	mgmt_time: 0.011124024	numc_time: 0.424410752	total_time: 0.577032602
[0m
[0;36m1th run	init_time: 0.010167778	symb_time: 0.120600700	mgmt_time: 0.010959499	numc_time: 0.435555145	total_time: 0.577283122
[0m
[0;36m2th run	init_time: 0.010433573	symb_time: 0.121699294	mgmt_time: 0.011014751	numc_time: 0.430940147	total_time: 0.574087765
[0m
[0;36m3th run	init_time: 0.010314113	symb_time: 0.121429834	mgmt_time: 0.011087475	numc_time: 0.426991152	total_time: 0.569822574
[0m
[0;32mdataset: gsm_106857	num_trials: 3	thread_num: 64	numa_mask: 6	init_time: 0.010305155	symb_time: 0.121243276	mgmt_time: 0.011020575	numc_time: 0.431162148	total_time: 0.573731154	flop_cnt: 947250936	numc_perf: 2196971465.129633904	perf: 1651036256.173645735
[0mMEMORY_CONSUMPTION: gsm_106857	TOTAL_AVG: 1961.43	TOTAL_PEAK: 2360.41	NUMA0_AVG: 1.15	NUMA0_PEAK: 1.17	NUMA1_AVG: 1166.85	NUMA1_PEAK: 1530.94	NUMA2_AVG: 816.61	NUMA2_PEAK: 1071.33
CONFIGURATION:	USE_HYPERTHREADING	USE_WEIGHTED_INTERLEAVING	MEM_MON	HASH_CONSTANT: 2654435761	THREAD_NUM: 64	AB_HIGH_THREAD_NUM: 22	AB_SIZE: 524288	AB_MIN_NUM: 32768	AB_PRT: 0.850000	AB_DNR	DAHA	DAHA_REAR	DAHA_QUANTILE: 0.990000	DAHA_SYMB_THRES: 5000000	DAHA_NUMC_THRES: 340000	DN_MIN: 256	GUD_ALPHA: 0.500000	GUD_MIN: 256	HYB_THRES: 0.950000
[0;36m0th run	init_time: 0.017378254	symb_time: 0.037056617	mgmt_time: 0.012069172	numc_time: 0.104495163	total_time: 0.170999206
[0m
[0;36m1th run	init_time: 0.008473463	symb_time: 0.036782652	mgmt_time: 0.010846295	numc_time: 0.104170925	total_time: 0.160273335
[0m
[0;36m2th run	init_time: 0.008437648	symb_time: 0.036640405	mgmt_time: 0.010762923	numc_time: 0.116018995	total_time: 0.171859971
[0m
[0;36m3th run	init_time: 0.008485945	symb_time: 0.036843499	mgmt_time: 0.010833715	numc_time: 0.104449206	total_time: 0.160612365
[0m
[0;32mdataset: amazon-2008	num_trials: 3	thread_num: 64	numa_mask: 6	init_time: 0.008465685	symb_time: 0.036755519	mgmt_time: 0.010814311	numc_time: 0.108213042	total_time: 0.164248557	flop_cnt: 218165528	numc_perf: 2016074254.709519625	perf: 1328264503.413567305
[0mMEMORY_CONSUMPTION: amazon-2008	TOTAL_AVG: 754.74	TOTAL_PEAK: 1175.53	NUMA0_AVG: 1.11	NUMA0_PEAK: 1.17	NUMA1_AVG: 491.61	NUMA1_PEAK: 779.77	NUMA2_AVG: 344.07	NUMA2_PEAK: 545.69
CONFIGURATION:	USE_HYPERTHREADING	USE_WEIGHTED_INTERLEAVING	MEM_MON	HASH_CONSTANT: 2654435761	THREAD_NUM: 64	AB_HIGH_THREAD_NUM: 22	AB_SIZE: 524288	AB_MIN_NUM: 32768	AB_PRT: 0.850000	AB_DNR	DAHA	DAHA_REAR	DAHA_QUANTILE: 0.990000	DAHA_SYMB_THRES: 5000000	DAHA_NUMC_THRES: 340000	DN_MIN: 256	GUD_ALPHA: 0.500000	GUD_MIN: 256	HYB_THRES: 0.950000
[0;36m0th run	init_time: 0.014364468	symb_time: 0.085730183	mgmt_time: 0.012281962	numc_time: 1.058479890	total_time: 1.170856503
[0m
[0;36m1th run	init_time: 0.009759689	symb_time: 0.084299790	mgmt_time: 0.012305233	numc_time: 1.044327397	total_time: 1.150692109
[0m
[0;36m2th run	init_time: 0.009688134	symb_time: 0.084369818	mgmt_time: 0.012309693	numc_time: 1.044682503	total_time: 1.151050148
[0m
[0;36m3th run	init_time: 0.009447588	symb_time: 0.086057045	mgmt_time: 0.012282719	numc_time: 1.143085676	total_time: 1.250873028
[0m
[0;32mdataset: webbase-1M	num_trials: 3	thread_num: 64	numa_mask: 6	init_time: 0.009631804	symb_time: 0.084908884	mgmt_time: 0.012299215	numc_time: 1.077365192	total_time: 1.184205095	flop_cnt: 1369780052	numc_perf: 1271416658.131646872	perf: 1156708460.201313257
[0mMEMORY_CONSUMPTION: webbase-1M	TOTAL_AVG: 7075.05	TOTAL_PEAK: 17371.69	NUMA0_AVG: 1.19	NUMA0_PEAK: 1.21	NUMA1_AVG: 3675.40	NUMA1_PEAK: 11665.31	NUMA2_AVG: 2570.88	NUMA2_PEAK: 8164.00
CONFIGURATION:	USE_HYPERTHREADING	USE_WEIGHTED_INTERLEAVING	MEM_MON	HASH_CONSTANT: 2654435761	THREAD_NUM: 64	AB_HIGH_THREAD_NUM: 22	AB_SIZE: 524288	AB_MIN_NUM: 32768	AB_PRT: 0.850000	AB_DNR	DAHA	DAHA_REAR	DAHA_QUANTILE: 0.990000	DAHA_SYMB_THRES: 5000000	DAHA_NUMC_THRES: 340000	DN_MIN: 256	GUD_ALPHA: 0.500000	GUD_MIN: 256	HYB_THRES: 0.950000
[0;36m0th run	init_time: 0.061233903	symb_time: 0.449700242	mgmt_time: 0.019087027	numc_time: 1.992659518	total_time: 2.522680690
[0m
[0;36m1th run	init_time: 0.059162278	symb_time: 0.450772435	mgmt_time: 0.020259219	numc_time: 1.888244978	total_time: 2.418438910
[0m
[0;36m2th run	init_time: 0.062654001	symb_time: 0.456567477	mgmt_time: 0.018985283	numc_time: 2.037169842	total_time: 2.575376603
[0m
[0;36m3th run	init_time: 0.059335721	symb_time: 0.450581075	mgmt_time: 0.018998207	numc_time: 1.886560967	total_time: 2.415475970
[0m
[0;32mdataset: rel9	num_trials: 3	thread_num: 64	numa_mask: 6	init_time: 0.060384000	symb_time: 0.452640329	mgmt_time: 0.019414236	numc_time: 1.937325262	total_time: 2.469763828	flop_cnt: 2099952367	numc_perf: 1083944140.836111784	perf: 850264443.699440837
[0mMEMORY_CONSUMPTION: rel9	TOTAL_AVG: 9740.28	TOTAL_PEAK: 26761.35	NUMA0_AVG: 1.16	NUMA0_PEAK: 1.17	NUMA1_AVG: 5251.26	NUMA1_PEAK: 18581.61	NUMA2_AVG: 3675.97	NUMA2_PEAK: 13007.54
CONFIGURATION:	USE_HYPERTHREADING	USE_WEIGHTED_INTERLEAVING	MEM_MON	HASH_CONSTANT: 2654435761	THREAD_NUM: 64	AB_HIGH_THREAD_NUM: 22	AB_SIZE: 524288	AB_MIN_NUM: 32768	AB_PRT: 0.850000	AB_DNR	DAHA	DAHA_REAR	DAHA_QUANTILE: 0.990000	DAHA_SYMB_THRES: 5000000	DAHA_NUMC_THRES: 340000	DN_MIN: 256	GUD_ALPHA: 0.500000	GUD_MIN: 256	HYB_THRES: 0.950000
[0;36m0th run	init_time: 0.038005917	symb_time: 0.088267262	mgmt_time: 0.013108999	numc_time: 0.261221879	total_time: 0.400604057
[0m
[0;36m1th run	init_time: 0.028072298	symb_time: 0.089013177	mgmt_time: 0.013345946	numc_time: 0.260862246	total_time: 0.391293667
[0m
[0;36m2th run	init_time: 0.028513721	symb_time: 0.087358704	mgmt_time: 0.013168935	numc_time: 0.264722737	total_time: 0.393764097
[0m
[0;36m3th run	init_time: 0.028260033	symb_time: 0.087346079	mgmt_time: 0.012868183	numc_time: 0.261116105	total_time: 0.389590400
[0m
[0;32mdataset: patents	num_trials: 3	thread_num: 64	numa_mask: 6	init_time: 0.028282017	symb_time: 0.087905987	mgmt_time: 0.013127688	numc_time: 0.262233696	total_time: 0.391549388	flop_cnt: 178292053	numc_perf: 679897571.210680842	perf: 455350100.049192250
[0mMEMORY_CONSUMPTION: patents	TOTAL_AVG: 1119.61	TOTAL_PEAK: 2460.28	NUMA0_AVG: 1.17	NUMA0_PEAK: 1.21	NUMA1_AVG: 560.57	NUMA1_PEAK: 917.91	NUMA2_AVG: 392.20	NUMA2_PEAK: 642.41
CONFIGURATION:	USE_HYPERTHREADING	USE_WEIGHTED_INTERLEAVING	MEM_MON	HASH_CONSTANT: 2654435761	THREAD_NUM: 64	AB_HIGH_THREAD_NUM: 22	AB_SIZE: 524288	AB_MIN_NUM: 32768	AB_PRT: 0.850000	AB_DNR	DAHA	DAHA_REAR	DAHA_QUANTILE: 0.990000	DAHA_SYMB_THRES: 5000000	DAHA_NUMC_THRES: 340000	DN_MIN: 256	GUD_ALPHA: 0.500000	GUD_MIN: 256	HYB_THRES: 0.950000
[0;36m0th run	init_time: 0.038758910	symb_time: 0.109039801	mgmt_time: 0.013205665	numc_time: 0.332414148	total_time: 0.493418524
[0m
[0;36m1th run	init_time: 0.029319383	symb_time: 0.108490312	mgmt_time: 0.013211506	numc_time: 0.332530463	total_time: 0.483551664
[0m
[0;36m2th run	init_time: 0.029282001	symb_time: 0.108887673	mgmt_time: 0.013180181	numc_time: 0.357025776	total_time: 0.508375631
[0m
[0;36m3th run	init_time: 0.029494636	symb_time: 0.109078993	mgmt_time: 0.013308329	numc_time: 0.356411380	total_time: 0.508293338
[0m
[0;32mdataset: cit-Patents	num_trials: 3	thread_num: 64	numa_mask: 6	init_time: 0.029365340	symb_time: 0.108818993	mgmt_time: 0.013233339	numc_time: 0.348655873	total_time: 0.500073544	flop_cnt: 239453700	numc_perf: 686790955.045808196	perf: 478836968.508751273
[0mMEMORY_CONSUMPTION: cit-Patents	TOTAL_AVG: 2273.33	TOTAL_PEAK: 3103.36	NUMA0_AVG: 1.15	NUMA0_PEAK: 1.17	NUMA1_AVG: 1248.72	NUMA1_PEAK: 1867.31	NUMA2_AVG: 874.00	NUMA2_PEAK: 1306.92
CONFIGURATION:	USE_HYPERTHREADING	USE_WEIGHTED_INTERLEAVING	MEM_MON	HASH_CONSTANT: 2654435761	THREAD_NUM: 64	AB_HIGH_THREAD_NUM: 22	AB_SIZE: 524288	AB_MIN_NUM: 32768	AB_PRT: 0.850000	AB_DNR	DAHA	DAHA_REAR	DAHA_QUANTILE: 0.990000	DAHA_SYMB_THRES: 5000000	DAHA_NUMC_THRES: 340000	DN_MIN: 256	GUD_ALPHA: 0.500000	GUD_MIN: 256	HYB_THRES: 0.950000
[0;36m0th run	init_time: 0.012368995	symb_time: 0.046072947	mgmt_time: 0.011251925	numc_time: 0.282459742	total_time: 0.352153609
[0m
[0;36m1th run	init_time: 0.005888596	symb_time: 0.050168385	mgmt_time: 0.011136830	numc_time: 0.282345848	total_time: 0.349539659
[0m
[0;36m2th run	init_time: 0.005308954	symb_time: 0.051287895	mgmt_time: 0.011534762	numc_time: 0.285450378	total_time: 0.353581989
[0m
[0;36m3th run	init_time: 0.005287641	symb_time: 0.049781546	mgmt_time: 0.011288581	numc_time: 0.282243419	total_time: 0.348601187
[0m
[0;32mdataset: web-NotreDame	num_trials: 3	thread_num: 64	numa_mask: 6	init_time: 0.005495064	symb_time: 0.050412609	mgmt_time: 0.011320058	numc_time: 0.283346548	total_time: 0.350574278	flop_cnt: 503567738	numc_perf: 1777215007.424741983	perf: 1436408114.120674849
[0mMEMORY_CONSUMPTION: web-NotreDame	TOTAL_AVG: 1488.46	TOTAL_PEAK: 3352.57	NUMA0_AVG: 1.16	NUMA0_PEAK: 1.19	NUMA1_AVG: 579.52	NUMA1_PEAK: 1373.16	NUMA2_AVG: 394.20	NUMA2_PEAK: 946.59
