CONFIGURATION:	USE_HYPERTHREADING	MEM_MON	HASH_CONSTANT: 2654435761	THREAD_NUM: 64	AB_HIGH_THREAD_NUM: 22	AB_SIZE: 524288	AB_MIN_NUM: 32768	AB_PRT: 0.850000	AB_DNR	DAHA	DAHA_REAR	DAHA_QUANTILE: 0.990000	DAHA_SYMB_THRES: 5000000	DAHA_NUMC_THRES: 340000	DN_MIN: 256	GUD_ALPHA: 0.500000	GUD_MIN: 256	HYB_THRES: 0.950000
[0;36m0th run	init_time: 0.011503390	symb_time: 0.014302707	mgmt_time: 0.002108647	numc_time: 0.024176858	total_time: 0.052091602
[0m
[0;36m1th run	init_time: 0.005492277	symb_time: 0.013532640	mgmt_time: 0.000219071	numc_time: 0.023373885	total_time: 0.042617873
[0m
[0;36m2th run	init_time: 0.005558976	symb_time: 0.013558065	mgmt_time: 0.000208046	numc_time: 0.023910471	total_time: 0.043235558
[0m
[0;36m3th run	init_time: 0.005506982	symb_time: 0.014055304	mgmt_time: 0.000239069	numc_time: 0.024128180	total_time: 0.043929535
[0m
[0;32mdataset: ch7-9-b5	num_trials: 3	thread_num: 64	numa_mask: 2	init_time: 0.005519412	symb_time: 0.013715336	mgmt_time: 0.000222062	numc_time: 0.023804179	total_time: 0.043260989	flop_cnt: 20321280	numc_perf: 853685408.959569812	perf: 469736837.421330035
[0mMEMORY_CONSUMPTION: ch7-9-b5	TOTAL_AVG: 104.09	TOTAL_PEAK: 104.09	NUMA0_AVG: 1.04	NUMA0_PEAK: 1.04	NUMA1_AVG: 107.06	NUMA1_PEAK: 107.06	NUMA2_AVG: 2.14	NUMA2_PEAK: 2.14
CONFIGURATION:	USE_HYPERTHREADING	MEM_MON	HASH_CONSTANT: 2654435761	THREAD_NUM: 64	AB_HIGH_THREAD_NUM: 22	AB_SIZE: 524288	AB_MIN_NUM: 32768	AB_PRT: 0.850000	AB_DNR	DAHA	DAHA_REAR	DAHA_QUANTILE: 0.990000	DAHA_SYMB_THRES: 5000000	DAHA_NUMC_THRES: 340000	DN_MIN: 256	GUD_ALPHA: 0.500000	GUD_MIN: 256	HYB_THRES: 0.950000
[0;36m0th run	init_time: 0.038040436	symb_time: 0.078715830	mgmt_time: 0.011896650	numc_time: 0.205300043	total_time: 0.333952959
[0m
[0;36m1th run	init_time: 0.028426950	symb_time: 0.078298202	mgmt_time: 0.011858614	numc_time: 0.209145580	total_time: 0.327729346
[0m
[0;36m2th run	init_time: 0.028454444	symb_time: 0.078352504	mgmt_time: 0.011951487	numc_time: 0.207736600	total_time: 0.326495035
[0m
[0;36m3th run	init_time: 0.028504563	symb_time: 0.078557639	mgmt_time: 0.018891963	numc_time: 0.207921983	total_time: 0.333876148
[0m
[0;32mdataset: 333SP	num_trials: 3	thread_num: 64	numa_mask: 2	init_time: 0.028461986	symb_time: 0.078402782	mgmt_time: 0.014234021	numc_time: 0.208268054	total_time: 0.329366843	flop_cnt: 134781510	numc_perf: 647154026.725010633	perf: 409213959.645597935
[0mMEMORY_CONSUMPTION: 333SP	TOTAL_AVG: 921.99	TOTAL_PEAK: 1191.58	NUMA0_AVG: 1.13	NUMA0_PEAK: 1.17	NUMA1_AVG: 992.66	NUMA1_PEAK: 1344.42	NUMA2_AVG: 2.20	NUMA2_PEAK: 2.23
CONFIGURATION:	USE_HYPERTHREADING	MEM_MON	HASH_CONSTANT: 2654435761	THREAD_NUM: 64	AB_HIGH_THREAD_NUM: 22	AB_SIZE: 524288	AB_MIN_NUM: 32768	AB_PRT: 0.850000	AB_DNR	DAHA	DAHA_REAR	DAHA_QUANTILE: 0.990000	DAHA_SYMB_THRES: 5000000	DAHA_NUMC_THRES: 340000	DN_MIN: 256	GUD_ALPHA: 0.500000	GUD_MIN: 256	HYB_THRES: 0.950000
[0;36m0th run	init_time: 0.018998274	symb_time: 0.159007635	mgmt_time: 0.011949264	numc_time: 0.824366358	total_time: 1.014321531
[0m
[0;36m1th run	init_time: 0.012499070	symb_time: 0.158336293	mgmt_time: 0.011775382	numc_time: 0.814732131	total_time: 0.997342876
[0m
[0;36m2th run	init_time: 0.012492286	symb_time: 0.161990947	mgmt_time: 0.015397750	numc_time: 0.845579419	total_time: 1.035460402
[0m
[0;36m3th run	init_time: 0.012773098	symb_time: 0.158087288	mgmt_time: 0.011763672	numc_time: 0.815237551	total_time: 0.997861609
[0m
[0;32mdataset: GL7d16	num_trials: 3	thread_num: 64	numa_mask: 2	init_time: 0.012588151	symb_time: 0.159471509	mgmt_time: 0.012978935	numc_time: 0.825183034	total_time: 1.010221629	flop_cnt: 515644137	numc_perf: 624884560.106327653	perf: 510426744.189219832
[0mMEMORY_CONSUMPTION: GL7d16	TOTAL_AVG: 2230.05	TOTAL_PEAK: 5541.39	NUMA0_AVG: 1.14	NUMA0_PEAK: 1.16	NUMA1_AVG: 3966.93	NUMA1_PEAK: 7991.32	NUMA2_AVG: 2.22	NUMA2_PEAK: 2.23
CONFIGURATION:	USE_HYPERTHREADING	MEM_MON	HASH_CONSTANT: 2654435761	THREAD_NUM: 64	AB_HIGH_THREAD_NUM: 22	AB_SIZE: 524288	AB_MIN_NUM: 32768	AB_PRT: 0.850000	AB_DNR	DAHA	DAHA_REAR	DAHA_QUANTILE: 0.990000	DAHA_SYMB_THRES: 5000000	DAHA_NUMC_THRES: 340000	DN_MIN: 256	GUD_ALPHA: 0.500000	GUD_MIN: 256	HYB_THRES: 0.950000
[0;36m0th run	init_time: 0.012549250	symb_time: 0.029149775	mgmt_time: 0.000402256	numc_time: 0.082920699	total_time: 0.125021980
[0m
[0;36m1th run	init_time: 0.006741321	symb_time: 0.028310213	mgmt_time: 0.000386624	numc_time: 0.081974637	total_time: 0.117412795
[0m
[0;36m2th run	init_time: 0.006734949	symb_time: 0.028336532	mgmt_time: 0.000394837	numc_time: 0.081964902	total_time: 0.117431220
[0m
[0;36m3th run	init_time: 0.006625085	symb_time: 0.028380132	mgmt_time: 0.000392564	numc_time: 0.082078001	total_time: 0.117475782
[0m
[0;32mdataset: auto	num_trials: 3	thread_num: 64	numa_mask: 2	init_time: 0.006700452	symb_time: 0.028342292	mgmt_time: 0.000391342	numc_time: 0.082005847	total_time: 0.117439932	flop_cnt: 101247158	numc_perf: 1234633408.658585787	perf: 862118667.717102408
[0mMEMORY_CONSUMPTION: auto	TOTAL_AVG: 236.61	TOTAL_PEAK: 236.61	NUMA0_AVG: 1.06	NUMA0_PEAK: 1.06	NUMA1_AVG: 230.52	NUMA1_PEAK: 230.52	NUMA2_AVG: 2.14	NUMA2_PEAK: 2.14
CONFIGURATION:	USE_HYPERTHREADING	MEM_MON	HASH_CONSTANT: 2654435761	THREAD_NUM: 64	AB_HIGH_THREAD_NUM: 22	AB_SIZE: 524288	AB_MIN_NUM: 32768	AB_PRT: 0.850000	AB_DNR	DAHA	DAHA_REAR	DAHA_QUANTILE: 0.990000	DAHA_SYMB_THRES: 5000000	DAHA_NUMC_THRES: 340000	DN_MIN: 256	GUD_ALPHA: 0.500000	GUD_MIN: 256	HYB_THRES: 0.950000
[0;36m0th run	init_time: 0.080673199	symb_time: 0.109911958	mgmt_time: 0.014885783	numc_time: 0.333819945	total_time: 0.539290885
[0m
[0;36m1th run	init_time: 0.079160598	symb_time: 0.109406444	mgmt_time: 0.014800695	numc_time: 0.358462287	total_time: 0.561830024
[0m
[0;36m2th run	init_time: 0.079856874	symb_time: 0.109955459	mgmt_time: 0.014468469	numc_time: 0.357750161	total_time: 0.562030963
[0m
[0;36m3th run	init_time: 0.079100285	symb_time: 0.109605568	mgmt_time: 0.014525769	numc_time: 0.355508706	total_time: 0.558740328
[0m
[0;32mdataset: delaunay_n23	num_trials: 3	thread_num: 64	numa_mask: 2	init_time: 0.079372586	symb_time: 0.109655824	mgmt_time: 0.014598311	numc_time: 0.357240385	total_time: 0.560867105	flop_cnt: 316961668	numc_perf: 887250382.668102026	perf: 565127933.470086455
[0mMEMORY_CONSUMPTION: delaunay_n23	TOTAL_AVG: 3449.29	TOTAL_PEAK: 4078.70	NUMA0_AVG: 1.14	NUMA0_PEAK: 1.16	NUMA1_AVG: 3621.52	NUMA1_PEAK: 4545.77	NUMA2_AVG: 2.21	NUMA2_PEAK: 2.23
CONFIGURATION:	USE_HYPERTHREADING	MEM_MON	HASH_CONSTANT: 2654435761	THREAD_NUM: 64	AB_HIGH_THREAD_NUM: 22	AB_SIZE: 524288	AB_MIN_NUM: 32768	AB_PRT: 0.850000	AB_DNR	DAHA	DAHA_REAR	DAHA_QUANTILE: 0.990000	DAHA_SYMB_THRES: 5000000	DAHA_NUMC_THRES: 340000	DN_MIN: 256	GUD_ALPHA: 0.500000	GUD_MIN: 256	HYB_THRES: 0.950000
[0;36m0th run	init_time: 0.050139699	symb_time: 0.193502653	mgmt_time: 0.011859721	numc_time: 1.469589677	total_time: 1.725091750
[0m
[0;36m1th run	init_time: 0.032424443	symb_time: 0.195796517	mgmt_time: 0.011624552	numc_time: 1.457410915	total_time: 1.697256427
[0m
[0;36m2th run	init_time: 0.032628025	symb_time: 0.194447748	mgmt_time: 0.011722416	numc_time: 1.456775481	total_time: 1.695573670
[0m
[0;36m3th run	init_time: 0.032120494	symb_time: 0.193155787	mgmt_time: 0.011590075	numc_time: 1.459086317	total_time: 1.695952673
[0m
[0;32mdataset: nv2	num_trials: 3	thread_num: 64	numa_mask: 2	init_time: 0.032390987	symb_time: 0.194466684	mgmt_time: 0.011645681	numc_time: 1.457757571	total_time: 1.696260923	flop_cnt: 1270061806	numc_perf: 871243498.415690899	perf: 748742005.742956877
[0mMEMORY_CONSUMPTION: nv2	TOTAL_AVG: 3055.59	TOTAL_PEAK: 5135.77	NUMA0_AVG: 1.15	NUMA0_PEAK: 1.16	NUMA1_AVG: 3470.09	NUMA1_PEAK: 5628.39	NUMA2_AVG: 2.22	NUMA2_PEAK: 2.23
CONFIGURATION:	USE_HYPERTHREADING	MEM_MON	HASH_CONSTANT: 2654435761	THREAD_NUM: 64	AB_HIGH_THREAD_NUM: 22	AB_SIZE: 524288	AB_MIN_NUM: 32768	AB_PRT: 0.850000	AB_DNR	DAHA	DAHA_REAR	DAHA_QUANTILE: 0.990000	DAHA_SYMB_THRES: 5000000	DAHA_NUMC_THRES: 340000	DN_MIN: 256	GUD_ALPHA: 0.500000	GUD_MIN: 256	HYB_THRES: 0.950000
[0;36m0th run	init_time: 0.035159242	symb_time: 0.033538664	mgmt_time: 0.011614940	numc_time: 0.094280811	total_time: 0.174593657
[0m
[0;36m1th run	init_time: 0.024974079	symb_time: 0.033662131	mgmt_time: 0.011779935	numc_time: 0.094588868	total_time: 0.165005013
[0m
[0;36m2th run	init_time: 0.024947174	symb_time: 0.032792605	mgmt_time: 0.011619109	numc_time: 0.094557537	total_time: 0.163916425
[0m
[0;36m3th run	init_time: 0.024796137	symb_time: 0.032923413	mgmt_time: 0.011812479	numc_time: 0.095921533	total_time: 0.165453562
[0m
[0;32mdataset: Freescale1	num_trials: 3	thread_num: 64	numa_mask: 2	init_time: 0.024905797	symb_time: 0.033126050	mgmt_time: 0.011737174	numc_time: 0.095022646	total_time: 0.164791667	flop_cnt: 90325256	numc_perf: 950565573.600213170	perf: 548117861.946902633
[0mMEMORY_CONSUMPTION: Freescale1	TOTAL_AVG: 764.31	TOTAL_PEAK: 934.62	NUMA0_AVG: 1.11	NUMA0_PEAK: 1.17	NUMA1_AVG: 748.14	NUMA1_PEAK: 897.98	NUMA2_AVG: 2.19	NUMA2_PEAK: 2.23
CONFIGURATION:	USE_HYPERTHREADING	MEM_MON	HASH_CONSTANT: 2654435761	THREAD_NUM: 64	AB_HIGH_THREAD_NUM: 22	AB_SIZE: 524288	AB_MIN_NUM: 32768	AB_PRT: 0.850000	AB_DNR	DAHA	DAHA_REAR	DAHA_QUANTILE: 0.990000	DAHA_SYMB_THRES: 5000000	DAHA_NUMC_THRES: 340000	DN_MIN: 256	GUD_ALPHA: 0.500000	GUD_MIN: 256	HYB_THRES: 0.950000
[0;36m0th run	init_time: 0.025573324	symb_time: 0.123849348	mgmt_time: 0.011418730	numc_time: 0.803439931	total_time: 0.964281333
[0m
[0;36m1th run	init_time: 0.016653008	symb_time: 0.123303309	mgmt_time: 0.011316631	numc_time: 0.805340549	total_time: 0.956613497
[0m
[0;36m2th run	init_time: 0.016650571	symb_time: 0.123516502	mgmt_time: 0.011250111	numc_time: 0.804698383	total_time: 0.956115567
[0m
[0;36m3th run	init_time: 0.016627911	symb_time: 0.124318478	mgmt_time: 0.011504736	numc_time: 0.810219435	total_time: 0.962670560
[0m
[0;32mdataset: dgreen	num_trials: 3	thread_num: 64	numa_mask: 2	init_time: 0.016643830	symb_time: 0.123712763	mgmt_time: 0.011357159	numc_time: 0.806752789	total_time: 0.958466541	flop_cnt: 823556881	numc_perf: 1020829295.205572724	perf: 859244267.258762121
[0mMEMORY_CONSUMPTION: dgreen	TOTAL_AVG: 1752.72	TOTAL_PEAK: 2886.47	NUMA0_AVG: 1.18	NUMA0_PEAK: 1.21	NUMA1_AVG: 2081.80	NUMA1_PEAK: 3446.26	NUMA2_AVG: 2.22	NUMA2_PEAK: 2.24
CONFIGURATION:	USE_HYPERTHREADING	MEM_MON	HASH_CONSTANT: 2654435761	THREAD_NUM: 64	AB_HIGH_THREAD_NUM: 22	AB_SIZE: 524288	AB_MIN_NUM: 32768	AB_PRT: 0.850000	AB_DNR	DAHA	DAHA_REAR	DAHA_QUANTILE: 0.990000	DAHA_SYMB_THRES: 5000000	DAHA_NUMC_THRES: 340000	DN_MIN: 256	GUD_ALPHA: 0.500000	GUD_MIN: 256	HYB_THRES: 0.950000
[0;36m0th run	init_time: 0.018854342	symb_time: 0.155944258	mgmt_time: 0.011052744	numc_time: 0.576807457	total_time: 0.762658801
[0m
[0;36m1th run	init_time: 0.012286926	symb_time: 0.152862916	mgmt_time: 0.010883628	numc_time: 0.568321216	total_time: 0.744354686
[0m
[0;36m2th run	init_time: 0.012361127	symb_time: 0.153278746	mgmt_time: 0.011111455	numc_time: 0.568167785	total_time: 0.744919113
[0m
[0;36m3th run	init_time: 0.012296208	symb_time: 0.153190730	mgmt_time: 0.011034780	numc_time: 0.567934700	total_time: 0.744456418
[0m
[0;32mdataset: gsm_106857	num_trials: 3	thread_num: 64	numa_mask: 2	init_time: 0.012314754	symb_time: 0.153110797	mgmt_time: 0.011009954	numc_time: 0.568141234	total_time: 0.744576739	flop_cnt: 947250936	numc_perf: 1667280739.133537769	perf: 1272200548.827513456
[0mMEMORY_CONSUMPTION: gsm_106857	TOTAL_AVG: 1706.66	TOTAL_PEAK: 2411.32	NUMA0_AVG: 1.14	NUMA0_PEAK: 1.16	NUMA1_AVG: 1952.01	NUMA1_PEAK: 2653.79	NUMA2_AVG: 2.21	NUMA2_PEAK: 2.23
CONFIGURATION:	USE_HYPERTHREADING	MEM_MON	HASH_CONSTANT: 2654435761	THREAD_NUM: 64	AB_HIGH_THREAD_NUM: 22	AB_SIZE: 524288	AB_MIN_NUM: 32768	AB_PRT: 0.850000	AB_DNR	DAHA	DAHA_REAR	DAHA_QUANTILE: 0.990000	DAHA_SYMB_THRES: 5000000	DAHA_NUMC_THRES: 340000	DN_MIN: 256	GUD_ALPHA: 0.500000	GUD_MIN: 256	HYB_THRES: 0.950000
[0;36m0th run	init_time: 0.016814435	symb_time: 0.037004663	mgmt_time: 0.012357646	numc_time: 0.122434513	total_time: 0.188611257
[0m
[0;36m1th run	init_time: 0.009339356	symb_time: 0.036748274	mgmt_time: 0.010821343	numc_time: 0.123531566	total_time: 0.180440539
[0m
[0;36m2th run	init_time: 0.009378025	symb_time: 0.036744182	mgmt_time: 0.010835387	numc_time: 0.129486648	total_time: 0.186444242
[0m
[0;36m3th run	init_time: 0.009210795	symb_time: 0.036819182	mgmt_time: 0.010752822	numc_time: 0.124819538	total_time: 0.181602337
[0m
[0;32mdataset: amazon-2008	num_trials: 3	thread_num: 64	numa_mask: 2	init_time: 0.009309392	symb_time: 0.036770546	mgmt_time: 0.010803184	numc_time: 0.125945917	total_time: 0.182829039	flop_cnt: 218165528	numc_perf: 1732215959.192981720	perf: 1193276127.225289106
[0mMEMORY_CONSUMPTION: amazon-2008	TOTAL_AVG: 589.42	TOTAL_PEAK: 844.13	NUMA0_AVG: 1.12	NUMA0_PEAK: 1.19	NUMA1_AVG: 775.87	NUMA1_PEAK: 1208.08	NUMA2_AVG: 2.19	NUMA2_PEAK: 2.23
CONFIGURATION:	USE_HYPERTHREADING	MEM_MON	HASH_CONSTANT: 2654435761	THREAD_NUM: 64	AB_HIGH_THREAD_NUM: 22	AB_SIZE: 524288	AB_MIN_NUM: 32768	AB_PRT: 0.850000	AB_DNR	DAHA	DAHA_REAR	DAHA_QUANTILE: 0.990000	DAHA_SYMB_THRES: 5000000	DAHA_NUMC_THRES: 340000	DN_MIN: 256	GUD_ALPHA: 0.500000	GUD_MIN: 256	HYB_THRES: 0.950000
[0;36m0th run	init_time: 0.013615797	symb_time: 0.085147858	mgmt_time: 0.012450033	numc_time: 1.185394968	total_time: 1.296608656
[0m
[0;36m1th run	init_time: 0.009784818	symb_time: 0.086024548	mgmt_time: 0.012247026	numc_time: 1.160952631	total_time: 1.269009023
[0m
[0;36m2th run	init_time: 0.009738534	symb_time: 0.085050495	mgmt_time: 0.012175252	numc_time: 1.156664231	total_time: 1.263628512
[0m
[0;36m3th run	init_time: 0.009667054	symb_time: 0.083790273	mgmt_time: 0.012206494	numc_time: 1.153617502	total_time: 1.259281323
[0m
[0;32mdataset: webbase-1M	num_trials: 3	thread_num: 64	numa_mask: 2	init_time: 0.009730135	symb_time: 0.084955105	mgmt_time: 0.012209591	numc_time: 1.157078121	total_time: 1.263972953	flop_cnt: 1369780052	numc_perf: 1183826767.393686771	perf: 1083709939.449342728
[0mMEMORY_CONSUMPTION: webbase-1M	TOTAL_AVG: 6146.65	TOTAL_PEAK: 20030.79	NUMA0_AVG: 1.16	NUMA0_PEAK: 1.17	NUMA1_AVG: 5227.27	NUMA1_PEAK: 15483.56	NUMA2_AVG: 2.22	NUMA2_PEAK: 2.23
MEMORY_CONSUMPTION: rel9	TOTAL_AVG: 5446.61	TOTAL_PEAK: 14426.27	NUMA0_AVG: 0.74	NUMA0_PEAK: 1.19	NUMA1_AVG: 896.13	NUMA1_PEAK: 1864.59	NUMA2_AVG: 1.46	NUMA2_PEAK: 2.23
CONFIGURATION:	USE_HYPERTHREADING	MEM_MON	HASH_CONSTANT: 2654435761	THREAD_NUM: 64	AB_HIGH_THREAD_NUM: 22	AB_SIZE: 524288	AB_MIN_NUM: 32768	AB_PRT: 0.850000	AB_DNR	DAHA	DAHA_REAR	DAHA_QUANTILE: 0.990000	DAHA_SYMB_THRES: 5000000	DAHA_NUMC_THRES: 340000	DN_MIN: 256	GUD_ALPHA: 0.500000	GUD_MIN: 256	HYB_THRES: 0.950000
[0;36m0th run	init_time: 0.037103557	symb_time: 0.100881822	mgmt_time: 0.013100858	numc_time: 0.368678683	total_time: 0.519764920
[0m
[0;36m1th run	init_time: 0.029500183	symb_time: 0.100625811	mgmt_time: 0.013138835	numc_time: 0.392364237	total_time: 0.535629066
[0m
[0;36m2th run	init_time: 0.029557669	symb_time: 0.101149075	mgmt_time: 0.013029292	numc_time: 0.393201098	total_time: 0.536937134
[0m
[0;36m3th run	init_time: 0.029619564	symb_time: 0.101393117	mgmt_time: 0.012891761	numc_time: 0.395236954	total_time: 0.539141396
[0m
[0;32mdataset: patents	num_trials: 3	thread_num: 64	numa_mask: 2	init_time: 0.029559139	symb_time: 0.101056001	mgmt_time: 0.013019963	numc_time: 0.393600763	total_time: 0.537235865	flop_cnt: 178292053	numc_perf: 452976898.827810407	perf: 331869230.080863893
[0mMEMORY_CONSUMPTION: patents	TOTAL_AVG: 1912.16	TOTAL_PEAK: 2488.97	NUMA0_AVG: 1.18	NUMA0_PEAK: 1.21	NUMA1_AVG: 1991.93	NUMA1_PEAK: 2621.86	NUMA2_AVG: 3.83	NUMA2_PEAK: 3.85
CONFIGURATION:	USE_HYPERTHREADING	MEM_MON	HASH_CONSTANT: 2654435761	THREAD_NUM: 64	AB_HIGH_THREAD_NUM: 22	AB_SIZE: 524288	AB_MIN_NUM: 32768	AB_PRT: 0.850000	AB_DNR	DAHA	DAHA_REAR	DAHA_QUANTILE: 0.990000	DAHA_SYMB_THRES: 5000000	DAHA_NUMC_THRES: 340000	DN_MIN: 256	GUD_ALPHA: 0.500000	GUD_MIN: 256	HYB_THRES: 0.950000
[0;36m0th run	init_time: 0.035731084	symb_time: 0.135512895	mgmt_time: 0.013021877	numc_time: 0.480036645	total_time: 0.664302501
[0m
[0;36m1th run	init_time: 0.030611763	symb_time: 0.136240392	mgmt_time: 0.013112209	numc_time: 0.473196399	total_time: 0.653160763
[0m
[0;36m2th run	init_time: 0.030845410	symb_time: 0.136448084	mgmt_time: 0.013196985	numc_time: 0.476511160	total_time: 0.657001639
[0m
[0;36m3th run	init_time: 0.030528580	symb_time: 0.137191331	mgmt_time: 0.013126561	numc_time: 0.476170416	total_time: 0.657016888
[0m
[0;32mdataset: cit-Patents	num_trials: 3	thread_num: 64	numa_mask: 2	init_time: 0.030661918	symb_time: 0.136626602	mgmt_time: 0.013145252	numc_time: 0.475292658	total_time: 0.655726430	flop_cnt: 239453700	numc_perf: 503802648.329707086	perf: 365173171.378802001
[0mMEMORY_CONSUMPTION: cit-Patents	TOTAL_AVG: 1875.70	TOTAL_PEAK: 2669.21	NUMA0_AVG: 1.14	NUMA0_PEAK: 1.17	NUMA1_AVG: 2499.69	NUMA1_PEAK: 3180.29	NUMA2_AVG: 3.72	NUMA2_PEAK: 3.74
CONFIGURATION:	USE_HYPERTHREADING	MEM_MON	HASH_CONSTANT: 2654435761	THREAD_NUM: 64	AB_HIGH_THREAD_NUM: 22	AB_SIZE: 524288	AB_MIN_NUM: 32768	AB_PRT: 0.850000	AB_DNR	DAHA	DAHA_REAR	DAHA_QUANTILE: 0.990000	DAHA_SYMB_THRES: 5000000	DAHA_NUMC_THRES: 340000	DN_MIN: 256	GUD_ALPHA: 0.500000	GUD_MIN: 256	HYB_THRES: 0.950000
[0;36m0th run	init_time: 0.013522660	symb_time: 0.049810926	mgmt_time: 0.011164148	numc_time: 0.282503608	total_time: 0.357001342
[0m
[0;36m1th run	init_time: 0.005493636	symb_time: 0.048989708	mgmt_time: 0.012356702	numc_time: 0.286689073	total_time: 0.353529119
[0m
[0;36m2th run	init_time: 0.005483346	symb_time: 0.046636926	mgmt_time: 0.014345062	numc_time: 0.287688031	total_time: 0.354153365
[0m
[0;36m3th run	init_time: 0.005508003	symb_time: 0.047926661	mgmt_time: 0.014684388	numc_time: 0.286301306	total_time: 0.354420358
[0m
[0;32mdataset: web-NotreDame	num_trials: 3	thread_num: 64	numa_mask: 2	init_time: 0.005494995	symb_time: 0.047851098	mgmt_time: 0.013795384	numc_time: 0.286892803	total_time: 0.354034281	flop_cnt: 503567738	numc_perf: 1755247019.615607738	perf: 1422369994.938776255
[0mMEMORY_CONSUMPTION: web-NotreDame	TOTAL_AVG: 72.79	TOTAL_PEAK: 78.74	NUMA0_AVG: 1.14	NUMA0_PEAK: 1.17	NUMA1_AVG: 92.57	NUMA1_PEAK: 98.98	NUMA2_AVG: 3.74	NUMA2_PEAK: 3.76
