CONFIGURATION:	USE_HYPERTHREADING	MEM_MON	HASH_CONSTANT: 2654435761	THREAD_NUM: 64	AB_HIGH_THREAD_NUM: 16	AB_SIZE: 524288	AB_MIN_NUM: 32768	AB_PRT: 0.900000	AB_DNR	DAHA	DAHA_REAR	DAHA_QUANTILE: 0.990000	DAHA_SYMB_THRES: 6000000	DAHA_NUMC_THRES: 800000	DN_MIN: 256	GUD_ALPHA: 0.500000	GUD_MIN: 256	HYB_THRES: 0.950000
[0;36m0th run	init_time: 0.011322208	symb_time: 0.014700415	mgmt_time: 0.002277582	numc_time: 0.018440794	total_time: 0.046740999
[0m
[0;36m1th run	init_time: 0.005590986	symb_time: 0.013483358	mgmt_time: 0.000214972	numc_time: 0.019220103	total_time: 0.038509419
[0m
[0;36m2th run	init_time: 0.005525343	symb_time: 0.013434483	mgmt_time: 0.000205491	numc_time: 0.020216055	total_time: 0.039381372
[0m
[0;36m3th run	init_time: 0.005554728	symb_time: 0.013636289	mgmt_time: 0.000211420	numc_time: 0.021119600	total_time: 0.040522037
[0m
[0;32mdataset: ch7-9-b5	num_trials: 3	thread_num: 64	numa_mask: 2	init_time: 0.005557019	symb_time: 0.013518043	mgmt_time: 0.000210628	numc_time: 0.020185253	total_time: 0.039470943	flop_cnt: 20321280	numc_perf: 1006738946.278238297	perf: 514841517.001857221
[0mMEMORY_CONSUMPTION: ch7-9-b5	TOTAL_AVG: 102.43	TOTAL_PEAK: 102.43	NUMA0_AVG: 1.02	NUMA0_PEAK: 1.02	NUMA1_AVG: 107.51	NUMA1_PEAK: 107.51	NUMA2_AVG: 2.15	NUMA2_PEAK: 2.15
CONFIGURATION:	USE_HYPERTHREADING	MEM_MON	HASH_CONSTANT: 2654435761	THREAD_NUM: 64	AB_HIGH_THREAD_NUM: 16	AB_SIZE: 524288	AB_MIN_NUM: 32768	AB_PRT: 0.900000	AB_DNR	DAHA	DAHA_REAR	DAHA_QUANTILE: 0.990000	DAHA_SYMB_THRES: 6000000	DAHA_NUMC_THRES: 800000	DN_MIN: 256	GUD_ALPHA: 0.500000	GUD_MIN: 256	HYB_THRES: 0.950000
[0;36m0th run	init_time: 0.033563668	symb_time: 0.080013588	mgmt_time: 0.012014647	numc_time: 0.217564786	total_time: 0.343156689
[0m
[0;36m1th run	init_time: 0.028424380	symb_time: 0.078502697	mgmt_time: 0.011960970	numc_time: 0.225712120	total_time: 0.344600167
[0m
[0;36m2th run	init_time: 0.028286603	symb_time: 0.078535413	mgmt_time: 0.011838372	numc_time: 0.219324636	total_time: 0.337985024
[0m
[0;36m3th run	init_time: 0.028476849	symb_time: 0.085269337	mgmt_time: 0.014595246	numc_time: 0.219812451	total_time: 0.348153883
[0m
[0;32mdataset: 333SP	num_trials: 3	thread_num: 64	numa_mask: 2	init_time: 0.028395944	symb_time: 0.080769149	mgmt_time: 0.012798196	numc_time: 0.221616402	total_time: 0.343579691	flop_cnt: 134781510	numc_perf: 608174794.739583611	perf: 392286020.972170889
[0mMEMORY_CONSUMPTION: 333SP	TOTAL_AVG: 931.08	TOTAL_PEAK: 1220.36	NUMA0_AVG: 1.11	NUMA0_PEAK: 1.15	NUMA1_AVG: 1002.52	NUMA1_PEAK: 1373.08	NUMA2_AVG: 2.20	NUMA2_PEAK: 2.23
CONFIGURATION:	USE_HYPERTHREADING	MEM_MON	HASH_CONSTANT: 2654435761	THREAD_NUM: 64	AB_HIGH_THREAD_NUM: 16	AB_SIZE: 524288	AB_MIN_NUM: 32768	AB_PRT: 0.900000	AB_DNR	DAHA	DAHA_REAR	DAHA_QUANTILE: 0.990000	DAHA_SYMB_THRES: 6000000	DAHA_NUMC_THRES: 800000	DN_MIN: 256	GUD_ALPHA: 0.500000	GUD_MIN: 256	HYB_THRES: 0.950000
[0;36m0th run	init_time: 0.020194828	symb_time: 0.159099373	mgmt_time: 0.012281515	numc_time: 0.924031522	total_time: 1.115607238
[0m
[0;36m1th run	init_time: 0.012882255	symb_time: 0.158589699	mgmt_time: 0.012204004	numc_time: 0.913066320	total_time: 1.096742278
[0m
[0;36m2th run	init_time: 0.012688989	symb_time: 0.160650297	mgmt_time: 0.011939685	numc_time: 0.935571189	total_time: 1.120850160
[0m
[0;36m3th run	init_time: 0.012583626	symb_time: 0.158288397	mgmt_time: 0.012003749	numc_time: 0.912702350	total_time: 1.095578122
[0m
[0;32mdataset: GL7d16	num_trials: 3	thread_num: 64	numa_mask: 2	init_time: 0.012718290	symb_time: 0.159176131	mgmt_time: 0.012049146	numc_time: 0.920446620	total_time: 1.104390187	flop_cnt: 515644137	numc_perf: 560210799.825346708	perf: 466903946.834538996
[0mMEMORY_CONSUMPTION: GL7d16	TOTAL_AVG: 1801.05	TOTAL_PEAK: 4389.64	NUMA0_AVG: 1.15	NUMA0_PEAK: 1.18	NUMA1_AVG: 3161.72	NUMA1_PEAK: 7299.55	NUMA2_AVG: 2.23	NUMA2_PEAK: 2.25
CONFIGURATION:	USE_HYPERTHREADING	MEM_MON	HASH_CONSTANT: 2654435761	THREAD_NUM: 64	AB_HIGH_THREAD_NUM: 16	AB_SIZE: 524288	AB_MIN_NUM: 32768	AB_PRT: 0.900000	AB_DNR	DAHA	DAHA_REAR	DAHA_QUANTILE: 0.990000	DAHA_SYMB_THRES: 6000000	DAHA_NUMC_THRES: 800000	DN_MIN: 256	GUD_ALPHA: 0.500000	GUD_MIN: 256	HYB_THRES: 0.950000
[0;36m0th run	init_time: 0.012944952	symb_time: 0.028350025	mgmt_time: 0.000402753	numc_time: 0.087160955	total_time: 0.128858685
[0m
[0;36m1th run	init_time: 0.006836885	symb_time: 0.028375370	mgmt_time: 0.000404239	numc_time: 0.086751220	total_time: 0.122367714
[0m
[0;36m2th run	init_time: 0.006926383	symb_time: 0.028465669	mgmt_time: 0.000396489	numc_time: 0.087135095	total_time: 0.122923636
[0m
[0;36m3th run	init_time: 0.006894974	symb_time: 0.028470892	mgmt_time: 0.000394796	numc_time: 0.086380767	total_time: 0.122141429
[0m
[0;32mdataset: auto	num_trials: 3	thread_num: 64	numa_mask: 2	init_time: 0.006886081	symb_time: 0.028437310	mgmt_time: 0.000398508	numc_time: 0.086755694	total_time: 0.122477593	flop_cnt: 101247158	numc_perf: 1167037612.539875507	perf: 826658619.915889502
[0mMEMORY_CONSUMPTION: auto	TOTAL_AVG: 234.28	TOTAL_PEAK: 234.28	NUMA0_AVG: 1.00	NUMA0_PEAK: 1.00	NUMA1_AVG: 232.05	NUMA1_PEAK: 232.05	NUMA2_AVG: 2.15	NUMA2_PEAK: 2.15
CONFIGURATION:	USE_HYPERTHREADING	MEM_MON	HASH_CONSTANT: 2654435761	THREAD_NUM: 64	AB_HIGH_THREAD_NUM: 16	AB_SIZE: 524288	AB_MIN_NUM: 32768	AB_PRT: 0.900000	AB_DNR	DAHA	DAHA_REAR	DAHA_QUANTILE: 0.990000	DAHA_SYMB_THRES: 6000000	DAHA_NUMC_THRES: 800000	DN_MIN: 256	GUD_ALPHA: 0.500000	GUD_MIN: 256	HYB_THRES: 0.950000
[0;36m0th run	init_time: 0.080341969	symb_time: 0.109510136	mgmt_time: 0.014486051	numc_time: 0.289833729	total_time: 0.494171885
[0m
[0;36m1th run	init_time: 0.077889399	symb_time: 0.109529679	mgmt_time: 0.014486481	numc_time: 0.294086477	total_time: 0.495992036
[0m
[0;36m2th run	init_time: 0.078076861	symb_time: 0.111394925	mgmt_time: 0.014701222	numc_time: 0.320488108	total_time: 0.524661116
[0m
[0;36m3th run	init_time: 0.078882426	symb_time: 0.111215122	mgmt_time: 0.014447133	numc_time: 0.316843011	total_time: 0.521387692
[0m
[0;32mdataset: delaunay_n23	num_trials: 3	thread_num: 64	numa_mask: 2	init_time: 0.078282895	symb_time: 0.110713242	mgmt_time: 0.014544945	numc_time: 0.310472532	total_time: 0.514013615	flop_cnt: 316961668	numc_perf: 1020900837.694717646	perf: 616640608.256158590
[0mMEMORY_CONSUMPTION: delaunay_n23	TOTAL_AVG: 3414.00	TOTAL_PEAK: 4395.39	NUMA0_AVG: 1.12	NUMA0_PEAK: 1.15	NUMA1_AVG: 3128.92	NUMA1_PEAK: 4593.45	NUMA2_AVG: 2.21	NUMA2_PEAK: 2.23
CONFIGURATION:	USE_HYPERTHREADING	MEM_MON	HASH_CONSTANT: 2654435761	THREAD_NUM: 64	AB_HIGH_THREAD_NUM: 16	AB_SIZE: 524288	AB_MIN_NUM: 32768	AB_PRT: 0.900000	AB_DNR	DAHA	DAHA_REAR	DAHA_QUANTILE: 0.990000	DAHA_SYMB_THRES: 6000000	DAHA_NUMC_THRES: 800000	DN_MIN: 256	GUD_ALPHA: 0.500000	GUD_MIN: 256	HYB_THRES: 0.950000
[0;36m0th run	init_time: 0.048176064	symb_time: 0.193102265	mgmt_time: 0.011652750	numc_time: 1.537016964	total_time: 1.789948043
[0m
[0;36m1th run	init_time: 0.032554595	symb_time: 0.195369819	mgmt_time: 0.011628007	numc_time: 1.522955671	total_time: 1.762508092
[0m
[0;36m2th run	init_time: 0.032282199	symb_time: 0.193172235	mgmt_time: 0.011774089	numc_time: 1.522606885	total_time: 1.759835408
[0m
[0;36m3th run	init_time: 0.032311457	symb_time: 0.195382431	mgmt_time: 0.011666124	numc_time: 1.523698511	total_time: 1.763058523
[0m
[0;32mdataset: nv2	num_trials: 3	thread_num: 64	numa_mask: 2	init_time: 0.032382750	symb_time: 0.194641495	mgmt_time: 0.011689407	numc_time: 1.523087022	total_time: 1.761800674	flop_cnt: 1270061806	numc_perf: 833873434.266608834	perf: 720888477.625649929
[0mMEMORY_CONSUMPTION: nv2	TOTAL_AVG: 3028.83	TOTAL_PEAK: 5101.79	NUMA0_AVG: 1.11	NUMA0_PEAK: 1.12	NUMA1_AVG: 3429.95	NUMA1_PEAK: 5608.20	NUMA2_AVG: 2.22	NUMA2_PEAK: 2.23
CONFIGURATION:	USE_HYPERTHREADING	MEM_MON	HASH_CONSTANT: 2654435761	THREAD_NUM: 64	AB_HIGH_THREAD_NUM: 16	AB_SIZE: 524288	AB_MIN_NUM: 32768	AB_PRT: 0.900000	AB_DNR	DAHA	DAHA_REAR	DAHA_QUANTILE: 0.990000	DAHA_SYMB_THRES: 6000000	DAHA_NUMC_THRES: 800000	DN_MIN: 256	GUD_ALPHA: 0.500000	GUD_MIN: 256	HYB_THRES: 0.950000
[0;36m0th run	init_time: 0.033028572	symb_time: 0.034231436	mgmt_time: 0.011744596	numc_time: 0.077991218	total_time: 0.156995822
[0m
[0;36m1th run	init_time: 0.024700996	symb_time: 0.032594739	mgmt_time: 0.011800096	numc_time: 0.078282066	total_time: 0.147377897
[0m
[0;36m2th run	init_time: 0.024755570	symb_time: 0.033594343	mgmt_time: 0.011565944	numc_time: 0.079252135	total_time: 0.149167992
[0m
[0;36m3th run	init_time: 0.025207645	symb_time: 0.038735774	mgmt_time: 0.013143540	numc_time: 0.081019298	total_time: 0.158106257
[0m
[0;32mdataset: Freescale1	num_trials: 3	thread_num: 64	numa_mask: 2	init_time: 0.024888070	symb_time: 0.034974952	mgmt_time: 0.012169860	numc_time: 0.079517833	total_time: 0.151550715	flop_cnt: 90325256	numc_perf: 1135911940.658644438	perf: 596006794.170064211
[0mMEMORY_CONSUMPTION: Freescale1	TOTAL_AVG: 622.99	TOTAL_PEAK: 651.96	NUMA0_AVG: 1.07	NUMA0_PEAK: 1.12	NUMA1_AVG: 641.55	NUMA1_PEAK: 685.01	NUMA2_AVG: 2.19	NUMA2_PEAK: 2.23
CONFIGURATION:	USE_HYPERTHREADING	MEM_MON	HASH_CONSTANT: 2654435761	THREAD_NUM: 64	AB_HIGH_THREAD_NUM: 16	AB_SIZE: 524288	AB_MIN_NUM: 32768	AB_PRT: 0.900000	AB_DNR	DAHA	DAHA_REAR	DAHA_QUANTILE: 0.990000	DAHA_SYMB_THRES: 6000000	DAHA_NUMC_THRES: 800000	DN_MIN: 256	GUD_ALPHA: 0.500000	GUD_MIN: 256	HYB_THRES: 0.950000
[0;36m0th run	init_time: 0.026633821	symb_time: 0.123766168	mgmt_time: 0.011537795	numc_time: 0.799146516	total_time: 0.961084300
[0m
[0;36m1th run	init_time: 0.016706699	symb_time: 0.123344047	mgmt_time: 0.011573894	numc_time: 0.801433794	total_time: 0.953058434
[0m
[0;36m2th run	init_time: 0.016695213	symb_time: 0.123523228	mgmt_time: 0.011556126	numc_time: 0.801286685	total_time: 0.953061252
[0m
[0;36m3th run	init_time: 0.016611788	symb_time: 0.123415276	mgmt_time: 0.011703444	numc_time: 0.799586815	total_time: 0.951317323
[0m
[0;32mdataset: dgreen	num_trials: 3	thread_num: 64	numa_mask: 2	init_time: 0.016671233	symb_time: 0.123427517	mgmt_time: 0.011611155	numc_time: 0.800769098	total_time: 0.952479003	flop_cnt: 823556881	numc_perf: 1028457370.616467118	perf: 864645707.050825119
[0mMEMORY_CONSUMPTION: dgreen	TOTAL_AVG: 1713.64	TOTAL_PEAK: 2600.46	NUMA0_AVG: 1.10	NUMA0_PEAK: 1.12	NUMA1_AVG: 1823.37	NUMA1_PEAK: 3143.99	NUMA2_AVG: 2.22	NUMA2_PEAK: 2.23
CONFIGURATION:	USE_HYPERTHREADING	MEM_MON	HASH_CONSTANT: 2654435761	THREAD_NUM: 64	AB_HIGH_THREAD_NUM: 16	AB_SIZE: 524288	AB_MIN_NUM: 32768	AB_PRT: 0.900000	AB_DNR	DAHA	DAHA_REAR	DAHA_QUANTILE: 0.990000	DAHA_SYMB_THRES: 6000000	DAHA_NUMC_THRES: 800000	DN_MIN: 256	GUD_ALPHA: 0.500000	GUD_MIN: 256	HYB_THRES: 0.950000
[0;36m0th run	init_time: 0.020691065	symb_time: 0.154676938	mgmt_time: 0.011218655	numc_time: 0.522315351	total_time: 0.708902009
[0m
[0;36m1th run	init_time: 0.012445732	symb_time: 0.153433698	mgmt_time: 0.011287086	numc_time: 0.513029222	total_time: 0.690195738
[0m
[0;36m2th run	init_time: 0.012262859	symb_time: 0.152935651	mgmt_time: 0.011148556	numc_time: 0.513347753	total_time: 0.689694819
[0m
[0;36m3th run	init_time: 0.012319199	symb_time: 0.153327953	mgmt_time: 0.011182235	numc_time: 0.514209207	total_time: 0.691038594
[0m
[0;32mdataset: gsm_106857	num_trials: 3	thread_num: 64	numa_mask: 2	init_time: 0.012342597	symb_time: 0.153232434	mgmt_time: 0.011205959	numc_time: 0.513528727	total_time: 0.690309717	flop_cnt: 947250936	numc_perf: 1844591910.016235352	perf: 1372211505.462554693
[0mMEMORY_CONSUMPTION: gsm_106857	TOTAL_AVG: 1867.60	TOTAL_PEAK: 2578.68	NUMA0_AVG: 1.12	NUMA0_PEAK: 1.15	NUMA1_AVG: 2122.96	NUMA1_PEAK: 2711.68	NUMA2_AVG: 2.21	NUMA2_PEAK: 2.23
CONFIGURATION:	USE_HYPERTHREADING	MEM_MON	HASH_CONSTANT: 2654435761	THREAD_NUM: 64	AB_HIGH_THREAD_NUM: 16	AB_SIZE: 524288	AB_MIN_NUM: 32768	AB_PRT: 0.900000	AB_DNR	DAHA	DAHA_REAR	DAHA_QUANTILE: 0.990000	DAHA_SYMB_THRES: 6000000	DAHA_NUMC_THRES: 800000	DN_MIN: 256	GUD_ALPHA: 0.500000	GUD_MIN: 256	HYB_THRES: 0.950000
[0;36m0th run	init_time: 0.016184533	symb_time: 0.037020420	mgmt_time: 0.012447583	numc_time: 0.109627283	total_time: 0.175279819
[0m
[0;36m1th run	init_time: 0.009404603	symb_time: 0.036796489	mgmt_time: 0.011057276	numc_time: 0.112497020	total_time: 0.169755388
[0m
[0;36m2th run	init_time: 0.009392136	symb_time: 0.036859380	mgmt_time: 0.011056417	numc_time: 0.124809593	total_time: 0.182117526
[0m
[0;36m3th run	init_time: 0.009353664	symb_time: 0.036845629	mgmt_time: 0.010994590	numc_time: 0.113821839	total_time: 0.171015722
[0m
[0;32mdataset: amazon-2008	num_trials: 3	thread_num: 64	numa_mask: 2	init_time: 0.009383468	symb_time: 0.036833833	mgmt_time: 0.011036094	numc_time: 0.117042817	total_time: 0.174296212	flop_cnt: 218165528	numc_perf: 1863980489.966105461	perf: 1251694029.931069374
[0mMEMORY_CONSUMPTION: amazon-2008	TOTAL_AVG: 708.92	TOTAL_PEAK: 1081.04	NUMA0_AVG: 1.08	NUMA0_PEAK: 1.14	NUMA1_AVG: 825.34	NUMA1_PEAK: 1307.00	NUMA2_AVG: 2.17	NUMA2_PEAK: 2.23
CONFIGURATION:	USE_HYPERTHREADING	MEM_MON	HASH_CONSTANT: 2654435761	THREAD_NUM: 64	AB_HIGH_THREAD_NUM: 16	AB_SIZE: 524288	AB_MIN_NUM: 32768	AB_PRT: 0.900000	AB_DNR	DAHA	DAHA_REAR	DAHA_QUANTILE: 0.990000	DAHA_SYMB_THRES: 6000000	DAHA_NUMC_THRES: 800000	DN_MIN: 256	GUD_ALPHA: 0.500000	GUD_MIN: 256	HYB_THRES: 0.950000
[0;36m0th run	init_time: 0.014261376	symb_time: 0.084714058	mgmt_time: 0.012476405	numc_time: 1.052180002	total_time: 1.163631841
[0m
[0;36m1th run	init_time: 0.009545675	symb_time: 0.086796414	mgmt_time: 0.012486005	numc_time: 1.041480904	total_time: 1.150308998
[0m
[0;36m2th run	init_time: 0.009537449	symb_time: 0.085020844	mgmt_time: 0.012093578	numc_time: 1.032230612	total_time: 1.138882483
[0m
[0;36m3th run	init_time: 0.009565461	symb_time: 0.084990370	mgmt_time: 0.012279626	numc_time: 1.038968598	total_time: 1.145804055
[0m
[0;32mdataset: webbase-1M	num_trials: 3	thread_num: 64	numa_mask: 2	init_time: 0.009549528	symb_time: 0.085602543	mgmt_time: 0.012286403	numc_time: 1.037560038	total_time: 1.144998512	flop_cnt: 1369780052	numc_perf: 1320193532.742825508	perf: 1196316010.583601713
[0mMEMORY_CONSUMPTION: webbase-1M	TOTAL_AVG: 4978.88	TOTAL_PEAK: 9102.71	NUMA0_AVG: 1.11	NUMA0_PEAK: 1.12	NUMA1_AVG: 7987.61	NUMA1_PEAK: 18362.80	NUMA2_AVG: 2.22	NUMA2_PEAK: 2.23
MEMORY_CONSUMPTION: rel9	TOTAL_AVG: 5139.96	TOTAL_PEAK: 13501.22	NUMA0_AVG: 0.73	NUMA0_PEAK: 1.18	NUMA1_AVG: 925.20	NUMA1_PEAK: 1947.84	NUMA2_AVG: 1.46	NUMA2_PEAK: 2.25
CONFIGURATION:	USE_HYPERTHREADING	MEM_MON	HASH_CONSTANT: 2654435761	THREAD_NUM: 64	AB_HIGH_THREAD_NUM: 16	AB_SIZE: 524288	AB_MIN_NUM: 32768	AB_PRT: 0.900000	AB_DNR	DAHA	DAHA_REAR	DAHA_QUANTILE: 0.990000	DAHA_SYMB_THRES: 6000000	DAHA_NUMC_THRES: 800000	DN_MIN: 256	GUD_ALPHA: 0.500000	GUD_MIN: 256	HYB_THRES: 0.950000
[0;36m0th run	init_time: 0.034792693	symb_time: 0.100872792	mgmt_time: 0.012801508	numc_time: 0.397205473	total_time: 0.545672466
[0m
[0;36m1th run	init_time: 0.029482102	symb_time: 0.100531492	mgmt_time: 0.012859117	numc_time: 0.422468957	total_time: 0.565341668
[0m
[0;36m2th run	init_time: 0.029470742	symb_time: 0.100689149	mgmt_time: 0.013073715	numc_time: 0.419180163	total_time: 0.562413769
[0m
[0;36m3th run	init_time: 0.029122165	symb_time: 0.100065250	mgmt_time: 0.012907205	numc_time: 0.424646436	total_time: 0.566741056
[0m
[0;32mdataset: patents	num_trials: 3	thread_num: 64	numa_mask: 2	init_time: 0.029358336	symb_time: 0.100428630	mgmt_time: 0.012946679	numc_time: 0.422098519	total_time: 0.564832164	flop_cnt: 178292053	numc_perf: 422394405.844380975	perf: 315654922.397056878
[0mMEMORY_CONSUMPTION: patents	TOTAL_AVG: 1923.24	TOTAL_PEAK: 2500.94	NUMA0_AVG: 1.13	NUMA0_PEAK: 1.16	NUMA1_AVG: 1986.34	NUMA1_PEAK: 2631.00	NUMA2_AVG: 2.19	NUMA2_PEAK: 2.21
CONFIGURATION:	USE_HYPERTHREADING	MEM_MON	HASH_CONSTANT: 2654435761	THREAD_NUM: 64	AB_HIGH_THREAD_NUM: 16	AB_SIZE: 524288	AB_MIN_NUM: 32768	AB_PRT: 0.900000	AB_DNR	DAHA	DAHA_REAR	DAHA_QUANTILE: 0.990000	DAHA_SYMB_THRES: 6000000	DAHA_NUMC_THRES: 800000	DN_MIN: 256	GUD_ALPHA: 0.500000	GUD_MIN: 256	HYB_THRES: 0.950000
[0;36m0th run	init_time: 0.037143300	symb_time: 0.137268981	mgmt_time: 0.013026342	numc_time: 0.513889107	total_time: 0.701327730
[0m
[0;36m1th run	init_time: 0.030568827	symb_time: 0.136340438	mgmt_time: 0.012983017	numc_time: 0.508751145	total_time: 0.688643427
[0m
[0;36m2th run	init_time: 0.030659759	symb_time: 0.136635716	mgmt_time: 0.012798430	numc_time: 0.509581592	total_time: 0.689675497
[0m
[0;36m3th run	init_time: 0.030506367	symb_time: 0.136582206	mgmt_time: 0.013018381	numc_time: 0.507048987	total_time: 0.687155941
[0m
[0;32mdataset: cit-Patents	num_trials: 3	thread_num: 64	numa_mask: 2	init_time: 0.030578318	symb_time: 0.136519453	mgmt_time: 0.012933276	numc_time: 0.508460575	total_time: 0.688491622	flop_cnt: 239453700	numc_perf: 470938577.994920373	perf: 347794646.244702697
[0mMEMORY_CONSUMPTION: cit-Patents	TOTAL_AVG: 1793.70	TOTAL_PEAK: 2554.56	NUMA0_AVG: 1.12	NUMA0_PEAK: 1.14	NUMA1_AVG: 2420.52	NUMA1_PEAK: 3137.12	NUMA2_AVG: 2.21	NUMA2_PEAK: 2.23
CONFIGURATION:	USE_HYPERTHREADING	MEM_MON	HASH_CONSTANT: 2654435761	THREAD_NUM: 64	AB_HIGH_THREAD_NUM: 16	AB_SIZE: 524288	AB_MIN_NUM: 32768	AB_PRT: 0.900000	AB_DNR	DAHA	DAHA_REAR	DAHA_QUANTILE: 0.990000	DAHA_SYMB_THRES: 6000000	DAHA_NUMC_THRES: 800000	DN_MIN: 256	GUD_ALPHA: 0.500000	GUD_MIN: 256	HYB_THRES: 0.950000
[0;36m0th run	init_time: 0.018538876	symb_time: 0.048359204	mgmt_time: 0.011316879	numc_time: 0.225435070	total_time: 0.303650029
[0m
[0;36m1th run	init_time: 0.005650881	symb_time: 0.049724602	mgmt_time: 0.010982900	numc_time: 0.232136808	total_time: 0.298495191
[0m
[0;36m2th run	init_time: 0.005454447	symb_time: 0.050483624	mgmt_time: 0.010986155	numc_time: 0.229437855	total_time: 0.296362081
[0m
[0;36m3th run	init_time: 0.005509088	symb_time: 0.051873978	mgmt_time: 0.011234585	numc_time: 0.228638493	total_time: 0.297256144
[0m
[0;32mdataset: web-NotreDame	num_trials: 3	thread_num: 64	numa_mask: 2	init_time: 0.005538139	symb_time: 0.050694068	mgmt_time: 0.011067880	numc_time: 0.230071052	total_time: 0.297371139	flop_cnt: 503567738	numc_perf: 2188748795.741586685	perf: 1693398156.451443672
[0mMEMORY_CONSUMPTION: web-NotreDame	TOTAL_AVG: 1378.87	TOTAL_PEAK: 3311.12	NUMA0_AVG: 1.14	NUMA0_PEAK: 1.17	NUMA1_AVG: 1059.20	NUMA1_PEAK: 2314.29	NUMA2_AVG: 2.21	NUMA2_PEAK: 2.23
