CONFIGURATION:	USE_HYPERTHREADING	USE_WEIGHTED_INTERLEAVING	MEMSV	MEM_MON	HASH_CONSTANT: 2654435761	THREAD_NUM: 64	AB_HIGH_THREAD_NUM: 16	AB_SIZE: 524288	AB_MIN_NUM: 32768	AB_PRT: 0.900000	AB_DNR	DAHA	DAHA_REAR	DAHA_QUANTILE: 0.990000	DAHA_SYMB_THRES: 6000000	DAHA_NUMC_THRES: 800000	DN_MIN: 256	GUD_ALPHA: 0.500000	GUD_MIN: 256	HYB_THRES: 0.950000
[0;36m0th run	init_time: 0.010572734	symb_time: 0.015510519	mgmt_time: 0.000536139	numc_time: 0.025463813	total_time: 0.052083205
[0m
[0;36m1th run	init_time: 0.005690063	symb_time: 0.015128678	mgmt_time: 0.000191197	numc_time: 0.025525003	total_time: 0.046534941
[0m
[0;36m2th run	init_time: 0.005606176	symb_time: 0.013862787	mgmt_time: 0.000208482	numc_time: 0.025561244	total_time: 0.045238689
[0m
[0;36m3th run	init_time: 0.005361590	symb_time: 0.013568939	mgmt_time: 0.000193349	numc_time: 0.025356063	total_time: 0.044479941
[0m
[0;32mdataset: ch7-9-b5	num_trials: 3	thread_num: 64	numa_mask: 6	init_time: 0.005552610	symb_time: 0.014186801	mgmt_time: 0.000197676	numc_time: 0.025480770	total_time: 0.045417857	flop_cnt: 20321280	numc_perf: 797514360.829755187	perf: 447429300.770399868
[0mMEMORY_CONSUMPTION: ch7-9-b5	TOTAL_AVG: 99.77	TOTAL_PEAK: 99.77	NUMA0_AVG: 1.04	NUMA0_PEAK: 1.04	NUMA1_AVG: 38.92	NUMA1_PEAK: 38.92	NUMA2_AVG: 64.69	NUMA2_PEAK: 64.69
CONFIGURATION:	USE_HYPERTHREADING	USE_WEIGHTED_INTERLEAVING	MEMSV	MEM_MON	HASH_CONSTANT: 2654435761	THREAD_NUM: 64	AB_HIGH_THREAD_NUM: 16	AB_SIZE: 524288	AB_MIN_NUM: 32768	AB_PRT: 0.900000	AB_DNR	DAHA	DAHA_REAR	DAHA_QUANTILE: 0.990000	DAHA_SYMB_THRES: 6000000	DAHA_NUMC_THRES: 800000	DN_MIN: 256	GUD_ALPHA: 0.500000	GUD_MIN: 256	HYB_THRES: 0.950000
[0;36m0th run	init_time: 0.035843656	symb_time: 0.062100260	mgmt_time: 0.011727552	numc_time: 0.198730385	total_time: 0.308401853
[0m
[0;36m1th run	init_time: 0.030217034	symb_time: 0.060410545	mgmt_time: 0.011830808	numc_time: 0.198605611	total_time: 0.301063998
[0m
[0;36m2th run	init_time: 0.030292220	symb_time: 0.060252293	mgmt_time: 0.011790443	numc_time: 0.197534650	total_time: 0.299869606
[0m
[0;36m3th run	init_time: 0.030172045	symb_time: 0.060330380	mgmt_time: 0.011745603	numc_time: 0.199330372	total_time: 0.301578400
[0m
[0;32mdataset: 333SP	num_trials: 3	thread_num: 64	numa_mask: 6	init_time: 0.030227100	symb_time: 0.060331073	mgmt_time: 0.011788951	numc_time: 0.198490211	total_time: 0.300837335	flop_cnt: 134781510	numc_perf: 679033536.822629452	perf: 448021221.000845611
[0mMEMORY_CONSUMPTION: 333SP	TOTAL_AVG: 1056.92	TOTAL_PEAK: 1373.66	NUMA0_AVG: 1.13	NUMA0_PEAK: 1.17	NUMA1_AVG: 271.07	NUMA1_PEAK: 289.98	NUMA2_AVG: 847.89	NUMA2_PEAK: 1152.68
CONFIGURATION:	USE_HYPERTHREADING	USE_WEIGHTED_INTERLEAVING	MEMSV	MEM_MON	HASH_CONSTANT: 2654435761	THREAD_NUM: 64	AB_HIGH_THREAD_NUM: 16	AB_SIZE: 524288	AB_MIN_NUM: 32768	AB_PRT: 0.900000	AB_DNR	DAHA	DAHA_REAR	DAHA_QUANTILE: 0.990000	DAHA_SYMB_THRES: 6000000	DAHA_NUMC_THRES: 800000	DN_MIN: 256	GUD_ALPHA: 0.500000	GUD_MIN: 256	HYB_THRES: 0.950000
[0;36m0th run	init_time: 0.017060648	symb_time: 0.158459215	mgmt_time: 0.012135890	numc_time: 0.917851175	total_time: 1.105506928
[0m
[0;36m1th run	init_time: 0.012846152	symb_time: 0.158036881	mgmt_time: 0.011680166	numc_time: 0.918428521	total_time: 1.100991720
[0m
[0;36m2th run	init_time: 0.012739167	symb_time: 0.158027187	mgmt_time: 0.011730301	numc_time: 0.931665075	total_time: 1.114161730
[0m
[0;36m3th run	init_time: 0.013127643	symb_time: 0.158007523	mgmt_time: 0.011766995	numc_time: 0.920029620	total_time: 1.102931781
[0m
[0;32mdataset: GL7d16	num_trials: 3	thread_num: 64	numa_mask: 6	init_time: 0.012904321	symb_time: 0.158023864	mgmt_time: 0.011725821	numc_time: 0.923374405	total_time: 1.106028410	flop_cnt: 515644137	numc_perf: 558434513.694209576	perf: 466212379.521603703
[0mMEMORY_CONSUMPTION: GL7d16	TOTAL_AVG: 3730.50	TOTAL_PEAK: 7170.94	NUMA0_AVG: 1.20	NUMA0_PEAK: 1.21	NUMA1_AVG: 153.31	NUMA1_PEAK: 159.51	NUMA2_AVG: 3306.73	NUMA2_PEAK: 7667.02
CONFIGURATION:	USE_HYPERTHREADING	USE_WEIGHTED_INTERLEAVING	MEMSV	MEM_MON	HASH_CONSTANT: 2654435761	THREAD_NUM: 64	AB_HIGH_THREAD_NUM: 16	AB_SIZE: 524288	AB_MIN_NUM: 32768	AB_PRT: 0.900000	AB_DNR	DAHA	DAHA_REAR	DAHA_QUANTILE: 0.990000	DAHA_SYMB_THRES: 6000000	DAHA_NUMC_THRES: 800000	DN_MIN: 256	GUD_ALPHA: 0.500000	GUD_MIN: 256	HYB_THRES: 0.950000
[0;36m0th run	init_time: 0.012432259	symb_time: 0.029922423	mgmt_time: 0.000407059	numc_time: 0.071839493	total_time: 0.114601234
[0m
[0;36m1th run	init_time: 0.007399175	symb_time: 0.028548921	mgmt_time: 0.000378501	numc_time: 0.071562261	total_time: 0.107888858
[0m
[0;36m2th run	init_time: 0.007496936	symb_time: 0.028526818	mgmt_time: 0.000374452	numc_time: 0.071418764	total_time: 0.107816970
[0m
[0;36m3th run	init_time: 0.007556840	symb_time: 0.028563353	mgmt_time: 0.000373952	numc_time: 0.071293295	total_time: 0.107787440
[0m
[0;32mdataset: auto	num_trials: 3	thread_num: 64	numa_mask: 6	init_time: 0.007484317	symb_time: 0.028546364	mgmt_time: 0.000375635	numc_time: 0.071424773	total_time: 0.107831089	flop_cnt: 101247158	numc_perf: 1417535587.092284679	perf: 938942179.161515236
[0mMEMORY_CONSUMPTION: auto	TOTAL_AVG: 231.61	TOTAL_PEAK: 231.61	NUMA0_AVG: 1.04	NUMA0_PEAK: 1.04	NUMA1_AVG: 72.57	NUMA1_PEAK: 72.57	NUMA2_AVG: 153.12	NUMA2_PEAK: 153.12
CONFIGURATION:	USE_HYPERTHREADING	USE_WEIGHTED_INTERLEAVING	MEMSV	MEM_MON	HASH_CONSTANT: 2654435761	THREAD_NUM: 64	AB_HIGH_THREAD_NUM: 16	AB_SIZE: 524288	AB_MIN_NUM: 32768	AB_PRT: 0.900000	AB_DNR	DAHA	DAHA_REAR	DAHA_QUANTILE: 0.990000	DAHA_SYMB_THRES: 6000000	DAHA_NUMC_THRES: 800000	DN_MIN: 256	GUD_ALPHA: 0.500000	GUD_MIN: 256	HYB_THRES: 0.950000
[0;36m0th run	init_time: 0.082190745	symb_time: 0.094850183	mgmt_time: 0.013103505	numc_time: 0.346345232	total_time: 0.536489665
[0m
[0;36m1th run	init_time: 0.079977626	symb_time: 0.094508250	mgmt_time: 0.012851990	numc_time: 0.353047424	total_time: 0.540385290
[0m
[0;36m2th run	init_time: 0.079783440	symb_time: 0.094869903	mgmt_time: 0.013048791	numc_time: 0.348217306	total_time: 0.535919440
[0m
[0;36m3th run	init_time: 0.079676893	symb_time: 0.094602649	mgmt_time: 0.013016951	numc_time: 0.347227812	total_time: 0.534524305
[0m
[0;32mdataset: delaunay_n23	num_trials: 3	thread_num: 64	numa_mask: 6	init_time: 0.079812653	symb_time: 0.094660267	mgmt_time: 0.012972577	numc_time: 0.349497514	total_time: 0.536943012	flop_cnt: 316961668	numc_perf: 906906788.470031857	perf: 590307837.355315566
[0mMEMORY_CONSUMPTION: delaunay_n23	TOTAL_AVG: 3556.33	TOTAL_PEAK: 4359.43	NUMA0_AVG: 1.18	NUMA0_PEAK: 1.21	NUMA1_AVG: 595.40	NUMA1_PEAK: 647.27	NUMA2_AVG: 2880.93	NUMA2_PEAK: 3715.70
CONFIGURATION:	USE_HYPERTHREADING	USE_WEIGHTED_INTERLEAVING	MEMSV	MEM_MON	HASH_CONSTANT: 2654435761	THREAD_NUM: 64	AB_HIGH_THREAD_NUM: 16	AB_SIZE: 524288	AB_MIN_NUM: 32768	AB_PRT: 0.900000	AB_DNR	DAHA	DAHA_REAR	DAHA_QUANTILE: 0.990000	DAHA_SYMB_THRES: 6000000	DAHA_NUMC_THRES: 800000	DN_MIN: 256	GUD_ALPHA: 0.500000	GUD_MIN: 256	HYB_THRES: 0.950000
[0;36m0th run	init_time: 0.047085642	symb_time: 0.198535376	mgmt_time: 0.011575774	numc_time: 1.242520598	total_time: 1.499717390
[0m
[0;36m1th run	init_time: 0.035848896	symb_time: 0.196327149	mgmt_time: 0.011587362	numc_time: 1.242088662	total_time: 1.485852069
[0m
[0;36m2th run	init_time: 0.044188921	symb_time: 0.196774297	mgmt_time: 0.011694063	numc_time: 1.243857766	total_time: 1.496515047
[0m
[0;36m3th run	init_time: 0.036212577	symb_time: 0.196313684	mgmt_time: 0.011481490	numc_time: 1.243482805	total_time: 1.487490556
[0m
[0;32mdataset: nv2	num_trials: 3	thread_num: 64	numa_mask: 6	init_time: 0.038750131	symb_time: 0.196471710	mgmt_time: 0.011587638	numc_time: 1.243143078	total_time: 1.489952557	flop_cnt: 1270061806	numc_perf: 1021653765.215713263	perf: 852417615.412610054
[0mMEMORY_CONSUMPTION: nv2	TOTAL_AVG: 2882.41	TOTAL_PEAK: 5002.12	NUMA0_AVG: 1.15	NUMA0_PEAK: 1.16	NUMA1_AVG: 374.69	NUMA1_PEAK: 379.03	NUMA2_AVG: 2650.55	NUMA2_PEAK: 4853.23
CONFIGURATION:	USE_HYPERTHREADING	USE_WEIGHTED_INTERLEAVING	MEMSV	MEM_MON	HASH_CONSTANT: 2654435761	THREAD_NUM: 64	AB_HIGH_THREAD_NUM: 16	AB_SIZE: 524288	AB_MIN_NUM: 32768	AB_PRT: 0.900000	AB_DNR	DAHA	DAHA_REAR	DAHA_QUANTILE: 0.990000	DAHA_SYMB_THRES: 6000000	DAHA_NUMC_THRES: 800000	DN_MIN: 256	GUD_ALPHA: 0.500000	GUD_MIN: 256	HYB_THRES: 0.950000
[0;36m0th run	init_time: 0.036433557	symb_time: 0.027581010	mgmt_time: 0.011854820	numc_time: 0.087793991	total_time: 0.163663378
[0m
[0;36m1th run	init_time: 0.025958871	symb_time: 0.027519192	mgmt_time: 0.011549165	numc_time: 0.087453075	total_time: 0.152480303
[0m
[0;36m2th run	init_time: 0.026061878	symb_time: 0.027506929	mgmt_time: 0.011366572	numc_time: 0.087133684	total_time: 0.152069063
[0m
[0;36m3th run	init_time: 0.027857440	symb_time: 0.028094357	mgmt_time: 0.011610112	numc_time: 0.087815728	total_time: 0.155377637
[0m
[0;32mdataset: Freescale1	num_trials: 3	thread_num: 64	numa_mask: 6	init_time: 0.026626063	symb_time: 0.027706826	mgmt_time: 0.011508616	numc_time: 0.087467496	total_time: 0.153309001	flop_cnt: 90325256	numc_perf: 1032672255.122338057	perf: 589171251.595331907
[0mMEMORY_CONSUMPTION: Freescale1	TOTAL_AVG: 575.60	TOTAL_PEAK: 592.98	NUMA0_AVG: 1.15	NUMA0_PEAK: 1.21	NUMA1_AVG: 185.60	NUMA1_PEAK: 187.16	NUMA2_AVG: 413.96	NUMA2_PEAK: 414.82
CONFIGURATION:	USE_HYPERTHREADING	USE_WEIGHTED_INTERLEAVING	MEMSV	MEM_MON	HASH_CONSTANT: 2654435761	THREAD_NUM: 64	AB_HIGH_THREAD_NUM: 16	AB_SIZE: 524288	AB_MIN_NUM: 32768	AB_PRT: 0.900000	AB_DNR	DAHA	DAHA_REAR	DAHA_QUANTILE: 0.990000	DAHA_SYMB_THRES: 6000000	DAHA_NUMC_THRES: 800000	DN_MIN: 256	GUD_ALPHA: 0.500000	GUD_MIN: 256	HYB_THRES: 0.950000
[0;36m0th run	init_time: 0.027000997	symb_time: 0.124602862	mgmt_time: 0.011563959	numc_time: 0.655747751	total_time: 0.818915569
[0m
[0;36m1th run	init_time: 0.018628016	symb_time: 0.124452490	mgmt_time: 0.011480356	numc_time: 0.655657568	total_time: 0.810218430
[0m
[0;36m2th run	init_time: 0.018552473	symb_time: 0.126110722	mgmt_time: 0.013794076	numc_time: 0.655363535	total_time: 0.813820806
[0m
[0;36m3th run	init_time: 0.018577555	symb_time: 0.124399948	mgmt_time: 0.011339344	numc_time: 0.656179015	total_time: 0.810495862
[0m
[0;32mdataset: dgreen	num_trials: 3	thread_num: 64	numa_mask: 6	init_time: 0.018586015	symb_time: 0.124987720	mgmt_time: 0.012204592	numc_time: 0.655733373	total_time: 0.811511699	flop_cnt: 823556881	numc_perf: 1255932541.073586941	perf: 1014842893.425395966
[0mMEMORY_CONSUMPTION: dgreen	TOTAL_AVG: 1963.31	TOTAL_PEAK: 3249.09	NUMA0_AVG: 1.14	NUMA0_PEAK: 1.16	NUMA1_AVG: 272.19	NUMA1_PEAK: 275.73	NUMA2_AVG: 1809.39	NUMA2_PEAK: 3163.89
CONFIGURATION:	USE_HYPERTHREADING	USE_WEIGHTED_INTERLEAVING	MEMSV	MEM_MON	HASH_CONSTANT: 2654435761	THREAD_NUM: 64	AB_HIGH_THREAD_NUM: 16	AB_SIZE: 524288	AB_MIN_NUM: 32768	AB_PRT: 0.900000	AB_DNR	DAHA	DAHA_REAR	DAHA_QUANTILE: 0.990000	DAHA_SYMB_THRES: 6000000	DAHA_NUMC_THRES: 800000	DN_MIN: 256	GUD_ALPHA: 0.500000	GUD_MIN: 256	HYB_THRES: 0.950000
[0;36m0th run	init_time: 0.019526648	symb_time: 0.122386797	mgmt_time: 0.011161018	numc_time: 0.424912032	total_time: 0.577986495
[0m
[0;36m1th run	init_time: 0.013526551	symb_time: 0.121512224	mgmt_time: 0.011046456	numc_time: 0.425845103	total_time: 0.571930334
[0m
[0;36m2th run	init_time: 0.013834389	symb_time: 0.121742748	mgmt_time: 0.011242619	numc_time: 0.426146820	total_time: 0.572966576
[0m
[0;36m3th run	init_time: 0.013492478	symb_time: 0.123635290	mgmt_time: 0.011121013	numc_time: 0.426725817	total_time: 0.574974598
[0m
[0;32mdataset: gsm_106857	num_trials: 3	thread_num: 64	numa_mask: 6	init_time: 0.013617806	symb_time: 0.122296754	mgmt_time: 0.011136696	numc_time: 0.426239247	total_time: 0.573290503	flop_cnt: 947250936	numc_perf: 2222345650.729769230	perf: 1652305300.007330656
[0mMEMORY_CONSUMPTION: gsm_106857	TOTAL_AVG: 2002.96	TOTAL_PEAK: 2398.64	NUMA0_AVG: 1.18	NUMA0_PEAK: 1.21	NUMA1_AVG: 216.53	NUMA1_PEAK: 220.64	NUMA2_AVG: 1745.44	NUMA2_PEAK: 2319.41
CONFIGURATION:	USE_HYPERTHREADING	USE_WEIGHTED_INTERLEAVING	MEMSV	MEM_MON	HASH_CONSTANT: 2654435761	THREAD_NUM: 64	AB_HIGH_THREAD_NUM: 16	AB_SIZE: 524288	AB_MIN_NUM: 32768	AB_PRT: 0.900000	AB_DNR	DAHA	DAHA_REAR	DAHA_QUANTILE: 0.990000	DAHA_SYMB_THRES: 6000000	DAHA_NUMC_THRES: 800000	DN_MIN: 256	GUD_ALPHA: 0.500000	GUD_MIN: 256	HYB_THRES: 0.950000
[0;36m0th run	init_time: 0.015780738	symb_time: 0.037735514	mgmt_time: 0.012788823	numc_time: 0.113283382	total_time: 0.179588457
[0m
[0;36m1th run	init_time: 0.010401169	symb_time: 0.036792553	mgmt_time: 0.010716566	numc_time: 0.113146626	total_time: 0.171056914
[0m
[0;36m2th run	init_time: 0.010416977	symb_time: 0.036811899	mgmt_time: 0.010842491	numc_time: 0.120770706	total_time: 0.178842073
[0m
[0;36m3th run	init_time: 0.010197288	symb_time: 0.036837276	mgmt_time: 0.010774124	numc_time: 0.113322343	total_time: 0.171131031
[0m
[0;32mdataset: amazon-2008	num_trials: 3	thread_num: 64	numa_mask: 6	init_time: 0.010338478	symb_time: 0.036813909	mgmt_time: 0.010777727	numc_time: 0.115746558	total_time: 0.173676673	flop_cnt: 218165528	numc_perf: 1884855421.547091484	perf: 1256159072.201479435
[0mMEMORY_CONSUMPTION: amazon-2008	TOTAL_AVG: 745.57	TOTAL_PEAK: 1157.88	NUMA0_AVG: 1.11	NUMA0_PEAK: 1.19	NUMA1_AVG: 114.11	NUMA1_PEAK: 119.18	NUMA2_AVG: 713.13	NUMA2_PEAK: 1189.32
CONFIGURATION:	USE_HYPERTHREADING	USE_WEIGHTED_INTERLEAVING	MEMSV	MEM_MON	HASH_CONSTANT: 2654435761	THREAD_NUM: 64	AB_HIGH_THREAD_NUM: 16	AB_SIZE: 524288	AB_MIN_NUM: 32768	AB_PRT: 0.900000	AB_DNR	DAHA	DAHA_REAR	DAHA_QUANTILE: 0.990000	DAHA_SYMB_THRES: 6000000	DAHA_NUMC_THRES: 800000	DN_MIN: 256	GUD_ALPHA: 0.500000	GUD_MIN: 256	HYB_THRES: 0.950000
[0;36m0th run	init_time: 0.013942726	symb_time: 0.085530514	mgmt_time: 0.012275280	numc_time: 1.698200241	total_time: 1.809948761
[0m
[0;36m1th run	init_time: 0.009632446	symb_time: 0.085076198	mgmt_time: 0.012161168	numc_time: 1.755852203	total_time: 1.862722015
[0m
[0;36m2th run	init_time: 0.009485536	symb_time: 0.084400219	mgmt_time: 0.012170561	numc_time: 1.792217832	total_time: 1.898274148
[0m
[0;36m3th run	init_time: 0.009593776	symb_time: 0.085260912	mgmt_time: 0.012177603	numc_time: 1.792605666	total_time: 1.899637957
[0m
[0;32mdataset: webbase-1M	num_trials: 3	thread_num: 64	numa_mask: 6	init_time: 0.009570586	symb_time: 0.084912443	mgmt_time: 0.012169777	numc_time: 1.780225234	total_time: 1.886878040	flop_cnt: 1369780052	numc_perf: 769441993.122809887	perf: 725950497.574289560
[0mMEMORY_CONSUMPTION: webbase-1M	TOTAL_AVG: 7293.47	TOTAL_PEAK: 18514.17	NUMA0_AVG: 1.16	NUMA0_PEAK: 1.17	NUMA1_AVG: 90.23	NUMA1_PEAK: 126.84	NUMA2_AVG: 7977.88	NUMA2_PEAK: 20024.17
CONFIGURATION:	USE_HYPERTHREADING	USE_WEIGHTED_INTERLEAVING	MEMSV	MEM_MON	HASH_CONSTANT: 2654435761	THREAD_NUM: 64	AB_HIGH_THREAD_NUM: 16	AB_SIZE: 524288	AB_MIN_NUM: 32768	AB_PRT: 0.900000	AB_DNR	DAHA	DAHA_REAR	DAHA_QUANTILE: 0.990000	DAHA_SYMB_THRES: 6000000	DAHA_NUMC_THRES: 800000	DN_MIN: 256	GUD_ALPHA: 0.500000	GUD_MIN: 256	HYB_THRES: 0.950000
[0;36m0th run	init_time: 0.067310547	symb_time: 0.451376377	mgmt_time: 0.027382890	numc_time: 3.276631470	total_time: 3.822701284
[0m
[0;36m1th run	init_time: 0.066897555	symb_time: 0.452943210	mgmt_time: 0.019233164	numc_time: 3.376300681	total_time: 3.915374610
[0m
[0;36m2th run	init_time: 0.066031465	symb_time: 0.452763390	mgmt_time: 0.019069960	numc_time: 3.275029461	total_time: 3.812894276
[0m
[0;36m3th run	init_time: 0.070479584	symb_time: 0.457898714	mgmt_time: 0.019170793	numc_time: 3.302077007	total_time: 3.849626098
[0m
[0;32mdataset: rel9	num_trials: 3	thread_num: 64	numa_mask: 6	init_time: 0.067802868	symb_time: 0.454535105	mgmt_time: 0.019157972	numc_time: 3.317802383	total_time: 3.859298328	flop_cnt: 2099952367	numc_perf: 632934733.472942948	perf: 544128022.382829428
[0mMEMORY_CONSUMPTION: rel9	TOTAL_AVG: 12052.92	TOTAL_PEAK: 29816.41	NUMA0_AVG: 1.18	NUMA0_PEAK: 1.19	NUMA1_AVG: 351.66	NUMA1_PEAK: 405.76	NUMA2_AVG: 10714.67	NUMA2_PEAK: 31177.09
CONFIGURATION:	USE_HYPERTHREADING	USE_WEIGHTED_INTERLEAVING	MEMSV	MEM_MON	HASH_CONSTANT: 2654435761	THREAD_NUM: 64	AB_HIGH_THREAD_NUM: 16	AB_SIZE: 524288	AB_MIN_NUM: 32768	AB_PRT: 0.900000	AB_DNR	DAHA	DAHA_REAR	DAHA_QUANTILE: 0.990000	DAHA_SYMB_THRES: 6000000	DAHA_NUMC_THRES: 800000	DN_MIN: 256	GUD_ALPHA: 0.500000	GUD_MIN: 256	HYB_THRES: 0.950000
[0;36m0th run	init_time: 0.034220964	symb_time: 0.089035043	mgmt_time: 0.013375720	numc_time: 0.337952265	total_time: 0.474583992
[0m
[0;36m1th run	init_time: 0.030589620	symb_time: 0.088116061	mgmt_time: 0.013358754	numc_time: 0.337918613	total_time: 0.469983048
[0m
[0;36m2th run	init_time: 0.030252276	symb_time: 0.088850997	mgmt_time: 0.013184807	numc_time: 0.338145877	total_time: 0.470433957
[0m
[0;36m3th run	init_time: 0.030528125	symb_time: 0.088212010	mgmt_time: 0.013273549	numc_time: 0.338028582	total_time: 0.470042266
[0m
[0;32mdataset: patents	num_trials: 3	thread_num: 64	numa_mask: 6	init_time: 0.030456674	symb_time: 0.088393023	mgmt_time: 0.013272370	numc_time: 0.338031024	total_time: 0.470153090	flop_cnt: 178292053	numc_perf: 527442868.675864458	perf: 379221272.104354143
[0mMEMORY_CONSUMPTION: patents	TOTAL_AVG: 1201.14	TOTAL_PEAK: 1980.00	NUMA0_AVG: 1.18	NUMA0_PEAK: 1.22	NUMA1_AVG: 173.48	NUMA1_PEAK: 175.11	NUMA2_AVG: 577.78	NUMA2_PEAK: 1385.19
CONFIGURATION:	USE_HYPERTHREADING	USE_WEIGHTED_INTERLEAVING	MEMSV	MEM_MON	HASH_CONSTANT: 2654435761	THREAD_NUM: 64	AB_HIGH_THREAD_NUM: 16	AB_SIZE: 524288	AB_MIN_NUM: 32768	AB_PRT: 0.900000	AB_DNR	DAHA	DAHA_REAR	DAHA_QUANTILE: 0.990000	DAHA_SYMB_THRES: 6000000	DAHA_NUMC_THRES: 800000	DN_MIN: 256	GUD_ALPHA: 0.500000	GUD_MIN: 256	HYB_THRES: 0.950000
[0;36m0th run	init_time: 0.034873688	symb_time: 0.109664240	mgmt_time: 0.013150447	numc_time: 0.434219629	total_time: 0.591908004
[0m
[0;36m1th run	init_time: 0.031822337	symb_time: 0.108901085	mgmt_time: 0.013263049	numc_time: 0.428074474	total_time: 0.582060945
[0m
[0;36m2th run	init_time: 0.032080899	symb_time: 0.109465129	mgmt_time: 0.013044270	numc_time: 0.427731345	total_time: 0.582321643
[0m
[0;36m3th run	init_time: 0.031562049	symb_time: 0.108769735	mgmt_time: 0.013185939	numc_time: 0.428001007	total_time: 0.581518730
[0m
[0;32mdataset: cit-Patents	num_trials: 3	thread_num: 64	numa_mask: 6	init_time: 0.031821762	symb_time: 0.109045316	mgmt_time: 0.013164419	numc_time: 0.427935609	total_time: 0.581967106	flop_cnt: 239453700	numc_perf: 559555445.142959595	perf: 411455729.252161562
[0mMEMORY_CONSUMPTION: cit-Patents	TOTAL_AVG: 2129.32	TOTAL_PEAK: 2943.58	NUMA0_AVG: 1.15	NUMA0_PEAK: 1.17	NUMA1_AVG: 236.38	NUMA1_PEAK: 251.07	NUMA2_AVG: 2055.36	NUMA2_PEAK: 2890.34
CONFIGURATION:	USE_HYPERTHREADING	USE_WEIGHTED_INTERLEAVING	MEMSV	MEM_MON	HASH_CONSTANT: 2654435761	THREAD_NUM: 64	AB_HIGH_THREAD_NUM: 16	AB_SIZE: 524288	AB_MIN_NUM: 32768	AB_PRT: 0.900000	AB_DNR	DAHA	DAHA_REAR	DAHA_QUANTILE: 0.990000	DAHA_SYMB_THRES: 6000000	DAHA_NUMC_THRES: 800000	DN_MIN: 256	GUD_ALPHA: 0.500000	GUD_MIN: 256	HYB_THRES: 0.950000
[0;36m0th run	init_time: 0.010861123	symb_time: 0.045861614	mgmt_time: 0.011135439	numc_time: 0.379631296	total_time: 0.447489472
[0m
[0;36m1th run	init_time: 0.005335120	symb_time: 0.050933630	mgmt_time: 0.011254289	numc_time: 0.379402808	total_time: 0.446925847
[0m
[0;36m2th run	init_time: 0.005313548	symb_time: 0.048401844	mgmt_time: 0.011262767	numc_time: 0.405458728	total_time: 0.470436887
[0m
[0;36m3th run	init_time: 0.005379690	symb_time: 0.049812671	mgmt_time: 0.011447989	numc_time: 0.400678655	total_time: 0.467319005
[0m
[0;32mdataset: web-NotreDame	num_trials: 3	thread_num: 64	numa_mask: 6	init_time: 0.005342786	symb_time: 0.049716048	mgmt_time: 0.011321682	numc_time: 0.395180064	total_time: 0.461560580	flop_cnt: 503567738	numc_perf: 1274274145.632908344	perf: 1091011148.230358839
[0mMEMORY_CONSUMPTION: web-NotreDame	TOTAL_AVG: 2690.15	TOTAL_PEAK: 4357.94	NUMA0_AVG: 1.18	NUMA0_PEAK: 1.21	NUMA1_AVG: 50.46	NUMA1_PEAK: 68.55	NUMA2_AVG: 2284.41	NUMA2_PEAK: 4533.77
