CONFIGURATION:	USE_HYPERTHREADING	USE_WEIGHTED_INTERLEAVING	MEM_MON	HASH_CONSTANT: 2654435761	THREAD_NUM: 64	AB_HIGH_THREAD_NUM: 16	AB_SIZE: 524288	AB_MIN_NUM: 32768	AB_PRT: 0.900000	AB_DNR	DAHA	DAHA_REAR	DAHA_QUANTILE: 0.990000	DAHA_SYMB_THRES: 6000000	DAHA_NUMC_THRES: 800000	DN_MIN: 256	GUD_ALPHA: 0.500000	GUD_MIN: 256	HYB_THRES: 0.950000
[0;36m0th run	init_time: 0.011525195	symb_time: 0.015136057	mgmt_time: 0.000227708	numc_time: 0.019807125	total_time: 0.046696085
[0m
[0;36m1th run	init_time: 0.005515225	symb_time: 0.013511282	mgmt_time: 0.000199287	numc_time: 0.017581110	total_time: 0.036806904
[0m
[0;36m2th run	init_time: 0.005481771	symb_time: 0.013487290	mgmt_time: 0.000202436	numc_time: 0.017425786	total_time: 0.036597283
[0m
[0;36m3th run	init_time: 0.005549490	symb_time: 0.014826229	mgmt_time: 0.000194343	numc_time: 0.017881791	total_time: 0.038451853
[0m
[0;32mdataset: ch7-9-b5	num_trials: 3	thread_num: 64	numa_mask: 6	init_time: 0.005515495	symb_time: 0.013941600	mgmt_time: 0.000198689	numc_time: 0.017629562	total_time: 0.037285347	flop_cnt: 20321280	numc_perf: 1152682047.107730150	perf: 545020546.051871657
[0mMEMORY_CONSUMPTION: ch7-9-b5	TOTAL_AVG: 102.59	TOTAL_PEAK: 102.59	NUMA0_AVG: 1.02	NUMA0_PEAK: 1.02	NUMA1_AVG: 65.48	NUMA1_PEAK: 65.48	NUMA2_AVG: 39.96	NUMA2_PEAK: 39.96
CONFIGURATION:	USE_HYPERTHREADING	USE_WEIGHTED_INTERLEAVING	MEM_MON	HASH_CONSTANT: 2654435761	THREAD_NUM: 64	AB_HIGH_THREAD_NUM: 16	AB_SIZE: 524288	AB_MIN_NUM: 32768	AB_PRT: 0.900000	AB_DNR	DAHA	DAHA_REAR	DAHA_QUANTILE: 0.990000	DAHA_SYMB_THRES: 6000000	DAHA_NUMC_THRES: 800000	DN_MIN: 256	GUD_ALPHA: 0.500000	GUD_MIN: 256	HYB_THRES: 0.950000
[0;36m0th run	init_time: 0.035541441	symb_time: 0.059493361	mgmt_time: 0.011513122	numc_time: 0.161420595	total_time: 0.267968519
[0m
[0;36m1th run	init_time: 0.026058785	symb_time: 0.058741865	mgmt_time: 0.011658352	numc_time: 0.158427540	total_time: 0.254886542
[0m
[0;36m2th run	init_time: 0.025632418	symb_time: 0.059112029	mgmt_time: 0.011610421	numc_time: 0.159415577	total_time: 0.255770445
[0m
[0;36m3th run	init_time: 0.026381574	symb_time: 0.058767830	mgmt_time: 0.011644415	numc_time: 0.170179929	total_time: 0.266973748
[0m
[0;32mdataset: 333SP	num_trials: 3	thread_num: 64	numa_mask: 6	init_time: 0.026024259	symb_time: 0.058873908	mgmt_time: 0.011637729	numc_time: 0.162674349	total_time: 0.259210245	flop_cnt: 134781510	numc_perf: 828535728.618029237	perf: 519969841.469807625
[0mMEMORY_CONSUMPTION: 333SP	TOTAL_AVG: 1326.39	TOTAL_PEAK: 1913.49	NUMA0_AVG: 1.12	NUMA0_PEAK: 1.16	NUMA1_AVG: 741.09	NUMA1_PEAK: 994.25	NUMA2_AVG: 516.39	NUMA2_PEAK: 693.48
CONFIGURATION:	USE_HYPERTHREADING	USE_WEIGHTED_INTERLEAVING	MEM_MON	HASH_CONSTANT: 2654435761	THREAD_NUM: 64	AB_HIGH_THREAD_NUM: 16	AB_SIZE: 524288	AB_MIN_NUM: 32768	AB_PRT: 0.900000	AB_DNR	DAHA	DAHA_REAR	DAHA_QUANTILE: 0.990000	DAHA_SYMB_THRES: 6000000	DAHA_NUMC_THRES: 800000	DN_MIN: 256	GUD_ALPHA: 0.500000	GUD_MIN: 256	HYB_THRES: 0.950000
[0;36m0th run	init_time: 0.017915434	symb_time: 0.157941881	mgmt_time: 0.011653076	numc_time: 0.686473049	total_time: 0.873983440
[0m
[0;36m1th run	init_time: 0.011067999	symb_time: 0.157472150	mgmt_time: 0.011897471	numc_time: 0.656426321	total_time: 0.836863941
[0m
[0;36m2th run	init_time: 0.010954267	symb_time: 0.157281473	mgmt_time: 0.011689501	numc_time: 0.678387134	total_time: 0.858312375
[0m
[0;36m3th run	init_time: 0.010830508	symb_time: 0.157423680	mgmt_time: 0.011741263	numc_time: 0.656882846	total_time: 0.836878297
[0m
[0;32mdataset: GL7d16	num_trials: 3	thread_num: 64	numa_mask: 6	init_time: 0.010950925	symb_time: 0.157392434	mgmt_time: 0.011776078	numc_time: 0.663898767	total_time: 0.844018204	flop_cnt: 515644137	numc_perf: 776690909.263279319	perf: 610939591.530840278
[0mMEMORY_CONSUMPTION: GL7d16	TOTAL_AVG: 2109.42	TOTAL_PEAK: 5026.21	NUMA0_AVG: 1.13	NUMA0_PEAK: 1.15	NUMA1_AVG: 1769.56	NUMA1_PEAK: 4637.96	NUMA2_AVG: 1235.29	NUMA2_PEAK: 3244.02
CONFIGURATION:	USE_HYPERTHREADING	USE_WEIGHTED_INTERLEAVING	MEM_MON	HASH_CONSTANT: 2654435761	THREAD_NUM: 64	AB_HIGH_THREAD_NUM: 16	AB_SIZE: 524288	AB_MIN_NUM: 32768	AB_PRT: 0.900000	AB_DNR	DAHA	DAHA_REAR	DAHA_QUANTILE: 0.990000	DAHA_SYMB_THRES: 6000000	DAHA_NUMC_THRES: 800000	DN_MIN: 256	GUD_ALPHA: 0.500000	GUD_MIN: 256	HYB_THRES: 0.950000
[0;36m0th run	init_time: 0.016794462	symb_time: 0.030767362	mgmt_time: 0.002423809	numc_time: 0.059933011	total_time: 0.109918644
[0m
[0;36m1th run	init_time: 0.006353101	symb_time: 0.028441543	mgmt_time: 0.000368669	numc_time: 0.059851867	total_time: 0.095015180
[0m
[0;36m2th run	init_time: 0.006220221	symb_time: 0.028548267	mgmt_time: 0.000357970	numc_time: 0.060092807	total_time: 0.095219265
[0m
[0;36m3th run	init_time: 0.006257081	symb_time: 0.028366201	mgmt_time: 0.000369630	numc_time: 0.059969509	total_time: 0.094962421
[0m
[0;32mdataset: auto	num_trials: 3	thread_num: 64	numa_mask: 6	init_time: 0.006276801	symb_time: 0.028452004	mgmt_time: 0.000365423	numc_time: 0.059971394	total_time: 0.095065622	flop_cnt: 101247158	numc_perf: 1688257528.868638277	perf: 1065023884.238615751
[0mMEMORY_CONSUMPTION: auto	TOTAL_AVG: 231.80	TOTAL_PEAK: 231.80	NUMA0_AVG: 1.04	NUMA0_PEAK: 1.04	NUMA1_AVG: 134.44	NUMA1_PEAK: 134.44	NUMA2_AVG: 91.83	NUMA2_PEAK: 91.83
CONFIGURATION:	USE_HYPERTHREADING	USE_WEIGHTED_INTERLEAVING	MEM_MON	HASH_CONSTANT: 2654435761	THREAD_NUM: 64	AB_HIGH_THREAD_NUM: 16	AB_SIZE: 524288	AB_MIN_NUM: 32768	AB_PRT: 0.900000	AB_DNR	DAHA	DAHA_REAR	DAHA_QUANTILE: 0.990000	DAHA_SYMB_THRES: 6000000	DAHA_NUMC_THRES: 800000	DN_MIN: 256	GUD_ALPHA: 0.500000	GUD_MIN: 256	HYB_THRES: 0.950000
[0;36m0th run	init_time: 0.072053239	symb_time: 0.093610689	mgmt_time: 0.013340210	numc_time: 0.230510497	total_time: 0.409514635
[0m
[0;36m1th run	init_time: 0.071988146	symb_time: 0.093937021	mgmt_time: 0.012813166	numc_time: 0.229895759	total_time: 0.408634092
[0m
[0;36m2th run	init_time: 0.081656694	symb_time: 0.093822322	mgmt_time: 0.013075993	numc_time: 0.229685206	total_time: 0.418240215
[0m
[0;36m3th run	init_time: 0.068599593	symb_time: 0.094576736	mgmt_time: 0.015120712	numc_time: 0.230029176	total_time: 0.408326217
[0m
[0;32mdataset: delaunay_n23	num_trials: 3	thread_num: 64	numa_mask: 6	init_time: 0.074081478	symb_time: 0.094112026	mgmt_time: 0.013669957	numc_time: 0.229870047	total_time: 0.411733508	flop_cnt: 316961668	numc_perf: 1378873290.089856863	perf: 769822377.439341187
[0mMEMORY_CONSUMPTION: delaunay_n23	TOTAL_AVG: 1747.31	TOTAL_PEAK: 1850.05	NUMA0_AVG: 1.11	NUMA0_PEAK: 1.14	NUMA1_AVG: 1053.96	NUMA1_PEAK: 1112.39	NUMA2_AVG: 735.16	NUMA2_PEAK: 775.79
CONFIGURATION:	USE_HYPERTHREADING	USE_WEIGHTED_INTERLEAVING	MEM_MON	HASH_CONSTANT: 2654435761	THREAD_NUM: 64	AB_HIGH_THREAD_NUM: 16	AB_SIZE: 524288	AB_MIN_NUM: 32768	AB_PRT: 0.900000	AB_DNR	DAHA	DAHA_REAR	DAHA_QUANTILE: 0.990000	DAHA_SYMB_THRES: 6000000	DAHA_NUMC_THRES: 800000	DN_MIN: 256	GUD_ALPHA: 0.500000	GUD_MIN: 256	HYB_THRES: 0.950000
[0;36m0th run	init_time: 0.042514156	symb_time: 0.195398737	mgmt_time: 0.011679375	numc_time: 1.153179360	total_time: 1.402771628
[0m
[0;36m1th run	init_time: 0.028318294	symb_time: 0.195183818	mgmt_time: 0.011523489	numc_time: 1.176424431	total_time: 1.411450032
[0m
[0;36m2th run	init_time: 0.028052823	symb_time: 0.195175602	mgmt_time: 0.011559957	numc_time: 1.174831181	total_time: 1.409619563
[0m
[0;36m3th run	init_time: 0.028857725	symb_time: 0.195270223	mgmt_time: 0.011594673	numc_time: 1.170374497	total_time: 1.406097118
[0m
[0;32mdataset: nv2	num_trials: 3	thread_num: 64	numa_mask: 6	init_time: 0.028409614	symb_time: 0.195209881	mgmt_time: 0.011559373	numc_time: 1.173876703	total_time: 1.409055571	flop_cnt: 1270061806	numc_perf: 1081937994.641333103	perf: 901356789.710318685
[0mMEMORY_CONSUMPTION: nv2	TOTAL_AVG: 3307.66	TOTAL_PEAK: 5348.93	NUMA0_AVG: 1.14	NUMA0_PEAK: 1.15	NUMA1_AVG: 2006.07	NUMA1_PEAK: 3277.59	NUMA2_AVG: 1401.17	NUMA2_PEAK: 2290.60
CONFIGURATION:	USE_HYPERTHREADING	USE_WEIGHTED_INTERLEAVING	MEM_MON	HASH_CONSTANT: 2654435761	THREAD_NUM: 64	AB_HIGH_THREAD_NUM: 16	AB_SIZE: 524288	AB_MIN_NUM: 32768	AB_PRT: 0.900000	AB_DNR	DAHA	DAHA_REAR	DAHA_QUANTILE: 0.990000	DAHA_SYMB_THRES: 6000000	DAHA_NUMC_THRES: 800000	DN_MIN: 256	GUD_ALPHA: 0.500000	GUD_MIN: 256	HYB_THRES: 0.950000
[0;36m0th run	init_time: 0.029757453	symb_time: 0.024991602	mgmt_time: 0.011431688	numc_time: 0.058275431	total_time: 0.124456174
[0m
[0;36m1th run	init_time: 0.022614068	symb_time: 0.025402080	mgmt_time: 0.011294254	numc_time: 0.056422856	total_time: 0.115733258
[0m
[0;36m2th run	init_time: 0.022570804	symb_time: 0.025441184	mgmt_time: 0.011700528	numc_time: 0.056934038	total_time: 0.116646554
[0m
[0;36m3th run	init_time: 0.022564852	symb_time: 0.025466253	mgmt_time: 0.011735142	numc_time: 0.057375858	total_time: 0.117142105
[0m
[0;32mdataset: Freescale1	num_trials: 3	thread_num: 64	numa_mask: 6	init_time: 0.022583241	symb_time: 0.025436506	mgmt_time: 0.011576641	numc_time: 0.056910917	total_time: 0.116507306	flop_cnt: 90325256	numc_perf: 1587134072.553343296	perf: 775275468.633916855
[0mMEMORY_CONSUMPTION: Freescale1	TOTAL_AVG: 856.57	TOTAL_PEAK: 1120.12	NUMA0_AVG: 1.08	NUMA0_PEAK: 1.14	NUMA1_AVG: 442.90	NUMA1_PEAK: 531.06	NUMA2_AVG: 307.67	NUMA2_PEAK: 369.16
CONFIGURATION:	USE_HYPERTHREADING	USE_WEIGHTED_INTERLEAVING	MEM_MON	HASH_CONSTANT: 2654435761	THREAD_NUM: 64	AB_HIGH_THREAD_NUM: 16	AB_SIZE: 524288	AB_MIN_NUM: 32768	AB_PRT: 0.900000	AB_DNR	DAHA	DAHA_REAR	DAHA_QUANTILE: 0.990000	DAHA_SYMB_THRES: 6000000	DAHA_NUMC_THRES: 800000	DN_MIN: 256	GUD_ALPHA: 0.500000	GUD_MIN: 256	HYB_THRES: 0.950000
[0;36m0th run	init_time: 0.025268956	symb_time: 0.124446399	mgmt_time: 0.011600740	numc_time: 0.592951727	total_time: 0.754267822
[0m
[0;36m1th run	init_time: 0.013787286	symb_time: 0.124212324	mgmt_time: 0.011400143	numc_time: 0.581109012	total_time: 0.730508765
[0m
[0;36m2th run	init_time: 0.013891000	symb_time: 0.123909591	mgmt_time: 0.011416556	numc_time: 0.581405607	total_time: 0.730622754
[0m
[0;36m3th run	init_time: 0.013926639	symb_time: 0.123896560	mgmt_time: 0.011322393	numc_time: 0.582829967	total_time: 0.731975559
[0m
[0;32mdataset: dgreen	num_trials: 3	thread_num: 64	numa_mask: 6	init_time: 0.013868308	symb_time: 0.124006158	mgmt_time: 0.011379697	numc_time: 0.581781529	total_time: 0.731035693	flop_cnt: 823556881	numc_perf: 1415577567.213996649	perf: 1126561793.441076994
[0mMEMORY_CONSUMPTION: dgreen	TOTAL_AVG: 2222.21	TOTAL_PEAK: 3109.04	NUMA0_AVG: 1.15	NUMA0_PEAK: 1.18	NUMA1_AVG: 1575.83	NUMA1_PEAK: 2167.95	NUMA2_AVG: 1096.12	NUMA2_PEAK: 1510.64
CONFIGURATION:	USE_HYPERTHREADING	USE_WEIGHTED_INTERLEAVING	MEM_MON	HASH_CONSTANT: 2654435761	THREAD_NUM: 64	AB_HIGH_THREAD_NUM: 16	AB_SIZE: 524288	AB_MIN_NUM: 32768	AB_PRT: 0.900000	AB_DNR	DAHA	DAHA_REAR	DAHA_QUANTILE: 0.990000	DAHA_SYMB_THRES: 6000000	DAHA_NUMC_THRES: 800000	DN_MIN: 256	GUD_ALPHA: 0.500000	GUD_MIN: 256	HYB_THRES: 0.950000
[0;36m0th run	init_time: 0.025769335	symb_time: 0.121228437	mgmt_time: 0.011029805	numc_time: 0.365569551	total_time: 0.523597128
[0m
[0;36m1th run	init_time: 0.010354851	symb_time: 0.120250043	mgmt_time: 0.011175406	numc_time: 0.366342008	total_time: 0.508122308
[0m
[0;36m2th run	init_time: 0.010509890	symb_time: 0.120650397	mgmt_time: 0.011210678	numc_time: 0.387155063	total_time: 0.529526028
[0m
[0;36m3th run	init_time: 0.010355603	symb_time: 0.120810446	mgmt_time: 0.011023939	numc_time: 0.387870222	total_time: 0.530060210
[0m
[0;32mdataset: gsm_106857	num_trials: 3	thread_num: 64	numa_mask: 6	init_time: 0.010406781	symb_time: 0.120570295	mgmt_time: 0.011136674	numc_time: 0.380455764	total_time: 0.522569515	flop_cnt: 947250936	numc_perf: 2489779429.836877346	perf: 1812679286.115214109
[0mMEMORY_CONSUMPTION: gsm_106857	TOTAL_AVG: 1921.79	TOTAL_PEAK: 2690.80	NUMA0_AVG: 1.12	NUMA0_PEAK: 1.14	NUMA1_AVG: 996.11	NUMA1_PEAK: 1586.86	NUMA2_AVG: 694.78	NUMA2_PEAK: 1108.21
CONFIGURATION:	USE_HYPERTHREADING	USE_WEIGHTED_INTERLEAVING	MEM_MON	HASH_CONSTANT: 2654435761	THREAD_NUM: 64	AB_HIGH_THREAD_NUM: 16	AB_SIZE: 524288	AB_MIN_NUM: 32768	AB_PRT: 0.900000	AB_DNR	DAHA	DAHA_REAR	DAHA_QUANTILE: 0.990000	DAHA_SYMB_THRES: 6000000	DAHA_NUMC_THRES: 800000	DN_MIN: 256	GUD_ALPHA: 0.500000	GUD_MIN: 256	HYB_THRES: 0.950000
[0;36m0th run	init_time: 0.020049487	symb_time: 0.038967599	mgmt_time: 0.011055212	numc_time: 0.084048719	total_time: 0.154121017
[0m
[0;36m1th run	init_time: 0.008390718	symb_time: 0.036755072	mgmt_time: 0.010846324	numc_time: 0.084489272	total_time: 0.140481386
[0m
[0;36m2th run	init_time: 0.008546979	symb_time: 0.036804764	mgmt_time: 0.010947002	numc_time: 0.084323731	total_time: 0.140622476
[0m
[0;36m3th run	init_time: 0.008438634	symb_time: 0.036859015	mgmt_time: 0.010999889	numc_time: 0.084743874	total_time: 0.141041412
[0m
[0;32mdataset: amazon-2008	num_trials: 3	thread_num: 64	numa_mask: 6	init_time: 0.008458777	symb_time: 0.036806284	mgmt_time: 0.010931072	numc_time: 0.084518959	total_time: 0.140715091	flop_cnt: 218165528	numc_perf: 2581261418.517944336	perf: 1550406043.394436359
[0mMEMORY_CONSUMPTION: amazon-2008	TOTAL_AVG: 563.62	TOTAL_PEAK: 794.10	NUMA0_AVG: 1.10	NUMA0_PEAK: 1.16	NUMA1_AVG: 203.43	NUMA1_PEAK: 204.88	NUMA2_AVG: 139.91	NUMA2_PEAK: 141.02
CONFIGURATION:	USE_HYPERTHREADING	USE_WEIGHTED_INTERLEAVING	MEM_MON	HASH_CONSTANT: 2654435761	THREAD_NUM: 64	AB_HIGH_THREAD_NUM: 16	AB_SIZE: 524288	AB_MIN_NUM: 32768	AB_PRT: 0.900000	AB_DNR	DAHA	DAHA_REAR	DAHA_QUANTILE: 0.990000	DAHA_SYMB_THRES: 6000000	DAHA_NUMC_THRES: 800000	DN_MIN: 256	GUD_ALPHA: 0.500000	GUD_MIN: 256	HYB_THRES: 0.950000
[0;36m0th run	init_time: 0.014369512	symb_time: 0.086971672	mgmt_time: 0.011983958	numc_time: 0.840950853	total_time: 0.954275995
[0m
[0;36m1th run	init_time: 0.009361118	symb_time: 0.084881308	mgmt_time: 0.012078652	numc_time: 0.819830315	total_time: 0.926151393
[0m
[0;36m2th run	init_time: 0.009595087	symb_time: 0.084395829	mgmt_time: 0.012211294	numc_time: 0.820837415	total_time: 0.927039625
[0m
[0;36m3th run	init_time: 0.009393117	symb_time: 0.084641071	mgmt_time: 0.012142340	numc_time: 0.824480885	total_time: 0.930657413
[0m
[0;32mdataset: webbase-1M	num_trials: 3	thread_num: 64	numa_mask: 6	init_time: 0.009449774	symb_time: 0.084639403	mgmt_time: 0.012144095	numc_time: 0.821716205	total_time: 0.927949477	flop_cnt: 1369780052	numc_perf: 1666974611.995147467	perf: 1476136455.648867130
[0mMEMORY_CONSUMPTION: webbase-1M	TOTAL_AVG: 5751.82	TOTAL_PEAK: 11921.94	NUMA0_AVG: 1.16	NUMA0_PEAK: 1.18	NUMA1_AVG: 4728.89	NUMA1_PEAK: 10842.20	NUMA2_AVG: 3303.20	NUMA2_PEAK: 7581.91
CONFIGURATION:	USE_HYPERTHREADING	USE_WEIGHTED_INTERLEAVING	MEM_MON	HASH_CONSTANT: 2654435761	THREAD_NUM: 64	AB_HIGH_THREAD_NUM: 16	AB_SIZE: 524288	AB_MIN_NUM: 32768	AB_PRT: 0.900000	AB_DNR	DAHA	DAHA_REAR	DAHA_QUANTILE: 0.990000	DAHA_SYMB_THRES: 6000000	DAHA_NUMC_THRES: 800000	DN_MIN: 256	GUD_ALPHA: 0.500000	GUD_MIN: 256	HYB_THRES: 0.950000
[0;36m0th run	init_time: 0.060948051	symb_time: 0.449545937	mgmt_time: 0.018709151	numc_time: 2.056225578	total_time: 2.585428717
[0m
[0;36m1th run	init_time: 0.059320756	symb_time: 0.451158326	mgmt_time: 0.018781346	numc_time: 1.963405439	total_time: 2.492665867
[0m
[0;36m2th run	init_time: 0.058868742	symb_time: 0.451244342	mgmt_time: 0.018784198	numc_time: 1.965341068	total_time: 2.494238350
[0m
[0;36m3th run	init_time: 0.061811272	symb_time: 0.449278867	mgmt_time: 0.019083779	numc_time: 2.077579099	total_time: 2.607753017
[0m
[0;32mdataset: rel9	num_trials: 3	thread_num: 64	numa_mask: 6	init_time: 0.060000257	symb_time: 0.450560512	mgmt_time: 0.018883108	numc_time: 2.002108535	total_time: 2.531552411	flop_cnt: 2099952367	numc_perf: 1048870393.357758880	perf: 829511708.941465139
[0mMEMORY_CONSUMPTION: rel9	TOTAL_AVG: 10325.50	TOTAL_PEAK: 30364.32	NUMA0_AVG: 1.17	NUMA0_PEAK: 1.18	NUMA1_AVG: 5045.58	NUMA1_PEAK: 17201.92	NUMA2_AVG: 3528.17	NUMA2_PEAK: 12037.55
CONFIGURATION:	USE_HYPERTHREADING	USE_WEIGHTED_INTERLEAVING	MEM_MON	HASH_CONSTANT: 2654435761	THREAD_NUM: 64	AB_HIGH_THREAD_NUM: 16	AB_SIZE: 524288	AB_MIN_NUM: 32768	AB_PRT: 0.900000	AB_DNR	DAHA	DAHA_REAR	DAHA_QUANTILE: 0.990000	DAHA_SYMB_THRES: 6000000	DAHA_NUMC_THRES: 800000	DN_MIN: 256	GUD_ALPHA: 0.500000	GUD_MIN: 256	HYB_THRES: 0.950000
[0;36m0th run	init_time: 0.032567049	symb_time: 0.087678232	mgmt_time: 0.013310156	numc_time: 0.287000372	total_time: 0.420555809
[0m
[0;36m1th run	init_time: 0.028222797	symb_time: 0.089654239	mgmt_time: 0.013690973	numc_time: 0.284968326	total_time: 0.416536335
[0m
[0;36m2th run	init_time: 0.028140556	symb_time: 0.087848197	mgmt_time: 0.022472349	numc_time: 0.286067734	total_time: 0.424528836
[0m
[0;36m3th run	init_time: 0.028118812	symb_time: 0.088160540	mgmt_time: 0.013211207	numc_time: 0.290334081	total_time: 0.419824640
[0m
[0;32mdataset: patents	num_trials: 3	thread_num: 64	numa_mask: 6	init_time: 0.028160722	symb_time: 0.088554325	mgmt_time: 0.016458176	numc_time: 0.287123380	total_time: 0.420296604	flop_cnt: 178292053	numc_perf: 620959717.014383912	perf: 424205314.638711154
[0mMEMORY_CONSUMPTION: patents	TOTAL_AVG: 738.42	TOTAL_PEAK: 1215.11	NUMA0_AVG: 1.16	NUMA0_PEAK: 1.19	NUMA1_AVG: 504.58	NUMA1_PEAK: 944.80	NUMA2_AVG: 350.86	NUMA2_PEAK: 659.59
CONFIGURATION:	USE_HYPERTHREADING	USE_WEIGHTED_INTERLEAVING	MEM_MON	HASH_CONSTANT: 2654435761	THREAD_NUM: 64	AB_HIGH_THREAD_NUM: 16	AB_SIZE: 524288	AB_MIN_NUM: 32768	AB_PRT: 0.900000	AB_DNR	DAHA	DAHA_REAR	DAHA_QUANTILE: 0.990000	DAHA_SYMB_THRES: 6000000	DAHA_NUMC_THRES: 800000	DN_MIN: 256	GUD_ALPHA: 0.500000	GUD_MIN: 256	HYB_THRES: 0.950000
[0;36m0th run	init_time: 0.038703609	symb_time: 0.109039699	mgmt_time: 0.013622298	numc_time: 0.359261947	total_time: 0.520627553
[0m
[0;36m1th run	init_time: 0.029462874	symb_time: 0.108557340	mgmt_time: 0.013528762	numc_time: 0.382157204	total_time: 0.533706180
[0m
[0;36m2th run	init_time: 0.029397130	symb_time: 0.108711828	mgmt_time: 0.013344397	numc_time: 0.377820994	total_time: 0.529274349
[0m
[0;36m3th run	init_time: 0.029509742	symb_time: 0.108808435	mgmt_time: 0.013488345	numc_time: 0.377206618	total_time: 0.529013140
[0m
[0;32mdataset: cit-Patents	num_trials: 3	thread_num: 64	numa_mask: 6	init_time: 0.029456582	symb_time: 0.108692534	mgmt_time: 0.013453835	numc_time: 0.379061605	total_time: 0.530664556	flop_cnt: 239453700	numc_perf: 631701276.602342486	perf: 451233641.181018949
[0mMEMORY_CONSUMPTION: cit-Patents	TOTAL_AVG: 2278.46	TOTAL_PEAK: 2830.18	NUMA0_AVG: 1.14	NUMA0_PEAK: 1.16	NUMA1_AVG: 1395.66	NUMA1_PEAK: 1873.39	NUMA2_AVG: 974.42	NUMA2_PEAK: 1308.75
CONFIGURATION:	USE_HYPERTHREADING	USE_WEIGHTED_INTERLEAVING	MEM_MON	HASH_CONSTANT: 2654435761	THREAD_NUM: 64	AB_HIGH_THREAD_NUM: 16	AB_SIZE: 524288	AB_MIN_NUM: 32768	AB_PRT: 0.900000	AB_DNR	DAHA	DAHA_REAR	DAHA_QUANTILE: 0.990000	DAHA_SYMB_THRES: 6000000	DAHA_NUMC_THRES: 800000	DN_MIN: 256	GUD_ALPHA: 0.500000	GUD_MIN: 256	HYB_THRES: 0.950000
[0;36m0th run	init_time: 0.014310423	symb_time: 0.049039772	mgmt_time: 0.011005677	numc_time: 0.253029692	total_time: 0.327385564
[0m
[0;36m1th run	init_time: 0.005456472	symb_time: 0.049277779	mgmt_time: 0.013034767	numc_time: 0.252571020	total_time: 0.320340038
[0m
[0;36m2th run	init_time: 0.005878631	symb_time: 0.051301165	mgmt_time: 0.012963367	numc_time: 0.252866961	total_time: 0.323010124
[0m
[0;36m3th run	init_time: 0.005473759	symb_time: 0.049765466	mgmt_time: 0.013144856	numc_time: 0.252749806	total_time: 0.321133887
[0m
[0;32mdataset: web-NotreDame	num_trials: 3	thread_num: 64	numa_mask: 6	init_time: 0.005602954	symb_time: 0.050114803	mgmt_time: 0.013047663	numc_time: 0.252729262	total_time: 0.321494683	flop_cnt: 503567738	numc_perf: 1992518528.922175884	perf: 1566333020.817019224
[0mMEMORY_CONSUMPTION: web-NotreDame	TOTAL_AVG: 65.59	TOTAL_PEAK: 79.45	NUMA0_AVG: 1.12	NUMA0_PEAK: 1.15	NUMA1_AVG: 62.54	NUMA1_PEAK: 67.61	NUMA2_AVG: 31.60	NUMA2_PEAK: 34.36
