CONFIGURATION:	USE_HYPERTHREADING	USE_WEIGHTED_INTERLEAVING	HASH_CONSTANT: 2654435761	THREAD_NUM: 64	AB_HIGH_THREAD_NUM: 16	AB_SIZE: 524288	AB_MIN_NUM: 32768	AB_PRT: 0.900000	AB_DNR	DAHA	DAHA_REAR	DAHA_QUANTILE: 0.990000	DAHA_SYMB_THRES: 6000000	DAHA_NUMC_THRES: 800000	DN_MIN: 256	GUD_ALPHA: 0.500000	GUD_MIN: 256	HYB_THRES: 0.950000
ch7-9-b5	423360	317520	2540160	18204480	20321280	1.116279
CONFIGURATION:	USE_HYPERTHREADING	USE_WEIGHTED_INTERLEAVING	HASH_CONSTANT: 2654435761	THREAD_NUM: 64	AB_HIGH_THREAD_NUM: 16	AB_SIZE: 524288	AB_MIN_NUM: 32768	AB_PRT: 0.900000	AB_DNR	DAHA	DAHA_REAR	DAHA_QUANTILE: 0.990000	DAHA_SYMB_THRES: 6000000	DAHA_NUMC_THRES: 800000	DN_MIN: 256	GUD_ALPHA: 0.500000	GUD_MIN: 256	HYB_THRES: 0.950000
333SP	3712815	3712815	22217266	71961733	134781510	1.872961
CONFIGURATION:	USE_HYPERTHREADING	USE_WEIGHTED_INTERLEAVING	HASH_CONSTANT: 2654435761	THREAD_NUM: 64	AB_HIGH_THREAD_NUM: 16	AB_SIZE: 524288	AB_MIN_NUM: 32768	AB_PRT: 0.900000	AB_DNR	DAHA	DAHA_REAR	DAHA_QUANTILE: 0.990000	DAHA_SYMB_THRES: 6000000	DAHA_NUMC_THRES: 800000	DN_MIN: 256	GUD_ALPHA: 0.500000	GUD_MIN: 256	HYB_THRES: 0.950000
GL7d16	955128	460261	14488881	492046995	515644137	1.047957
CONFIGURATION:	USE_HYPERTHREADING	USE_WEIGHTED_INTERLEAVING	HASH_CONSTANT: 2654435761	THREAD_NUM: 64	AB_HIGH_THREAD_NUM: 16	AB_SIZE: 524288	AB_MIN_NUM: 32768	AB_PRT: 0.900000	AB_DNR	DAHA	DAHA_REAR	DAHA_QUANTILE: 0.990000	DAHA_SYMB_THRES: 6000000	DAHA_NUMC_THRES: 800000	DN_MIN: 256	GUD_ALPHA: 0.500000	GUD_MIN: 256	HYB_THRES: 0.950000
auto	448695	448695	6629222	33050793	101247158	3.063381
CONFIGURATION:	USE_HYPERTHREADING	USE_WEIGHTED_INTERLEAVING	HASH_CONSTANT: 2654435761	THREAD_NUM: 64	AB_HIGH_THREAD_NUM: 16	AB_SIZE: 524288	AB_MIN_NUM: 32768	AB_PRT: 0.900000	AB_DNR	DAHA	DAHA_REAR	DAHA_QUANTILE: 0.990000	DAHA_SYMB_THRES: 6000000	DAHA_NUMC_THRES: 800000	DN_MIN: 256	GUD_ALPHA: 0.500000	GUD_MIN: 256	HYB_THRES: 0.950000
delaunay_n23	8388608	8388608	50331568	173665202	316961668	1.825131
CONFIGURATION:	USE_HYPERTHREADING	USE_WEIGHTED_INTERLEAVING	HASH_CONSTANT: 2654435761	THREAD_NUM: 64	AB_HIGH_THREAD_NUM: 16	AB_SIZE: 524288	AB_MIN_NUM: 32768	AB_PRT: 0.900000	AB_DNR	DAHA	DAHA_REAR	DAHA_QUANTILE: 0.990000	DAHA_SYMB_THRES: 6000000	DAHA_NUMC_THRES: 800000	DN_MIN: 256	GUD_ALPHA: 0.500000	GUD_MIN: 256	HYB_THRES: 0.950000
nv2	1453908	1453908	37475646	292137360	1270061806	4.347482
CONFIGURATION:	USE_HYPERTHREADING	USE_WEIGHTED_INTERLEAVING	HASH_CONSTANT: 2654435761	THREAD_NUM: 64	AB_HIGH_THREAD_NUM: 16	AB_SIZE: 524288	AB_MIN_NUM: 32768	AB_PRT: 0.900000	AB_DNR	DAHA	DAHA_REAR	DAHA_QUANTILE: 0.990000	DAHA_SYMB_THRES: 6000000	DAHA_NUMC_THRES: 800000	DN_MIN: 256	GUD_ALPHA: 0.500000	GUD_MIN: 256	HYB_THRES: 0.950000
Freescale1	3428755	3428755	17052626	38305515	90325256	2.358022
CONFIGURATION:	USE_HYPERTHREADING	USE_WEIGHTED_INTERLEAVING	HASH_CONSTANT: 2654435761	THREAD_NUM: 64	AB_HIGH_THREAD_NUM: 16	AB_SIZE: 524288	AB_MIN_NUM: 32768	AB_PRT: 0.900000	AB_DNR	DAHA	DAHA_REAR	DAHA_QUANTILE: 0.990000	DAHA_SYMB_THRES: 6000000	DAHA_NUMC_THRES: 800000	DN_MIN: 256	GUD_ALPHA: 0.500000	GUD_MIN: 256	HYB_THRES: 0.950000
dgreen	1200611	1200611	26606169	195882129	823556881	4.204349
CONFIGURATION:	USE_HYPERTHREADING	USE_WEIGHTED_INTERLEAVING	HASH_CONSTANT: 2654435761	THREAD_NUM: 64	AB_HIGH_THREAD_NUM: 16	AB_SIZE: 524288	AB_MIN_NUM: 32768	AB_PRT: 0.900000	AB_DNR	DAHA	DAHA_REAR	DAHA_QUANTILE: 0.990000	DAHA_SYMB_THRES: 6000000	DAHA_NUMC_THRES: 800000	DN_MIN: 256	GUD_ALPHA: 0.500000	GUD_MIN: 256	HYB_THRES: 0.950000
gsm_106857	589446	589446	21758924	132397052	947250936	7.154623
CONFIGURATION:	USE_HYPERTHREADING	USE_WEIGHTED_INTERLEAVING	HASH_CONSTANT: 2654435761	THREAD_NUM: 64	AB_HIGH_THREAD_NUM: 16	AB_SIZE: 524288	AB_MIN_NUM: 32768	AB_PRT: 0.900000	AB_DNR	DAHA	DAHA_REAR	DAHA_QUANTILE: 0.990000	DAHA_SYMB_THRES: 6000000	DAHA_NUMC_THRES: 800000	DN_MIN: 256	GUD_ALPHA: 0.500000	GUD_MIN: 256	HYB_THRES: 0.950000
amazon-2008	735323	735323	10316776	63151895	218165528	3.454616
CONFIGURATION:	USE_HYPERTHREADING	USE_WEIGHTED_INTERLEAVING	HASH_CONSTANT: 2654435761	THREAD_NUM: 64	AB_HIGH_THREAD_NUM: 16	AB_SIZE: 524288	AB_MIN_NUM: 32768	AB_PRT: 0.900000	AB_DNR	DAHA	DAHA_REAR	DAHA_QUANTILE: 0.990000	DAHA_SYMB_THRES: 6000000	DAHA_NUMC_THRES: 800000	DN_MIN: 256	GUD_ALPHA: 0.500000	GUD_MIN: 256	HYB_THRES: 0.950000
webbase-1M	1000005	1000005	3105536	1307628897	1369780052	1.047530
CONFIGURATION:	USE_HYPERTHREADING	USE_WEIGHTED_INTERLEAVING	HASH_CONSTANT: 2654435761	THREAD_NUM: 64	AB_HIGH_THREAD_NUM: 16	AB_SIZE: 524288	AB_MIN_NUM: 32768	AB_PRT: 0.900000	AB_DNR	DAHA	DAHA_REAR	DAHA_QUANTILE: 0.990000	DAHA_SYMB_THRES: 6000000	DAHA_NUMC_THRES: 800000	DN_MIN: 256	GUD_ALPHA: 0.500000	GUD_MIN: 256	HYB_THRES: 0.950000
rel9	9888048	274669	23667183	2038738224	2099952367	1.030026
CONFIGURATION:	USE_HYPERTHREADING	USE_WEIGHTED_INTERLEAVING	HASH_CONSTANT: 2654435761	THREAD_NUM: 64	AB_HIGH_THREAD_NUM: 16	AB_SIZE: 524288	AB_MIN_NUM: 32768	AB_PRT: 0.900000	AB_DNR	DAHA	DAHA_REAR	DAHA_QUANTILE: 0.990000	DAHA_SYMB_THRES: 6000000	DAHA_NUMC_THRES: 800000	DN_MIN: 256	GUD_ALPHA: 0.500000	GUD_MIN: 256	HYB_THRES: 0.950000
patents	3774768	3774768	14970767	132111955	178292053	1.349553
CONFIGURATION:	USE_HYPERTHREADING	USE_WEIGHTED_INTERLEAVING	HASH_CONSTANT: 2654435761	THREAD_NUM: 64	AB_HIGH_THREAD_NUM: 16	AB_SIZE: 524288	AB_MIN_NUM: 32768	AB_PRT: 0.900000	AB_DNR	DAHA	DAHA_REAR	DAHA_QUANTILE: 0.990000	DAHA_SYMB_THRES: 6000000	DAHA_NUMC_THRES: 800000	DN_MIN: 256	GUD_ALPHA: 0.500000	GUD_MIN: 256	HYB_THRES: 0.950000
cit-Patents	3774768	3774768	16518948	162348293	239453700	1.474938
CONFIGURATION:	USE_HYPERTHREADING	USE_WEIGHTED_INTERLEAVING	HASH_CONSTANT: 2654435761	THREAD_NUM: 64	AB_HIGH_THREAD_NUM: 16	AB_SIZE: 524288	AB_MIN_NUM: 32768	AB_PRT: 0.900000	AB_DNR	DAHA	DAHA_REAR	DAHA_QUANTILE: 0.990000	DAHA_SYMB_THRES: 6000000	DAHA_NUMC_THRES: 800000	DN_MIN: 256	GUD_ALPHA: 0.500000	GUD_MIN: 256	HYB_THRES: 0.950000
web-NotreDame	325729	325729	1497134	293192495	503567738	1.717533
