CONFIGURATION:	USE_HYPERTHREADING	USE_WEIGHTED_INTERLEAVING	HASH_CONSTANT: 2654435761	THREAD_NUM: 64	AB_HIGH_THREAD_NUM: 22	AB_SIZE: 524288	AB_MIN_NUM: 32768	AB_LPT	AB_DNR	DAHA	DAHA_REAR	DAHA_QUANTILE: 0.990000	DAHA_SYMB_THRES: 5000000	DAHA_NUMC_THRES: 450000	DN_MIN: 256	GUD_ALPHA: 0.500000	GUD_MIN: 256	HYB_THRES: 0.950000
[0;36m0th run	init_time: 0.006167742	symb_time: 0.035188331	mgmt_time: 0.000266003	numc_time: 0.022676102	total_time: 0.064298178
[0m
[0;36m1th run	init_time: 0.004217480	symb_time: 0.035458391	mgmt_time: 0.000269499	numc_time: 0.023864163	total_time: 0.063809533
[0m
[0;36m2th run	init_time: 0.004315086	symb_time: 0.035637056	mgmt_time: 0.000277943	numc_time: 0.024311760	total_time: 0.064541845
[0m
[0;36m3th run	init_time: 0.004257844	symb_time: 0.035599233	mgmt_time: 0.000268592	numc_time: 0.024361735	total_time: 0.064487404
[0m
[0;36m4th run	init_time: 0.004247985	symb_time: 0.035632197	mgmt_time: 0.000260283	numc_time: 0.024221943	total_time: 0.064362408
[0m
[0;32mdataset: g500_17_1	num_trials: 4	thread_num: 64	numa_mask: 6	init_time: 0.004259599	symb_time: 0.035581719	mgmt_time: 0.000269079	numc_time: 0.024189900	total_time: 0.064300298	flop_cnt: 26545040	numc_perf: 1097360457.284233809	perf: 412829194.141753376
[0mCONFIGURATION:	USE_HYPERTHREADING	USE_WEIGHTED_INTERLEAVING	HASH_CONSTANT: 2654435761	THREAD_NUM: 64	AB_HIGH_THREAD_NUM: 22	AB_SIZE: 524288	AB_MIN_NUM: 32768	AB_LPT	AB_DNR	DAHA	DAHA_REAR	DAHA_QUANTILE: 0.990000	DAHA_SYMB_THRES: 5000000	DAHA_NUMC_THRES: 450000	DN_MIN: 256	GUD_ALPHA: 0.500000	GUD_MIN: 256	HYB_THRES: 0.950000
[0;36m0th run	init_time: 0.006255440	symb_time: 0.075337540	mgmt_time: 0.010490467	numc_time: 0.093718346	total_time: 0.185801793
[0m
[0;36m1th run	init_time: 0.004446376	symb_time: 0.076056350	mgmt_time: 0.010618755	numc_time: 0.090939008	total_time: 0.182060489
[0m
[0;36m2th run	init_time: 0.004408209	symb_time: 0.076207765	mgmt_time: 0.010739381	numc_time: 0.093329056	total_time: 0.184684411
[0m
[0;36m3th run	init_time: 0.004470907	symb_time: 0.075712783	mgmt_time: 0.010564139	numc_time: 0.091357726	total_time: 0.182105555
[0m
[0;36m4th run	init_time: 0.004459902	symb_time: 0.075647725	mgmt_time: 0.010658350	numc_time: 0.092990104	total_time: 0.183756081
[0m
[0;32mdataset: g500_17_2	num_trials: 4	thread_num: 64	numa_mask: 6	init_time: 0.004446349	symb_time: 0.075906156	mgmt_time: 0.010645156	numc_time: 0.092153973	total_time: 0.183151634	flop_cnt: 99289164	numc_perf: 1077426834.991548061	perf: 542114541.003767371
[0mCONFIGURATION:	USE_HYPERTHREADING	USE_WEIGHTED_INTERLEAVING	HASH_CONSTANT: 2654435761	THREAD_NUM: 64	AB_HIGH_THREAD_NUM: 22	AB_SIZE: 524288	AB_MIN_NUM: 32768	AB_LPT	AB_DNR	DAHA	DAHA_REAR	DAHA_QUANTILE: 0.990000	DAHA_SYMB_THRES: 5000000	DAHA_NUMC_THRES: 450000	DN_MIN: 256	GUD_ALPHA: 0.500000	GUD_MIN: 256	HYB_THRES: 0.950000
[0;36m0th run	init_time: 0.006422178	symb_time: 0.146214839	mgmt_time: 0.011145376	numc_time: 0.390398090	total_time: 0.554180483
[0m
[0;36m1th run	init_time: 0.134987391	symb_time: 0.144992572	mgmt_time: 0.011235441	numc_time: 0.391357828	total_time: 0.682573232
[0m
[0;36m2th run	init_time: 0.134429594	symb_time: 0.145250703	mgmt_time: 0.011060690	numc_time: 0.393029593	total_time: 0.683770580
[0m
[0;36m3th run	init_time: 0.135025703	symb_time: 0.145827468	mgmt_time: 0.011292222	numc_time: 0.392544670	total_time: 0.684690063
[0m
[0;36m4th run	init_time: 0.136439218	symb_time: 0.145508961	mgmt_time: 0.011099186	numc_time: 0.392373148	total_time: 0.685420513
[0m
[0;32mdataset: g500_17_4	num_trials: 4	thread_num: 64	numa_mask: 6	init_time: 0.135220476	symb_time: 0.145394926	mgmt_time: 0.011171885	numc_time: 0.392326310	total_time: 0.684113597	flop_cnt: 358726446	numc_perf: 914357352.757171273	perf: 524366782.904331028
[0mCONFIGURATION:	USE_HYPERTHREADING	USE_WEIGHTED_INTERLEAVING	HASH_CONSTANT: 2654435761	THREAD_NUM: 64	AB_HIGH_THREAD_NUM: 22	AB_SIZE: 524288	AB_MIN_NUM: 32768	AB_LPT	AB_DNR	DAHA	DAHA_REAR	DAHA_QUANTILE: 0.990000	DAHA_SYMB_THRES: 5000000	DAHA_NUMC_THRES: 450000	DN_MIN: 256	GUD_ALPHA: 0.500000	GUD_MIN: 256	HYB_THRES: 0.950000
[0;36m0th run	init_time: 0.006598406	symb_time: 0.288414836	mgmt_time: 0.011680889	numc_time: 2.470803899	total_time: 2.777498030
[0m
[0;36m1th run	init_time: 0.136750256	symb_time: 0.304306908	mgmt_time: 0.011498197	numc_time: 2.468814053	total_time: 2.921369414
[0m
[0;36m2th run	init_time: 0.135815014	symb_time: 0.295541477	mgmt_time: 0.011521107	numc_time: 2.466515175	total_time: 2.909392773
[0m
[0;36m3th run	init_time: 0.135216372	symb_time: 0.293655375	mgmt_time: 0.011557103	numc_time: 2.462698221	total_time: 2.903127071
[0m
[0;36m4th run	init_time: 0.134912312	symb_time: 0.293516914	mgmt_time: 0.011474589	numc_time: 2.470228776	total_time: 2.910132591
[0m
[0;32mdataset: g500_17_8	num_trials: 4	thread_num: 64	numa_mask: 6	init_time: 0.135673488	symb_time: 0.296755168	mgmt_time: 0.011512749	numc_time: 2.467064056	total_time: 2.911005462	flop_cnt: 1245326524	numc_perf: 504780782.179173708	perf: 427799445.981613278
[0mCONFIGURATION:	USE_HYPERTHREADING	USE_WEIGHTED_INTERLEAVING	HASH_CONSTANT: 2654435761	THREAD_NUM: 64	AB_HIGH_THREAD_NUM: 22	AB_SIZE: 524288	AB_MIN_NUM: 32768	AB_LPT	AB_DNR	DAHA	DAHA_REAR	DAHA_QUANTILE: 0.990000	DAHA_SYMB_THRES: 5000000	DAHA_NUMC_THRES: 450000	DN_MIN: 256	GUD_ALPHA: 0.500000	GUD_MIN: 256	HYB_THRES: 0.950000
[0;36m0th run	init_time: 0.006619375	symb_time: 0.630776060	mgmt_time: 0.012407905	numc_time: 13.622954471	total_time: 14.272757811
[0m
[0;36m1th run	init_time: 0.137949113	symb_time: 0.625863110	mgmt_time: 0.012327299	numc_time: 13.601689938	total_time: 14.377829460
[0m
[0;36m2th run	init_time: 0.137852947	symb_time: 0.631047811	mgmt_time: 0.012202581	numc_time: 13.609211972	total_time: 14.390315311
[0m
[0;36m3th run	init_time: 0.137686702	symb_time: 0.628730886	mgmt_time: 0.012367305	numc_time: 13.619925797	total_time: 14.398710690
[0m
[0;36m4th run	init_time: 0.136794887	symb_time: 0.629845736	mgmt_time: 0.011992710	numc_time: 13.622900141	total_time: 14.401533474
[0m
[0;32mdataset: g500_17_16	num_trials: 4	thread_num: 64	numa_mask: 6	init_time: 0.137570912	symb_time: 0.628871886	mgmt_time: 0.012222474	numc_time: 13.613431962	total_time: 14.392097234	flop_cnt: 4189732618	numc_perf: 307764612.898132920	perf: 291113418.006579459
[0mCONFIGURATION:	USE_HYPERTHREADING	USE_WEIGHTED_INTERLEAVING	HASH_CONSTANT: 2654435761	THREAD_NUM: 64	AB_HIGH_THREAD_NUM: 22	AB_SIZE: 524288	AB_MIN_NUM: 32768	AB_LPT	AB_DNR	DAHA	DAHA_REAR	DAHA_QUANTILE: 0.990000	DAHA_SYMB_THRES: 5000000	DAHA_NUMC_THRES: 450000	DN_MIN: 256	GUD_ALPHA: 0.500000	GUD_MIN: 256	HYB_THRES: 0.950000
[0;36m0th run	init_time: 0.008042273	symb_time: 1.516220755	mgmt_time: 0.013578734	numc_time: 59.883032638	total_time: 61.420874400
[0m
[0;36m1th run	init_time: 0.138345672	symb_time: 1.507330213	mgmt_time: 0.013491335	numc_time: 59.918462547	total_time: 61.577629767
[0m
[0;36m2th run	init_time: 0.138101105	symb_time: 1.508348397	mgmt_time: 0.013368891	numc_time: 59.884061339	total_time: 61.543879732
[0m
[0;36m3th run	init_time: 0.138313318	symb_time: 1.509509495	mgmt_time: 0.013268614	numc_time: 59.900066381	total_time: 61.561157808
[0m
[0;36m4th run	init_time: 0.138825150	symb_time: 1.508256614	mgmt_time: 0.013175382	numc_time: 59.891329389	total_time: 61.551586535
[0m
[0;32mdataset: g500_17_32	num_trials: 4	thread_num: 64	numa_mask: 6	init_time: 0.138396311	symb_time: 1.508361180	mgmt_time: 0.013326055	numc_time: 59.898479914	total_time: 61.558563460	flop_cnt: 13705485276	numc_perf: 228811904.670666486	perf: 222641408.531151593
[0mCONFIGURATION:	USE_HYPERTHREADING	USE_WEIGHTED_INTERLEAVING	HASH_CONSTANT: 2654435761	THREAD_NUM: 64	AB_HIGH_THREAD_NUM: 22	AB_SIZE: 524288	AB_MIN_NUM: 32768	AB_LPT	AB_DNR	DAHA	DAHA_REAR	DAHA_QUANTILE: 0.990000	DAHA_SYMB_THRES: 5000000	DAHA_NUMC_THRES: 450000	DN_MIN: 256	GUD_ALPHA: 0.500000	GUD_MIN: 256	HYB_THRES: 0.950000
[0;36m0th run	init_time: 0.006717736	symb_time: 0.060493189	mgmt_time: 0.010741143	numc_time: 0.055122531	total_time: 0.133074599
[0m
[0;36m1th run	init_time: 0.005092387	symb_time: 0.060078731	mgmt_time: 0.010962974	numc_time: 0.055821943	total_time: 0.131956035
[0m
[0;36m2th run	init_time: 0.004966203	symb_time: 0.060738860	mgmt_time: 0.010583447	numc_time: 0.056294212	total_time: 0.132582722
[0m
[0;36m3th run	init_time: 0.005022392	symb_time: 0.061000649	mgmt_time: 0.010799435	numc_time: 0.055562249	total_time: 0.132384725
[0m
[0;36m4th run	init_time: 0.005089553	symb_time: 0.060664892	mgmt_time: 0.010739258	numc_time: 0.055547276	total_time: 0.132040979
[0m
[0;32mdataset: g500_18_1	num_trials: 4	thread_num: 64	numa_mask: 6	init_time: 0.005042634	symb_time: 0.060620783	mgmt_time: 0.010771279	numc_time: 0.055806420	total_time: 0.132241115	flop_cnt: 63713390	numc_perf: 1141685669.856622458	perf: 481797131.546801627
[0mCONFIGURATION:	USE_HYPERTHREADING	USE_WEIGHTED_INTERLEAVING	HASH_CONSTANT: 2654435761	THREAD_NUM: 64	AB_HIGH_THREAD_NUM: 22	AB_SIZE: 524288	AB_MIN_NUM: 32768	AB_LPT	AB_DNR	DAHA	DAHA_REAR	DAHA_QUANTILE: 0.990000	DAHA_SYMB_THRES: 5000000	DAHA_NUMC_THRES: 450000	DN_MIN: 256	GUD_ALPHA: 0.500000	GUD_MIN: 256	HYB_THRES: 0.950000
[0;36m0th run	init_time: 0.007089384	symb_time: 0.142110631	mgmt_time: 0.011154628	numc_time: 0.278576944	total_time: 0.438931587
[0m
[0;36m1th run	init_time: 0.005438897	symb_time: 0.141913751	mgmt_time: 0.011339430	numc_time: 0.275952004	total_time: 0.434644082
[0m
[0;36m2th run	init_time: 0.005485821	symb_time: 0.142434865	mgmt_time: 0.011005323	numc_time: 0.275506244	total_time: 0.434432253
[0m
[0;36m3th run	init_time: 0.005414787	symb_time: 0.141806242	mgmt_time: 0.011032956	numc_time: 0.276117238	total_time: 0.434371223
[0m
[0;36m4th run	init_time: 0.005357943	symb_time: 0.143401124	mgmt_time: 0.011226086	numc_time: 0.275962192	total_time: 0.435947345
[0m
[0;32mdataset: g500_18_2	num_trials: 4	thread_num: 64	numa_mask: 6	init_time: 0.005424362	symb_time: 0.142388996	mgmt_time: 0.011150949	numc_time: 0.275884419	total_time: 0.434848726	flop_cnt: 231404130	numc_perf: 838772013.364821434	perf: 532148575.578526855
[0mCONFIGURATION:	USE_HYPERTHREADING	USE_WEIGHTED_INTERLEAVING	HASH_CONSTANT: 2654435761	THREAD_NUM: 64	AB_HIGH_THREAD_NUM: 22	AB_SIZE: 524288	AB_MIN_NUM: 32768	AB_LPT	AB_DNR	DAHA	DAHA_REAR	DAHA_QUANTILE: 0.990000	DAHA_SYMB_THRES: 5000000	DAHA_NUMC_THRES: 450000	DN_MIN: 256	GUD_ALPHA: 0.500000	GUD_MIN: 256	HYB_THRES: 0.950000
[0;36m0th run	init_time: 0.006935284	symb_time: 0.308863770	mgmt_time: 0.011673890	numc_time: 1.288099820	total_time: 1.615572764
[0m
[0;36m1th run	init_time: 0.137431550	symb_time: 0.312128802	mgmt_time: 0.011410116	numc_time: 1.288402422	total_time: 1.749372890
[0m
[0;36m2th run	init_time: 0.137256849	symb_time: 0.309871497	mgmt_time: 0.011830973	numc_time: 1.288480144	total_time: 1.747439463
[0m
[0;36m3th run	init_time: 0.137155919	symb_time: 0.308328097	mgmt_time: 0.011689580	numc_time: 1.286622172	total_time: 1.743795768
[0m
[0;36m4th run	init_time: 0.136701914	symb_time: 0.307476917	mgmt_time: 0.011619673	numc_time: 1.289290521	total_time: 1.745089025
[0m
[0;32mdataset: g500_18_4	num_trials: 4	thread_num: 64	numa_mask: 6	init_time: 0.137136558	symb_time: 0.309451328	mgmt_time: 0.011637586	numc_time: 1.288198815	total_time: 1.746424286	flop_cnt: 866259112	numc_perf: 672457622.287220120	perf: 496018704.444419682
[0mCONFIGURATION:	USE_HYPERTHREADING	USE_WEIGHTED_INTERLEAVING	HASH_CONSTANT: 2654435761	THREAD_NUM: 64	AB_HIGH_THREAD_NUM: 22	AB_SIZE: 524288	AB_MIN_NUM: 32768	AB_LPT	AB_DNR	DAHA	DAHA_REAR	DAHA_QUANTILE: 0.990000	DAHA_SYMB_THRES: 5000000	DAHA_NUMC_THRES: 450000	DN_MIN: 256	GUD_ALPHA: 0.500000	GUD_MIN: 256	HYB_THRES: 0.950000
[0;36m0th run	init_time: 0.007672622	symb_time: 0.809023095	mgmt_time: 0.012591266	numc_time: 8.210567791	total_time: 9.039854774
[0m
[0;36m1th run	init_time: 0.139062591	symb_time: 0.810896211	mgmt_time: 0.012865138	numc_time: 8.209874329	total_time: 9.172698269
[0m
[0;36m2th run	init_time: 0.138884673	symb_time: 0.813879583	mgmt_time: 0.012690496	numc_time: 8.206070292	total_time: 9.171525044
[0m
[0;36m3th run	init_time: 0.138838130	symb_time: 0.814455296	mgmt_time: 0.012792311	numc_time: 8.198491665	total_time: 9.164577402
[0m
[0;36m4th run	init_time: 0.138542137	symb_time: 0.804319692	mgmt_time: 0.012601393	numc_time: 8.197800143	total_time: 9.153263365
[0m
[0;32mdataset: g500_18_8	num_trials: 4	thread_num: 64	numa_mask: 6	init_time: 0.138831883	symb_time: 0.810887695	mgmt_time: 0.012737335	numc_time: 8.203059107	total_time: 9.165516020	flop_cnt: 3197249132	numc_perf: 389763025.012731850	perf: 348834601.895115137
[0mCONFIGURATION:	USE_HYPERTHREADING	USE_WEIGHTED_INTERLEAVING	HASH_CONSTANT: 2654435761	THREAD_NUM: 64	AB_HIGH_THREAD_NUM: 22	AB_SIZE: 524288	AB_MIN_NUM: 32768	AB_LPT	AB_DNR	DAHA	DAHA_REAR	DAHA_QUANTILE: 0.990000	DAHA_SYMB_THRES: 5000000	DAHA_NUMC_THRES: 450000	DN_MIN: 256	GUD_ALPHA: 0.500000	GUD_MIN: 256	HYB_THRES: 0.950000
[0;36m0th run	init_time: 0.009838004	symb_time: 2.341566262	mgmt_time: 0.014453455	numc_time: 43.452017980	total_time: 45.817875701
[0m
[0;36m1th run	init_time: 0.140979407	symb_time: 2.339967555	mgmt_time: 0.014267685	numc_time: 43.375797722	total_time: 45.871012369
[0m
[0;36m2th run	init_time: 0.140375598	symb_time: 2.418961428	mgmt_time: 0.014888040	numc_time: 43.602579280	total_time: 46.176804346
[0m
[0;36m3th run	init_time: 0.141206077	symb_time: 2.337381620	mgmt_time: 0.014272151	numc_time: 43.386301697	total_time: 45.879161545
[0m
[0;36m4th run	init_time: 0.141086659	symb_time: 2.334632759	mgmt_time: 0.014309645	numc_time: 43.395195064	total_time: 45.885224127
[0m
[0;32mdataset: g500_18_16	num_trials: 4	thread_num: 64	numa_mask: 6	init_time: 0.140911935	symb_time: 2.357735841	mgmt_time: 0.014434380	numc_time: 43.439968441	total_time: 45.953050597	flop_cnt: 11359799604	numc_perf: 261505705.730293363	perf: 247204471.879031539
[0mCONFIGURATION:	USE_HYPERTHREADING	USE_WEIGHTED_INTERLEAVING	HASH_CONSTANT: 2654435761	THREAD_NUM: 64	AB_HIGH_THREAD_NUM: 22	AB_SIZE: 524288	AB_MIN_NUM: 32768	AB_LPT	AB_DNR	DAHA	DAHA_REAR	DAHA_QUANTILE: 0.990000	DAHA_SYMB_THRES: 5000000	DAHA_NUMC_THRES: 450000	DN_MIN: 256	GUD_ALPHA: 0.500000	GUD_MIN: 256	HYB_THRES: 0.950000
[0;36m0th run	init_time: 0.014138354	symb_time: 5.374358268	mgmt_time: 0.017449544	numc_time: 172.260816856	total_time: 177.666763022
[0m
[0;36m1th run	init_time: 0.143327949	symb_time: 5.393329637	mgmt_time: 0.017918694	numc_time: 172.309360933	total_time: 177.863937213
[0m
[0;36m2th run	init_time: 0.142223146	symb_time: 5.409674947	mgmt_time: 0.017459438	numc_time: 172.365476207	total_time: 177.934833738
[0m
[0;36m3th run	init_time: 0.143863232	symb_time: 5.394295233	mgmt_time: 0.017722005	numc_time: 172.296802805	total_time: 177.852683275
[0m
[0;36m4th run	init_time: 0.144749920	symb_time: 5.392347789	mgmt_time: 0.018102337	numc_time: 172.296812029	total_time: 177.852012075
[0m
[0;32mdataset: g500_18_32	num_trials: 4	thread_num: 64	numa_mask: 6	init_time: 0.143541062	symb_time: 5.397411901	mgmt_time: 0.017800619	numc_time: 172.317112993	total_time: 177.875866575	flop_cnt: 36733901550	numc_perf: 213176166.382184267	perf: 206514252.086354882
[0mCONFIGURATION:	USE_HYPERTHREADING	USE_WEIGHTED_INTERLEAVING	HASH_CONSTANT: 2654435761	THREAD_NUM: 64	AB_HIGH_THREAD_NUM: 22	AB_SIZE: 524288	AB_MIN_NUM: 32768	AB_LPT	AB_DNR	DAHA	DAHA_REAR	DAHA_QUANTILE: 0.990000	DAHA_SYMB_THRES: 5000000	DAHA_NUMC_THRES: 450000	DN_MIN: 256	GUD_ALPHA: 0.500000	GUD_MIN: 256	HYB_THRES: 0.950000
[0;36m0th run	init_time: 0.008276068	symb_time: 0.118050555	mgmt_time: 0.011337798	numc_time: 0.152815075	total_time: 0.290479496
[0m
[0;36m1th run	init_time: 0.006711062	symb_time: 0.118011668	mgmt_time: 0.011089107	numc_time: 0.149963512	total_time: 0.285775349
[0m
[0;36m2th run	init_time: 0.006727771	symb_time: 0.117730124	mgmt_time: 0.011312398	numc_time: 0.150566109	total_time: 0.286336402
[0m
[0;36m3th run	init_time: 0.006789937	symb_time: 0.115691722	mgmt_time: 0.011213408	numc_time: 0.150667539	total_time: 0.284362606
[0m
[0;36m4th run	init_time: 0.006887936	symb_time: 0.118252361	mgmt_time: 0.011254189	numc_time: 0.150390319	total_time: 0.286784805
[0m
[0;32mdataset: g500_19_1	num_trials: 4	thread_num: 64	numa_mask: 6	init_time: 0.006779177	symb_time: 0.117421469	mgmt_time: 0.011217276	numc_time: 0.150396870	total_time: 0.285814791	flop_cnt: 166344542	numc_perf: 1106037261.789485931	perf: 582001168.340516567
[0mCONFIGURATION:	USE_HYPERTHREADING	USE_WEIGHTED_INTERLEAVING	HASH_CONSTANT: 2654435761	THREAD_NUM: 64	AB_HIGH_THREAD_NUM: 22	AB_SIZE: 524288	AB_MIN_NUM: 32768	AB_LPT	AB_DNR	DAHA	DAHA_REAR	DAHA_QUANTILE: 0.990000	DAHA_SYMB_THRES: 5000000	DAHA_NUMC_THRES: 450000	DN_MIN: 256	GUD_ALPHA: 0.500000	GUD_MIN: 256	HYB_THRES: 0.950000
[0;36m0th run	init_time: 0.008300695	symb_time: 0.318189038	mgmt_time: 0.011808113	numc_time: 0.742753146	total_time: 1.081050992
[0m
[0;36m1th run	init_time: 0.139304169	symb_time: 0.312273402	mgmt_time: 0.011736910	numc_time: 0.738405526	total_time: 1.201720007
[0m
[0;36m2th run	init_time: 0.139133712	symb_time: 0.312140178	mgmt_time: 0.011729571	numc_time: 0.739485398	total_time: 1.202488859
[0m
[0;36m3th run	init_time: 0.138168538	symb_time: 0.314197718	mgmt_time: 0.011723346	numc_time: 0.737380024	total_time: 1.201469626
[0m
[0;36m4th run	init_time: 0.138071515	symb_time: 0.311076519	mgmt_time: 0.011825192	numc_time: 0.738193727	total_time: 1.199166953
[0m
[0;32mdataset: g500_19_2	num_trials: 4	thread_num: 64	numa_mask: 6	init_time: 0.138669483	symb_time: 0.312421954	mgmt_time: 0.011753755	numc_time: 0.738366169	total_time: 1.201211361	flop_cnt: 633825774	numc_perf: 858416597.110645890	perf: 527655493.817866087
[0mCONFIGURATION:	USE_HYPERTHREADING	USE_WEIGHTED_INTERLEAVING	HASH_CONSTANT: 2654435761	THREAD_NUM: 64	AB_HIGH_THREAD_NUM: 22	AB_SIZE: 524288	AB_MIN_NUM: 32768	AB_LPT	AB_DNR	DAHA	DAHA_REAR	DAHA_QUANTILE: 0.990000	DAHA_SYMB_THRES: 5000000	DAHA_NUMC_THRES: 450000	DN_MIN: 256	GUD_ALPHA: 0.500000	GUD_MIN: 256	HYB_THRES: 0.950000
[0;36m0th run	init_time: 0.009207774	symb_time: 0.855093133	mgmt_time: 0.012728493	numc_time: 4.159941531	total_time: 5.036970931
[0m
[0;36m1th run	init_time: 0.140669765	symb_time: 0.856591013	mgmt_time: 0.012790830	numc_time: 4.155793224	total_time: 5.165844832
[0m
[0;36m2th run	init_time: 0.140028916	symb_time: 0.857797910	mgmt_time: 0.012372280	numc_time: 4.164678252	total_time: 5.174877358
[0m
[0;36m3th run	init_time: 0.140089401	symb_time: 0.855242160	mgmt_time: 0.012559743	numc_time: 4.158661643	total_time: 5.166552947
[0m
[0;36m4th run	init_time: 0.140298678	symb_time: 0.858004881	mgmt_time: 0.012758351	numc_time: 4.156667773	total_time: 5.167729683
[0m
[0;32mdataset: g500_19_4	num_trials: 4	thread_num: 64	numa_mask: 6	init_time: 0.140271690	symb_time: 0.856908991	mgmt_time: 0.012620301	numc_time: 4.158950223	total_time: 5.168751205	flop_cnt: 2214702680	numc_perf: 532514832.168983161	perf: 428479257.786214173
[0mCONFIGURATION:	USE_HYPERTHREADING	USE_WEIGHTED_INTERLEAVING	HASH_CONSTANT: 2654435761	THREAD_NUM: 64	AB_HIGH_THREAD_NUM: 22	AB_SIZE: 524288	AB_MIN_NUM: 32768	AB_LPT	AB_DNR	DAHA	DAHA_REAR	DAHA_QUANTILE: 0.990000	DAHA_SYMB_THRES: 5000000	DAHA_NUMC_THRES: 450000	DN_MIN: 256	GUD_ALPHA: 0.500000	GUD_MIN: 256	HYB_THRES: 0.950000
[0;36m0th run	init_time: 0.011832545	symb_time: 3.050549915	mgmt_time: 0.015149717	numc_time: 24.874645604	total_time: 27.952177781
[0m
[0;36m1th run	init_time: 0.140391431	symb_time: 3.040771558	mgmt_time: 0.015156769	numc_time: 24.867887819	total_time: 28.064207577
[0m
[0;36m2th run	init_time: 0.142512375	symb_time: 3.036721141	mgmt_time: 0.015072015	numc_time: 24.900195157	total_time: 28.094500688
[0m
[0;36m3th run	init_time: 0.142699516	symb_time: 3.037365769	mgmt_time: 0.015020024	numc_time: 24.865631360	total_time: 28.060716669
[0m
[0;36m4th run	init_time: 0.142297224	symb_time: 3.034925824	mgmt_time: 0.015092020	numc_time: 24.871183817	total_time: 28.063498885
[0m
[0;32mdataset: g500_19_8	num_trials: 4	thread_num: 64	numa_mask: 6	init_time: 0.141975136	symb_time: 3.037446073	mgmt_time: 0.015085207	numc_time: 24.876224538	total_time: 28.070730955	flop_cnt: 8006120556	numc_perf: 321838249.356918573	perf: 285212400.379094541
[0mCONFIGURATION:	USE_HYPERTHREADING	USE_WEIGHTED_INTERLEAVING	HASH_CONSTANT: 2654435761	THREAD_NUM: 64	AB_HIGH_THREAD_NUM: 22	AB_SIZE: 524288	AB_MIN_NUM: 32768	AB_LPT	AB_DNR	DAHA	DAHA_REAR	DAHA_QUANTILE: 0.990000	DAHA_SYMB_THRES: 5000000	DAHA_NUMC_THRES: 450000	DN_MIN: 256	GUD_ALPHA: 0.500000	GUD_MIN: 256	HYB_THRES: 0.950000
[0;36m0th run	init_time: 0.017356231	symb_time: 9.680752343	mgmt_time: 0.020115747	numc_time: 121.169997494	total_time: 130.888221815
[0m
[0;36m1th run	init_time: 0.147189127	symb_time: 9.705712044	mgmt_time: 0.020451873	numc_time: 121.166553834	total_time: 131.039906878
[0m
[0;36m2th run	init_time: 0.144432129	symb_time: 9.759523754	mgmt_time: 0.020237527	numc_time: 121.115733498	total_time: 131.039926908
[0m
[0;36m3th run	init_time: 0.145946448	symb_time: 9.859783515	mgmt_time: 0.020212907	numc_time: 121.119499263	total_time: 131.145442133
[0m
[0;36m4th run	init_time: 0.145869581	symb_time: 9.787431937	mgmt_time: 0.019984588	numc_time: 121.201607939	total_time: 131.154894045
[0m
[0;32mdataset: g500_19_16	num_trials: 4	thread_num: 64	numa_mask: 6	init_time: 0.145859321	symb_time: 9.778112812	mgmt_time: 0.020221724	numc_time: 121.150848633	total_time: 131.095042491	flop_cnt: 28930196662	numc_perf: 238794832.956707627	perf: 220681088.409473091
[0mCONFIGURATION:	USE_HYPERTHREADING	USE_WEIGHTED_INTERLEAVING	HASH_CONSTANT: 2654435761	THREAD_NUM: 64	AB_HIGH_THREAD_NUM: 22	AB_SIZE: 524288	AB_MIN_NUM: 32768	AB_LPT	AB_DNR	DAHA	DAHA_REAR	DAHA_QUANTILE: 0.990000	DAHA_SYMB_THRES: 5000000	DAHA_NUMC_THRES: 450000	DN_MIN: 256	GUD_ALPHA: 0.500000	GUD_MIN: 256	HYB_THRES: 0.950000
[0;36m0th run	init_time: 0.010955397	symb_time: 0.234745013	mgmt_time: 0.011840495	numc_time: 0.378594195	total_time: 0.636135100
[0m
[0;36m1th run	init_time: 0.141046621	symb_time: 0.232123609	mgmt_time: 0.011903794	numc_time: 0.374748737	total_time: 0.759822761
[0m
[0;36m2th run	init_time: 0.142086092	symb_time: 0.232401078	mgmt_time: 0.011638995	numc_time: 0.374449710	total_time: 0.760575875
[0m
[0;36m3th run	init_time: 0.141919014	symb_time: 0.232726123	mgmt_time: 0.011739495	numc_time: 0.375776432	total_time: 0.762161064
[0m
[0;36m4th run	init_time: 0.140464547	symb_time: 0.232340358	mgmt_time: 0.011815556	numc_time: 0.375261547	total_time: 0.759882008
[0m
[0;32mdataset: g500_20_1	num_trials: 4	thread_num: 64	numa_mask: 6	init_time: 0.141379068	symb_time: 0.232397792	mgmt_time: 0.011774460	numc_time: 0.375059107	total_time: 0.760610427	flop_cnt: 405457504	numc_perf: 1081049618.508596182	perf: 533068558.630211890
[0mCONFIGURATION:	USE_HYPERTHREADING	USE_WEIGHTED_INTERLEAVING	HASH_CONSTANT: 2654435761	THREAD_NUM: 64	AB_HIGH_THREAD_NUM: 22	AB_SIZE: 524288	AB_MIN_NUM: 32768	AB_LPT	AB_DNR	DAHA	DAHA_REAR	DAHA_QUANTILE: 0.990000	DAHA_SYMB_THRES: 5000000	DAHA_NUMC_THRES: 450000	DN_MIN: 256	GUD_ALPHA: 0.500000	GUD_MIN: 256	HYB_THRES: 0.950000
[0;36m0th run	init_time: 0.012520110	symb_time: 0.774130657	mgmt_time: 0.012707157	numc_time: 2.360766300	total_time: 3.160124224
[0m
[0;36m1th run	init_time: 0.144497813	symb_time: 0.768206346	mgmt_time: 0.012659769	numc_time: 2.364436237	total_time: 3.289800165
[0m
[0;36m2th run	init_time: 0.143333048	symb_time: 0.767407006	mgmt_time: 0.012895019	numc_time: 2.362202721	total_time: 3.285837794
[0m
[0;36m3th run	init_time: 0.141162617	symb_time: 0.764187787	mgmt_time: 0.012833346	numc_time: 2.368332612	total_time: 3.286516362
[0m
[0;36m4th run	init_time: 0.143909412	symb_time: 0.768554359	mgmt_time: 0.012582552	numc_time: 2.369713107	total_time: 3.294759430
[0m
[0;32mdataset: g500_20_2	num_trials: 4	thread_num: 64	numa_mask: 6	init_time: 0.143225722	symb_time: 0.767088874	mgmt_time: 0.012742672	numc_time: 2.366171169	total_time: 3.289228438	flop_cnt: 1621860284	numc_perf: 685436584.249345422	perf: 493082288.048511147
[0mCONFIGURATION:	USE_HYPERTHREADING	USE_WEIGHTED_INTERLEAVING	HASH_CONSTANT: 2654435761	THREAD_NUM: 64	AB_HIGH_THREAD_NUM: 22	AB_SIZE: 524288	AB_MIN_NUM: 32768	AB_LPT	AB_DNR	DAHA	DAHA_REAR	DAHA_QUANTILE: 0.990000	DAHA_SYMB_THRES: 5000000	DAHA_NUMC_THRES: 450000	DN_MIN: 256	GUD_ALPHA: 0.500000	GUD_MIN: 256	HYB_THRES: 0.950000
[0;36m0th run	init_time: 0.016377723	symb_time: 3.281379467	mgmt_time: 0.015010331	numc_time: 15.237083227	total_time: 18.549850748
[0m
[0;36m1th run	init_time: 0.144517788	symb_time: 3.271030968	mgmt_time: 0.014939821	numc_time: 15.226565492	total_time: 18.657054069
[0m
[0;36m2th run	init_time: 0.146315331	symb_time: 3.270665051	mgmt_time: 0.014763516	numc_time: 15.212884911	total_time: 18.644628809
[0m
[0;36m3th run	init_time: 0.147975322	symb_time: 3.273140083	mgmt_time: 0.015524005	numc_time: 15.228404466	total_time: 18.665043876
[0m
[0;36m4th run	init_time: 0.146315154	symb_time: 3.352993089	mgmt_time: 0.015502592	numc_time: 15.220437268	total_time: 18.735248103
[0m
[0;32mdataset: g500_20_4	num_trials: 4	thread_num: 64	numa_mask: 6	init_time: 0.146280899	symb_time: 3.291957298	mgmt_time: 0.015182484	numc_time: 15.222073034	total_time: 18.675493714	flop_cnt: 6063756842	numc_perf: 398352893.745576799	perf: 324690577.651136458
[0mCONFIGURATION:	USE_HYPERTHREADING	USE_WEIGHTED_INTERLEAVING	HASH_CONSTANT: 2654435761	THREAD_NUM: 64	AB_HIGH_THREAD_NUM: 22	AB_SIZE: 524288	AB_MIN_NUM: 32768	AB_LPT	AB_DNR	DAHA	DAHA_REAR	DAHA_QUANTILE: 0.990000	DAHA_SYMB_THRES: 5000000	DAHA_NUMC_THRES: 450000	DN_MIN: 256	GUD_ALPHA: 0.500000	GUD_MIN: 256	HYB_THRES: 0.950000
[0;36m0th run	init_time: 0.023114610	symb_time: 12.221618135	mgmt_time: 0.020468628	numc_time: 75.734393372	total_time: 87.999594745
[0m
[0;36m1th run	init_time: 0.151873516	symb_time: 12.269193631	mgmt_time: 0.021015130	numc_time: 75.753436528	total_time: 88.195518805
[0m
[0;36m2th run	init_time: 0.152076472	symb_time: 12.261015970	mgmt_time: 0.021642204	numc_time: 75.740422270	total_time: 88.175156916
[0m
[0;36m3th run	init_time: 0.152916361	symb_time: 12.228426675	mgmt_time: 0.020875186	numc_time: 75.777780704	total_time: 88.179998926
[0m
[0;36m4th run	init_time: 0.152395070	symb_time: 12.229388405	mgmt_time: 0.021303487	numc_time: 75.807814464	total_time: 88.210901426
[0m
[0;32mdataset: g500_20_8	num_trials: 4	thread_num: 64	numa_mask: 6	init_time: 0.152315355	symb_time: 12.247006170	mgmt_time: 0.021209002	numc_time: 75.769863491	total_time: 88.190394018	flop_cnt: 21344490376	numc_perf: 281701581.505349636	perf: 242027384.202218205
[0mmmap: Cannot allocate memory
CONFIGURATION:	USE_HYPERTHREADING	USE_WEIGHTED_INTERLEAVING	HASH_CONSTANT: 2654435761	THREAD_NUM: 64	AB_HIGH_THREAD_NUM: 22	AB_SIZE: 524288	AB_MIN_NUM: 32768	AB_LPT	AB_DNR	DAHA	DAHA_REAR	DAHA_QUANTILE: 0.990000	DAHA_SYMB_THRES: 5000000	DAHA_NUMC_THRES: 450000	DN_MIN: 256	GUD_ALPHA: 0.500000	GUD_MIN: 256	HYB_THRES: 0.950000
errno: 22
buffer_size: 455719517040
