CONFIGURATION:	USE_HYPERTHREADING	USE_WEIGHTED_INTERLEAVING	HASH_CONSTANT: 2654435761	THREAD_NUM: 64	AB_HIGH_THREAD_NUM: 16	AB_SIZE: 524288	AB_MIN_NUM: 32768	AB_SIMP	AB_DNR	DAHA	DAHA_REAR	DAHA_QUANTILE: 0.990000	DAHA_SYMB_THRES: 6000000	DAHA_NUMC_THRES: 800000	DN_MIN: 256	GUD_ALPHA: 0.500000	GUD_MIN: 256	HYB_THRES: 0.950000
[0;36m0th run	init_time: 0.006263434	symb_time: 0.035061508	mgmt_time: 0.000271550	numc_time: 0.022702485	total_time: 0.064298977
[0m
[0;36m1th run	init_time: 0.004187042	symb_time: 0.035162522	mgmt_time: 0.000259791	numc_time: 0.022748634	total_time: 0.062357989
[0m
[0;36m2th run	init_time: 0.004647092	symb_time: 0.035183451	mgmt_time: 0.000252166	numc_time: 0.022666541	total_time: 0.062749250
[0m
[0;36m3th run	init_time: 0.004162548	symb_time: 0.035193502	mgmt_time: 0.000259610	numc_time: 0.022744855	total_time: 0.062360515
[0m
[0;36m4th run	init_time: 0.004231073	symb_time: 0.035199693	mgmt_time: 0.000253899	numc_time: 0.023072814	total_time: 0.062757479
[0m
[0;32mdataset: g500_17_1	num_trials: 4	thread_num: 64	numa_mask: 6	init_time: 0.004306939	symb_time: 0.035184792	mgmt_time: 0.000256367	numc_time: 0.022808211	total_time: 0.062556308	flop_cnt: 26545040	numc_perf: 1163837005.892307758	perf: 424338340.010657609
[0mCONFIGURATION:	USE_HYPERTHREADING	USE_WEIGHTED_INTERLEAVING	HASH_CONSTANT: 2654435761	THREAD_NUM: 64	AB_HIGH_THREAD_NUM: 16	AB_SIZE: 524288	AB_MIN_NUM: 32768	AB_SIMP	AB_DNR	DAHA	DAHA_REAR	DAHA_QUANTILE: 0.990000	DAHA_SYMB_THRES: 6000000	DAHA_NUMC_THRES: 800000	DN_MIN: 256	GUD_ALPHA: 0.500000	GUD_MIN: 256	HYB_THRES: 0.950000
[0;36m0th run	init_time: 0.006329006	symb_time: 0.073481532	mgmt_time: 0.010623904	numc_time: 0.073713388	total_time: 0.164147830
[0m
[0;36m1th run	init_time: 0.004348649	symb_time: 0.073240335	mgmt_time: 0.010640306	numc_time: 0.073698793	total_time: 0.161928083
[0m
[0;36m2th run	init_time: 0.004379251	symb_time: 0.073247398	mgmt_time: 0.010751613	numc_time: 0.074067335	total_time: 0.162445597
[0m
[0;36m3th run	init_time: 0.004356363	symb_time: 0.072994448	mgmt_time: 0.010715235	numc_time: 0.073432066	total_time: 0.161498112
[0m
[0;36m4th run	init_time: 0.004368099	symb_time: 0.073458631	mgmt_time: 0.010669675	numc_time: 0.074133951	total_time: 0.162630356
[0m
[0;32mdataset: g500_17_2	num_trials: 4	thread_num: 64	numa_mask: 6	init_time: 0.004363090	symb_time: 0.073235203	mgmt_time: 0.010694207	numc_time: 0.073833036	total_time: 0.162125537	flop_cnt: 99289164	numc_perf: 1344779641.240881920	perf: 612421496.559175730
[0mCONFIGURATION:	USE_HYPERTHREADING	USE_WEIGHTED_INTERLEAVING	HASH_CONSTANT: 2654435761	THREAD_NUM: 64	AB_HIGH_THREAD_NUM: 16	AB_SIZE: 524288	AB_MIN_NUM: 32768	AB_SIMP	AB_DNR	DAHA	DAHA_REAR	DAHA_QUANTILE: 0.990000	DAHA_SYMB_THRES: 6000000	DAHA_NUMC_THRES: 800000	DN_MIN: 256	GUD_ALPHA: 0.500000	GUD_MIN: 256	HYB_THRES: 0.950000
[0;36m0th run	init_time: 0.006439766	symb_time: 0.137243931	mgmt_time: 0.011698209	numc_time: 0.218033440	total_time: 0.373415346
[0m
[0;36m1th run	init_time: 0.004830082	symb_time: 0.137592148	mgmt_time: 0.011121389	numc_time: 0.217034638	total_time: 0.370578257
[0m
[0;36m2th run	init_time: 0.004920444	symb_time: 0.137189200	mgmt_time: 0.011097974	numc_time: 0.218005393	total_time: 0.371213011
[0m
[0;36m3th run	init_time: 0.004907267	symb_time: 0.137171602	mgmt_time: 0.011044698	numc_time: 0.217299768	total_time: 0.370423335
[0m
[0;36m4th run	init_time: 0.004917790	symb_time: 0.137125286	mgmt_time: 0.011054285	numc_time: 0.216895093	total_time: 0.369992454
[0m
[0;32mdataset: g500_17_4	num_trials: 4	thread_num: 64	numa_mask: 6	init_time: 0.004893896	symb_time: 0.137269559	mgmt_time: 0.011079586	numc_time: 0.217308723	total_time: 0.370551764	flop_cnt: 358726446	numc_perf: 1650768736.052993298	perf: 968087270.414338708
[0mCONFIGURATION:	USE_HYPERTHREADING	USE_WEIGHTED_INTERLEAVING	HASH_CONSTANT: 2654435761	THREAD_NUM: 64	AB_HIGH_THREAD_NUM: 16	AB_SIZE: 524288	AB_MIN_NUM: 32768	AB_SIMP	AB_DNR	DAHA	DAHA_REAR	DAHA_QUANTILE: 0.990000	DAHA_SYMB_THRES: 6000000	DAHA_NUMC_THRES: 800000	DN_MIN: 256	GUD_ALPHA: 0.500000	GUD_MIN: 256	HYB_THRES: 0.950000
[0;36m0th run	init_time: 0.006588110	symb_time: 0.275866742	mgmt_time: 0.011576468	numc_time: 0.758587190	total_time: 1.052618510
[0m
[0;36m1th run	init_time: 0.135867659	symb_time: 0.273411504	mgmt_time: 0.011557244	numc_time: 0.758187035	total_time: 1.179023442
[0m
[0;36m2th run	init_time: 0.134938302	symb_time: 0.277931892	mgmt_time: 0.011453460	numc_time: 0.758540926	total_time: 1.182864580
[0m
[0;36m3th run	init_time: 0.135845730	symb_time: 0.273775074	mgmt_time: 0.011453997	numc_time: 0.759406278	total_time: 1.180481079
[0m
[0;36m4th run	init_time: 0.136221109	symb_time: 0.278655475	mgmt_time: 0.011461853	numc_time: 0.759217509	total_time: 1.185555946
[0m
[0;32mdataset: g500_17_8	num_trials: 4	thread_num: 64	numa_mask: 6	init_time: 0.135718200	symb_time: 0.275943486	mgmt_time: 0.011481639	numc_time: 0.758837937	total_time: 1.181981262	flop_cnt: 1245326524	numc_perf: 1641096818.278867960	perf: 1053592442.029252768
[0mCONFIGURATION:	USE_HYPERTHREADING	USE_WEIGHTED_INTERLEAVING	HASH_CONSTANT: 2654435761	THREAD_NUM: 64	AB_HIGH_THREAD_NUM: 16	AB_SIZE: 524288	AB_MIN_NUM: 32768	AB_SIMP	AB_DNR	DAHA	DAHA_REAR	DAHA_QUANTILE: 0.990000	DAHA_SYMB_THRES: 6000000	DAHA_NUMC_THRES: 800000	DN_MIN: 256	GUD_ALPHA: 0.500000	GUD_MIN: 256	HYB_THRES: 0.950000
[0;36m0th run	init_time: 0.006662260	symb_time: 0.601278195	mgmt_time: 0.012449625	numc_time: 1.914995739	total_time: 2.535385819
[0m
[0;36m1th run	init_time: 0.137961584	symb_time: 0.597031844	mgmt_time: 0.012547265	numc_time: 1.907570780	total_time: 2.655111473
[0m
[0;36m2th run	init_time: 0.137399311	symb_time: 0.601301367	mgmt_time: 0.012698847	numc_time: 1.910069695	total_time: 2.661469220
[0m
[0;36m3th run	init_time: 0.136926794	symb_time: 0.602531766	mgmt_time: 0.011957137	numc_time: 1.910468902	total_time: 2.661884599
[0m
[0;36m4th run	init_time: 0.137844512	symb_time: 0.605891738	mgmt_time: 0.012290027	numc_time: 1.914262801	total_time: 2.670289078
[0m
[0;32mdataset: g500_17_16	num_trials: 4	thread_num: 64	numa_mask: 6	init_time: 0.137533050	symb_time: 0.601689179	mgmt_time: 0.012373319	numc_time: 1.910593045	total_time: 2.662188593	flop_cnt: 4189732618	numc_perf: 2192896404.632545948	perf: 1573792566.688717604
[0mCONFIGURATION:	USE_HYPERTHREADING	USE_WEIGHTED_INTERLEAVING	HASH_CONSTANT: 2654435761	THREAD_NUM: 64	AB_HIGH_THREAD_NUM: 16	AB_SIZE: 524288	AB_MIN_NUM: 32768	AB_SIMP	AB_DNR	DAHA	DAHA_REAR	DAHA_QUANTILE: 0.990000	DAHA_SYMB_THRES: 6000000	DAHA_NUMC_THRES: 800000	DN_MIN: 256	GUD_ALPHA: 0.500000	GUD_MIN: 256	HYB_THRES: 0.950000
[0;36m0th run	init_time: 0.008072730	symb_time: 1.416296123	mgmt_time: 0.013600870	numc_time: 4.625411630	total_time: 6.063381353
[0m
[0;36m1th run	init_time: 0.139303712	symb_time: 1.410483556	mgmt_time: 0.013758932	numc_time: 4.596184028	total_time: 6.159730228
[0m
[0;36m2th run	init_time: 0.138985197	symb_time: 1.409714124	mgmt_time: 0.014007884	numc_time: 4.584119376	total_time: 6.146826581
[0m
[0;36m3th run	init_time: 0.139110571	symb_time: 1.408464867	mgmt_time: 0.013218856	numc_time: 4.589516335	total_time: 6.150310629
[0m
[0;36m4th run	init_time: 0.139284358	symb_time: 1.410356606	mgmt_time: 0.013089328	numc_time: 4.600532847	total_time: 6.163263139
[0m
[0;32mdataset: g500_17_32	num_trials: 4	thread_num: 64	numa_mask: 6	init_time: 0.139170960	symb_time: 1.409754788	mgmt_time: 0.013518750	numc_time: 4.592588146	total_time: 6.155032644	flop_cnt: 13705485276	numc_perf: 2984261779.808171272	perf: 2226712036.824629307
[0mCONFIGURATION:	USE_HYPERTHREADING	USE_WEIGHTED_INTERLEAVING	HASH_CONSTANT: 2654435761	THREAD_NUM: 64	AB_HIGH_THREAD_NUM: 16	AB_SIZE: 524288	AB_MIN_NUM: 32768	AB_SIMP	AB_DNR	DAHA	DAHA_REAR	DAHA_QUANTILE: 0.990000	DAHA_SYMB_THRES: 6000000	DAHA_NUMC_THRES: 800000	DN_MIN: 256	GUD_ALPHA: 0.500000	GUD_MIN: 256	HYB_THRES: 0.950000
[0;36m0th run	init_time: 0.006967585	symb_time: 0.059767097	mgmt_time: 0.010710336	numc_time: 0.056355566	total_time: 0.133800584
[0m
[0;36m1th run	init_time: 0.005018712	symb_time: 0.060671746	mgmt_time: 0.010791463	numc_time: 0.056463662	total_time: 0.132945583
[0m
[0;36m2th run	init_time: 0.005213597	symb_time: 0.060525289	mgmt_time: 0.010812978	numc_time: 0.056133595	total_time: 0.132685459
[0m
[0;36m3th run	init_time: 0.005081200	symb_time: 0.060247670	mgmt_time: 0.010817746	numc_time: 0.056206102	total_time: 0.132352718
[0m
[0;36m4th run	init_time: 0.005025397	symb_time: 0.060155273	mgmt_time: 0.010641282	numc_time: 0.056648550	total_time: 0.132470502
[0m
[0;32mdataset: g500_18_1	num_trials: 4	thread_num: 64	numa_mask: 6	init_time: 0.005084727	symb_time: 0.060399994	mgmt_time: 0.010765867	numc_time: 0.056362977	total_time: 0.132613566	flop_cnt: 63713390	numc_perf: 1130412073.822803497	perf: 480443985.951045096
[0mCONFIGURATION:	USE_HYPERTHREADING	USE_WEIGHTED_INTERLEAVING	HASH_CONSTANT: 2654435761	THREAD_NUM: 64	AB_HIGH_THREAD_NUM: 16	AB_SIZE: 524288	AB_MIN_NUM: 32768	AB_SIMP	AB_DNR	DAHA	DAHA_REAR	DAHA_QUANTILE: 0.990000	DAHA_SYMB_THRES: 6000000	DAHA_NUMC_THRES: 800000	DN_MIN: 256	GUD_ALPHA: 0.500000	GUD_MIN: 256	HYB_THRES: 0.950000
[0;36m0th run	init_time: 0.007057976	symb_time: 0.139345994	mgmt_time: 0.011103582	numc_time: 0.184668256	total_time: 0.342175808
[0m
[0;36m1th run	init_time: 0.005568223	symb_time: 0.139696840	mgmt_time: 0.011223598	numc_time: 0.183086662	total_time: 0.339575323
[0m
[0;36m2th run	init_time: 0.005510659	symb_time: 0.139418021	mgmt_time: 0.011009691	numc_time: 0.183103387	total_time: 0.339041758
[0m
[0;36m3th run	init_time: 0.005612005	symb_time: 0.139554121	mgmt_time: 0.011142286	numc_time: 0.183188697	total_time: 0.339497109
[0m
[0;36m4th run	init_time: 0.005625031	symb_time: 0.139619973	mgmt_time: 0.011114169	numc_time: 0.182758456	total_time: 0.339117629
[0m
[0;32mdataset: g500_18_2	num_trials: 4	thread_num: 64	numa_mask: 6	init_time: 0.005578980	symb_time: 0.139572239	mgmt_time: 0.011122436	numc_time: 0.183034301	total_time: 0.339307955	flop_cnt: 231404130	numc_perf: 1264266475.561502695	perf: 681988520.341343403
[0mCONFIGURATION:	USE_HYPERTHREADING	USE_WEIGHTED_INTERLEAVING	HASH_CONSTANT: 2654435761	THREAD_NUM: 64	AB_HIGH_THREAD_NUM: 16	AB_SIZE: 524288	AB_MIN_NUM: 32768	AB_SIMP	AB_DNR	DAHA	DAHA_REAR	DAHA_QUANTILE: 0.990000	DAHA_SYMB_THRES: 6000000	DAHA_NUMC_THRES: 800000	DN_MIN: 256	GUD_ALPHA: 0.500000	GUD_MIN: 256	HYB_THRES: 0.950000
[0;36m0th run	init_time: 0.007140086	symb_time: 0.305984806	mgmt_time: 0.011559493	numc_time: 0.783292566	total_time: 1.107976951
[0m
[0;36m1th run	init_time: 0.136281343	symb_time: 0.296865441	mgmt_time: 0.011425662	numc_time: 0.778326486	total_time: 1.222898932
[0m
[0;36m2th run	init_time: 0.137509591	symb_time: 0.297175929	mgmt_time: 0.011351738	numc_time: 0.779241627	total_time: 1.225278885
[0m
[0;36m3th run	init_time: 0.137894230	symb_time: 0.296725901	mgmt_time: 0.011370011	numc_time: 0.783812225	total_time: 1.229802367
[0m
[0;36m4th run	init_time: 0.137287332	symb_time: 0.297862617	mgmt_time: 0.011393345	numc_time: 0.785639399	total_time: 1.232182693
[0m
[0;32mdataset: g500_18_4	num_trials: 4	thread_num: 64	numa_mask: 6	init_time: 0.137243124	symb_time: 0.297157472	mgmt_time: 0.011385189	numc_time: 0.781754934	total_time: 1.227540719	flop_cnt: 866259112	numc_perf: 1108095483.696654320	perf: 705686661.481392622
[0mCONFIGURATION:	USE_HYPERTHREADING	USE_WEIGHTED_INTERLEAVING	HASH_CONSTANT: 2654435761	THREAD_NUM: 64	AB_HIGH_THREAD_NUM: 16	AB_SIZE: 524288	AB_MIN_NUM: 32768	AB_SIMP	AB_DNR	DAHA	DAHA_REAR	DAHA_QUANTILE: 0.990000	DAHA_SYMB_THRES: 6000000	DAHA_NUMC_THRES: 800000	DN_MIN: 256	GUD_ALPHA: 0.500000	GUD_MIN: 256	HYB_THRES: 0.950000
[0;36m0th run	init_time: 0.007564778	symb_time: 0.788535519	mgmt_time: 0.012742818	numc_time: 2.444584803	total_time: 3.253427918
[0m
[0;36m1th run	init_time: 0.139256400	symb_time: 0.767828462	mgmt_time: 0.012609453	numc_time: 2.431572529	total_time: 3.351266844
[0m
[0;36m2th run	init_time: 0.138144759	symb_time: 0.782009841	mgmt_time: 0.012844557	numc_time: 2.436606395	total_time: 3.369605552
[0m
[0;36m3th run	init_time: 0.138804663	symb_time: 0.783787372	mgmt_time: 0.012446944	numc_time: 2.442811541	total_time: 3.377850520
[0m
[0;36m4th run	init_time: 0.139112919	symb_time: 0.803629782	mgmt_time: 0.012852289	numc_time: 2.423777050	total_time: 3.379372040
[0m
[0;32mdataset: g500_18_8	num_trials: 4	thread_num: 64	numa_mask: 6	init_time: 0.138829685	symb_time: 0.784313864	mgmt_time: 0.012688311	numc_time: 2.433691879	total_time: 3.369523739	flop_cnt: 3197249132	numc_perf: 1313744422.585730076	perf: 948872713.076321125
[0mCONFIGURATION:	USE_HYPERTHREADING	USE_WEIGHTED_INTERLEAVING	HASH_CONSTANT: 2654435761	THREAD_NUM: 64	AB_HIGH_THREAD_NUM: 16	AB_SIZE: 524288	AB_MIN_NUM: 32768	AB_SIMP	AB_DNR	DAHA	DAHA_REAR	DAHA_QUANTILE: 0.990000	DAHA_SYMB_THRES: 6000000	DAHA_NUMC_THRES: 800000	DN_MIN: 256	GUD_ALPHA: 0.500000	GUD_MIN: 256	HYB_THRES: 0.950000
[0;36m0th run	init_time: 0.009986282	symb_time: 2.269257447	mgmt_time: 0.014364519	numc_time: 9.665493720	total_time: 11.959101968
[0m
[0;36m1th run	init_time: 0.141195467	symb_time: 2.258698413	mgmt_time: 0.014916474	numc_time: 9.600951461	total_time: 12.015761815
[0m
[0;36m2th run	init_time: 0.140452609	symb_time: 2.257803494	mgmt_time: 0.014412540	numc_time: 9.564151385	total_time: 11.976820028
[0m
[0;36m3th run	init_time: 0.141584775	symb_time: 2.264420144	mgmt_time: 0.014956513	numc_time: 9.668372599	total_time: 12.089334031
[0m
[0;36m4th run	init_time: 0.141546220	symb_time: 2.257285438	mgmt_time: 0.014751625	numc_time: 9.713074392	total_time: 12.126657675
[0m
[0;32mdataset: g500_18_16	num_trials: 4	thread_num: 64	numa_mask: 6	init_time: 0.141194768	symb_time: 2.259551872	mgmt_time: 0.014759288	numc_time: 9.636637459	total_time: 12.052143387	flop_cnt: 11359799604	numc_perf: 1178813632.040912151	perf: 942554302.500048876
[0mCONFIGURATION:	USE_HYPERTHREADING	USE_WEIGHTED_INTERLEAVING	HASH_CONSTANT: 2654435761	THREAD_NUM: 64	AB_HIGH_THREAD_NUM: 16	AB_SIZE: 524288	AB_MIN_NUM: 32768	AB_SIMP	AB_DNR	DAHA	DAHA_REAR	DAHA_QUANTILE: 0.990000	DAHA_SYMB_THRES: 6000000	DAHA_NUMC_THRES: 800000	DN_MIN: 256	GUD_ALPHA: 0.500000	GUD_MIN: 256	HYB_THRES: 0.950000
[0;36m0th run	init_time: 0.014116491	symb_time: 5.184035971	mgmt_time: 0.018176451	numc_time: 32.392296380	total_time: 37.608625293
[0m
[0;36m1th run	init_time: 0.143167959	symb_time: 5.661368329	mgmt_time: 0.018089977	numc_time: 34.952075425	total_time: 40.774701690
[0m
[0;36m2th run	init_time: 0.143820284	symb_time: 5.262043458	mgmt_time: 0.018049766	numc_time: 33.341127710	total_time: 38.765041218
[0m
[0;36m3th run	init_time: 0.143674346	symb_time: 5.193585534	mgmt_time: 0.018292947	numc_time: 32.898455913	total_time: 38.254008740
[0m
[0;36m4th run	init_time: 0.145152634	symb_time: 5.168711436	mgmt_time: 0.017745030	numc_time: 33.304720871	total_time: 38.636329971
[0m
[0;32mdataset: g500_18_32	num_trials: 4	thread_num: 64	numa_mask: 6	init_time: 0.143953806	symb_time: 5.321427189	mgmt_time: 0.018044430	numc_time: 33.624094980	total_time: 39.107520405	flop_cnt: 36733901550	numc_perf: 1092487443.070895195	perf: 939305309.306654572
[0mCONFIGURATION:	USE_HYPERTHREADING	USE_WEIGHTED_INTERLEAVING	HASH_CONSTANT: 2654435761	THREAD_NUM: 64	AB_HIGH_THREAD_NUM: 16	AB_SIZE: 524288	AB_MIN_NUM: 32768	AB_SIMP	AB_DNR	DAHA	DAHA_REAR	DAHA_QUANTILE: 0.990000	DAHA_SYMB_THRES: 6000000	DAHA_NUMC_THRES: 800000	DN_MIN: 256	GUD_ALPHA: 0.500000	GUD_MIN: 256	HYB_THRES: 0.950000
[0;36m0th run	init_time: 0.008287117	symb_time: 0.117597769	mgmt_time: 0.011148239	numc_time: 0.138735914	total_time: 0.275769039
[0m
[0;36m1th run	init_time: 0.006881526	symb_time: 0.117344658	mgmt_time: 0.011340531	numc_time: 0.136694242	total_time: 0.272260957
[0m
[0;36m2th run	init_time: 0.006850649	symb_time: 0.117994120	mgmt_time: 0.011158416	numc_time: 0.136117869	total_time: 0.272121054
[0m
[0;36m3th run	init_time: 0.006909898	symb_time: 0.117371035	mgmt_time: 0.011031296	numc_time: 0.136871453	total_time: 0.272183682
[0m
[0;36m4th run	init_time: 0.006912238	symb_time: 0.115894938	mgmt_time: 0.011256538	numc_time: 0.136520066	total_time: 0.270583780
[0m
[0;32mdataset: g500_19_1	num_trials: 4	thread_num: 64	numa_mask: 6	init_time: 0.006888578	symb_time: 0.117151188	mgmt_time: 0.011196695	numc_time: 0.136550907	total_time: 0.271787368	flop_cnt: 166344542	numc_perf: 1218187012.048968077	perf: 612039268.311359406
[0mCONFIGURATION:	USE_HYPERTHREADING	USE_WEIGHTED_INTERLEAVING	HASH_CONSTANT: 2654435761	THREAD_NUM: 64	AB_HIGH_THREAD_NUM: 16	AB_SIZE: 524288	AB_MIN_NUM: 32768	AB_SIMP	AB_DNR	DAHA	DAHA_REAR	DAHA_QUANTILE: 0.990000	DAHA_SYMB_THRES: 6000000	DAHA_NUMC_THRES: 800000	DN_MIN: 256	GUD_ALPHA: 0.500000	GUD_MIN: 256	HYB_THRES: 0.950000
[0;36m0th run	init_time: 0.008298387	symb_time: 0.307466331	mgmt_time: 0.011741843	numc_time: 0.690311056	total_time: 1.017817617
[0m
[0;36m1th run	init_time: 0.138420391	symb_time: 0.307690185	mgmt_time: 0.011519334	numc_time: 0.688634986	total_time: 1.146264896
[0m
[0;36m2th run	init_time: 0.138783610	symb_time: 0.303515365	mgmt_time: 0.011620724	numc_time: 0.689196417	total_time: 1.143116116
[0m
[0;36m3th run	init_time: 0.138383615	symb_time: 0.304895562	mgmt_time: 0.011574691	numc_time: 0.690843878	total_time: 1.145697746
[0m
[0;36m4th run	init_time: 0.138709537	symb_time: 0.309801731	mgmt_time: 0.011642934	numc_time: 0.689927402	total_time: 1.150081604
[0m
[0;32mdataset: g500_19_2	num_trials: 4	thread_num: 64	numa_mask: 6	init_time: 0.138574288	symb_time: 0.306475711	mgmt_time: 0.011589421	numc_time: 0.689650671	total_time: 1.146290090	flop_cnt: 633825774	numc_perf: 919053371.340464234	perf: 552936625.076756716
[0mCONFIGURATION:	USE_HYPERTHREADING	USE_WEIGHTED_INTERLEAVING	HASH_CONSTANT: 2654435761	THREAD_NUM: 64	AB_HIGH_THREAD_NUM: 16	AB_SIZE: 524288	AB_MIN_NUM: 32768	AB_SIMP	AB_DNR	DAHA	DAHA_REAR	DAHA_QUANTILE: 0.990000	DAHA_SYMB_THRES: 6000000	DAHA_NUMC_THRES: 800000	DN_MIN: 256	GUD_ALPHA: 0.500000	GUD_MIN: 256	HYB_THRES: 0.950000
[0;36m0th run	init_time: 0.009151449	symb_time: 0.860649347	mgmt_time: 0.012809515	numc_time: 2.523687938	total_time: 3.406298249
[0m
[0;36m1th run	init_time: 0.140649981	symb_time: 0.838796516	mgmt_time: 0.012639781	numc_time: 2.524963338	total_time: 3.517049616
[0m
[0;36m2th run	init_time: 0.141361091	symb_time: 0.836365389	mgmt_time: 0.012609584	numc_time: 2.522206900	total_time: 3.512542964
[0m
[0;36m3th run	init_time: 0.138678397	symb_time: 0.838064411	mgmt_time: 0.012562688	numc_time: 2.518050390	total_time: 3.507355886
[0m
[0;36m4th run	init_time: 0.139928138	symb_time: 0.838079118	mgmt_time: 0.012662805	numc_time: 2.521955845	total_time: 3.512625906
[0m
[0;32mdataset: g500_19_4	num_trials: 4	thread_num: 64	numa_mask: 6	init_time: 0.140154402	symb_time: 0.837826358	mgmt_time: 0.012618715	numc_time: 2.521794118	total_time: 3.512393593	flop_cnt: 2214702680	numc_perf: 878225016.059952497	perf: 630539437.383605242
[0mCONFIGURATION:	USE_HYPERTHREADING	USE_WEIGHTED_INTERLEAVING	HASH_CONSTANT: 2654435761	THREAD_NUM: 64	AB_HIGH_THREAD_NUM: 16	AB_SIZE: 524288	AB_MIN_NUM: 32768	AB_SIMP	AB_DNR	DAHA	DAHA_REAR	DAHA_QUANTILE: 0.990000	DAHA_SYMB_THRES: 6000000	DAHA_NUMC_THRES: 800000	DN_MIN: 256	GUD_ALPHA: 0.500000	GUD_MIN: 256	HYB_THRES: 0.950000
[0;36m0th run	init_time: 0.011874623	symb_time: 4.222084201	mgmt_time: 0.015299516	numc_time: 11.510985965	total_time: 15.760244305
[0m
[0;36m1th run	init_time: 0.141034290	symb_time: 4.227698435	mgmt_time: 0.015454115	numc_time: 11.504249680	total_time: 15.888436520
[0m
[0;36m2th run	init_time: 0.142711273	symb_time: 4.214148032	mgmt_time: 0.015140000	numc_time: 11.481883287	total_time: 15.853882592
[0m
[0;36m3th run	init_time: 0.142300344	symb_time: 4.222272026	mgmt_time: 0.015563248	numc_time: 11.480396316	total_time: 15.860531934
[0m
[0;36m4th run	init_time: 0.142918233	symb_time: 4.220773806	mgmt_time: 0.014710191	numc_time: 11.482750017	total_time: 15.861152247
[0m
[0;32mdataset: g500_19_8	num_trials: 4	thread_num: 64	numa_mask: 6	init_time: 0.142241035	symb_time: 4.221223075	mgmt_time: 0.015216889	numc_time: 11.487319825	total_time: 15.866000823	flop_cnt: 8006120556	numc_perf: 696952873.078033209	perf: 504608605.860391140
[0mCONFIGURATION:	USE_HYPERTHREADING	USE_WEIGHTED_INTERLEAVING	HASH_CONSTANT: 2654435761	THREAD_NUM: 64	AB_HIGH_THREAD_NUM: 16	AB_SIZE: 524288	AB_MIN_NUM: 32768	AB_SIMP	AB_DNR	DAHA	DAHA_REAR	DAHA_QUANTILE: 0.990000	DAHA_SYMB_THRES: 6000000	DAHA_NUMC_THRES: 800000	DN_MIN: 256	GUD_ALPHA: 0.500000	GUD_MIN: 256	HYB_THRES: 0.950000
[0;36m0th run	init_time: 0.017094821	symb_time: 9.601393530	mgmt_time: 0.020169350	numc_time: 50.655979279	total_time: 60.294636980
[0m
[0;36m1th run	init_time: 0.147323644	symb_time: 9.743445736	mgmt_time: 0.020606278	numc_time: 50.888224458	total_time: 60.799600116
[0m
[0;36m2th run	init_time: 0.147496150	symb_time: 9.855354396	mgmt_time: 0.019964754	numc_time: 50.399761334	total_time: 60.422576634
[0m
[0;36m3th run	init_time: 0.147824564	symb_time: 9.783168759	mgmt_time: 0.020148958	numc_time: 50.613031248	total_time: 60.564173529
[0m
[0;36m4th run	init_time: 0.147049381	symb_time: 9.767539203	mgmt_time: 0.019896217	numc_time: 50.800625399	total_time: 60.735110200
[0m
[0;32mdataset: g500_19_16	num_trials: 4	thread_num: 64	numa_mask: 6	init_time: 0.147423435	symb_time: 9.787377023	mgmt_time: 0.020154052	numc_time: 50.675410610	total_time: 60.630365120	flop_cnt: 28930196662	numc_perf: 570892200.258438587	perf: 477156893.329942226
[0mCONFIGURATION:	USE_HYPERTHREADING	USE_WEIGHTED_INTERLEAVING	HASH_CONSTANT: 2654435761	THREAD_NUM: 64	AB_HIGH_THREAD_NUM: 16	AB_SIZE: 524288	AB_MIN_NUM: 32768	AB_SIMP	AB_DNR	DAHA	DAHA_REAR	DAHA_QUANTILE: 0.990000	DAHA_SYMB_THRES: 6000000	DAHA_NUMC_THRES: 800000	DN_MIN: 256	GUD_ALPHA: 0.500000	GUD_MIN: 256	HYB_THRES: 0.950000
[0;36m0th run	init_time: 0.010797250	symb_time: 0.231839865	mgmt_time: 0.011698537	numc_time: 0.359046299	total_time: 0.613381951
[0m
[0;36m1th run	init_time: 0.011007718	symb_time: 0.230596994	mgmt_time: 0.011698303	numc_time: 0.356402704	total_time: 0.609705719
[0m
[0;36m2th run	init_time: 0.011324646	symb_time: 0.232432689	mgmt_time: 0.011676497	numc_time: 0.356714269	total_time: 0.612148101
[0m
[0;36m3th run	init_time: 0.010992674	symb_time: 0.229929525	mgmt_time: 0.011773847	numc_time: 0.356206314	total_time: 0.608902360
[0m
[0;36m4th run	init_time: 0.010983746	symb_time: 0.231073614	mgmt_time: 0.011823744	numc_time: 0.356889997	total_time: 0.610771101
[0m
[0;32mdataset: g500_20_1	num_trials: 4	thread_num: 64	numa_mask: 6	init_time: 0.011077196	symb_time: 0.231008206	mgmt_time: 0.011743098	numc_time: 0.356553321	total_time: 0.610381820	flop_cnt: 405457504	numc_perf: 1137158119.472402811	perf: 664268643.902160883
[0mCONFIGURATION:	USE_HYPERTHREADING	USE_WEIGHTED_INTERLEAVING	HASH_CONSTANT: 2654435761	THREAD_NUM: 64	AB_HIGH_THREAD_NUM: 16	AB_SIZE: 524288	AB_MIN_NUM: 32768	AB_SIMP	AB_DNR	DAHA	DAHA_REAR	DAHA_QUANTILE: 0.990000	DAHA_SYMB_THRES: 6000000	DAHA_NUMC_THRES: 800000	DN_MIN: 256	GUD_ALPHA: 0.500000	GUD_MIN: 256	HYB_THRES: 0.950000
[0;36m0th run	init_time: 0.012602935	symb_time: 0.761768012	mgmt_time: 0.012768374	numc_time: 1.962625939	total_time: 2.749765260
[0m
[0;36m1th run	init_time: 0.143155928	symb_time: 0.768902326	mgmt_time: 0.012617923	numc_time: 1.960676542	total_time: 2.885352719
[0m
[0;36m2th run	init_time: 0.144118875	symb_time: 0.769962119	mgmt_time: 0.012646312	numc_time: 1.963589859	total_time: 2.890317165
[0m
[0;36m3th run	init_time: 0.141995071	symb_time: 0.776162237	mgmt_time: 0.012768858	numc_time: 1.962622717	total_time: 2.893548883
[0m
[0;36m4th run	init_time: 0.144023262	symb_time: 0.761431085	mgmt_time: 0.012340427	numc_time: 1.960781384	total_time: 2.878576158
[0m
[0;32mdataset: g500_20_2	num_trials: 4	thread_num: 64	numa_mask: 6	init_time: 0.143323284	symb_time: 0.769114442	mgmt_time: 0.012593380	numc_time: 1.961917625	total_time: 2.886948731	flop_cnt: 1621860284	numc_perf: 826670938.127009630	perf: 561790469.793955088
[0mCONFIGURATION:	USE_HYPERTHREADING	USE_WEIGHTED_INTERLEAVING	HASH_CONSTANT: 2654435761	THREAD_NUM: 64	AB_HIGH_THREAD_NUM: 16	AB_SIZE: 524288	AB_MIN_NUM: 32768	AB_SIMP	AB_DNR	DAHA	DAHA_REAR	DAHA_QUANTILE: 0.990000	DAHA_SYMB_THRES: 6000000	DAHA_NUMC_THRES: 800000	DN_MIN: 256	GUD_ALPHA: 0.500000	GUD_MIN: 256	HYB_THRES: 0.950000
[0;36m0th run	init_time: 0.016382561	symb_time: 3.211062207	mgmt_time: 0.015598455	numc_time: 8.977179859	total_time: 12.220223082
[0m
[0;36m1th run	init_time: 0.146806984	symb_time: 3.225332853	mgmt_time: 0.015421527	numc_time: 9.001479112	total_time: 12.389040476
[0m
[0;36m2th run	init_time: 0.145642502	symb_time: 3.205188317	mgmt_time: 0.015686388	numc_time: 8.980386282	total_time: 12.346903489
[0m
[0;36m3th run	init_time: 0.145128715	symb_time: 3.217177263	mgmt_time: 0.015786133	numc_time: 8.990158067	total_time: 12.368250178
[0m
[0;36m4th run	init_time: 0.147274983	symb_time: 3.209973095	mgmt_time: 0.015370666	numc_time: 8.976097489	total_time: 12.348716233
[0m
[0;32mdataset: g500_20_4	num_trials: 4	thread_num: 64	numa_mask: 6	init_time: 0.146213296	symb_time: 3.214417882	mgmt_time: 0.015566179	numc_time: 8.987030238	total_time: 12.363227594	flop_cnt: 6063756842	numc_perf: 674723093.363799214	perf: 490467136.991217554
[0mCONFIGURATION:	USE_HYPERTHREADING	USE_WEIGHTED_INTERLEAVING	HASH_CONSTANT: 2654435761	THREAD_NUM: 64	AB_HIGH_THREAD_NUM: 16	AB_SIZE: 524288	AB_MIN_NUM: 32768	AB_SIMP	AB_DNR	DAHA	DAHA_REAR	DAHA_QUANTILE: 0.990000	DAHA_SYMB_THRES: 6000000	DAHA_NUMC_THRES: 800000	DN_MIN: 256	GUD_ALPHA: 0.500000	GUD_MIN: 256	HYB_THRES: 0.950000
[0;36m0th run	init_time: 0.028609221	symb_time: 12.273120837	mgmt_time: 0.021593951	numc_time: 42.633755316	total_time: 54.957079325
[0m
[0;36m1th run	init_time: 0.153464862	symb_time: 12.281578620	mgmt_time: 0.021363446	numc_time: 42.825273203	total_time: 55.281680131
[0m
[0;36m2th run	init_time: 0.154448015	symb_time: 12.292433835	mgmt_time: 0.021251689	numc_time: 42.880593301	total_time: 55.348726840
[0m
[0;36m3th run	init_time: 0.152370276	symb_time: 12.300374307	mgmt_time: 0.021494253	numc_time: 42.908000883	total_time: 55.382239719
[0m
[0;36m4th run	init_time: 0.154760219	symb_time: 12.284716221	mgmt_time: 0.021406403	numc_time: 42.931218037	total_time: 55.392100880
[0m
[0;32mdataset: g500_20_8	num_trials: 4	thread_num: 64	numa_mask: 6	init_time: 0.153760843	symb_time: 12.289775746	mgmt_time: 0.021378948	numc_time: 42.886271356	total_time: 55.351186892	flop_cnt: 21344490376	numc_perf: 497699839.625106514	perf: 385619380.076782882
[0mmmap: Cannot allocate memory
CONFIGURATION:	USE_HYPERTHREADING	USE_WEIGHTED_INTERLEAVING	HASH_CONSTANT: 2654435761	THREAD_NUM: 64	AB_HIGH_THREAD_NUM: 16	AB_SIZE: 524288	AB_MIN_NUM: 32768	AB_SIMP	AB_DNR	DAHA	DAHA_REAR	DAHA_QUANTILE: 0.990000	DAHA_SYMB_THRES: 6000000	DAHA_NUMC_THRES: 800000	DN_MIN: 256	GUD_ALPHA: 0.500000	GUD_MIN: 256	HYB_THRES: 0.950000
errno: 22
buffer_size: 455719517040
