CONFIGURATION:	USE_HYPERTHREADING	USE_WEIGHTED_INTERLEAVING	HASH_CONSTANT: 2654435761	THREAD_NUM: 64	AB_HIGH_THREAD_NUM: 22	AB_SIZE: 524288	AB_MIN_NUM: 32768	AB_SIMP	AB_DNR	DAHA	DAHA_REAR	DAHA_QUANTILE: 0.990000	DAHA_SYMB_THRES: 5000000	DAHA_NUMC_THRES: 450000	DN_MIN: 256	GUD_ALPHA: 0.500000	GUD_MIN: 256	HYB_THRES: 0.950000
[0;36m0th run	init_time: 0.006273705	symb_time: 0.033685340	mgmt_time: 0.000260299	numc_time: 0.021547459	total_time: 0.061766803
[0m
[0;36m1th run	init_time: 0.004259216	symb_time: 0.035300263	mgmt_time: 0.000254630	numc_time: 0.021374446	total_time: 0.061188555
[0m
[0;36m2th run	init_time: 0.004317009	symb_time: 0.035212398	mgmt_time: 0.000269742	numc_time: 0.021981344	total_time: 0.061780493
[0m
[0;36m3th run	init_time: 0.004296050	symb_time: 0.035364336	mgmt_time: 0.000251764	numc_time: 0.021812426	total_time: 0.061724576
[0m
[0;36m4th run	init_time: 0.004173407	symb_time: 0.035170946	mgmt_time: 0.000250571	numc_time: 0.021645325	total_time: 0.061240249
[0m
[0;32mdataset: g500_17_1	num_trials: 4	thread_num: 64	numa_mask: 6	init_time: 0.004261420	symb_time: 0.035261986	mgmt_time: 0.000256677	numc_time: 0.021703385	total_time: 0.061483468	flop_cnt: 26545040	numc_perf: 1223082928.963812351	perf: 431742722.971715212
[0mCONFIGURATION:	USE_HYPERTHREADING	USE_WEIGHTED_INTERLEAVING	HASH_CONSTANT: 2654435761	THREAD_NUM: 64	AB_HIGH_THREAD_NUM: 22	AB_SIZE: 524288	AB_MIN_NUM: 32768	AB_SIMP	AB_DNR	DAHA	DAHA_REAR	DAHA_QUANTILE: 0.990000	DAHA_SYMB_THRES: 5000000	DAHA_NUMC_THRES: 450000	DN_MIN: 256	GUD_ALPHA: 0.500000	GUD_MIN: 256	HYB_THRES: 0.950000
[0;36m0th run	init_time: 0.006253679	symb_time: 0.073449614	mgmt_time: 0.010636623	numc_time: 0.078768815	total_time: 0.169108731
[0m
[0;36m1th run	init_time: 0.004459997	symb_time: 0.073259608	mgmt_time: 0.010662680	numc_time: 0.077884566	total_time: 0.166266851
[0m
[0;36m2th run	init_time: 0.004382178	symb_time: 0.073325039	mgmt_time: 0.010790159	numc_time: 0.078233789	total_time: 0.166731165
[0m
[0;36m3th run	init_time: 0.004468730	symb_time: 0.073557353	mgmt_time: 0.010588292	numc_time: 0.077587266	total_time: 0.166201641
[0m
[0;36m4th run	init_time: 0.004445770	symb_time: 0.073566571	mgmt_time: 0.010562513	numc_time: 0.078082353	total_time: 0.166657207
[0m
[0;32mdataset: g500_17_2	num_trials: 4	thread_num: 64	numa_mask: 6	init_time: 0.004439169	symb_time: 0.073427143	mgmt_time: 0.010650911	numc_time: 0.077946993	total_time: 0.166464216	flop_cnt: 99289164	numc_perf: 1273803639.392454624	perf: 596459505.747469425
[0mCONFIGURATION:	USE_HYPERTHREADING	USE_WEIGHTED_INTERLEAVING	HASH_CONSTANT: 2654435761	THREAD_NUM: 64	AB_HIGH_THREAD_NUM: 22	AB_SIZE: 524288	AB_MIN_NUM: 32768	AB_SIMP	AB_DNR	DAHA	DAHA_REAR	DAHA_QUANTILE: 0.990000	DAHA_SYMB_THRES: 5000000	DAHA_NUMC_THRES: 450000	DN_MIN: 256	GUD_ALPHA: 0.500000	GUD_MIN: 256	HYB_THRES: 0.950000
[0;36m0th run	init_time: 0.006464443	symb_time: 0.138268809	mgmt_time: 0.011007934	numc_time: 0.360412463	total_time: 0.516153649
[0m
[0;36m1th run	init_time: 0.134052376	symb_time: 0.137369398	mgmt_time: 0.011236632	numc_time: 0.358878240	total_time: 0.641536646
[0m
[0;36m2th run	init_time: 0.135251757	symb_time: 0.137073123	mgmt_time: 0.011104190	numc_time: 0.359073798	total_time: 0.642502868
[0m
[0;36m3th run	init_time: 0.135413689	symb_time: 0.137661564	mgmt_time: 0.010972712	numc_time: 0.358837955	total_time: 0.642885920
[0m
[0;36m4th run	init_time: 0.134088970	symb_time: 0.134584966	mgmt_time: 0.011148603	numc_time: 0.360254263	total_time: 0.640076802
[0m
[0;32mdataset: g500_17_4	num_trials: 4	thread_num: 64	numa_mask: 6	init_time: 0.134701698	symb_time: 0.136672263	mgmt_time: 0.011115534	numc_time: 0.359261064	total_time: 0.641750559	flop_cnt: 358726446	numc_perf: 998511895.516737580	perf: 558981119.640910149
[0mCONFIGURATION:	USE_HYPERTHREADING	USE_WEIGHTED_INTERLEAVING	HASH_CONSTANT: 2654435761	THREAD_NUM: 64	AB_HIGH_THREAD_NUM: 22	AB_SIZE: 524288	AB_MIN_NUM: 32768	AB_SIMP	AB_DNR	DAHA	DAHA_REAR	DAHA_QUANTILE: 0.990000	DAHA_SYMB_THRES: 5000000	DAHA_NUMC_THRES: 450000	DN_MIN: 256	GUD_ALPHA: 0.500000	GUD_MIN: 256	HYB_THRES: 0.950000
[0;36m0th run	init_time: 0.006322757	symb_time: 0.275262629	mgmt_time: 0.011702612	numc_time: 2.348072732	total_time: 2.641360730
[0m
[0;36m1th run	init_time: 0.136422433	symb_time: 0.279469766	mgmt_time: 0.011705082	numc_time: 2.350057317	total_time: 2.777654598
[0m
[0;36m2th run	init_time: 0.134403875	symb_time: 0.278070834	mgmt_time: 0.011586482	numc_time: 2.344811803	total_time: 2.768872994
[0m
[0;36m3th run	init_time: 0.134509198	symb_time: 0.275302906	mgmt_time: 0.011657404	numc_time: 2.343773674	total_time: 2.765243182
[0m
[0;36m4th run	init_time: 0.135980537	symb_time: 0.278802699	mgmt_time: 0.011528581	numc_time: 2.344576516	total_time: 2.770888333
[0m
[0;32mdataset: g500_17_8	num_trials: 4	thread_num: 64	numa_mask: 6	init_time: 0.135329011	symb_time: 0.277911551	mgmt_time: 0.011619387	numc_time: 2.345804827	total_time: 2.770664777	flop_cnt: 1245326524	numc_perf: 530873885.755953848	perf: 449468493.788978934
[0mCONFIGURATION:	USE_HYPERTHREADING	USE_WEIGHTED_INTERLEAVING	HASH_CONSTANT: 2654435761	THREAD_NUM: 64	AB_HIGH_THREAD_NUM: 22	AB_SIZE: 524288	AB_MIN_NUM: 32768	AB_SIMP	AB_DNR	DAHA	DAHA_REAR	DAHA_QUANTILE: 0.990000	DAHA_SYMB_THRES: 5000000	DAHA_NUMC_THRES: 450000	DN_MIN: 256	GUD_ALPHA: 0.500000	GUD_MIN: 256	HYB_THRES: 0.950000
[0;36m0th run	init_time: 0.006694736	symb_time: 0.608843907	mgmt_time: 0.012485078	numc_time: 12.404246486	total_time: 13.032270207
[0m
[0;36m1th run	init_time: 0.137027273	symb_time: 0.600829740	mgmt_time: 0.012323653	numc_time: 12.356289137	total_time: 13.106469803
[0m
[0;36m2th run	init_time: 0.138081168	symb_time: 0.600958453	mgmt_time: 0.012018777	numc_time: 12.401384271	total_time: 13.152442669
[0m
[0;36m3th run	init_time: 0.138110949	symb_time: 0.601884439	mgmt_time: 0.012024395	numc_time: 12.380390231	total_time: 13.132410014
[0m
[0;36m4th run	init_time: 0.137273482	symb_time: 0.603727995	mgmt_time: 0.012271356	numc_time: 12.352768427	total_time: 13.106041260
[0m
[0;32mdataset: g500_17_16	num_trials: 4	thread_num: 64	numa_mask: 6	init_time: 0.137623218	symb_time: 0.601850157	mgmt_time: 0.012159545	numc_time: 12.372708016	total_time: 13.124340936	flop_cnt: 4189732618	numc_perf: 338626969.327382147	perf: 319233753.395415723
[0mCONFIGURATION:	USE_HYPERTHREADING	USE_WEIGHTED_INTERLEAVING	HASH_CONSTANT: 2654435761	THREAD_NUM: 64	AB_HIGH_THREAD_NUM: 22	AB_SIZE: 524288	AB_MIN_NUM: 32768	AB_SIMP	AB_DNR	DAHA	DAHA_REAR	DAHA_QUANTILE: 0.990000	DAHA_SYMB_THRES: 5000000	DAHA_NUMC_THRES: 450000	DN_MIN: 256	GUD_ALPHA: 0.500000	GUD_MIN: 256	HYB_THRES: 0.950000
[0;36m0th run	init_time: 0.008034472	symb_time: 1.418733108	mgmt_time: 0.013600483	numc_time: 56.305199540	total_time: 57.745567603
[0m
[0;36m1th run	init_time: 0.139081955	symb_time: 1.410491757	mgmt_time: 0.013480737	numc_time: 56.288887595	total_time: 57.851942044
[0m
[0;36m2th run	init_time: 0.138749497	symb_time: 1.406936839	mgmt_time: 0.013397278	numc_time: 56.347954512	total_time: 57.907038126
[0m
[0;36m3th run	init_time: 0.138870120	symb_time: 1.409528089	mgmt_time: 0.013513957	numc_time: 56.345782698	total_time: 57.907694864
[0m
[0;36m4th run	init_time: 0.138541069	symb_time: 1.407757599	mgmt_time: 0.013394239	numc_time: 56.279600192	total_time: 57.839293099
[0m
[0;32mdataset: g500_17_32	num_trials: 4	thread_num: 64	numa_mask: 6	init_time: 0.138810660	symb_time: 1.408678571	mgmt_time: 0.013446553	numc_time: 56.315556249	total_time: 57.876492033	flop_cnt: 13705485276	numc_perf: 243369438.017093658	perf: 236805735.705719829
[0mCONFIGURATION:	USE_HYPERTHREADING	USE_WEIGHTED_INTERLEAVING	HASH_CONSTANT: 2654435761	THREAD_NUM: 64	AB_HIGH_THREAD_NUM: 22	AB_SIZE: 524288	AB_MIN_NUM: 32768	AB_SIMP	AB_DNR	DAHA	DAHA_REAR	DAHA_QUANTILE: 0.990000	DAHA_SYMB_THRES: 5000000	DAHA_NUMC_THRES: 450000	DN_MIN: 256	GUD_ALPHA: 0.500000	GUD_MIN: 256	HYB_THRES: 0.950000
[0;36m0th run	init_time: 0.006854460	symb_time: 0.059961503	mgmt_time: 0.010825029	numc_time: 0.050661788	total_time: 0.128302780
[0m
[0;36m1th run	init_time: 0.005055628	symb_time: 0.060261692	mgmt_time: 0.010904809	numc_time: 0.050007933	total_time: 0.126230062
[0m
[0;36m2th run	init_time: 0.005046058	symb_time: 0.060515443	mgmt_time: 0.010770139	numc_time: 0.050831620	total_time: 0.127163260
[0m
[0;36m3th run	init_time: 0.005034844	symb_time: 0.060369574	mgmt_time: 0.010851694	numc_time: 0.050079007	total_time: 0.126335119
[0m
[0;36m4th run	init_time: 0.005074803	symb_time: 0.058566128	mgmt_time: 0.010744529	numc_time: 0.050216389	total_time: 0.124601849
[0m
[0;32mdataset: g500_18_1	num_trials: 4	thread_num: 64	numa_mask: 6	init_time: 0.005052833	symb_time: 0.059928209	mgmt_time: 0.010817793	numc_time: 0.050283737	total_time: 0.126082573	flop_cnt: 63713390	numc_perf: 1267077458.527607679	perf: 505330663.363487363
[0mCONFIGURATION:	USE_HYPERTHREADING	USE_WEIGHTED_INTERLEAVING	HASH_CONSTANT: 2654435761	THREAD_NUM: 64	AB_HIGH_THREAD_NUM: 22	AB_SIZE: 524288	AB_MIN_NUM: 32768	AB_SIMP	AB_DNR	DAHA	DAHA_REAR	DAHA_QUANTILE: 0.990000	DAHA_SYMB_THRES: 5000000	DAHA_NUMC_THRES: 450000	DN_MIN: 256	GUD_ALPHA: 0.500000	GUD_MIN: 256	HYB_THRES: 0.950000
[0;36m0th run	init_time: 0.006953237	symb_time: 0.139134029	mgmt_time: 0.011252838	numc_time: 0.240421546	total_time: 0.397761650
[0m
[0;36m1th run	init_time: 0.005784709	symb_time: 0.139545466	mgmt_time: 0.011028654	numc_time: 0.238097096	total_time: 0.394455925
[0m
[0;36m2th run	init_time: 0.005835992	symb_time: 0.139091135	mgmt_time: 0.010978012	numc_time: 0.238571427	total_time: 0.394476566
[0m
[0;36m3th run	init_time: 0.005907087	symb_time: 0.139407713	mgmt_time: 0.011181009	numc_time: 0.238666228	total_time: 0.395162037
[0m
[0;36m4th run	init_time: 0.005836705	symb_time: 0.139459598	mgmt_time: 0.011043938	numc_time: 0.237899248	total_time: 0.394239489
[0m
[0;32mdataset: g500_18_2	num_trials: 4	thread_num: 64	numa_mask: 6	init_time: 0.005841123	symb_time: 0.139375978	mgmt_time: 0.011057903	numc_time: 0.238308500	total_time: 0.394583504	flop_cnt: 231404130	numc_perf: 971027597.600408196	perf: 586451606.586643100
[0mCONFIGURATION:	USE_HYPERTHREADING	USE_WEIGHTED_INTERLEAVING	HASH_CONSTANT: 2654435761	THREAD_NUM: 64	AB_HIGH_THREAD_NUM: 22	AB_SIZE: 524288	AB_MIN_NUM: 32768	AB_SIMP	AB_DNR	DAHA	DAHA_REAR	DAHA_QUANTILE: 0.990000	DAHA_SYMB_THRES: 5000000	DAHA_NUMC_THRES: 450000	DN_MIN: 256	GUD_ALPHA: 0.500000	GUD_MIN: 256	HYB_THRES: 0.950000
[0;36m0th run	init_time: 0.006948173	symb_time: 0.302869892	mgmt_time: 0.011855684	numc_time: 1.169933312	total_time: 1.491607061
[0m
[0;36m1th run	init_time: 0.136828785	symb_time: 0.300352264	mgmt_time: 0.011491794	numc_time: 1.171799150	total_time: 1.620471993
[0m
[0;36m2th run	init_time: 0.137851733	symb_time: 0.306266690	mgmt_time: 0.011508162	numc_time: 1.173419985	total_time: 1.629046570
[0m
[0;36m3th run	init_time: 0.137499159	symb_time: 0.301177652	mgmt_time: 0.011560938	numc_time: 1.174546980	total_time: 1.624784729
[0m
[0;36m4th run	init_time: 0.137060866	symb_time: 0.298814237	mgmt_time: 0.011729793	numc_time: 1.172756704	total_time: 1.620361600
[0m
[0;32mdataset: g500_18_4	num_trials: 4	thread_num: 64	numa_mask: 6	init_time: 0.137310136	symb_time: 0.301652711	mgmt_time: 0.011572672	numc_time: 1.173130705	total_time: 1.623666223	flop_cnt: 866259112	numc_perf: 738416536.616526604	perf: 533520436.484438658
[0mCONFIGURATION:	USE_HYPERTHREADING	USE_WEIGHTED_INTERLEAVING	HASH_CONSTANT: 2654435761	THREAD_NUM: 64	AB_HIGH_THREAD_NUM: 22	AB_SIZE: 524288	AB_MIN_NUM: 32768	AB_SIMP	AB_DNR	DAHA	DAHA_REAR	DAHA_QUANTILE: 0.990000	DAHA_SYMB_THRES: 5000000	DAHA_NUMC_THRES: 450000	DN_MIN: 256	GUD_ALPHA: 0.500000	GUD_MIN: 256	HYB_THRES: 0.950000
[0;36m0th run	init_time: 0.007679272	symb_time: 0.777896087	mgmt_time: 0.012737702	numc_time: 7.707112243	total_time: 8.505425304
[0m
[0;36m1th run	init_time: 0.139150195	symb_time: 0.772856479	mgmt_time: 0.012445140	numc_time: 7.687874075	total_time: 8.612325889
[0m
[0;36m2th run	init_time: 0.138370727	symb_time: 0.776052740	mgmt_time: 0.012558095	numc_time: 7.683761611	total_time: 8.610743173
[0m
[0;36m3th run	init_time: 0.138763139	symb_time: 0.798845836	mgmt_time: 0.012560438	numc_time: 7.694307217	total_time: 8.644476630
[0m
[0;36m4th run	init_time: 0.137621571	symb_time: 0.790009560	mgmt_time: 0.012523216	numc_time: 7.690718132	total_time: 8.630872479
[0m
[0;32mdataset: g500_18_8	num_trials: 4	thread_num: 64	numa_mask: 6	init_time: 0.138476408	symb_time: 0.784441154	mgmt_time: 0.012521722	numc_time: 7.689165259	total_time: 8.624604543	flop_cnt: 3197249132	numc_perf: 415812253.269188464	perf: 370712548.749573231
[0mCONFIGURATION:	USE_HYPERTHREADING	USE_WEIGHTED_INTERLEAVING	HASH_CONSTANT: 2654435761	THREAD_NUM: 64	AB_HIGH_THREAD_NUM: 22	AB_SIZE: 524288	AB_MIN_NUM: 32768	AB_SIMP	AB_DNR	DAHA	DAHA_REAR	DAHA_QUANTILE: 0.990000	DAHA_SYMB_THRES: 5000000	DAHA_NUMC_THRES: 450000	DN_MIN: 256	GUD_ALPHA: 0.500000	GUD_MIN: 256	HYB_THRES: 0.950000
[0;36m0th run	init_time: 0.009862338	symb_time: 2.268171574	mgmt_time: 0.014723731	numc_time: 39.830320040	total_time: 42.123077683
[0m
[0;36m1th run	init_time: 0.141007590	symb_time: 2.262297632	mgmt_time: 0.014559416	numc_time: 39.705183817	total_time: 42.123048455
[0m
[0;36m2th run	init_time: 0.141510301	symb_time: 2.262361756	mgmt_time: 0.014354250	numc_time: 39.905519572	total_time: 42.323745879
[0m
[0;36m3th run	init_time: 0.141552769	symb_time: 2.264308156	mgmt_time: 0.014290404	numc_time: 39.862179205	total_time: 42.282330534
[0m
[0;36m4th run	init_time: 0.139701948	symb_time: 2.259328709	mgmt_time: 0.014338705	numc_time: 39.691721408	total_time: 42.105090770
[0m
[0;32mdataset: g500_18_16	num_trials: 4	thread_num: 64	numa_mask: 6	init_time: 0.140943152	symb_time: 2.262074063	mgmt_time: 0.014385694	numc_time: 39.791151001	total_time: 42.208553909	flop_cnt: 11359799604	numc_perf: 285485574.515229702	perf: 269135010.603697062
[0mCONFIGURATION:	USE_HYPERTHREADING	USE_WEIGHTED_INTERLEAVING	HASH_CONSTANT: 2654435761	THREAD_NUM: 64	AB_HIGH_THREAD_NUM: 22	AB_SIZE: 524288	AB_MIN_NUM: 32768	AB_SIMP	AB_DNR	DAHA	DAHA_REAR	DAHA_QUANTILE: 0.990000	DAHA_SYMB_THRES: 5000000	DAHA_NUMC_THRES: 450000	DN_MIN: 256	GUD_ALPHA: 0.500000	GUD_MIN: 256	HYB_THRES: 0.950000
[0;36m0th run	init_time: 0.014190251	symb_time: 5.173361816	mgmt_time: 0.018113326	numc_time: 162.743597340	total_time: 167.949262733
[0m
[0;36m1th run	init_time: 0.144454663	symb_time: 5.208586827	mgmt_time: 0.018082807	numc_time: 162.494624576	total_time: 167.865748873
[0m
[0;36m2th run	init_time: 0.145955108	symb_time: 5.226442067	mgmt_time: 0.018416125	numc_time: 162.634591083	total_time: 168.025404383
[0m
[0;36m3th run	init_time: 0.144312288	symb_time: 5.202575455	mgmt_time: 0.017642659	numc_time: 162.630066506	total_time: 167.994596908
[0m
[0;36m4th run	init_time: 0.143461033	symb_time: 5.214236368	mgmt_time: 0.018148663	numc_time: 162.650519225	total_time: 168.026365289
[0m
[0;32mdataset: g500_18_32	num_trials: 4	thread_num: 64	numa_mask: 6	init_time: 0.144545773	symb_time: 5.212960179	mgmt_time: 0.018072563	numc_time: 162.602450347	total_time: 167.978028863	flop_cnt: 36733901550	numc_perf: 225912349.238867313	perf: 218682775.352155536
[0mCONFIGURATION:	USE_HYPERTHREADING	USE_WEIGHTED_INTERLEAVING	HASH_CONSTANT: 2654435761	THREAD_NUM: 64	AB_HIGH_THREAD_NUM: 22	AB_SIZE: 524288	AB_MIN_NUM: 32768	AB_SIMP	AB_DNR	DAHA	DAHA_REAR	DAHA_QUANTILE: 0.990000	DAHA_SYMB_THRES: 5000000	DAHA_NUMC_THRES: 450000	DN_MIN: 256	GUD_ALPHA: 0.500000	GUD_MIN: 256	HYB_THRES: 0.950000
[0;36m0th run	init_time: 0.008341713	symb_time: 0.117179143	mgmt_time: 0.011032564	numc_time: 0.135346911	total_time: 0.271900331
[0m
[0;36m1th run	init_time: 0.007877792	symb_time: 0.117433313	mgmt_time: 0.011349041	numc_time: 0.133624894	total_time: 0.270285040
[0m
[0;36m2th run	init_time: 0.006882242	symb_time: 0.117304171	mgmt_time: 0.011164636	numc_time: 0.133298529	total_time: 0.268649578
[0m
[0;36m3th run	init_time: 0.006989585	symb_time: 0.117305389	mgmt_time: 0.011264196	numc_time: 0.133555577	total_time: 0.269114747
[0m
[0;36m4th run	init_time: 0.006943873	symb_time: 0.117018113	mgmt_time: 0.010904600	numc_time: 0.133430891	total_time: 0.268297477
[0m
[0;32mdataset: g500_19_1	num_trials: 4	thread_num: 64	numa_mask: 6	init_time: 0.007173373	symb_time: 0.117265247	mgmt_time: 0.011170618	numc_time: 0.133477473	total_time: 0.269086710	flop_cnt: 166344542	numc_perf: 1246236826.131396770	perf: 618181929.872750044
[0mCONFIGURATION:	USE_HYPERTHREADING	USE_WEIGHTED_INTERLEAVING	HASH_CONSTANT: 2654435761	THREAD_NUM: 64	AB_HIGH_THREAD_NUM: 22	AB_SIZE: 524288	AB_MIN_NUM: 32768	AB_SIMP	AB_DNR	DAHA	DAHA_REAR	DAHA_QUANTILE: 0.990000	DAHA_SYMB_THRES: 5000000	DAHA_NUMC_THRES: 450000	DN_MIN: 256	GUD_ALPHA: 0.500000	GUD_MIN: 256	HYB_THRES: 0.950000
[0;36m0th run	init_time: 0.008307681	symb_time: 0.302684943	mgmt_time: 0.011790295	numc_time: 0.692013971	total_time: 1.014796890
[0m
[0;36m1th run	init_time: 0.137891378	symb_time: 0.303425287	mgmt_time: 0.011775211	numc_time: 0.691193954	total_time: 1.144285830
[0m
[0;36m2th run	init_time: 0.136682614	symb_time: 0.304726024	mgmt_time: 0.011717995	numc_time: 0.690096424	total_time: 1.143223057
[0m
[0;36m3th run	init_time: 0.137972516	symb_time: 0.310687751	mgmt_time: 0.011711346	numc_time: 0.690717877	total_time: 1.151089490
[0m
[0;36m4th run	init_time: 0.139064584	symb_time: 0.303030325	mgmt_time: 0.011681400	numc_time: 0.689658103	total_time: 1.143434412
[0m
[0;32mdataset: g500_19_2	num_trials: 4	thread_num: 64	numa_mask: 6	init_time: 0.137902773	symb_time: 0.305467347	mgmt_time: 0.011721488	numc_time: 0.690416590	total_time: 1.145508197	flop_cnt: 633825774	numc_perf: 918033812.685492992	perf: 553314044.824483752
[0mCONFIGURATION:	USE_HYPERTHREADING	USE_WEIGHTED_INTERLEAVING	HASH_CONSTANT: 2654435761	THREAD_NUM: 64	AB_HIGH_THREAD_NUM: 22	AB_SIZE: 524288	AB_MIN_NUM: 32768	AB_SIMP	AB_DNR	DAHA	DAHA_REAR	DAHA_QUANTILE: 0.990000	DAHA_SYMB_THRES: 5000000	DAHA_NUMC_THRES: 450000	DN_MIN: 256	GUD_ALPHA: 0.500000	GUD_MIN: 256	HYB_THRES: 0.950000
[0;36m0th run	init_time: 0.009260350	symb_time: 0.838838849	mgmt_time: 0.012746817	numc_time: 3.986822970	total_time: 4.847668986
[0m
[0;36m1th run	init_time: 0.141046329	symb_time: 0.840417045	mgmt_time: 0.012530874	numc_time: 3.994504508	total_time: 4.988498756
[0m
[0;36m2th run	init_time: 0.139745919	symb_time: 0.838313960	mgmt_time: 0.012544381	numc_time: 3.994566724	total_time: 4.985170984
[0m
[0;36m3th run	init_time: 0.139914254	symb_time: 0.833732415	mgmt_time: 0.012646529	numc_time: 3.990601126	total_time: 4.976894324
[0m
[0;36m4th run	init_time: 0.140050198	symb_time: 0.841086439	mgmt_time: 0.012914702	numc_time: 3.990598121	total_time: 4.984649460
[0m
[0;32mdataset: g500_19_4	num_trials: 4	thread_num: 64	numa_mask: 6	init_time: 0.140189175	symb_time: 0.838387465	mgmt_time: 0.012659122	numc_time: 3.992567620	total_time: 4.983803381	flop_cnt: 2214702680	numc_perf: 554706367.161960959	perf: 444380026.797048330
[0mCONFIGURATION:	USE_HYPERTHREADING	USE_WEIGHTED_INTERLEAVING	HASH_CONSTANT: 2654435761	THREAD_NUM: 64	AB_HIGH_THREAD_NUM: 22	AB_SIZE: 524288	AB_MIN_NUM: 32768	AB_SIMP	AB_DNR	DAHA	DAHA_REAR	DAHA_QUANTILE: 0.990000	DAHA_SYMB_THRES: 5000000	DAHA_NUMC_THRES: 450000	DN_MIN: 256	GUD_ALPHA: 0.500000	GUD_MIN: 256	HYB_THRES: 0.950000
[0;36m0th run	init_time: 0.011895431	symb_time: 3.042289883	mgmt_time: 0.014742963	numc_time: 22.780753692	total_time: 25.849681969
[0m
[0;36m1th run	init_time: 0.142499929	symb_time: 3.049026109	mgmt_time: 0.015022077	numc_time: 22.774415373	total_time: 25.980963488
[0m
[0;36m2th run	init_time: 0.142290569	symb_time: 3.032049398	mgmt_time: 0.015233747	numc_time: 22.753764210	total_time: 25.943337924
[0m
[0;36m3th run	init_time: 0.141871165	symb_time: 3.039782431	mgmt_time: 0.014622806	numc_time: 22.801919812	total_time: 25.998196214
[0m
[0;36m4th run	init_time: 0.141983538	symb_time: 3.040550662	mgmt_time: 0.014888069	numc_time: 22.791118264	total_time: 25.988540533
[0m
[0;32mdataset: g500_19_8	num_trials: 4	thread_num: 64	numa_mask: 6	init_time: 0.142161300	symb_time: 3.040352150	mgmt_time: 0.014941675	numc_time: 22.780304415	total_time: 25.977759540	flop_cnt: 8006120556	numc_perf: 351449234.840607464	perf: 308191341.279812634
[0mCONFIGURATION:	USE_HYPERTHREADING	USE_WEIGHTED_INTERLEAVING	HASH_CONSTANT: 2654435761	THREAD_NUM: 64	AB_HIGH_THREAD_NUM: 22	AB_SIZE: 524288	AB_MIN_NUM: 32768	AB_SIMP	AB_DNR	DAHA	DAHA_REAR	DAHA_QUANTILE: 0.990000	DAHA_SYMB_THRES: 5000000	DAHA_NUMC_THRES: 450000	DN_MIN: 256	GUD_ALPHA: 0.500000	GUD_MIN: 256	HYB_THRES: 0.950000
[0;36m0th run	init_time: 0.017293039	symb_time: 9.606304041	mgmt_time: 0.019702837	numc_time: 108.710536071	total_time: 118.353835988
[0m
[0;36m1th run	init_time: 0.148867753	symb_time: 9.757197419	mgmt_time: 0.020378254	numc_time: 108.948918859	total_time: 118.875362285
[0m
[0;36m2th run	init_time: 0.145779212	symb_time: 9.720766918	mgmt_time: 0.019974252	numc_time: 109.150277048	total_time: 119.036797430
[0m
[0;36m3th run	init_time: 0.147148222	symb_time: 9.725547271	mgmt_time: 0.020352236	numc_time: 108.956419273	total_time: 118.849467002
[0m
[0;36m4th run	init_time: 0.147713734	symb_time: 9.724103203	mgmt_time: 0.020181983	numc_time: 109.014056776	total_time: 118.906055696
[0m
[0;32mdataset: g500_19_16	num_trials: 4	thread_num: 64	numa_mask: 6	init_time: 0.147377230	symb_time: 9.731903703	mgmt_time: 0.020221681	numc_time: 109.017417989	total_time: 118.916920603	flop_cnt: 28930196662	numc_perf: 265372242.304611295	perf: 243280741.842631727
[0mCONFIGURATION:	USE_HYPERTHREADING	USE_WEIGHTED_INTERLEAVING	HASH_CONSTANT: 2654435761	THREAD_NUM: 64	AB_HIGH_THREAD_NUM: 22	AB_SIZE: 524288	AB_MIN_NUM: 32768	AB_SIMP	AB_DNR	DAHA	DAHA_REAR	DAHA_QUANTILE: 0.990000	DAHA_SYMB_THRES: 5000000	DAHA_NUMC_THRES: 450000	DN_MIN: 256	GUD_ALPHA: 0.500000	GUD_MIN: 256	HYB_THRES: 0.950000
[0;36m0th run	init_time: 0.010716407	symb_time: 0.232063261	mgmt_time: 0.011880825	numc_time: 0.365534236	total_time: 0.620194729
[0m
[0;36m1th run	init_time: 0.142180448	symb_time: 0.230653607	mgmt_time: 0.011657203	numc_time: 0.363561781	total_time: 0.748053039
[0m
[0;36m2th run	init_time: 0.141475383	symb_time: 0.231305791	mgmt_time: 0.011537575	numc_time: 0.364488786	total_time: 0.748807535
[0m
[0;36m3th run	init_time: 0.141910250	symb_time: 0.231148922	mgmt_time: 0.011838822	numc_time: 0.365628581	total_time: 0.750526575
[0m
[0;36m4th run	init_time: 0.141542851	symb_time: 0.230951526	mgmt_time: 0.011671375	numc_time: 0.364665227	total_time: 0.748830979
[0m
[0;32mdataset: g500_20_1	num_trials: 4	thread_num: 64	numa_mask: 6	init_time: 0.141777233	symb_time: 0.231014962	mgmt_time: 0.011676244	numc_time: 0.364586094	total_time: 0.749054532	flop_cnt: 405457504	numc_perf: 1112103590.758527040	perf: 541292371.487847805
[0mCONFIGURATION:	USE_HYPERTHREADING	USE_WEIGHTED_INTERLEAVING	HASH_CONSTANT: 2654435761	THREAD_NUM: 64	AB_HIGH_THREAD_NUM: 22	AB_SIZE: 524288	AB_MIN_NUM: 32768	AB_SIMP	AB_DNR	DAHA	DAHA_REAR	DAHA_QUANTILE: 0.990000	DAHA_SYMB_THRES: 5000000	DAHA_NUMC_THRES: 450000	DN_MIN: 256	GUD_ALPHA: 0.500000	GUD_MIN: 256	HYB_THRES: 0.950000
[0;36m0th run	init_time: 0.012623803	symb_time: 0.765324331	mgmt_time: 0.014054417	numc_time: 2.251665309	total_time: 3.043667860
[0m
[0;36m1th run	init_time: 0.143317887	symb_time: 0.762253514	mgmt_time: 0.012770392	numc_time: 2.249569818	total_time: 3.167911611
[0m
[0;36m2th run	init_time: 0.144731550	symb_time: 0.763716776	mgmt_time: 0.012896264	numc_time: 2.249773491	total_time: 3.171118081
[0m
[0;36m3th run	init_time: 0.143585579	symb_time: 0.769812655	mgmt_time: 0.012810932	numc_time: 2.252131551	total_time: 3.178340717
[0m
[0;36m4th run	init_time: 0.143180132	symb_time: 0.766666623	mgmt_time: 0.012645916	numc_time: 2.252514666	total_time: 3.175007337
[0m
[0;32mdataset: g500_20_2	num_trials: 4	thread_num: 64	numa_mask: 6	init_time: 0.143703787	symb_time: 0.765612392	mgmt_time: 0.012780876	numc_time: 2.250997381	total_time: 3.173094437	flop_cnt: 1621860284	numc_perf: 720507405.885669589	perf: 511128904.751082957
[0mCONFIGURATION:	USE_HYPERTHREADING	USE_WEIGHTED_INTERLEAVING	HASH_CONSTANT: 2654435761	THREAD_NUM: 64	AB_HIGH_THREAD_NUM: 22	AB_SIZE: 524288	AB_MIN_NUM: 32768	AB_SIMP	AB_DNR	DAHA	DAHA_REAR	DAHA_QUANTILE: 0.990000	DAHA_SYMB_THRES: 5000000	DAHA_NUMC_THRES: 450000	DN_MIN: 256	GUD_ALPHA: 0.500000	GUD_MIN: 256	HYB_THRES: 0.950000
[0;36m0th run	init_time: 0.016391721	symb_time: 3.218873343	mgmt_time: 0.015407466	numc_time: 14.300819803	total_time: 17.551492333
[0m
[0;36m1th run	init_time: 0.146773673	symb_time: 3.218607694	mgmt_time: 0.015229061	numc_time: 14.293967894	total_time: 17.674578322
[0m
[0;36m2th run	init_time: 0.148098784	symb_time: 3.207157896	mgmt_time: 0.015354562	numc_time: 14.301977793	total_time: 17.672589035
[0m
[0;36m3th run	init_time: 0.146870694	symb_time: 3.221519143	mgmt_time: 0.015206298	numc_time: 14.278896303	total_time: 17.662492438
[0m
[0;36m4th run	init_time: 0.145581971	symb_time: 3.209517878	mgmt_time: 0.014836537	numc_time: 14.286124587	total_time: 17.656060973
[0m
[0;32mdataset: g500_20_4	num_trials: 4	thread_num: 64	numa_mask: 6	init_time: 0.146831280	symb_time: 3.214200653	mgmt_time: 0.015156615	numc_time: 14.290241644	total_time: 17.666430192	flop_cnt: 6063756842	numc_perf: 424328502.831153274	perf: 343236113.696919322
[0mCONFIGURATION:	USE_HYPERTHREADING	USE_WEIGHTED_INTERLEAVING	HASH_CONSTANT: 2654435761	THREAD_NUM: 64	AB_HIGH_THREAD_NUM: 22	AB_SIZE: 524288	AB_MIN_NUM: 32768	AB_SIMP	AB_DNR	DAHA	DAHA_REAR	DAHA_QUANTILE: 0.990000	DAHA_SYMB_THRES: 5000000	DAHA_NUMC_THRES: 450000	DN_MIN: 256	GUD_ALPHA: 0.500000	GUD_MIN: 256	HYB_THRES: 0.950000
[0;36m0th run	init_time: 0.022946868	symb_time: 12.251450988	mgmt_time: 0.020950124	numc_time: 65.569676871	total_time: 77.865024851
[0m
[0;36m1th run	init_time: 0.152691192	symb_time: 12.320960516	mgmt_time: 0.021427881	numc_time: 65.629185863	total_time: 78.124265452
[0m
[0;36m2th run	init_time: 0.152602654	symb_time: 12.318043168	mgmt_time: 0.021153870	numc_time: 66.052081260	total_time: 78.543880952
[0m
[0;36m3th run	init_time: 0.154082986	symb_time: 12.322758293	mgmt_time: 0.021181397	numc_time: 65.691705932	total_time: 78.189728608
[0m
[0;36m4th run	init_time: 0.153674265	symb_time: 12.304010479	mgmt_time: 0.021659562	numc_time: 65.670191929	total_time: 78.149536235
[0m
[0;32mdataset: g500_20_8	num_trials: 4	thread_num: 64	numa_mask: 6	init_time: 0.153262774	symb_time: 12.316443114	mgmt_time: 0.021355678	numc_time: 65.760791246	total_time: 78.251852812	flop_cnt: 21344490376	numc_perf: 324577760.875076354	perf: 272766581.353010356
[0mmmap: Cannot allocate memory
CONFIGURATION:	USE_HYPERTHREADING	USE_WEIGHTED_INTERLEAVING	HASH_CONSTANT: 2654435761	THREAD_NUM: 64	AB_HIGH_THREAD_NUM: 22	AB_SIZE: 524288	AB_MIN_NUM: 32768	AB_SIMP	AB_DNR	DAHA	DAHA_REAR	DAHA_QUANTILE: 0.990000	DAHA_SYMB_THRES: 5000000	DAHA_NUMC_THRES: 450000	DN_MIN: 256	GUD_ALPHA: 0.500000	GUD_MIN: 256	HYB_THRES: 0.950000
errno: 22
buffer_size: 455719517040
