CONFIGURATION:	USE_HYPERTHREADING	USE_WEIGHTED_INTERLEAVING	HASH_CONSTANT: 2654435761	THREAD_NUM: 64	AB_HIGH_THREAD_NUM: 16	AB_SIZE: 524288	AB_MIN_NUM: 32768	AB_LPT	AB_DNR	DAHA	DAHA_REAR	DAHA_QUANTILE: 0.990000	DAHA_SYMB_THRES: 6000000	DAHA_NUMC_THRES: 800000	DN_MIN: 256	GUD_ALPHA: 0.500000	GUD_MIN: 256	HYB_THRES: 0.950000
[0;36m0th run	init_time: 0.006294844	symb_time: 0.035441008	mgmt_time: 0.000247858	numc_time: 0.023007410	total_time: 0.064991120
[0m
[0;36m1th run	init_time: 0.004183424	symb_time: 0.034125851	mgmt_time: 0.000273848	numc_time: 0.023406408	total_time: 0.061989531
[0m
[0;36m2th run	init_time: 0.004127352	symb_time: 0.035485606	mgmt_time: 0.000256898	numc_time: 0.023439744	total_time: 0.063309600
[0m
[0;36m3th run	init_time: 0.004106462	symb_time: 0.035498659	mgmt_time: 0.000262200	numc_time: 0.023578071	total_time: 0.063445392
[0m
[0;36m4th run	init_time: 0.004161635	symb_time: 0.035470640	mgmt_time: 0.000254199	numc_time: 0.023461593	total_time: 0.063348067
[0m
[0;32mdataset: g500_17_1	num_trials: 4	thread_num: 64	numa_mask: 6	init_time: 0.004144718	symb_time: 0.035145189	mgmt_time: 0.000261786	numc_time: 0.023471454	total_time: 0.063023148	flop_cnt: 26545040	numc_perf: 1130949961.600163221	perf: 421195085.504099905
[0mCONFIGURATION:	USE_HYPERTHREADING	USE_WEIGHTED_INTERLEAVING	HASH_CONSTANT: 2654435761	THREAD_NUM: 64	AB_HIGH_THREAD_NUM: 16	AB_SIZE: 524288	AB_MIN_NUM: 32768	AB_LPT	AB_DNR	DAHA	DAHA_REAR	DAHA_QUANTILE: 0.990000	DAHA_SYMB_THRES: 6000000	DAHA_NUMC_THRES: 800000	DN_MIN: 256	GUD_ALPHA: 0.500000	GUD_MIN: 256	HYB_THRES: 0.950000
[0;36m0th run	init_time: 0.006285072	symb_time: 0.075842863	mgmt_time: 0.010890463	numc_time: 0.082827297	total_time: 0.175845695
[0m
[0;36m1th run	init_time: 0.004275724	symb_time: 0.075742642	mgmt_time: 0.010700826	numc_time: 0.081467995	total_time: 0.172187187
[0m
[0;36m2th run	init_time: 0.004379108	symb_time: 0.076135438	mgmt_time: 0.010620194	numc_time: 0.082216363	total_time: 0.173351103
[0m
[0;36m3th run	init_time: 0.004291049	symb_time: 0.075880242	mgmt_time: 0.010489965	numc_time: 0.081762303	total_time: 0.172423559
[0m
[0;36m4th run	init_time: 0.004347525	symb_time: 0.075721624	mgmt_time: 0.010638406	numc_time: 0.082470002	total_time: 0.173177557
[0m
[0;32mdataset: g500_17_2	num_trials: 4	thread_num: 64	numa_mask: 6	init_time: 0.004323352	symb_time: 0.075869987	mgmt_time: 0.010612348	numc_time: 0.081979166	total_time: 0.172784852	flop_cnt: 99289164	numc_perf: 1211151188.129771948	perf: 574640445.259172440
[0mCONFIGURATION:	USE_HYPERTHREADING	USE_WEIGHTED_INTERLEAVING	HASH_CONSTANT: 2654435761	THREAD_NUM: 64	AB_HIGH_THREAD_NUM: 16	AB_SIZE: 524288	AB_MIN_NUM: 32768	AB_LPT	AB_DNR	DAHA	DAHA_REAR	DAHA_QUANTILE: 0.990000	DAHA_SYMB_THRES: 6000000	DAHA_NUMC_THRES: 800000	DN_MIN: 256	GUD_ALPHA: 0.500000	GUD_MIN: 256	HYB_THRES: 0.950000
[0;36m0th run	init_time: 0.006519423	symb_time: 0.145874327	mgmt_time: 0.011011380	numc_time: 0.282766253	total_time: 0.446171383
[0m
[0;36m1th run	init_time: 0.004680239	symb_time: 0.145237496	mgmt_time: 0.010935858	numc_time: 0.280033671	total_time: 0.440887264
[0m
[0;36m2th run	init_time: 0.004676044	symb_time: 0.145558376	mgmt_time: 0.011021791	numc_time: 0.282153463	total_time: 0.443409674
[0m
[0;36m3th run	init_time: 0.004691477	symb_time: 0.145325723	mgmt_time: 0.011056017	numc_time: 0.280497412	total_time: 0.441570629
[0m
[0;36m4th run	init_time: 0.004666981	symb_time: 0.145533759	mgmt_time: 0.011024304	numc_time: 0.279935222	total_time: 0.441160266
[0m
[0;32mdataset: g500_17_4	num_trials: 4	thread_num: 64	numa_mask: 6	init_time: 0.004678685	symb_time: 0.145413839	mgmt_time: 0.011009493	numc_time: 0.280654942	total_time: 0.441756958	flop_cnt: 358726446	numc_perf: 1278176124.188827038	perf: 812044811.746890068
[0mCONFIGURATION:	USE_HYPERTHREADING	USE_WEIGHTED_INTERLEAVING	HASH_CONSTANT: 2654435761	THREAD_NUM: 64	AB_HIGH_THREAD_NUM: 16	AB_SIZE: 524288	AB_MIN_NUM: 32768	AB_LPT	AB_DNR	DAHA	DAHA_REAR	DAHA_QUANTILE: 0.990000	DAHA_SYMB_THRES: 6000000	DAHA_NUMC_THRES: 800000	DN_MIN: 256	GUD_ALPHA: 0.500000	GUD_MIN: 256	HYB_THRES: 0.950000
[0;36m0th run	init_time: 0.006345499	symb_time: 0.294724658	mgmt_time: 0.011777411	numc_time: 0.757334343	total_time: 1.070181911
[0m
[0;36m1th run	init_time: 0.136904847	symb_time: 0.292342465	mgmt_time: 0.011631798	numc_time: 0.758635033	total_time: 1.199514143
[0m
[0;36m2th run	init_time: 0.135947228	symb_time: 0.295308650	mgmt_time: 0.011587983	numc_time: 0.757567386	total_time: 1.200411247
[0m
[0;36m3th run	init_time: 0.135466316	symb_time: 0.292375532	mgmt_time: 0.011715359	numc_time: 0.756939451	total_time: 1.196496658
[0m
[0;36m4th run	init_time: 0.135054671	symb_time: 0.292137525	mgmt_time: 0.011588412	numc_time: 0.759380474	total_time: 1.198161082
[0m
[0;32mdataset: g500_17_8	num_trials: 4	thread_num: 64	numa_mask: 6	init_time: 0.135843265	symb_time: 0.293041043	mgmt_time: 0.011630888	numc_time: 0.758130586	total_time: 1.198645782	flop_cnt: 1245326524	numc_perf: 1642627994.433666229	perf: 1038944567.428951979
[0mCONFIGURATION:	USE_HYPERTHREADING	USE_WEIGHTED_INTERLEAVING	HASH_CONSTANT: 2654435761	THREAD_NUM: 64	AB_HIGH_THREAD_NUM: 16	AB_SIZE: 524288	AB_MIN_NUM: 32768	AB_LPT	AB_DNR	DAHA	DAHA_REAR	DAHA_QUANTILE: 0.990000	DAHA_SYMB_THRES: 6000000	DAHA_NUMC_THRES: 800000	DN_MIN: 256	GUD_ALPHA: 0.500000	GUD_MIN: 256	HYB_THRES: 0.950000
[0;36m0th run	init_time: 0.006678661	symb_time: 0.635568679	mgmt_time: 0.012368687	numc_time: 1.929265332	total_time: 2.583881359
[0m
[0;36m1th run	init_time: 0.137303376	symb_time: 0.628333940	mgmt_time: 0.012467698	numc_time: 1.931061807	total_time: 2.709166821
[0m
[0;36m2th run	init_time: 0.136963079	symb_time: 0.662140428	mgmt_time: 0.012050989	numc_time: 1.930285765	total_time: 2.741440261
[0m
[0;36m3th run	init_time: 0.137858779	symb_time: 0.628335420	mgmt_time: 0.012147737	numc_time: 1.930023845	total_time: 2.708365781
[0m
[0;36m4th run	init_time: 0.136677529	symb_time: 0.633762046	mgmt_time: 0.012179022	numc_time: 1.927690545	total_time: 2.710309142
[0m
[0;32mdataset: g500_17_16	num_trials: 4	thread_num: 64	numa_mask: 6	init_time: 0.137200691	symb_time: 0.638142959	mgmt_time: 0.012211362	numc_time: 1.929765491	total_time: 2.717320501	flop_cnt: 4189732618	numc_perf: 2171109722.204870224	perf: 1541861777.465217113
[0mCONFIGURATION:	USE_HYPERTHREADING	USE_WEIGHTED_INTERLEAVING	HASH_CONSTANT: 2654435761	THREAD_NUM: 64	AB_HIGH_THREAD_NUM: 16	AB_SIZE: 524288	AB_MIN_NUM: 32768	AB_LPT	AB_DNR	DAHA	DAHA_REAR	DAHA_QUANTILE: 0.990000	DAHA_SYMB_THRES: 6000000	DAHA_NUMC_THRES: 800000	DN_MIN: 256	GUD_ALPHA: 0.500000	GUD_MIN: 256	HYB_THRES: 0.950000
[0;36m0th run	init_time: 0.008003331	symb_time: 1.519832040	mgmt_time: 0.013334057	numc_time: 4.693400749	total_time: 6.234570177
[0m
[0;36m1th run	init_time: 0.139557076	symb_time: 1.506570523	mgmt_time: 0.013720597	numc_time: 4.628898846	total_time: 6.288747042
[0m
[0;36m2th run	init_time: 0.139688539	symb_time: 1.505412175	mgmt_time: 0.013314064	numc_time: 4.633229906	total_time: 6.291644684
[0m
[0;36m3th run	init_time: 0.138588145	symb_time: 1.508497027	mgmt_time: 0.014145564	numc_time: 4.626329788	total_time: 6.287560524
[0m
[0;36m4th run	init_time: 0.138580864	symb_time: 1.507347299	mgmt_time: 0.013504995	numc_time: 4.638414343	total_time: 6.297847501
[0m
[0;32mdataset: g500_17_32	num_trials: 4	thread_num: 64	numa_mask: 6	init_time: 0.139103656	symb_time: 1.506956756	mgmt_time: 0.013671305	numc_time: 4.631718221	total_time: 6.291449938	flop_cnt: 13705485276	numc_perf: 2959049886.627324581	perf: 2178430316.001444340
[0mCONFIGURATION:	USE_HYPERTHREADING	USE_WEIGHTED_INTERLEAVING	HASH_CONSTANT: 2654435761	THREAD_NUM: 64	AB_HIGH_THREAD_NUM: 16	AB_SIZE: 524288	AB_MIN_NUM: 32768	AB_LPT	AB_DNR	DAHA	DAHA_REAR	DAHA_QUANTILE: 0.990000	DAHA_SYMB_THRES: 6000000	DAHA_NUMC_THRES: 800000	DN_MIN: 256	GUD_ALPHA: 0.500000	GUD_MIN: 256	HYB_THRES: 0.950000
[0;36m0th run	init_time: 0.006947808	symb_time: 0.058552690	mgmt_time: 0.010550751	numc_time: 0.058638833	total_time: 0.134690082
[0m
[0;36m1th run	init_time: 0.004879483	symb_time: 0.059318726	mgmt_time: 0.010674121	numc_time: 0.059140794	total_time: 0.134013124
[0m
[0;36m2th run	init_time: 0.005014993	symb_time: 0.060685888	mgmt_time: 0.010570457	numc_time: 0.058802026	total_time: 0.135073364
[0m
[0;36m3th run	init_time: 0.004968037	symb_time: 0.060760567	mgmt_time: 0.010690765	numc_time: 0.059304770	total_time: 0.135724139
[0m
[0;36m4th run	init_time: 0.004980029	symb_time: 0.062637958	mgmt_time: 0.010645151	numc_time: 0.058934634	total_time: 0.137197772
[0m
[0;32mdataset: g500_18_1	num_trials: 4	thread_num: 64	numa_mask: 6	init_time: 0.004960636	symb_time: 0.060850785	mgmt_time: 0.010645124	numc_time: 0.059045556	total_time: 0.135502100	flop_cnt: 63713390	numc_perf: 1079054789.491693497	perf: 470202233.895641208
[0mCONFIGURATION:	USE_HYPERTHREADING	USE_WEIGHTED_INTERLEAVING	HASH_CONSTANT: 2654435761	THREAD_NUM: 64	AB_HIGH_THREAD_NUM: 16	AB_SIZE: 524288	AB_MIN_NUM: 32768	AB_LPT	AB_DNR	DAHA	DAHA_REAR	DAHA_QUANTILE: 0.990000	DAHA_SYMB_THRES: 6000000	DAHA_NUMC_THRES: 800000	DN_MIN: 256	GUD_ALPHA: 0.500000	GUD_MIN: 256	HYB_THRES: 0.950000
[0;36m0th run	init_time: 0.006999051	symb_time: 0.141602631	mgmt_time: 0.011082347	numc_time: 0.211219070	total_time: 0.370903099
[0m
[0;36m1th run	init_time: 0.005397312	symb_time: 0.142285195	mgmt_time: 0.011040255	numc_time: 0.209423147	total_time: 0.368145909
[0m
[0;36m2th run	init_time: 0.005379211	symb_time: 0.142259902	mgmt_time: 0.010941910	numc_time: 0.208990499	total_time: 0.367571522
[0m
[0;36m3th run	init_time: 0.005453902	symb_time: 0.142076445	mgmt_time: 0.010995643	numc_time: 0.208985817	total_time: 0.367511807
[0m
[0;36m4th run	init_time: 0.005407180	symb_time: 0.141922333	mgmt_time: 0.011128232	numc_time: 0.209262471	total_time: 0.367720216
[0m
[0;32mdataset: g500_18_2	num_trials: 4	thread_num: 64	numa_mask: 6	init_time: 0.005409401	symb_time: 0.142135969	mgmt_time: 0.011026510	numc_time: 0.209165483	total_time: 0.367737363	flop_cnt: 231404130	numc_perf: 1106320823.722332954	perf: 629264668.125027299
[0mCONFIGURATION:	USE_HYPERTHREADING	USE_WEIGHTED_INTERLEAVING	HASH_CONSTANT: 2654435761	THREAD_NUM: 64	AB_HIGH_THREAD_NUM: 16	AB_SIZE: 524288	AB_MIN_NUM: 32768	AB_LPT	AB_DNR	DAHA	DAHA_REAR	DAHA_QUANTILE: 0.990000	DAHA_SYMB_THRES: 6000000	DAHA_NUMC_THRES: 800000	DN_MIN: 256	GUD_ALPHA: 0.500000	GUD_MIN: 256	HYB_THRES: 0.950000
[0;36m0th run	init_time: 0.007000162	symb_time: 0.308555851	mgmt_time: 0.011401027	numc_time: 0.872486663	total_time: 1.199443703
[0m
[0;36m1th run	init_time: 0.137732022	symb_time: 0.308962662	mgmt_time: 0.011372221	numc_time: 0.871079511	total_time: 1.329146416
[0m
[0;36m2th run	init_time: 0.137584788	symb_time: 0.309105707	mgmt_time: 0.011382014	numc_time: 0.870984379	total_time: 1.329056888
[0m
[0;36m3th run	init_time: 0.136296214	symb_time: 0.307833391	mgmt_time: 0.011381315	numc_time: 0.870829269	total_time: 1.326340189
[0m
[0;36m4th run	init_time: 0.137611992	symb_time: 0.311326534	mgmt_time: 0.011417633	numc_time: 0.873001476	total_time: 1.333357635
[0m
[0;32mdataset: g500_18_4	num_trials: 4	thread_num: 64	numa_mask: 6	init_time: 0.137306254	symb_time: 0.309307073	mgmt_time: 0.011388296	numc_time: 0.871473659	total_time: 1.329475282	flop_cnt: 866259112	numc_perf: 994016403.482028842	perf: 651579704.962126732
[0mCONFIGURATION:	USE_HYPERTHREADING	USE_WEIGHTED_INTERLEAVING	HASH_CONSTANT: 2654435761	THREAD_NUM: 64	AB_HIGH_THREAD_NUM: 16	AB_SIZE: 524288	AB_MIN_NUM: 32768	AB_LPT	AB_DNR	DAHA	DAHA_REAR	DAHA_QUANTILE: 0.990000	DAHA_SYMB_THRES: 6000000	DAHA_NUMC_THRES: 800000	DN_MIN: 256	GUD_ALPHA: 0.500000	GUD_MIN: 256	HYB_THRES: 0.950000
[0;36m0th run	init_time: 0.007510704	symb_time: 0.810200729	mgmt_time: 0.012450736	numc_time: 3.093784688	total_time: 3.923946857
[0m
[0;36m1th run	init_time: 0.137840458	symb_time: 0.816953576	mgmt_time: 0.012631101	numc_time: 3.102822080	total_time: 4.070247215
[0m
[0;36m2th run	init_time: 0.138111538	symb_time: 0.827157142	mgmt_time: 0.012612853	numc_time: 3.073765766	total_time: 4.051647299
[0m
[0;36m3th run	init_time: 0.137257522	symb_time: 0.806886299	mgmt_time: 0.012719894	numc_time: 3.075197177	total_time: 4.032060892
[0m
[0;36m4th run	init_time: 0.137327662	symb_time: 0.809598538	mgmt_time: 0.012637839	numc_time: 3.098083862	total_time: 4.057647901
[0m
[0;32mdataset: g500_18_8	num_trials: 4	thread_num: 64	numa_mask: 6	init_time: 0.137634295	symb_time: 0.815148889	mgmt_time: 0.012650422	numc_time: 3.087467221	total_time: 4.052900827	flop_cnt: 3197249132	numc_perf: 1035557271.667342186	perf: 788879192.626052260
[0mCONFIGURATION:	USE_HYPERTHREADING	USE_WEIGHTED_INTERLEAVING	HASH_CONSTANT: 2654435761	THREAD_NUM: 64	AB_HIGH_THREAD_NUM: 16	AB_SIZE: 524288	AB_MIN_NUM: 32768	AB_LPT	AB_DNR	DAHA	DAHA_REAR	DAHA_QUANTILE: 0.990000	DAHA_SYMB_THRES: 6000000	DAHA_NUMC_THRES: 800000	DN_MIN: 256	GUD_ALPHA: 0.500000	GUD_MIN: 256	HYB_THRES: 0.950000
[0;36m0th run	init_time: 0.010078469	symb_time: 2.346795730	mgmt_time: 0.014463595	numc_time: 11.086864663	total_time: 13.458202457
[0m
[0;36m1th run	init_time: 0.140840616	symb_time: 2.334320179	mgmt_time: 0.014797775	numc_time: 11.041607230	total_time: 13.531565800
[0m
[0;36m2th run	init_time: 0.141228655	symb_time: 2.336850992	mgmt_time: 0.014697975	numc_time: 11.021995111	total_time: 13.514772733
[0m
[0;36m3th run	init_time: 0.140503504	symb_time: 2.333279633	mgmt_time: 0.014900526	numc_time: 11.090975981	total_time: 13.579659644
[0m
[0;36m4th run	init_time: 0.140751864	symb_time: 2.336578725	mgmt_time: 0.014642729	numc_time: 10.957842702	total_time: 13.449816020
[0m
[0;32mdataset: g500_18_16	num_trials: 4	thread_num: 64	numa_mask: 6	init_time: 0.140831160	symb_time: 2.335257382	mgmt_time: 0.014759751	numc_time: 11.028105256	total_time: 13.518953549	flop_cnt: 11359799604	numc_perf: 1030077183.731950402	perf: 840286902.578359365
[0mCONFIGURATION:	USE_HYPERTHREADING	USE_WEIGHTED_INTERLEAVING	HASH_CONSTANT: 2654435761	THREAD_NUM: 64	AB_HIGH_THREAD_NUM: 16	AB_SIZE: 524288	AB_MIN_NUM: 32768	AB_LPT	AB_DNR	DAHA	DAHA_REAR	DAHA_QUANTILE: 0.990000	DAHA_SYMB_THRES: 6000000	DAHA_NUMC_THRES: 800000	DN_MIN: 256	GUD_ALPHA: 0.500000	GUD_MIN: 256	HYB_THRES: 0.950000
[0;36m0th run	init_time: 0.014205616	symb_time: 5.398380377	mgmt_time: 0.017748600	numc_time: 34.412566562	total_time: 39.842901155
[0m
[0;36m1th run	init_time: 0.143213362	symb_time: 5.369411281	mgmt_time: 0.018023235	numc_time: 34.366998670	total_time: 39.897646548
[0m
[0;36m2th run	init_time: 0.143423061	symb_time: 5.359408581	mgmt_time: 0.018143727	numc_time: 35.072660179	total_time: 40.593635548
[0m
[0;36m3th run	init_time: 0.143707328	symb_time: 5.399317266	mgmt_time: 0.017925680	numc_time: 34.479041234	total_time: 40.039991508
[0m
[0;36m4th run	init_time: 0.143740470	symb_time: 5.377546470	mgmt_time: 0.018216938	numc_time: 34.363027642	total_time: 39.902531520
[0m
[0;32mdataset: g500_18_32	num_trials: 4	thread_num: 64	numa_mask: 6	init_time: 0.143521055	symb_time: 5.376420899	mgmt_time: 0.018077395	numc_time: 34.570431931	total_time: 40.108451281	flop_cnt: 36733901550	numc_perf: 1062581503.842719674	perf: 915864372.140477538
[0mCONFIGURATION:	USE_HYPERTHREADING	USE_WEIGHTED_INTERLEAVING	HASH_CONSTANT: 2654435761	THREAD_NUM: 64	AB_HIGH_THREAD_NUM: 16	AB_SIZE: 524288	AB_MIN_NUM: 32768	AB_LPT	AB_DNR	DAHA	DAHA_REAR	DAHA_QUANTILE: 0.990000	DAHA_SYMB_THRES: 6000000	DAHA_NUMC_THRES: 800000	DN_MIN: 256	GUD_ALPHA: 0.500000	GUD_MIN: 256	HYB_THRES: 0.950000
[0;36m0th run	init_time: 0.008141554	symb_time: 0.119512411	mgmt_time: 0.010966228	numc_time: 0.150054767	total_time: 0.288674960
[0m
[0;36m1th run	init_time: 0.006786070	symb_time: 0.118143274	mgmt_time: 0.011039836	numc_time: 0.148087212	total_time: 0.284056392
[0m
[0;36m2th run	init_time: 0.006647716	symb_time: 0.117429681	mgmt_time: 0.011205009	numc_time: 0.147701567	total_time: 0.282983973
[0m
[0;36m3th run	init_time: 0.006603315	symb_time: 0.117622334	mgmt_time: 0.011170488	numc_time: 0.148572938	total_time: 0.283969075
[0m
[0;36m4th run	init_time: 0.006622376	symb_time: 0.118132939	mgmt_time: 0.010904082	numc_time: 0.148009347	total_time: 0.283668744
[0m
[0;32mdataset: g500_19_1	num_trials: 4	thread_num: 64	numa_mask: 6	init_time: 0.006664869	symb_time: 0.117832057	mgmt_time: 0.011079854	numc_time: 0.148092766	total_time: 0.283669546	flop_cnt: 166344542	numc_perf: 1123245560.826380730	perf: 586402538.959892392
[0mCONFIGURATION:	USE_HYPERTHREADING	USE_WEIGHTED_INTERLEAVING	HASH_CONSTANT: 2654435761	THREAD_NUM: 64	AB_HIGH_THREAD_NUM: 16	AB_SIZE: 524288	AB_MIN_NUM: 32768	AB_LPT	AB_DNR	DAHA	DAHA_REAR	DAHA_QUANTILE: 0.990000	DAHA_SYMB_THRES: 6000000	DAHA_NUMC_THRES: 800000	DN_MIN: 256	GUD_ALPHA: 0.500000	GUD_MIN: 256	HYB_THRES: 0.950000
[0;36m0th run	init_time: 0.008374865	symb_time: 0.311806443	mgmt_time: 0.011877953	numc_time: 0.716012755	total_time: 1.048072016
[0m
[0;36m1th run	init_time: 0.138603140	symb_time: 0.311164650	mgmt_time: 0.011464409	numc_time: 0.715559106	total_time: 1.176791305
[0m
[0;36m2th run	init_time: 0.138536254	symb_time: 0.312889650	mgmt_time: 0.011681010	numc_time: 0.716256872	total_time: 1.179363786
[0m
[0;36m3th run	init_time: 0.138854547	symb_time: 0.310198316	mgmt_time: 0.011748529	numc_time: 0.715318055	total_time: 1.176119447
[0m
[0;36m4th run	init_time: 0.139011840	symb_time: 0.312090069	mgmt_time: 0.011446312	numc_time: 0.716017008	total_time: 1.178565229
[0m
[0;32mdataset: g500_19_2	num_trials: 4	thread_num: 64	numa_mask: 6	init_time: 0.138751445	symb_time: 0.311585671	mgmt_time: 0.011585065	numc_time: 0.715787760	total_time: 1.177709942	flop_cnt: 633825774	numc_perf: 885494009.814622283	perf: 538184956.695004463
[0mCONFIGURATION:	USE_HYPERTHREADING	USE_WEIGHTED_INTERLEAVING	HASH_CONSTANT: 2654435761	THREAD_NUM: 64	AB_HIGH_THREAD_NUM: 16	AB_SIZE: 524288	AB_MIN_NUM: 32768	AB_LPT	AB_DNR	DAHA	DAHA_REAR	DAHA_QUANTILE: 0.990000	DAHA_SYMB_THRES: 6000000	DAHA_NUMC_THRES: 800000	DN_MIN: 256	GUD_ALPHA: 0.500000	GUD_MIN: 256	HYB_THRES: 0.950000
[0;36m0th run	init_time: 0.009267488	symb_time: 0.857963649	mgmt_time: 0.012629474	numc_time: 2.970018049	total_time: 3.849878660
[0m
[0;36m1th run	init_time: 0.139455649	symb_time: 0.860102250	mgmt_time: 0.012376486	numc_time: 2.969146313	total_time: 3.981080698
[0m
[0;36m2th run	init_time: 0.139617078	symb_time: 0.852471936	mgmt_time: 0.012680599	numc_time: 2.966623578	total_time: 3.971393191
[0m
[0;36m3th run	init_time: 0.139579084	symb_time: 0.864218032	mgmt_time: 0.012474054	numc_time: 2.968433374	total_time: 3.984704544
[0m
[0;36m4th run	init_time: 0.140036739	symb_time: 0.857461393	mgmt_time: 0.012729111	numc_time: 2.969827720	total_time: 3.980054963
[0m
[0;32mdataset: g500_19_4	num_trials: 4	thread_num: 64	numa_mask: 6	init_time: 0.139672138	symb_time: 0.858563403	mgmt_time: 0.012565062	numc_time: 2.968507746	total_time: 3.979308349	flop_cnt: 2214702680	numc_perf: 746065993.190601468	perf: 556554678.794005632
[0mCONFIGURATION:	USE_HYPERTHREADING	USE_WEIGHTED_INTERLEAVING	HASH_CONSTANT: 2654435761	THREAD_NUM: 64	AB_HIGH_THREAD_NUM: 16	AB_SIZE: 524288	AB_MIN_NUM: 32768	AB_LPT	AB_DNR	DAHA	DAHA_REAR	DAHA_QUANTILE: 0.990000	DAHA_SYMB_THRES: 6000000	DAHA_NUMC_THRES: 800000	DN_MIN: 256	GUD_ALPHA: 0.500000	GUD_MIN: 256	HYB_THRES: 0.950000
[0;36m0th run	init_time: 0.011947538	symb_time: 4.280189910	mgmt_time: 0.015003446	numc_time: 13.485955633	total_time: 17.793096527
[0m
[0;36m1th run	init_time: 0.142250395	symb_time: 4.267186209	mgmt_time: 0.015568532	numc_time: 13.528985130	total_time: 17.953990266
[0m
[0;36m2th run	init_time: 0.143023345	symb_time: 4.266505949	mgmt_time: 0.014950103	numc_time: 13.571512497	total_time: 17.995991894
[0m
[0;36m3th run	init_time: 0.141733207	symb_time: 4.281778146	mgmt_time: 0.015180778	numc_time: 13.482357278	total_time: 17.921049409
[0m
[0;36m4th run	init_time: 0.142630302	symb_time: 4.276554473	mgmt_time: 0.015109935	numc_time: 13.501430792	total_time: 17.935725502
[0m
[0;32mdataset: g500_19_8	num_trials: 4	thread_num: 64	numa_mask: 6	init_time: 0.142409312	symb_time: 4.273006194	mgmt_time: 0.015202337	numc_time: 13.521071424	total_time: 17.951689268	flop_cnt: 8006120556	numc_perf: 592121756.094050884	perf: 445981458.156303048
[0mCONFIGURATION:	USE_HYPERTHREADING	USE_WEIGHTED_INTERLEAVING	HASH_CONSTANT: 2654435761	THREAD_NUM: 64	AB_HIGH_THREAD_NUM: 16	AB_SIZE: 524288	AB_MIN_NUM: 32768	AB_LPT	AB_DNR	DAHA	DAHA_REAR	DAHA_QUANTILE: 0.990000	DAHA_SYMB_THRES: 6000000	DAHA_NUMC_THRES: 800000	DN_MIN: 256	GUD_ALPHA: 0.500000	GUD_MIN: 256	HYB_THRES: 0.950000
[0;36m0th run	init_time: 0.017322864	symb_time: 9.765657583	mgmt_time: 0.020440358	numc_time: 58.575472734	total_time: 68.378893539
[0m
[0;36m1th run	init_time: 0.147416523	symb_time: 9.740517982	mgmt_time: 0.020426668	numc_time: 58.545335961	total_time: 68.453697134
[0m
[0;36m2th run	init_time: 0.145631921	symb_time: 9.639586310	mgmt_time: 0.020740097	numc_time: 58.460920700	total_time: 68.266879028
[0m
[0;36m3th run	init_time: 0.147723297	symb_time: 9.697592934	mgmt_time: 0.020502769	numc_time: 58.653200269	total_time: 68.519019269
[0m
[0;36m4th run	init_time: 0.146123038	symb_time: 9.799434827	mgmt_time: 0.021642375	numc_time: 58.652184756	total_time: 68.619384996
[0m
[0;32mdataset: g500_19_16	num_trials: 4	thread_num: 64	numa_mask: 6	init_time: 0.146723695	symb_time: 9.719283013	mgmt_time: 0.020827977	numc_time: 58.577910422	total_time: 68.464745107	flop_cnt: 28930196662	numc_perf: 493875531.814492226	perf: 422556114.346035063
[0mCONFIGURATION:	USE_HYPERTHREADING	USE_WEIGHTED_INTERLEAVING	HASH_CONSTANT: 2654435761	THREAD_NUM: 64	AB_HIGH_THREAD_NUM: 16	AB_SIZE: 524288	AB_MIN_NUM: 32768	AB_LPT	AB_DNR	DAHA	DAHA_REAR	DAHA_QUANTILE: 0.990000	DAHA_SYMB_THRES: 6000000	DAHA_NUMC_THRES: 800000	DN_MIN: 256	GUD_ALPHA: 0.500000	GUD_MIN: 256	HYB_THRES: 0.950000
[0;36m0th run	init_time: 0.010788332	symb_time: 0.233341390	mgmt_time: 0.011583096	numc_time: 0.393191699	total_time: 0.648904517
[0m
[0;36m1th run	init_time: 0.010806701	symb_time: 0.232595282	mgmt_time: 0.011621491	numc_time: 0.390603439	total_time: 0.645626913
[0m
[0;36m2th run	init_time: 0.010513351	symb_time: 0.235133831	mgmt_time: 0.011717481	numc_time: 0.388973129	total_time: 0.646337792
[0m
[0;36m3th run	init_time: 0.010412987	symb_time: 0.233092878	mgmt_time: 0.011415927	numc_time: 0.389498264	total_time: 0.644420056
[0m
[0;36m4th run	init_time: 0.010490208	symb_time: 0.233298786	mgmt_time: 0.011560088	numc_time: 0.389384721	total_time: 0.644733803
[0m
[0;32mdataset: g500_20_1	num_trials: 4	thread_num: 64	numa_mask: 6	init_time: 0.010555812	symb_time: 0.233530194	mgmt_time: 0.011578747	numc_time: 0.389614888	total_time: 0.645279641	flop_cnt: 405457504	numc_perf: 1040662244.251391172	perf: 628343865.570679069
[0mCONFIGURATION:	USE_HYPERTHREADING	USE_WEIGHTED_INTERLEAVING	HASH_CONSTANT: 2654435761	THREAD_NUM: 64	AB_HIGH_THREAD_NUM: 16	AB_SIZE: 524288	AB_MIN_NUM: 32768	AB_LPT	AB_DNR	DAHA	DAHA_REAR	DAHA_QUANTILE: 0.990000	DAHA_SYMB_THRES: 6000000	DAHA_NUMC_THRES: 800000	DN_MIN: 256	GUD_ALPHA: 0.500000	GUD_MIN: 256	HYB_THRES: 0.950000
[0;36m0th run	init_time: 0.012548838	symb_time: 0.777506065	mgmt_time: 0.012743678	numc_time: 2.140072176	total_time: 2.942870757
[0m
[0;36m1th run	init_time: 0.143114761	symb_time: 0.764052431	mgmt_time: 0.012668931	numc_time: 2.136625294	total_time: 3.056461417
[0m
[0;36m2th run	init_time: 0.142960799	symb_time: 0.764157013	mgmt_time: 0.012558111	numc_time: 2.136375550	total_time: 3.056051473
[0m
[0;36m3th run	init_time: 0.143334841	symb_time: 0.763560396	mgmt_time: 0.012701600	numc_time: 2.133496514	total_time: 3.053093351
[0m
[0;36m4th run	init_time: 0.143693131	symb_time: 0.768023631	mgmt_time: 0.012694566	numc_time: 2.135170941	total_time: 3.059582269
[0m
[0;32mdataset: g500_20_2	num_trials: 4	thread_num: 64	numa_mask: 6	init_time: 0.143275883	symb_time: 0.764948368	mgmt_time: 0.012655802	numc_time: 2.135417075	total_time: 3.056297127	flop_cnt: 1621860284	numc_perf: 759505158.583540916	perf: 530661848.747230530
[0mCONFIGURATION:	USE_HYPERTHREADING	USE_WEIGHTED_INTERLEAVING	HASH_CONSTANT: 2654435761	THREAD_NUM: 64	AB_HIGH_THREAD_NUM: 16	AB_SIZE: 524288	AB_MIN_NUM: 32768	AB_LPT	AB_DNR	DAHA	DAHA_REAR	DAHA_QUANTILE: 0.990000	DAHA_SYMB_THRES: 6000000	DAHA_NUMC_THRES: 800000	DN_MIN: 256	GUD_ALPHA: 0.500000	GUD_MIN: 256	HYB_THRES: 0.950000
[0;36m0th run	init_time: 0.016316173	symb_time: 3.283453912	mgmt_time: 0.015685241	numc_time: 10.796800715	total_time: 14.112256041
[0m
[0;36m1th run	init_time: 0.146535032	symb_time: 3.265543918	mgmt_time: 0.015163768	numc_time: 10.785843348	total_time: 14.213086066
[0m
[0;36m2th run	init_time: 0.147592364	symb_time: 3.271519702	mgmt_time: 0.015305332	numc_time: 10.758447775	total_time: 14.192865173
[0m
[0;36m3th run	init_time: 0.146233811	symb_time: 3.274361666	mgmt_time: 0.015546291	numc_time: 10.783640426	total_time: 14.219782194
[0m
[0;36m4th run	init_time: 0.146259407	symb_time: 3.278786020	mgmt_time: 0.015480195	numc_time: 10.788910359	total_time: 14.229435981
[0m
[0;32mdataset: g500_20_4	num_trials: 4	thread_num: 64	numa_mask: 6	init_time: 0.146655154	symb_time: 3.272552826	mgmt_time: 0.015373897	numc_time: 10.779210477	total_time: 14.213792354	flop_cnt: 6063756842	numc_perf: 562541835.038703680	perf: 426610765.880990326
[0mCONFIGURATION:	USE_HYPERTHREADING	USE_WEIGHTED_INTERLEAVING	HASH_CONSTANT: 2654435761	THREAD_NUM: 64	AB_HIGH_THREAD_NUM: 16	AB_SIZE: 524288	AB_MIN_NUM: 32768	AB_LPT	AB_DNR	DAHA	DAHA_REAR	DAHA_QUANTILE: 0.990000	DAHA_SYMB_THRES: 6000000	DAHA_NUMC_THRES: 800000	DN_MIN: 256	GUD_ALPHA: 0.500000	GUD_MIN: 256	HYB_THRES: 0.950000
[0;36m0th run	init_time: 0.023190220	symb_time: 12.245796287	mgmt_time: 0.020807038	numc_time: 51.223593433	total_time: 63.513386978
[0m
[0;36m1th run	init_time: 0.152001919	symb_time: 12.215401398	mgmt_time: 0.021755228	numc_time: 51.193661794	total_time: 63.582820339
[0m
[0;36m2th run	init_time: 0.153939707	symb_time: 12.191594422	mgmt_time: 0.021053621	numc_time: 51.222672575	total_time: 63.589260325
[0m
[0;36m3th run	init_time: 0.151939983	symb_time: 12.212482623	mgmt_time: 0.021892253	numc_time: 51.284580678	total_time: 63.670895537
[0m
[0;36m4th run	init_time: 0.153346910	symb_time: 12.209983245	mgmt_time: 0.020893314	numc_time: 51.209196911	total_time: 63.593420380
[0m
[0;32mdataset: g500_20_8	num_trials: 4	thread_num: 64	numa_mask: 6	init_time: 0.152807130	symb_time: 12.207365422	mgmt_time: 0.021398604	numc_time: 51.227527989	total_time: 63.609099145	flop_cnt: 21344490376	numc_perf: 416660557.588781893	perf: 335557186.987671673
[0mmmap: Cannot allocate memory
CONFIGURATION:	USE_HYPERTHREADING	USE_WEIGHTED_INTERLEAVING	HASH_CONSTANT: 2654435761	THREAD_NUM: 64	AB_HIGH_THREAD_NUM: 16	AB_SIZE: 524288	AB_MIN_NUM: 32768	AB_LPT	AB_DNR	DAHA	DAHA_REAR	DAHA_QUANTILE: 0.990000	DAHA_SYMB_THRES: 6000000	DAHA_NUMC_THRES: 800000	DN_MIN: 256	GUD_ALPHA: 0.500000	GUD_MIN: 256	HYB_THRES: 0.950000
errno: 22
buffer_size: 455719517040
