CONFIGURATION:	USE_HYPERTHREADING	HASH_CONSTANT: 2654435761	THREAD_NUM: 64	AB_HIGH_THREAD_NUM: 22	AB_SIZE: 524288	AB_MIN_NUM: 32768	AB_PRT: 0.850000	AB_DNR	DAHA	DAHA_REAR	DAHA_QUANTILE: 0.990000	DAHA_SYMB_THRES: 7000000	DAHA_NUMC_THRES: 2100000	DN_MIN: 256	GUD_ALPHA: 0.500000	GUD_MIN: 256	HYB_THRES: 0.950000
[0;36m0th run	init_time: 0.006889547	symb_time: 0.008311194	mgmt_time: 0.000171620	numc_time: 0.011086011	total_time: 0.026458372
[0m
[0;36m1th run	init_time: 0.008086225	symb_time: 0.008225866	mgmt_time: 0.000159028	numc_time: 0.011320293	total_time: 0.027791412
[0m
[0;32mdataset: er_18_1	num_trials: 1	thread_num: 64	numa_mask: 1	init_time: 0.008086225	symb_time: 0.008225866	mgmt_time: 0.000159028	numc_time: 0.011320293	total_time: 0.027791412	flop_cnt: 1573868	numc_perf: 139030677.032829434	perf: 56631451.471411385
[0mCONFIGURATION:	USE_HYPERTHREADING	HASH_CONSTANT: 2654435761	THREAD_NUM: 64	AB_HIGH_THREAD_NUM: 22	AB_SIZE: 524288	AB_MIN_NUM: 32768	AB_PRT: 0.850000	AB_DNR	DAHA	DAHA_REAR	DAHA_QUANTILE: 0.990000	DAHA_SYMB_THRES: 7000000	DAHA_NUMC_THRES: 2100000	DN_MIN: 256	GUD_ALPHA: 0.500000	GUD_MIN: 256	HYB_THRES: 0.950000
[0;36m0th run	init_time: 0.006945227	symb_time: 0.011168510	mgmt_time: 0.000164859	numc_time: 0.008342654	total_time: 0.026621250
[0m
[0;36m1th run	init_time: 0.005525820	symb_time: 0.011676856	mgmt_time: 0.000169280	numc_time: 0.008687644	total_time: 0.026059600
[0m
[0;32mdataset: er_18_2	num_trials: 1	thread_num: 64	numa_mask: 1	init_time: 0.005525820	symb_time: 0.011676856	mgmt_time: 0.000169280	numc_time: 0.008687644	total_time: 0.026059600	flop_cnt: 5237284	numc_perf: 602842842.086991549	perf: 200973307.341632247
[0mCONFIGURATION:	USE_HYPERTHREADING	HASH_CONSTANT: 2654435761	THREAD_NUM: 64	AB_HIGH_THREAD_NUM: 22	AB_SIZE: 524288	AB_MIN_NUM: 32768	AB_PRT: 0.850000	AB_DNR	DAHA	DAHA_REAR	DAHA_QUANTILE: 0.990000	DAHA_SYMB_THRES: 7000000	DAHA_NUMC_THRES: 2100000	DN_MIN: 256	GUD_ALPHA: 0.500000	GUD_MIN: 256	HYB_THRES: 0.950000
[0;36m0th run	init_time: 0.007032385	symb_time: 0.014861751	mgmt_time: 0.000234461	numc_time: 0.014417516	total_time: 0.036546113
[0m
[0;36m1th run	init_time: 0.004683823	symb_time: 0.014971890	mgmt_time: 0.000232274	numc_time: 0.014274046	total_time: 0.034162033
[0m
[0;32mdataset: er_18_4	num_trials: 1	thread_num: 64	numa_mask: 1	init_time: 0.004683823	symb_time: 0.014971890	mgmt_time: 0.000232274	numc_time: 0.014274046	total_time: 0.034162033	flop_cnt: 18879238	numc_perf: 1322626955.244504690	perf: 552638011.912230134
[0mCONFIGURATION:	USE_HYPERTHREADING	HASH_CONSTANT: 2654435761	THREAD_NUM: 64	AB_HIGH_THREAD_NUM: 22	AB_SIZE: 524288	AB_MIN_NUM: 32768	AB_PRT: 0.850000	AB_DNR	DAHA	DAHA_REAR	DAHA_QUANTILE: 0.990000	DAHA_SYMB_THRES: 7000000	DAHA_NUMC_THRES: 2100000	DN_MIN: 256	GUD_ALPHA: 0.500000	GUD_MIN: 256	HYB_THRES: 0.950000
[0;36m0th run	init_time: 0.007244254	symb_time: 0.029685447	mgmt_time: 0.010768356	numc_time: 0.043198760	total_time: 0.090896817
[0m
[0;36m1th run	init_time: 0.004862855	symb_time: 0.029688883	mgmt_time: 0.010885100	numc_time: 0.043382606	total_time: 0.088819444
[0m
[0;32mdataset: er_18_8	num_trials: 1	thread_num: 64	numa_mask: 1	init_time: 0.004862855	symb_time: 0.029688883	mgmt_time: 0.010885100	numc_time: 0.043382606	total_time: 0.088819444	flop_cnt: 71328054	numc_perf: 1644162501.441245556	perf: 803068008.396900058
[0mCONFIGURATION:	USE_HYPERTHREADING	HASH_CONSTANT: 2654435761	THREAD_NUM: 64	AB_HIGH_THREAD_NUM: 22	AB_SIZE: 524288	AB_MIN_NUM: 32768	AB_PRT: 0.850000	AB_DNR	DAHA	DAHA_REAR	DAHA_QUANTILE: 0.990000	DAHA_SYMB_THRES: 7000000	DAHA_NUMC_THRES: 2100000	DN_MIN: 256	GUD_ALPHA: 0.500000	GUD_MIN: 256	HYB_THRES: 0.950000
[0;36m0th run	init_time: 0.007250072	symb_time: 0.086165598	mgmt_time: 0.011247777	numc_time: 0.163975955	total_time: 0.268639402
[0m
[0;36m1th run	init_time: 0.005282726	symb_time: 0.087939769	mgmt_time: 0.011262497	numc_time: 0.164479697	total_time: 0.268964689
[0m
[0;32mdataset: er_18_16	num_trials: 1	thread_num: 64	numa_mask: 1	init_time: 0.005282726	symb_time: 0.087939769	mgmt_time: 0.011262497	numc_time: 0.164479697	total_time: 0.268964689	flop_cnt: 277105556	numc_perf: 1684740190.152466059	perf: 1030267419.229889989
[0mCONFIGURATION:	USE_HYPERTHREADING	HASH_CONSTANT: 2654435761	THREAD_NUM: 64	AB_HIGH_THREAD_NUM: 22	AB_SIZE: 524288	AB_MIN_NUM: 32768	AB_PRT: 0.850000	AB_DNR	DAHA	DAHA_REAR	DAHA_QUANTILE: 0.990000	DAHA_SYMB_THRES: 7000000	DAHA_NUMC_THRES: 2100000	DN_MIN: 256	GUD_ALPHA: 0.500000	GUD_MIN: 256	HYB_THRES: 0.950000
[0;36m0th run	init_time: 0.008140600	symb_time: 0.317846522	mgmt_time: 0.012131957	numc_time: 0.647519446	total_time: 0.985638525
[0m
[0;36m1th run	init_time: 0.006170673	symb_time: 0.318191754	mgmt_time: 0.012291109	numc_time: 0.648021977	total_time: 0.984675513
[0m
[0;32mdataset: er_18_32	num_trials: 1	thread_num: 64	numa_mask: 1	init_time: 0.006170673	symb_time: 0.318191754	mgmt_time: 0.012291109	numc_time: 0.648021977	total_time: 0.984675513	flop_cnt: 1090559662	numc_perf: 1682905365.414790392	perf: 1107532022.074362040
[0mCONFIGURATION:	USE_HYPERTHREADING	HASH_CONSTANT: 2654435761	THREAD_NUM: 64	AB_HIGH_THREAD_NUM: 22	AB_SIZE: 524288	AB_MIN_NUM: 32768	AB_PRT: 0.850000	AB_DNR	DAHA	DAHA_REAR	DAHA_QUANTILE: 0.990000	DAHA_SYMB_THRES: 7000000	DAHA_NUMC_THRES: 2100000	DN_MIN: 256	GUD_ALPHA: 0.500000	GUD_MIN: 256	HYB_THRES: 0.950000
[0;36m0th run	init_time: 0.007972949	symb_time: 0.008794101	mgmt_time: 0.000167974	numc_time: 0.013950623	total_time: 0.030885647
[0m
[0;36m1th run	init_time: 0.006774719	symb_time: 0.009311915	mgmt_time: 0.000172256	numc_time: 0.014207027	total_time: 0.030465917
[0m
[0;32mdataset: er_19_1	num_trials: 1	thread_num: 64	numa_mask: 1	init_time: 0.006774719	symb_time: 0.009311915	mgmt_time: 0.000172256	numc_time: 0.014207027	total_time: 0.030465917	flop_cnt: 3147278	numc_perf: 221529669.789464027	perf: 103304883.289743081
[0mCONFIGURATION:	USE_HYPERTHREADING	HASH_CONSTANT: 2654435761	THREAD_NUM: 64	AB_HIGH_THREAD_NUM: 22	AB_SIZE: 524288	AB_MIN_NUM: 32768	AB_PRT: 0.850000	AB_DNR	DAHA	DAHA_REAR	DAHA_QUANTILE: 0.990000	DAHA_SYMB_THRES: 7000000	DAHA_NUMC_THRES: 2100000	DN_MIN: 256	GUD_ALPHA: 0.500000	GUD_MIN: 256	HYB_THRES: 0.950000
[0;36m0th run	init_time: 0.008169513	symb_time: 0.013027865	mgmt_time: 0.000215836	numc_time: 0.015249465	total_time: 0.036662679
[0m
[0;36m1th run	init_time: 0.005635687	symb_time: 0.013021429	mgmt_time: 0.000209085	numc_time: 0.015142555	total_time: 0.034008756
[0m
[0;32mdataset: er_19_2	num_trials: 1	thread_num: 64	numa_mask: 1	init_time: 0.005635687	symb_time: 0.013021429	mgmt_time: 0.000209085	numc_time: 0.015142555	total_time: 0.034008756	flop_cnt: 10490794	numc_perf: 692802106.381650925	perf: 308473323.752271295
[0mCONFIGURATION:	USE_HYPERTHREADING	HASH_CONSTANT: 2654435761	THREAD_NUM: 64	AB_HIGH_THREAD_NUM: 22	AB_SIZE: 524288	AB_MIN_NUM: 32768	AB_PRT: 0.850000	AB_DNR	DAHA	DAHA_REAR	DAHA_QUANTILE: 0.990000	DAHA_SYMB_THRES: 7000000	DAHA_NUMC_THRES: 2100000	DN_MIN: 256	GUD_ALPHA: 0.500000	GUD_MIN: 256	HYB_THRES: 0.950000
[0;36m0th run	init_time: 0.008458202	symb_time: 0.021785620	mgmt_time: 0.010985091	numc_time: 0.029489061	total_time: 0.070717974
[0m
[0;36m1th run	init_time: 0.006000818	symb_time: 0.021750553	mgmt_time: 0.010603953	numc_time: 0.029525195	total_time: 0.067880519
[0m
[0;32mdataset: er_19_4	num_trials: 1	thread_num: 64	numa_mask: 1	init_time: 0.006000818	symb_time: 0.021750553	mgmt_time: 0.010603953	numc_time: 0.029525195	total_time: 0.067880519	flop_cnt: 37757054	numc_perf: 1278807946.907717228	perf: 556228127.837384343
[0mCONFIGURATION:	USE_HYPERTHREADING	HASH_CONSTANT: 2654435761	THREAD_NUM: 64	AB_HIGH_THREAD_NUM: 22	AB_SIZE: 524288	AB_MIN_NUM: 32768	AB_PRT: 0.850000	AB_DNR	DAHA	DAHA_REAR	DAHA_QUANTILE: 0.990000	DAHA_SYMB_THRES: 7000000	DAHA_NUMC_THRES: 2100000	DN_MIN: 256	GUD_ALPHA: 0.500000	GUD_MIN: 256	HYB_THRES: 0.950000
[0;36m0th run	init_time: 0.008896148	symb_time: 0.054837702	mgmt_time: 0.010980438	numc_time: 0.094180487	total_time: 0.168894775
[0m
[0;36m1th run	init_time: 0.006374458	symb_time: 0.054712744	mgmt_time: 0.011277966	numc_time: 0.094294751	total_time: 0.166659919
[0m
[0;32mdataset: er_19_8	num_trials: 1	thread_num: 64	numa_mask: 1	init_time: 0.006374458	symb_time: 0.054712744	mgmt_time: 0.011277966	numc_time: 0.094294751	total_time: 0.166659919	flop_cnt: 142742320	numc_perf: 1513788609.505952120	perf: 856488595.797289371
[0mCONFIGURATION:	USE_HYPERTHREADING	HASH_CONSTANT: 2654435761	THREAD_NUM: 64	AB_HIGH_THREAD_NUM: 22	AB_SIZE: 524288	AB_MIN_NUM: 32768	AB_PRT: 0.850000	AB_DNR	DAHA	DAHA_REAR	DAHA_QUANTILE: 0.990000	DAHA_SYMB_THRES: 7000000	DAHA_NUMC_THRES: 2100000	DN_MIN: 256	GUD_ALPHA: 0.500000	GUD_MIN: 256	HYB_THRES: 0.950000
[0;36m0th run	init_time: 0.009152876	symb_time: 0.178705588	mgmt_time: 0.011724873	numc_time: 0.346258567	total_time: 0.545841904
[0m
[0;36m1th run	init_time: 0.007362905	symb_time: 0.178459225	mgmt_time: 0.011495225	numc_time: 0.346946643	total_time: 0.544263998
[0m
[0;32mdataset: er_19_16	num_trials: 1	thread_num: 64	numa_mask: 1	init_time: 0.007362905	symb_time: 0.178459225	mgmt_time: 0.011495225	numc_time: 0.346946643	total_time: 0.544263998	flop_cnt: 553733304	numc_perf: 1596018624.685179710	perf: 1017398369.237716794
[0mCONFIGURATION:	USE_HYPERTHREADING	HASH_CONSTANT: 2654435761	THREAD_NUM: 64	AB_HIGH_THREAD_NUM: 22	AB_SIZE: 524288	AB_MIN_NUM: 32768	AB_PRT: 0.850000	AB_DNR	DAHA	DAHA_REAR	DAHA_QUANTILE: 0.990000	DAHA_SYMB_THRES: 7000000	DAHA_NUMC_THRES: 2100000	DN_MIN: 256	GUD_ALPHA: 0.500000	GUD_MIN: 256	HYB_THRES: 0.950000
[0;36m0th run	init_time: 0.021442287	symb_time: 0.661250509	mgmt_time: 0.013104139	numc_time: 1.336302526	total_time: 2.032099461
[0m
[0;36m1th run	init_time: 0.019717612	symb_time: 0.660627000	mgmt_time: 0.012900096	numc_time: 1.339878623	total_time: 2.033123331
[0m
[0;32mdataset: er_19_32	num_trials: 1	thread_num: 64	numa_mask: 1	init_time: 0.019717612	symb_time: 0.660627000	mgmt_time: 0.012900096	numc_time: 1.339878623	total_time: 2.033123331	flop_cnt: 2181162866	numc_perf: 1627880935.301704645	perf: 1072813848.890901566
[0mCONFIGURATION:	USE_HYPERTHREADING	HASH_CONSTANT: 2654435761	THREAD_NUM: 64	AB_HIGH_THREAD_NUM: 22	AB_SIZE: 524288	AB_MIN_NUM: 32768	AB_PRT: 0.850000	AB_DNR	DAHA	DAHA_REAR	DAHA_QUANTILE: 0.990000	DAHA_SYMB_THRES: 7000000	DAHA_NUMC_THRES: 2100000	DN_MIN: 256	GUD_ALPHA: 0.500000	GUD_MIN: 256	HYB_THRES: 0.950000
[0;36m0th run	init_time: 0.009842111	symb_time: 0.012455939	mgmt_time: 0.000205464	numc_time: 0.021616784	total_time: 0.044120298
[0m
[0;36m1th run	init_time: 0.007605202	symb_time: 0.012414214	mgmt_time: 0.000194637	numc_time: 0.021835988	total_time: 0.042050041
[0m
[0;32mdataset: er_20_1	num_trials: 1	thread_num: 64	numa_mask: 1	init_time: 0.007605202	symb_time: 0.012414214	mgmt_time: 0.000194637	numc_time: 0.021835988	total_time: 0.042050041	flop_cnt: 6290748	numc_perf: 288090834.268639445	perf: 149601471.256591618
[0mCONFIGURATION:	USE_HYPERTHREADING	HASH_CONSTANT: 2654435761	THREAD_NUM: 64	AB_HIGH_THREAD_NUM: 22	AB_SIZE: 524288	AB_MIN_NUM: 32768	AB_PRT: 0.850000	AB_DNR	DAHA	DAHA_REAR	DAHA_QUANTILE: 0.990000	DAHA_SYMB_THRES: 7000000	DAHA_NUMC_THRES: 2100000	DN_MIN: 256	GUD_ALPHA: 0.500000	GUD_MIN: 256	HYB_THRES: 0.950000
[0;36m0th run	init_time: 0.010242259	symb_time: 0.018229554	mgmt_time: 0.000294940	numc_time: 0.029766190	total_time: 0.058532943
[0m
[0;36m1th run	init_time: 0.008010023	symb_time: 0.018196782	mgmt_time: 0.000282785	numc_time: 0.029780438	total_time: 0.056270028
[0m
[0;32mdataset: er_20_2	num_trials: 1	thread_num: 64	numa_mask: 1	init_time: 0.008010023	symb_time: 0.018196782	mgmt_time: 0.000282785	numc_time: 0.029780438	total_time: 0.056270028	flop_cnt: 20968558	numc_perf: 704105090.731036186	perf: 372641684.130670786
[0mCONFIGURATION:	USE_HYPERTHREADING	HASH_CONSTANT: 2654435761	THREAD_NUM: 64	AB_HIGH_THREAD_NUM: 22	AB_SIZE: 524288	AB_MIN_NUM: 32768	AB_PRT: 0.850000	AB_DNR	DAHA	DAHA_REAR	DAHA_QUANTILE: 0.990000	DAHA_SYMB_THRES: 7000000	DAHA_NUMC_THRES: 2100000	DN_MIN: 256	GUD_ALPHA: 0.500000	GUD_MIN: 256	HYB_THRES: 0.950000
[0;36m0th run	init_time: 0.010629281	symb_time: 0.038581543	mgmt_time: 0.010852255	numc_time: 0.063177887	total_time: 0.123240966
[0m
[0;36m1th run	init_time: 0.008841642	symb_time: 0.038425330	mgmt_time: 0.010847436	numc_time: 0.063593874	total_time: 0.121708282
[0m
[0;32mdataset: er_20_4	num_trials: 1	thread_num: 64	numa_mask: 1	init_time: 0.008841642	symb_time: 0.038425330	mgmt_time: 0.010847436	numc_time: 0.063593874	total_time: 0.121708282	flop_cnt: 75507866	numc_perf: 1187344963.447265148	perf: 620400393.130189657
[0mCONFIGURATION:	USE_HYPERTHREADING	HASH_CONSTANT: 2654435761	THREAD_NUM: 64	AB_HIGH_THREAD_NUM: 22	AB_SIZE: 524288	AB_MIN_NUM: 32768	AB_PRT: 0.850000	AB_DNR	DAHA	DAHA_REAR	DAHA_QUANTILE: 0.990000	DAHA_SYMB_THRES: 7000000	DAHA_NUMC_THRES: 2100000	DN_MIN: 256	GUD_ALPHA: 0.500000	GUD_MIN: 256	HYB_THRES: 0.950000
[0;36m0th run	init_time: 0.011211808	symb_time: 0.117071536	mgmt_time: 0.011384161	numc_time: 0.203406700	total_time: 0.343074205
[0m
[0;36m1th run	init_time: 0.010484573	symb_time: 0.117104283	mgmt_time: 0.011269853	numc_time: 0.203577628	total_time: 0.342436337
[0m
[0;32mdataset: er_20_8	num_trials: 1	thread_num: 64	numa_mask: 1	init_time: 0.010484573	symb_time: 0.117104283	mgmt_time: 0.011269853	numc_time: 0.203577628	total_time: 0.342436337	flop_cnt: 285424684	numc_perf: 1402043470.120400667	perf: 833511672.565286279
[0mCONFIGURATION:	USE_HYPERTHREADING	HASH_CONSTANT: 2654435761	THREAD_NUM: 64	AB_HIGH_THREAD_NUM: 22	AB_SIZE: 524288	AB_MIN_NUM: 32768	AB_PRT: 0.850000	AB_DNR	DAHA	DAHA_REAR	DAHA_QUANTILE: 0.990000	DAHA_SYMB_THRES: 7000000	DAHA_NUMC_THRES: 2100000	DN_MIN: 256	GUD_ALPHA: 0.500000	GUD_MIN: 256	HYB_THRES: 0.950000
[0;36m0th run	init_time: 0.023978971	symb_time: 0.373979041	mgmt_time: 0.012187253	numc_time: 0.744909119	total_time: 1.155054384
[0m
[0;36m1th run	init_time: 0.022509404	symb_time: 0.374286691	mgmt_time: 0.012058628	numc_time: 0.723814751	total_time: 1.132669474
[0m
[0;32mdataset: er_20_16	num_trials: 1	thread_num: 64	numa_mask: 1	init_time: 0.022509404	symb_time: 0.374286691	mgmt_time: 0.012058628	numc_time: 0.723814751	total_time: 1.132669474	flop_cnt: 1107231140	numc_perf: 1529716185.626617432	perf: 977541255.782090545
[0mCONFIGURATION:	USE_HYPERTHREADING	HASH_CONSTANT: 2654435761	THREAD_NUM: 64	AB_HIGH_THREAD_NUM: 22	AB_SIZE: 524288	AB_MIN_NUM: 32768	AB_PRT: 0.850000	AB_DNR	DAHA	DAHA_REAR	DAHA_QUANTILE: 0.990000	DAHA_SYMB_THRES: 7000000	DAHA_NUMC_THRES: 2100000	DN_MIN: 256	GUD_ALPHA: 0.500000	GUD_MIN: 256	HYB_THRES: 0.950000
[0;36m0th run	init_time: 0.029319804	symb_time: 1.377584496	mgmt_time: 0.016005414	numc_time: 2.780096024	total_time: 4.203005738
[0m
[0;36m1th run	init_time: 0.028321854	symb_time: 1.376235300	mgmt_time: 0.016150252	numc_time: 2.772693214	total_time: 4.193400620
[0m
[0;32mdataset: er_20_32	num_trials: 1	thread_num: 64	numa_mask: 1	init_time: 0.028321854	symb_time: 1.376235300	mgmt_time: 0.016150252	numc_time: 2.772693214	total_time: 4.193400620	flop_cnt: 4366158894	numc_perf: 1574699599.636269093	perf: 1041197655.472278714
[0mCONFIGURATION:	USE_HYPERTHREADING	HASH_CONSTANT: 2654435761	THREAD_NUM: 64	AB_HIGH_THREAD_NUM: 22	AB_SIZE: 524288	AB_MIN_NUM: 32768	AB_PRT: 0.850000	AB_DNR	DAHA	DAHA_REAR	DAHA_QUANTILE: 0.990000	DAHA_SYMB_THRES: 7000000	DAHA_NUMC_THRES: 2100000	DN_MIN: 256	GUD_ALPHA: 0.500000	GUD_MIN: 256	HYB_THRES: 0.950000
[0;36m0th run	init_time: 0.014316846	symb_time: 0.017424119	mgmt_time: 0.000313895	numc_time: 0.039092508	total_time: 0.071147368
[0m
[0;36m1th run	init_time: 0.012166198	symb_time: 0.017358484	mgmt_time: 0.000304820	numc_time: 0.039390450	total_time: 0.069219952
[0m
[0;32mdataset: er_21_1	num_trials: 1	thread_num: 64	numa_mask: 1	init_time: 0.012166198	symb_time: 0.017358484	mgmt_time: 0.000304820	numc_time: 0.039390450	total_time: 0.069219952	flop_cnt: 12586608	numc_perf: 319534506.460322261	perf: 181834971.512259930
[0mCONFIGURATION:	USE_HYPERTHREADING	HASH_CONSTANT: 2654435761	THREAD_NUM: 64	AB_HIGH_THREAD_NUM: 22	AB_SIZE: 524288	AB_MIN_NUM: 32768	AB_PRT: 0.850000	AB_DNR	DAHA	DAHA_REAR	DAHA_QUANTILE: 0.990000	DAHA_SYMB_THRES: 7000000	DAHA_NUMC_THRES: 2100000	DN_MIN: 256	GUD_ALPHA: 0.500000	GUD_MIN: 256	HYB_THRES: 0.950000
[0;36m0th run	init_time: 0.014540687	symb_time: 0.031916787	mgmt_time: 0.011438111	numc_time: 0.062108360	total_time: 0.120003945
[0m
[0;36m1th run	init_time: 0.012464404	symb_time: 0.031928993	mgmt_time: 0.011240791	numc_time: 0.061306148	total_time: 0.116940336
[0m
[0;32mdataset: er_21_2	num_trials: 1	thread_num: 64	numa_mask: 1	init_time: 0.012464404	symb_time: 0.031928993	mgmt_time: 0.011240791	numc_time: 0.061306148	total_time: 0.116940336	flop_cnt: 41963140	numc_perf: 684485020.980277538	perf: 358842307.413927734
[0mCONFIGURATION:	USE_HYPERTHREADING	HASH_CONSTANT: 2654435761	THREAD_NUM: 64	AB_HIGH_THREAD_NUM: 22	AB_SIZE: 524288	AB_MIN_NUM: 32768	AB_PRT: 0.850000	AB_DNR	DAHA	DAHA_REAR	DAHA_QUANTILE: 0.990000	DAHA_SYMB_THRES: 7000000	DAHA_NUMC_THRES: 2100000	DN_MIN: 256	GUD_ALPHA: 0.500000	GUD_MIN: 256	HYB_THRES: 0.950000
[0;36m0th run	init_time: 0.015453197	symb_time: 0.083251998	mgmt_time: 0.011212442	numc_time: 0.137146572	total_time: 0.247064209
[0m
[0;36m1th run	init_time: 0.013774616	symb_time: 0.083352432	mgmt_time: 0.011486775	numc_time: 0.137247747	total_time: 0.245861570
[0m
[0;32mdataset: er_21_4	num_trials: 1	thread_num: 64	numa_mask: 1	init_time: 0.013774616	symb_time: 0.083352432	mgmt_time: 0.011486775	numc_time: 0.137247747	total_time: 0.245861570	flop_cnt: 150998738	numc_perf: 1100191014.428819656	perf: 614161611.349020481
[0mCONFIGURATION:	USE_HYPERTHREADING	HASH_CONSTANT: 2654435761	THREAD_NUM: 64	AB_HIGH_THREAD_NUM: 22	AB_SIZE: 524288	AB_MIN_NUM: 32768	AB_PRT: 0.850000	AB_DNR	DAHA	DAHA_REAR	DAHA_QUANTILE: 0.990000	DAHA_SYMB_THRES: 7000000	DAHA_NUMC_THRES: 2100000	DN_MIN: 256	GUD_ALPHA: 0.500000	GUD_MIN: 256	HYB_THRES: 0.950000
[0;36m0th run	init_time: 0.028882399	symb_time: 0.249803680	mgmt_time: 0.011898909	numc_time: 0.435862421	total_time: 0.726447409
[0m
[0;36m1th run	init_time: 0.027223609	symb_time: 0.249870573	mgmt_time: 0.012098413	numc_time: 0.436147109	total_time: 0.725339704
[0m
[0;32mdataset: er_21_8	num_trials: 1	thread_num: 64	numa_mask: 1	init_time: 0.027223609	symb_time: 0.249870573	mgmt_time: 0.012098413	numc_time: 0.436147109	total_time: 0.725339704	flop_cnt: 570627534	numc_perf: 1308337306.897063494	perf: 786703844.906303287
[0mCONFIGURATION:	USE_HYPERTHREADING	HASH_CONSTANT: 2654435761	THREAD_NUM: 64	AB_HIGH_THREAD_NUM: 22	AB_SIZE: 524288	AB_MIN_NUM: 32768	AB_PRT: 0.850000	AB_DNR	DAHA	DAHA_REAR	DAHA_QUANTILE: 0.990000	DAHA_SYMB_THRES: 7000000	DAHA_NUMC_THRES: 2100000	DN_MIN: 256	GUD_ALPHA: 0.500000	GUD_MIN: 256	HYB_THRES: 0.950000
[0;36m0th run	init_time: 0.034030406	symb_time: 0.797402937	mgmt_time: 0.013661488	numc_time: 1.510435856	total_time: 2.355530687
[0m
[0;36m1th run	init_time: 0.032527234	symb_time: 0.797797983	mgmt_time: 0.013352092	numc_time: 1.513438909	total_time: 2.357116218
[0m
[0;32mdataset: er_21_16	num_trials: 1	thread_num: 64	numa_mask: 1	init_time: 0.032527234	symb_time: 0.797797983	mgmt_time: 0.013352092	numc_time: 1.513438909	total_time: 2.357116218	flop_cnt: 2214794322	numc_perf: 1463418383.675240993	perf: 939620331.440102220
[0mCONFIGURATION:	USE_HYPERTHREADING	HASH_CONSTANT: 2654435761	THREAD_NUM: 64	AB_HIGH_THREAD_NUM: 22	AB_SIZE: 524288	AB_MIN_NUM: 32768	AB_PRT: 0.850000	AB_DNR	DAHA	DAHA_REAR	DAHA_QUANTILE: 0.990000	DAHA_SYMB_THRES: 7000000	DAHA_NUMC_THRES: 2100000	DN_MIN: 256	GUD_ALPHA: 0.500000	GUD_MIN: 256	HYB_THRES: 0.950000
[0;36m0th run	init_time: 0.045840347	symb_time: 2.834643170	mgmt_time: 0.020884181	numc_time: 5.706007867	total_time: 8.607375565
[0m
[0;36m1th run	init_time: 0.044257946	symb_time: 2.830021523	mgmt_time: 0.021199997	numc_time: 5.701112389	total_time: 8.596591855
[0m
[0;32mdataset: er_21_32	num_trials: 1	thread_num: 64	numa_mask: 1	init_time: 0.044257946	symb_time: 2.830021523	mgmt_time: 0.021199997	numc_time: 5.701112389	total_time: 8.596591855	flop_cnt: 8724487282	numc_perf: 1530313154.119438887	perf: 1014877457.154792428
[0m