CONFIGURATION:	USE_HYPERTHREADING	HASH_CONSTANT: 2654435761	THREAD_NUM: 64	AB_HIGH_THREAD_NUM: 16	AB_SIZE: 524288	AB_MIN_NUM: 32768	AB_PRT: 0.900000	AB_DNR	DAHA	DAHA_REAR	DAHA_QUANTILE: 0.990000	DAHA_SYMB_THRES: 11000000	DAHA_NUMC_THRES: 2500000	DN_MIN: 256	GUD_ALPHA: 0.500000	GUD_MIN: 256	HYB_THRES: 0.950000
[0;36m0th run	init_time: 0.006646100	symb_time: 0.007500950	mgmt_time: 0.000156054	numc_time: 0.005330184	total_time: 0.019633288
[0m
[0;36m1th run	init_time: 0.007971769	symb_time: 0.008273737	mgmt_time: 0.000153038	numc_time: 0.005236370	total_time: 0.021634914
[0m
[0;32mdataset: er_18_1	num_trials: 1	thread_num: 64	numa_mask: 1	init_time: 0.007971769	symb_time: 0.008273737	mgmt_time: 0.000153038	numc_time: 0.005236370	total_time: 0.021634914	flop_cnt: 1573868	numc_perf: 300564704.174838662	perf: 72746672.346374929
[0mCONFIGURATION:	USE_HYPERTHREADING	HASH_CONSTANT: 2654435761	THREAD_NUM: 64	AB_HIGH_THREAD_NUM: 16	AB_SIZE: 524288	AB_MIN_NUM: 32768	AB_PRT: 0.900000	AB_DNR	DAHA	DAHA_REAR	DAHA_QUANTILE: 0.990000	DAHA_SYMB_THRES: 11000000	DAHA_NUMC_THRES: 2500000	DN_MIN: 256	GUD_ALPHA: 0.500000	GUD_MIN: 256	HYB_THRES: 0.950000
[0;36m0th run	init_time: 0.006929209	symb_time: 0.009641390	mgmt_time: 0.000184143	numc_time: 0.006708313	total_time: 0.023463055
[0m
[0;36m1th run	init_time: 0.005524298	symb_time: 0.009522568	mgmt_time: 0.000173365	numc_time: 0.006523231	total_time: 0.021743462
[0m
[0;32mdataset: er_18_2	num_trials: 1	thread_num: 64	numa_mask: 1	init_time: 0.005524298	symb_time: 0.009522568	mgmt_time: 0.000173365	numc_time: 0.006523231	total_time: 0.021743462	flop_cnt: 5237284	numc_perf: 802866554.932670593	perf: 240867070.754418015
[0mCONFIGURATION:	USE_HYPERTHREADING	HASH_CONSTANT: 2654435761	THREAD_NUM: 64	AB_HIGH_THREAD_NUM: 16	AB_SIZE: 524288	AB_MIN_NUM: 32768	AB_PRT: 0.900000	AB_DNR	DAHA	DAHA_REAR	DAHA_QUANTILE: 0.990000	DAHA_SYMB_THRES: 11000000	DAHA_NUMC_THRES: 2500000	DN_MIN: 256	GUD_ALPHA: 0.500000	GUD_MIN: 256	HYB_THRES: 0.950000
[0;36m0th run	init_time: 0.007060745	symb_time: 0.014798236	mgmt_time: 0.000235004	numc_time: 0.015552408	total_time: 0.037646393
[0m
[0;36m1th run	init_time: 0.004693528	symb_time: 0.014740102	mgmt_time: 0.000228022	numc_time: 0.015475085	total_time: 0.035136737
[0m
[0;32mdataset: er_18_4	num_trials: 1	thread_num: 64	numa_mask: 1	init_time: 0.004693528	symb_time: 0.014740102	mgmt_time: 0.000228022	numc_time: 0.015475085	total_time: 0.035136737	flop_cnt: 18879238	numc_perf: 1219976368.465827465	perf: 537307661.778610826
[0mCONFIGURATION:	USE_HYPERTHREADING	HASH_CONSTANT: 2654435761	THREAD_NUM: 64	AB_HIGH_THREAD_NUM: 16	AB_SIZE: 524288	AB_MIN_NUM: 32768	AB_PRT: 0.900000	AB_DNR	DAHA	DAHA_REAR	DAHA_QUANTILE: 0.990000	DAHA_SYMB_THRES: 11000000	DAHA_NUMC_THRES: 2500000	DN_MIN: 256	GUD_ALPHA: 0.500000	GUD_MIN: 256	HYB_THRES: 0.950000
[0;36m0th run	init_time: 0.007268478	symb_time: 0.029810822	mgmt_time: 0.010645865	numc_time: 0.050307643	total_time: 0.098032808
[0m
[0;36m1th run	init_time: 0.004894223	symb_time: 0.029732040	mgmt_time: 0.010783345	numc_time: 0.050353758	total_time: 0.095763366
[0m
[0;32mdataset: er_18_8	num_trials: 1	thread_num: 64	numa_mask: 1	init_time: 0.004894223	symb_time: 0.029732040	mgmt_time: 0.010783345	numc_time: 0.050353758	total_time: 0.095763366	flop_cnt: 71328054	numc_perf: 1416538841.053333044	perf: 744836538.013920546
[0mCONFIGURATION:	USE_HYPERTHREADING	HASH_CONSTANT: 2654435761	THREAD_NUM: 64	AB_HIGH_THREAD_NUM: 16	AB_SIZE: 524288	AB_MIN_NUM: 32768	AB_PRT: 0.900000	AB_DNR	DAHA	DAHA_REAR	DAHA_QUANTILE: 0.990000	DAHA_SYMB_THRES: 11000000	DAHA_NUMC_THRES: 2500000	DN_MIN: 256	GUD_ALPHA: 0.500000	GUD_MIN: 256	HYB_THRES: 0.950000
[0;36m0th run	init_time: 0.007590757	symb_time: 0.085946382	mgmt_time: 0.011350887	numc_time: 0.194879788	total_time: 0.299767814
[0m
[0;36m1th run	init_time: 0.005273013	symb_time: 0.085874170	mgmt_time: 0.011198405	numc_time: 0.195455181	total_time: 0.297800769
[0m
[0;32mdataset: er_18_16	num_trials: 1	thread_num: 64	numa_mask: 1	init_time: 0.005273013	symb_time: 0.085874170	mgmt_time: 0.011198405	numc_time: 0.195455181	total_time: 0.297800769	flop_cnt: 277105556	numc_perf: 1417744746.300688028	perf: 930506515.918365598
[0mCONFIGURATION:	USE_HYPERTHREADING	HASH_CONSTANT: 2654435761	THREAD_NUM: 64	AB_HIGH_THREAD_NUM: 16	AB_SIZE: 524288	AB_MIN_NUM: 32768	AB_PRT: 0.900000	AB_DNR	DAHA	DAHA_REAR	DAHA_QUANTILE: 0.990000	DAHA_SYMB_THRES: 11000000	DAHA_NUMC_THRES: 2500000	DN_MIN: 256	GUD_ALPHA: 0.500000	GUD_MIN: 256	HYB_THRES: 0.950000
[0;36m0th run	init_time: 0.007982347	symb_time: 0.317568409	mgmt_time: 0.011950318	numc_time: 0.771007702	total_time: 1.108508776
[0m
[0;36m1th run	init_time: 0.005994984	symb_time: 0.316712523	mgmt_time: 0.012138242	numc_time: 0.771784693	total_time: 1.106630442
[0m
[0;32mdataset: er_18_32	num_trials: 1	thread_num: 64	numa_mask: 1	init_time: 0.005994984	symb_time: 0.316712523	mgmt_time: 0.012138242	numc_time: 0.771784693	total_time: 1.106630442	flop_cnt: 1090559662	numc_perf: 1413036138.046339989	perf: 985477735.484164476
[0mCONFIGURATION:	USE_HYPERTHREADING	HASH_CONSTANT: 2654435761	THREAD_NUM: 64	AB_HIGH_THREAD_NUM: 16	AB_SIZE: 524288	AB_MIN_NUM: 32768	AB_PRT: 0.900000	AB_DNR	DAHA	DAHA_REAR	DAHA_QUANTILE: 0.990000	DAHA_SYMB_THRES: 11000000	DAHA_NUMC_THRES: 2500000	DN_MIN: 256	GUD_ALPHA: 0.500000	GUD_MIN: 256	HYB_THRES: 0.950000
[0;36m0th run	init_time: 0.007857862	symb_time: 0.009461603	mgmt_time: 0.000179823	numc_time: 0.006487904	total_time: 0.023987192
[0m
[0;36m1th run	init_time: 0.006412382	symb_time: 0.009424738	mgmt_time: 0.000162816	numc_time: 0.006419384	total_time: 0.022419320
[0m
[0;32mdataset: er_19_1	num_trials: 1	thread_num: 64	numa_mask: 1	init_time: 0.006412382	symb_time: 0.009424738	mgmt_time: 0.000162816	numc_time: 0.006419384	total_time: 0.022419320	flop_cnt: 3147278	numc_perf: 490277260.248023808	perf: 140382402.320855409
[0mCONFIGURATION:	USE_HYPERTHREADING	HASH_CONSTANT: 2654435761	THREAD_NUM: 64	AB_HIGH_THREAD_NUM: 16	AB_SIZE: 524288	AB_MIN_NUM: 32768	AB_PRT: 0.900000	AB_DNR	DAHA	DAHA_REAR	DAHA_QUANTILE: 0.990000	DAHA_SYMB_THRES: 11000000	DAHA_NUMC_THRES: 2500000	DN_MIN: 256	GUD_ALPHA: 0.500000	GUD_MIN: 256	HYB_THRES: 0.950000
[0;36m0th run	init_time: 0.007990568	symb_time: 0.013072734	mgmt_time: 0.000196750	numc_time: 0.011533252	total_time: 0.032793304
[0m
[0;36m1th run	init_time: 0.005696718	symb_time: 0.012881904	mgmt_time: 0.000201682	numc_time: 0.011375020	total_time: 0.030155324
[0m
[0;32mdataset: er_19_2	num_trials: 1	thread_num: 64	numa_mask: 1	init_time: 0.005696718	symb_time: 0.012881904	mgmt_time: 0.000201682	numc_time: 0.011375020	total_time: 0.030155324	flop_cnt: 10490794	numc_perf: 922265982.829041123	perf: 347891934.439172268
[0mCONFIGURATION:	USE_HYPERTHREADING	HASH_CONSTANT: 2654435761	THREAD_NUM: 64	AB_HIGH_THREAD_NUM: 16	AB_SIZE: 524288	AB_MIN_NUM: 32768	AB_PRT: 0.900000	AB_DNR	DAHA	DAHA_REAR	DAHA_QUANTILE: 0.990000	DAHA_SYMB_THRES: 11000000	DAHA_NUMC_THRES: 2500000	DN_MIN: 256	GUD_ALPHA: 0.500000	GUD_MIN: 256	HYB_THRES: 0.950000
[0;36m0th run	init_time: 0.008141928	symb_time: 0.021724441	mgmt_time: 0.010836317	numc_time: 0.031902038	total_time: 0.072604724
[0m
[0;36m1th run	init_time: 0.005857480	symb_time: 0.021823651	mgmt_time: 0.010497162	numc_time: 0.032148843	total_time: 0.070327136
[0m
[0;32mdataset: er_19_4	num_trials: 1	thread_num: 64	numa_mask: 1	init_time: 0.005857480	symb_time: 0.021823651	mgmt_time: 0.010497162	numc_time: 0.032148843	total_time: 0.070327136	flop_cnt: 37757054	numc_perf: 1174445189.209452868	perf: 536877457.941696882
[0mCONFIGURATION:	USE_HYPERTHREADING	HASH_CONSTANT: 2654435761	THREAD_NUM: 64	AB_HIGH_THREAD_NUM: 16	AB_SIZE: 524288	AB_MIN_NUM: 32768	AB_PRT: 0.900000	AB_DNR	DAHA	DAHA_REAR	DAHA_QUANTILE: 0.990000	DAHA_SYMB_THRES: 11000000	DAHA_NUMC_THRES: 2500000	DN_MIN: 256	GUD_ALPHA: 0.500000	GUD_MIN: 256	HYB_THRES: 0.950000
[0;36m0th run	init_time: 0.008639830	symb_time: 0.054847041	mgmt_time: 0.011300479	numc_time: 0.111180108	total_time: 0.185967458
[0m
[0;36m1th run	init_time: 0.006454286	symb_time: 0.054824069	mgmt_time: 0.011104844	numc_time: 0.111300125	total_time: 0.183683324
[0m
[0;32mdataset: er_19_8	num_trials: 1	thread_num: 64	numa_mask: 1	init_time: 0.006454286	symb_time: 0.054824069	mgmt_time: 0.011104844	numc_time: 0.111300125	total_time: 0.183683324	flop_cnt: 142742320	numc_perf: 1282499188.567848206	perf: 777110936.864361405
[0mCONFIGURATION:	USE_HYPERTHREADING	HASH_CONSTANT: 2654435761	THREAD_NUM: 64	AB_HIGH_THREAD_NUM: 16	AB_SIZE: 524288	AB_MIN_NUM: 32768	AB_PRT: 0.900000	AB_DNR	DAHA	DAHA_REAR	DAHA_QUANTILE: 0.990000	DAHA_SYMB_THRES: 11000000	DAHA_NUMC_THRES: 2500000	DN_MIN: 256	GUD_ALPHA: 0.500000	GUD_MIN: 256	HYB_THRES: 0.950000
[0;36m0th run	init_time: 0.009328792	symb_time: 0.182389831	mgmt_time: 0.011648538	numc_time: 0.415333574	total_time: 0.618700735
[0m
[0;36m1th run	init_time: 0.007865587	symb_time: 0.179678727	mgmt_time: 0.011477901	numc_time: 0.416195246	total_time: 0.615217461
[0m
[0;32mdataset: er_19_16	num_trials: 1	thread_num: 64	numa_mask: 1	init_time: 0.007865587	symb_time: 0.179678727	mgmt_time: 0.011477901	numc_time: 0.416195246	total_time: 0.615217461	flop_cnt: 553733304	numc_perf: 1330465230.734519482	perf: 900061098.883537769
[0mCONFIGURATION:	USE_HYPERTHREADING	HASH_CONSTANT: 2654435761	THREAD_NUM: 64	AB_HIGH_THREAD_NUM: 16	AB_SIZE: 524288	AB_MIN_NUM: 32768	AB_PRT: 0.900000	AB_DNR	DAHA	DAHA_REAR	DAHA_QUANTILE: 0.990000	DAHA_SYMB_THRES: 11000000	DAHA_NUMC_THRES: 2500000	DN_MIN: 256	GUD_ALPHA: 0.500000	GUD_MIN: 256	HYB_THRES: 0.950000
[0;36m0th run	init_time: 0.021896145	symb_time: 0.660535282	mgmt_time: 0.013345970	numc_time: 1.605625853	total_time: 2.301403250
[0m
[0;36m1th run	init_time: 0.019813111	symb_time: 0.661925496	mgmt_time: 0.013420335	numc_time: 1.610987475	total_time: 2.306146417
[0m
[0;32mdataset: er_19_32	num_trials: 1	thread_num: 64	numa_mask: 1	init_time: 0.019813111	symb_time: 0.661925496	mgmt_time: 0.013420335	numc_time: 1.610987475	total_time: 2.306146417	flop_cnt: 2181162866	numc_perf: 1353929127.226765156	perf: 945804156.198118806
[0mCONFIGURATION:	USE_HYPERTHREADING	HASH_CONSTANT: 2654435761	THREAD_NUM: 64	AB_HIGH_THREAD_NUM: 16	AB_SIZE: 524288	AB_MIN_NUM: 32768	AB_PRT: 0.900000	AB_DNR	DAHA	DAHA_REAR	DAHA_QUANTILE: 0.990000	DAHA_SYMB_THRES: 11000000	DAHA_NUMC_THRES: 2500000	DN_MIN: 256	GUD_ALPHA: 0.500000	GUD_MIN: 256	HYB_THRES: 0.950000
[0;36m0th run	init_time: 0.009857539	symb_time: 0.012466654	mgmt_time: 0.000199876	numc_time: 0.010681052	total_time: 0.033205121
[0m
[0;36m1th run	init_time: 0.007636785	symb_time: 0.012463990	mgmt_time: 0.000194608	numc_time: 0.010512289	total_time: 0.030807672
[0m
[0;32mdataset: er_20_1	num_trials: 1	thread_num: 64	numa_mask: 1	init_time: 0.007636785	symb_time: 0.012463990	mgmt_time: 0.000194608	numc_time: 0.010512289	total_time: 0.030807672	flop_cnt: 6290748	numc_perf: 598418479.552835703	perf: 204194202.015653759
[0mCONFIGURATION:	USE_HYPERTHREADING	HASH_CONSTANT: 2654435761	THREAD_NUM: 64	AB_HIGH_THREAD_NUM: 16	AB_SIZE: 524288	AB_MIN_NUM: 32768	AB_PRT: 0.900000	AB_DNR	DAHA	DAHA_REAR	DAHA_QUANTILE: 0.990000	DAHA_SYMB_THRES: 11000000	DAHA_NUMC_THRES: 2500000	DN_MIN: 256	GUD_ALPHA: 0.500000	GUD_MIN: 256	HYB_THRES: 0.950000
[0;36m0th run	init_time: 0.010267534	symb_time: 0.018115059	mgmt_time: 0.000311045	numc_time: 0.022455435	total_time: 0.051149073
[0m
[0;36m1th run	init_time: 0.007807447	symb_time: 0.018084075	mgmt_time: 0.000281216	numc_time: 0.022599602	total_time: 0.048772340
[0m
[0;32mdataset: er_20_2	num_trials: 1	thread_num: 64	numa_mask: 1	init_time: 0.007807447	symb_time: 0.018084075	mgmt_time: 0.000281216	numc_time: 0.022599602	total_time: 0.048772340	flop_cnt: 20968558	numc_perf: 927828640.522076488	perf: 429927249.748525500
[0mCONFIGURATION:	USE_HYPERTHREADING	HASH_CONSTANT: 2654435761	THREAD_NUM: 64	AB_HIGH_THREAD_NUM: 16	AB_SIZE: 524288	AB_MIN_NUM: 32768	AB_PRT: 0.900000	AB_DNR	DAHA	DAHA_REAR	DAHA_QUANTILE: 0.990000	DAHA_SYMB_THRES: 11000000	DAHA_NUMC_THRES: 2500000	DN_MIN: 256	GUD_ALPHA: 0.500000	GUD_MIN: 256	HYB_THRES: 0.950000
[0;36m0th run	init_time: 0.010576769	symb_time: 0.038605072	mgmt_time: 0.010949266	numc_time: 0.071457310	total_time: 0.131588417
[0m
[0;36m1th run	init_time: 0.008879231	symb_time: 0.038559549	mgmt_time: 0.010891195	numc_time: 0.071668673	total_time: 0.129998648
[0m
[0;32mdataset: er_20_4	num_trials: 1	thread_num: 64	numa_mask: 1	init_time: 0.008879231	symb_time: 0.038559549	mgmt_time: 0.010891195	numc_time: 0.071668673	total_time: 0.129998648	flop_cnt: 75507866	numc_perf: 1053568635.211091399	perf: 580835779.153641701
[0mCONFIGURATION:	USE_HYPERTHREADING	HASH_CONSTANT: 2654435761	THREAD_NUM: 64	AB_HIGH_THREAD_NUM: 16	AB_SIZE: 524288	AB_MIN_NUM: 32768	AB_PRT: 0.900000	AB_DNR	DAHA	DAHA_REAR	DAHA_QUANTILE: 0.990000	DAHA_SYMB_THRES: 11000000	DAHA_NUMC_THRES: 2500000	DN_MIN: 256	GUD_ALPHA: 0.500000	GUD_MIN: 256	HYB_THRES: 0.950000
[0;36m0th run	init_time: 0.011534942	symb_time: 0.117080692	mgmt_time: 0.011194014	numc_time: 0.242130195	total_time: 0.381939843
[0m
[0;36m1th run	init_time: 0.009528254	symb_time: 0.117095163	mgmt_time: 0.011291549	numc_time: 0.242809831	total_time: 0.380724797
[0m
[0;32mdataset: er_20_8	num_trials: 1	thread_num: 64	numa_mask: 1	init_time: 0.009528254	symb_time: 0.117095163	mgmt_time: 0.011291549	numc_time: 0.242809831	total_time: 0.380724797	flop_cnt: 285424684	numc_perf: 1175507115.278211355	perf: 749687664.814750791
[0mCONFIGURATION:	USE_HYPERTHREADING	HASH_CONSTANT: 2654435761	THREAD_NUM: 64	AB_HIGH_THREAD_NUM: 16	AB_SIZE: 524288	AB_MIN_NUM: 32768	AB_PRT: 0.900000	AB_DNR	DAHA	DAHA_REAR	DAHA_QUANTILE: 0.990000	DAHA_SYMB_THRES: 11000000	DAHA_NUMC_THRES: 2500000	DN_MIN: 256	GUD_ALPHA: 0.500000	GUD_MIN: 256	HYB_THRES: 0.950000
[0;36m0th run	init_time: 0.024147471	symb_time: 0.373925829	mgmt_time: 0.012295074	numc_time: 0.877538308	total_time: 1.287906682
[0m
[0;36m1th run	init_time: 0.024199426	symb_time: 0.374535431	mgmt_time: 0.012161661	numc_time: 0.877032731	total_time: 1.287929249
[0m
[0;32mdataset: er_20_16	num_trials: 1	thread_num: 64	numa_mask: 1	init_time: 0.024199426	symb_time: 0.374535431	mgmt_time: 0.012161661	numc_time: 0.877032731	total_time: 1.287929249	flop_cnt: 1107231140	numc_perf: 1262474136.783385277	perf: 859698730.236694813
[0mCONFIGURATION:	USE_HYPERTHREADING	HASH_CONSTANT: 2654435761	THREAD_NUM: 64	AB_HIGH_THREAD_NUM: 16	AB_SIZE: 524288	AB_MIN_NUM: 32768	AB_PRT: 0.900000	AB_DNR	DAHA	DAHA_REAR	DAHA_QUANTILE: 0.990000	DAHA_SYMB_THRES: 11000000	DAHA_NUMC_THRES: 2500000	DN_MIN: 256	GUD_ALPHA: 0.500000	GUD_MIN: 256	HYB_THRES: 0.950000
[0;36m0th run	init_time: 0.030399911	symb_time: 1.371137954	mgmt_time: 0.016097164	numc_time: 3.352643109	total_time: 4.770278138
[0m
[0;36m1th run	init_time: 0.028485808	symb_time: 1.371042875	mgmt_time: 0.016386720	numc_time: 3.356253179	total_time: 4.772168582
[0m
[0;32mdataset: er_20_32	num_trials: 1	thread_num: 64	numa_mask: 1	init_time: 0.028485808	symb_time: 1.371042875	mgmt_time: 0.016386720	numc_time: 3.356253179	total_time: 4.772168582	flop_cnt: 4366158894	numc_perf: 1300902721.319999695	perf: 914921344.243492246
[0mCONFIGURATION:	USE_HYPERTHREADING	HASH_CONSTANT: 2654435761	THREAD_NUM: 64	AB_HIGH_THREAD_NUM: 16	AB_SIZE: 524288	AB_MIN_NUM: 32768	AB_PRT: 0.900000	AB_DNR	DAHA	DAHA_REAR	DAHA_QUANTILE: 0.990000	DAHA_SYMB_THRES: 11000000	DAHA_NUMC_THRES: 2500000	DN_MIN: 256	GUD_ALPHA: 0.500000	GUD_MIN: 256	HYB_THRES: 0.950000
[0;36m0th run	init_time: 0.015219023	symb_time: 0.017386920	mgmt_time: 0.000305462	numc_time: 0.021107761	total_time: 0.054019166
[0m
[0;36m1th run	init_time: 0.012159216	symb_time: 0.017156451	mgmt_time: 0.000306041	numc_time: 0.021176503	total_time: 0.050798211
[0m
[0;32mdataset: er_21_1	num_trials: 1	thread_num: 64	numa_mask: 1	init_time: 0.012159216	symb_time: 0.017156451	mgmt_time: 0.000306041	numc_time: 0.021176503	total_time: 0.050798211	flop_cnt: 12586608	numc_perf: 594366690.288760066	perf: 247776599.849156082
[0mCONFIGURATION:	USE_HYPERTHREADING	HASH_CONSTANT: 2654435761	THREAD_NUM: 64	AB_HIGH_THREAD_NUM: 16	AB_SIZE: 524288	AB_MIN_NUM: 32768	AB_PRT: 0.900000	AB_DNR	DAHA	DAHA_REAR	DAHA_QUANTILE: 0.990000	DAHA_SYMB_THRES: 11000000	DAHA_NUMC_THRES: 2500000	DN_MIN: 256	GUD_ALPHA: 0.500000	GUD_MIN: 256	HYB_THRES: 0.950000
[0;36m0th run	init_time: 0.014469851	symb_time: 0.031920612	mgmt_time: 0.011405701	numc_time: 0.050694679	total_time: 0.108490843
[0m
[0;36m1th run	init_time: 0.012401107	symb_time: 0.031955088	mgmt_time: 0.010941634	numc_time: 0.050261810	total_time: 0.105559639
[0m
[0;32mdataset: er_21_2	num_trials: 1	thread_num: 64	numa_mask: 1	init_time: 0.012401107	symb_time: 0.031955088	mgmt_time: 0.010941634	numc_time: 0.050261810	total_time: 0.105559639	flop_cnt: 41963140	numc_perf: 834891142.997039914	perf: 397530158.283319116
[0mCONFIGURATION:	USE_HYPERTHREADING	HASH_CONSTANT: 2654435761	THREAD_NUM: 64	AB_HIGH_THREAD_NUM: 16	AB_SIZE: 524288	AB_MIN_NUM: 32768	AB_PRT: 0.900000	AB_DNR	DAHA	DAHA_REAR	DAHA_QUANTILE: 0.990000	DAHA_SYMB_THRES: 11000000	DAHA_NUMC_THRES: 2500000	DN_MIN: 256	GUD_ALPHA: 0.500000	GUD_MIN: 256	HYB_THRES: 0.950000
[0;36m0th run	init_time: 0.015460168	symb_time: 0.082981408	mgmt_time: 0.011199550	numc_time: 0.160403304	total_time: 0.270044430
[0m
[0;36m1th run	init_time: 0.015331507	symb_time: 0.083023924	mgmt_time: 0.011266786	numc_time: 0.160984065	total_time: 0.270606282
[0m
[0;32mdataset: er_21_4	num_trials: 1	thread_num: 64	numa_mask: 1	init_time: 0.015331507	symb_time: 0.083023924	mgmt_time: 0.011266786	numc_time: 0.160984065	total_time: 0.270606282	flop_cnt: 150998738	numc_perf: 937973196.291198134	perf: 558001598.795108676
[0mCONFIGURATION:	USE_HYPERTHREADING	HASH_CONSTANT: 2654435761	THREAD_NUM: 64	AB_HIGH_THREAD_NUM: 16	AB_SIZE: 524288	AB_MIN_NUM: 32768	AB_PRT: 0.900000	AB_DNR	DAHA	DAHA_REAR	DAHA_QUANTILE: 0.990000	DAHA_SYMB_THRES: 11000000	DAHA_NUMC_THRES: 2500000	DN_MIN: 256	GUD_ALPHA: 0.500000	GUD_MIN: 256	HYB_THRES: 0.950000
[0;36m0th run	init_time: 0.029100831	symb_time: 0.249550828	mgmt_time: 0.011623647	numc_time: 0.520982952	total_time: 0.811258258
[0m
[0;36m1th run	init_time: 0.028051267	symb_time: 0.249561940	mgmt_time: 0.011812350	numc_time: 0.521273564	total_time: 0.810699121
[0m
[0;32mdataset: er_21_8	num_trials: 1	thread_num: 64	numa_mask: 1	init_time: 0.028051267	symb_time: 0.249561940	mgmt_time: 0.011812350	numc_time: 0.521273564	total_time: 0.810699121	flop_cnt: 570627534	numc_perf: 1094679595.146321297	perf: 703870917.358500481
[0mCONFIGURATION:	USE_HYPERTHREADING	HASH_CONSTANT: 2654435761	THREAD_NUM: 64	AB_HIGH_THREAD_NUM: 16	AB_SIZE: 524288	AB_MIN_NUM: 32768	AB_PRT: 0.900000	AB_DNR	DAHA	DAHA_REAR	DAHA_QUANTILE: 0.990000	DAHA_SYMB_THRES: 11000000	DAHA_NUMC_THRES: 2500000	DN_MIN: 256	GUD_ALPHA: 0.500000	GUD_MIN: 256	HYB_THRES: 0.950000
[0;36m0th run	init_time: 0.034184990	symb_time: 0.797148607	mgmt_time: 0.013494491	numc_time: 1.828564667	total_time: 2.673392755
[0m
[0;36m1th run	init_time: 0.032299037	symb_time: 0.797244301	mgmt_time: 0.013756551	numc_time: 1.830702832	total_time: 2.674002721
[0m
[0;32mdataset: er_21_16	num_trials: 1	thread_num: 64	numa_mask: 1	init_time: 0.032299037	symb_time: 0.797244301	mgmt_time: 0.013756551	numc_time: 1.830702832	total_time: 2.674002721	flop_cnt: 2214794322	numc_perf: 1209805481.963661432	perf: 828269285.070783615
[0mCONFIGURATION:	USE_HYPERTHREADING	HASH_CONSTANT: 2654435761	THREAD_NUM: 64	AB_HIGH_THREAD_NUM: 16	AB_SIZE: 524288	AB_MIN_NUM: 32768	AB_PRT: 0.900000	AB_DNR	DAHA	DAHA_REAR	DAHA_QUANTILE: 0.990000	DAHA_SYMB_THRES: 11000000	DAHA_NUMC_THRES: 2500000	DN_MIN: 256	GUD_ALPHA: 0.500000	GUD_MIN: 256	HYB_THRES: 0.950000
[0;36m0th run	init_time: 0.045718193	symb_time: 2.831961359	mgmt_time: 0.020772312	numc_time: 6.851360912	total_time: 9.749812776
[0m
[0;36m1th run	init_time: 0.044368345	symb_time: 2.830543411	mgmt_time: 0.021081194	numc_time: 6.860512020	total_time: 9.756504970
[0m
[0;32mdataset: er_21_32	num_trials: 1	thread_num: 64	numa_mask: 1	init_time: 0.044368345	symb_time: 2.830543411	mgmt_time: 0.021081194	numc_time: 6.860512020	total_time: 9.756504970	flop_cnt: 8724487282	numc_perf: 1271696231.500808716	perf: 894222604.183227301
[0m