CONFIGURATION:	USE_HYPERTHREADING	USE_WEIGHTED_INTERLEAVING	HASH_CONSTANT: 2654435761	THREAD_NUM: 64	AB_HIGH_THREAD_NUM: 16	AB_SIZE: 524288	AB_MIN_NUM: 32768	AB_PRT: 0.900000	AB_DNR	DAHA	DAHA_REAR	DAHA_QUANTILE: 0.990000	DAHA_SYMB_THRES: 6000000	DAHA_NUMC_THRES: 800000	DN_MIN: 256	GUD_ALPHA: 0.500000	GUD_MIN: 256	HYB_THRES: 0.950000
[0;36m0th run	init_time: 0.007050528	symb_time: 0.007579085	mgmt_time: 0.000163760	numc_time: 0.005519441	total_time: 0.020312814
[0m
[0;36m1th run	init_time: 0.007996097	symb_time: 0.008236389	mgmt_time: 0.000158603	numc_time: 0.005523889	total_time: 0.021914978
[0m
[0;32mdataset: er_18_1	num_trials: 1	thread_num: 64	numa_mask: 6	init_time: 0.007996097	symb_time: 0.008236389	mgmt_time: 0.000158603	numc_time: 0.005523889	total_time: 0.021914978	flop_cnt: 1573868	numc_perf: 284920279.897007287	perf: 71817001.139585897
[0mCONFIGURATION:	USE_HYPERTHREADING	USE_WEIGHTED_INTERLEAVING	HASH_CONSTANT: 2654435761	THREAD_NUM: 64	AB_HIGH_THREAD_NUM: 16	AB_SIZE: 524288	AB_MIN_NUM: 32768	AB_PRT: 0.900000	AB_DNR	DAHA	DAHA_REAR	DAHA_QUANTILE: 0.990000	DAHA_SYMB_THRES: 6000000	DAHA_NUMC_THRES: 800000	DN_MIN: 256	GUD_ALPHA: 0.500000	GUD_MIN: 256	HYB_THRES: 0.950000
[0;36m0th run	init_time: 0.007416227	symb_time: 0.009698344	mgmt_time: 0.000174010	numc_time: 0.006953682	total_time: 0.024242263
[0m
[0;36m1th run	init_time: 0.004854005	symb_time: 0.010316422	mgmt_time: 0.000168350	numc_time: 0.006877452	total_time: 0.022216229
[0m
[0;32mdataset: er_18_2	num_trials: 1	thread_num: 64	numa_mask: 6	init_time: 0.004854005	symb_time: 0.010316422	mgmt_time: 0.000168350	numc_time: 0.006877452	total_time: 0.022216229	flop_cnt: 5237284	numc_perf: 761515165.791051626	perf: 235741358.265617430
[0mCONFIGURATION:	USE_HYPERTHREADING	USE_WEIGHTED_INTERLEAVING	HASH_CONSTANT: 2654435761	THREAD_NUM: 64	AB_HIGH_THREAD_NUM: 16	AB_SIZE: 524288	AB_MIN_NUM: 32768	AB_PRT: 0.900000	AB_DNR	DAHA	DAHA_REAR	DAHA_QUANTILE: 0.990000	DAHA_SYMB_THRES: 6000000	DAHA_NUMC_THRES: 800000	DN_MIN: 256	GUD_ALPHA: 0.500000	GUD_MIN: 256	HYB_THRES: 0.950000
[0;36m0th run	init_time: 0.007301630	symb_time: 0.014886189	mgmt_time: 0.000243860	numc_time: 0.017861654	total_time: 0.040293333
[0m
[0;36m1th run	init_time: 0.004852976	symb_time: 0.014730134	mgmt_time: 0.000247328	numc_time: 0.017507170	total_time: 0.037337608
[0m
[0;32mdataset: er_18_4	num_trials: 1	thread_num: 64	numa_mask: 6	init_time: 0.004852976	symb_time: 0.014730134	mgmt_time: 0.000247328	numc_time: 0.017507170	total_time: 0.037337608	flop_cnt: 18879238	numc_perf: 1078371775.678193331	perf: 505635979.680326462
[0mCONFIGURATION:	USE_HYPERTHREADING	USE_WEIGHTED_INTERLEAVING	HASH_CONSTANT: 2654435761	THREAD_NUM: 64	AB_HIGH_THREAD_NUM: 16	AB_SIZE: 524288	AB_MIN_NUM: 32768	AB_PRT: 0.900000	AB_DNR	DAHA	DAHA_REAR	DAHA_QUANTILE: 0.990000	DAHA_SYMB_THRES: 6000000	DAHA_NUMC_THRES: 800000	DN_MIN: 256	GUD_ALPHA: 0.500000	GUD_MIN: 256	HYB_THRES: 0.950000
[0;36m0th run	init_time: 0.007829320	symb_time: 0.029994458	mgmt_time: 0.010947382	numc_time: 0.069565339	total_time: 0.118336499
[0m
[0;36m1th run	init_time: 0.006226275	symb_time: 0.029934618	mgmt_time: 0.010956130	numc_time: 0.069946005	total_time: 0.117063028
[0m
[0;32mdataset: er_18_8	num_trials: 1	thread_num: 64	numa_mask: 6	init_time: 0.006226275	symb_time: 0.029934618	mgmt_time: 0.010956130	numc_time: 0.069946005	total_time: 0.117063028	flop_cnt: 71328054	numc_perf: 1019758798.233008385	perf: 609313249.611141086
[0mCONFIGURATION:	USE_HYPERTHREADING	USE_WEIGHTED_INTERLEAVING	HASH_CONSTANT: 2654435761	THREAD_NUM: 64	AB_HIGH_THREAD_NUM: 16	AB_SIZE: 524288	AB_MIN_NUM: 32768	AB_PRT: 0.900000	AB_DNR	DAHA	DAHA_REAR	DAHA_QUANTILE: 0.990000	DAHA_SYMB_THRES: 6000000	DAHA_NUMC_THRES: 800000	DN_MIN: 256	GUD_ALPHA: 0.500000	GUD_MIN: 256	HYB_THRES: 0.950000
[0;36m0th run	init_time: 0.008549175	symb_time: 0.087864783	mgmt_time: 0.011572393	numc_time: 0.345125759	total_time: 0.453112110
[0m
[0;36m1th run	init_time: 0.006579355	symb_time: 0.089909539	mgmt_time: 0.011321635	numc_time: 0.345313329	total_time: 0.453123858
[0m
[0;32mdataset: er_18_16	num_trials: 1	thread_num: 64	numa_mask: 6	init_time: 0.006579355	symb_time: 0.089909539	mgmt_time: 0.011321635	numc_time: 0.345313329	total_time: 0.453123858	flop_cnt: 277105556	numc_perf: 802475701.712632060	perf: 611544837.261691928
[0mCONFIGURATION:	USE_HYPERTHREADING	USE_WEIGHTED_INTERLEAVING	HASH_CONSTANT: 2654435761	THREAD_NUM: 64	AB_HIGH_THREAD_NUM: 16	AB_SIZE: 524288	AB_MIN_NUM: 32768	AB_PRT: 0.900000	AB_DNR	DAHA	DAHA_REAR	DAHA_QUANTILE: 0.990000	DAHA_SYMB_THRES: 6000000	DAHA_NUMC_THRES: 800000	DN_MIN: 256	GUD_ALPHA: 0.500000	GUD_MIN: 256	HYB_THRES: 0.950000
[0;36m0th run	init_time: 0.009770316	symb_time: 0.343454301	mgmt_time: 0.012220083	numc_time: 1.450703999	total_time: 1.816148699
[0m
[0;36m1th run	init_time: 0.009120735	symb_time: 0.343326028	mgmt_time: 0.012389796	numc_time: 1.451649557	total_time: 1.816486116
[0m
[0;32mdataset: er_18_32	num_trials: 1	thread_num: 64	numa_mask: 6	init_time: 0.009120735	symb_time: 0.343326028	mgmt_time: 0.012389796	numc_time: 1.451649557	total_time: 1.816486116	flop_cnt: 1090559662	numc_perf: 751255464.337939978	perf: 600367738.786504388
[0mCONFIGURATION:	USE_HYPERTHREADING	USE_WEIGHTED_INTERLEAVING	HASH_CONSTANT: 2654435761	THREAD_NUM: 64	AB_HIGH_THREAD_NUM: 16	AB_SIZE: 524288	AB_MIN_NUM: 32768	AB_PRT: 0.900000	AB_DNR	DAHA	DAHA_REAR	DAHA_QUANTILE: 0.990000	DAHA_SYMB_THRES: 6000000	DAHA_NUMC_THRES: 800000	DN_MIN: 256	GUD_ALPHA: 0.500000	GUD_MIN: 256	HYB_THRES: 0.950000
[0;36m0th run	init_time: 0.008509125	symb_time: 0.008986519	mgmt_time: 0.000161607	numc_time: 0.007099684	total_time: 0.024756935
[0m
[0;36m1th run	init_time: 0.006028871	symb_time: 0.012788296	mgmt_time: 0.000163100	numc_time: 0.006951300	total_time: 0.025931567
[0m
[0;32mdataset: er_19_1	num_trials: 1	thread_num: 64	numa_mask: 6	init_time: 0.006028871	symb_time: 0.012788296	mgmt_time: 0.000163100	numc_time: 0.006951300	total_time: 0.025931567	flop_cnt: 3147278	numc_perf: 452761066.275372922	perf: 121368600.671143383
[0mCONFIGURATION:	USE_HYPERTHREADING	USE_WEIGHTED_INTERLEAVING	HASH_CONSTANT: 2654435761	THREAD_NUM: 64	AB_HIGH_THREAD_NUM: 16	AB_SIZE: 524288	AB_MIN_NUM: 32768	AB_PRT: 0.900000	AB_DNR	DAHA	DAHA_REAR	DAHA_QUANTILE: 0.990000	DAHA_SYMB_THRES: 6000000	DAHA_NUMC_THRES: 800000	DN_MIN: 256	GUD_ALPHA: 0.500000	GUD_MIN: 256	HYB_THRES: 0.950000
[0;36m0th run	init_time: 0.008506712	symb_time: 0.013365054	mgmt_time: 0.000231932	numc_time: 0.012754764	total_time: 0.034858462
[0m
[0;36m1th run	init_time: 0.006061492	symb_time: 0.013039537	mgmt_time: 0.000224535	numc_time: 0.012714751	total_time: 0.032040315
[0m
[0;32mdataset: er_19_2	num_trials: 1	thread_num: 64	numa_mask: 6	init_time: 0.006061492	symb_time: 0.013039537	mgmt_time: 0.000224535	numc_time: 0.012714751	total_time: 0.032040315	flop_cnt: 10490794	numc_perf: 825088434.685036182	perf: 327424808.401540279
[0mCONFIGURATION:	USE_HYPERTHREADING	USE_WEIGHTED_INTERLEAVING	HASH_CONSTANT: 2654435761	THREAD_NUM: 64	AB_HIGH_THREAD_NUM: 16	AB_SIZE: 524288	AB_MIN_NUM: 32768	AB_PRT: 0.900000	AB_DNR	DAHA	DAHA_REAR	DAHA_QUANTILE: 0.990000	DAHA_SYMB_THRES: 6000000	DAHA_NUMC_THRES: 800000	DN_MIN: 256	GUD_ALPHA: 0.500000	GUD_MIN: 256	HYB_THRES: 0.950000
[0;36m0th run	init_time: 0.009129328	symb_time: 0.022150184	mgmt_time: 0.011184729	numc_time: 0.043997746	total_time: 0.086461987
[0m
[0;36m1th run	init_time: 0.006546085	symb_time: 0.021962955	mgmt_time: 0.010844309	numc_time: 0.044121629	total_time: 0.083474978
[0m
[0;32mdataset: er_19_4	num_trials: 1	thread_num: 64	numa_mask: 6	init_time: 0.006546085	symb_time: 0.021962955	mgmt_time: 0.010844309	numc_time: 0.044121629	total_time: 0.083474978	flop_cnt: 37757054	numc_perf: 855749319.681736946	perf: 452315830.499530017
[0mCONFIGURATION:	USE_HYPERTHREADING	USE_WEIGHTED_INTERLEAVING	HASH_CONSTANT: 2654435761	THREAD_NUM: 64	AB_HIGH_THREAD_NUM: 16	AB_SIZE: 524288	AB_MIN_NUM: 32768	AB_PRT: 0.900000	AB_DNR	DAHA	DAHA_REAR	DAHA_QUANTILE: 0.990000	DAHA_SYMB_THRES: 6000000	DAHA_NUMC_THRES: 800000	DN_MIN: 256	GUD_ALPHA: 0.500000	GUD_MIN: 256	HYB_THRES: 0.950000
[0;36m0th run	init_time: 0.009431687	symb_time: 0.057025355	mgmt_time: 0.011352777	numc_time: 0.196578602	total_time: 0.274388421
[0m
[0;36m1th run	init_time: 0.008033362	symb_time: 0.059067113	mgmt_time: 0.011221108	numc_time: 0.196521990	total_time: 0.274843573
[0m
[0;32mdataset: er_19_8	num_trials: 1	thread_num: 64	numa_mask: 6	init_time: 0.008033362	symb_time: 0.059067113	mgmt_time: 0.011221108	numc_time: 0.196521990	total_time: 0.274843573	flop_cnt: 142742320	numc_perf: 726342736.504958034	perf: 519358406.099603415
[0mCONFIGURATION:	USE_HYPERTHREADING	USE_WEIGHTED_INTERLEAVING	HASH_CONSTANT: 2654435761	THREAD_NUM: 64	AB_HIGH_THREAD_NUM: 16	AB_SIZE: 524288	AB_MIN_NUM: 32768	AB_PRT: 0.900000	AB_DNR	DAHA	DAHA_REAR	DAHA_QUANTILE: 0.990000	DAHA_SYMB_THRES: 6000000	DAHA_NUMC_THRES: 800000	DN_MIN: 256	GUD_ALPHA: 0.500000	GUD_MIN: 256	HYB_THRES: 0.950000
[0;36m0th run	init_time: 0.011429797	symb_time: 0.212619493	mgmt_time: 0.011535678	numc_time: 0.811653271	total_time: 1.047238239
[0m
[0;36m1th run	init_time: 0.010032496	symb_time: 0.212623354	mgmt_time: 0.011729799	numc_time: 0.811209663	total_time: 1.045595312
[0m
[0;32mdataset: er_19_16	num_trials: 1	thread_num: 64	numa_mask: 6	init_time: 0.010032496	symb_time: 0.212623354	mgmt_time: 0.011729799	numc_time: 0.811209663	total_time: 1.045595312	flop_cnt: 553733304	numc_perf: 682601957.614994526	perf: 529586636.096164823
[0mCONFIGURATION:	USE_HYPERTHREADING	USE_WEIGHTED_INTERLEAVING	HASH_CONSTANT: 2654435761	THREAD_NUM: 64	AB_HIGH_THREAD_NUM: 16	AB_SIZE: 524288	AB_MIN_NUM: 32768	AB_PRT: 0.900000	AB_DNR	DAHA	DAHA_REAR	DAHA_QUANTILE: 0.990000	DAHA_SYMB_THRES: 6000000	DAHA_NUMC_THRES: 800000	DN_MIN: 256	GUD_ALPHA: 0.500000	GUD_MIN: 256	HYB_THRES: 0.950000
[0;36m0th run	init_time: 0.025619354	symb_time: 0.847441182	mgmt_time: 0.014192883	numc_time: 3.132115848	total_time: 4.019369267
[0m
[0;36m1th run	init_time: 0.023820109	symb_time: 0.847535428	mgmt_time: 0.013531116	numc_time: 3.133886056	total_time: 4.018772709
[0m
[0;32mdataset: er_19_32	num_trials: 1	thread_num: 64	numa_mask: 6	init_time: 0.023820109	symb_time: 0.847535428	mgmt_time: 0.013531116	numc_time: 3.133886056	total_time: 4.018772709	flop_cnt: 2181162866	numc_perf: 695993034.534245968	perf: 542743524.936184645
[0mCONFIGURATION:	USE_HYPERTHREADING	USE_WEIGHTED_INTERLEAVING	HASH_CONSTANT: 2654435761	THREAD_NUM: 64	AB_HIGH_THREAD_NUM: 16	AB_SIZE: 524288	AB_MIN_NUM: 32768	AB_PRT: 0.900000	AB_DNR	DAHA	DAHA_REAR	DAHA_QUANTILE: 0.990000	DAHA_SYMB_THRES: 6000000	DAHA_NUMC_THRES: 800000	DN_MIN: 256	GUD_ALPHA: 0.500000	GUD_MIN: 256	HYB_THRES: 0.950000
[0;36m0th run	init_time: 0.011025170	symb_time: 0.012831841	mgmt_time: 0.000244963	numc_time: 0.012288642	total_time: 0.036390616
[0m
[0;36m1th run	init_time: 0.008444544	symb_time: 0.012600153	mgmt_time: 0.000231053	numc_time: 0.011874640	total_time: 0.033150390
[0m
[0;32mdataset: er_20_1	num_trials: 1	thread_num: 64	numa_mask: 6	init_time: 0.008444544	symb_time: 0.012600153	mgmt_time: 0.000231053	numc_time: 0.011874640	total_time: 0.033150390	flop_cnt: 6290748	numc_perf: 529763260.191466808	perf: 189763921.329432309
[0mCONFIGURATION:	USE_HYPERTHREADING	USE_WEIGHTED_INTERLEAVING	HASH_CONSTANT: 2654435761	THREAD_NUM: 64	AB_HIGH_THREAD_NUM: 16	AB_SIZE: 524288	AB_MIN_NUM: 32768	AB_PRT: 0.900000	AB_DNR	DAHA	DAHA_REAR	DAHA_QUANTILE: 0.990000	DAHA_SYMB_THRES: 6000000	DAHA_NUMC_THRES: 800000	DN_MIN: 256	GUD_ALPHA: 0.500000	GUD_MIN: 256	HYB_THRES: 0.950000
[0;36m0th run	init_time: 0.011677480	symb_time: 0.019014001	mgmt_time: 0.000421426	numc_time: 0.030301421	total_time: 0.061414328
[0m
[0;36m1th run	init_time: 0.009214103	symb_time: 0.018926598	mgmt_time: 0.000356023	numc_time: 0.029657742	total_time: 0.058154466
[0m
[0;32mdataset: er_20_2	num_trials: 1	thread_num: 64	numa_mask: 6	init_time: 0.009214103	symb_time: 0.018926598	mgmt_time: 0.000356023	numc_time: 0.029657742	total_time: 0.058154466	flop_cnt: 20968558	numc_perf: 707018019.106107235	perf: 360566598.616862893
[0mCONFIGURATION:	USE_HYPERTHREADING	USE_WEIGHTED_INTERLEAVING	HASH_CONSTANT: 2654435761	THREAD_NUM: 64	AB_HIGH_THREAD_NUM: 16	AB_SIZE: 524288	AB_MIN_NUM: 32768	AB_PRT: 0.900000	AB_DNR	DAHA	DAHA_REAR	DAHA_QUANTILE: 0.990000	DAHA_SYMB_THRES: 6000000	DAHA_NUMC_THRES: 800000	DN_MIN: 256	GUD_ALPHA: 0.500000	GUD_MIN: 256	HYB_THRES: 0.950000
[0;36m0th run	init_time: 0.012540559	symb_time: 0.042328381	mgmt_time: 0.011193335	numc_time: 0.127199914	total_time: 0.193262189
[0m
[0;36m1th run	init_time: 0.010435707	symb_time: 0.042367334	mgmt_time: 0.011151535	numc_time: 0.125995932	total_time: 0.189950508
[0m
[0;32mdataset: er_20_4	num_trials: 1	thread_num: 64	numa_mask: 6	init_time: 0.010435707	symb_time: 0.042367334	mgmt_time: 0.011151535	numc_time: 0.125995932	total_time: 0.189950508	flop_cnt: 75507866	numc_perf: 599288126.222995758	perf: 397513367.008210361
[0mCONFIGURATION:	USE_HYPERTHREADING	USE_WEIGHTED_INTERLEAVING	HASH_CONSTANT: 2654435761	THREAD_NUM: 64	AB_HIGH_THREAD_NUM: 16	AB_SIZE: 524288	AB_MIN_NUM: 32768	AB_PRT: 0.900000	AB_DNR	DAHA	DAHA_REAR	DAHA_QUANTILE: 0.990000	DAHA_SYMB_THRES: 6000000	DAHA_NUMC_THRES: 800000	DN_MIN: 256	GUD_ALPHA: 0.500000	GUD_MIN: 256	HYB_THRES: 0.950000
[0;36m0th run	init_time: 0.014288660	symb_time: 0.159207686	mgmt_time: 0.011616972	numc_time: 0.477831114	total_time: 0.662944432
[0m
[0;36m1th run	init_time: 0.012186031	symb_time: 0.158997313	mgmt_time: 0.011592147	numc_time: 0.477839373	total_time: 0.660614864
[0m
[0;32mdataset: er_20_8	num_trials: 1	thread_num: 64	numa_mask: 6	init_time: 0.012186031	symb_time: 0.158997313	mgmt_time: 0.011592147	numc_time: 0.477839373	total_time: 0.660614864	flop_cnt: 285424684	numc_perf: 597323494.311549783	perf: 432059130.900814831
[0mCONFIGURATION:	USE_HYPERTHREADING	USE_WEIGHTED_INTERLEAVING	HASH_CONSTANT: 2654435761	THREAD_NUM: 64	AB_HIGH_THREAD_NUM: 16	AB_SIZE: 524288	AB_MIN_NUM: 32768	AB_PRT: 0.900000	AB_DNR	DAHA	DAHA_REAR	DAHA_QUANTILE: 0.990000	DAHA_SYMB_THRES: 6000000	DAHA_NUMC_THRES: 800000	DN_MIN: 256	GUD_ALPHA: 0.500000	GUD_MIN: 256	HYB_THRES: 0.950000
[0;36m0th run	init_time: 0.028058188	symb_time: 0.583939704	mgmt_time: 0.012379836	numc_time: 1.756839929	total_time: 2.381217657
[0m
[0;36m1th run	init_time: 0.026312601	symb_time: 0.584252287	mgmt_time: 0.012509941	numc_time: 1.758079230	total_time: 2.381154059
[0m
[0;32mdataset: er_20_16	num_trials: 1	thread_num: 64	numa_mask: 6	init_time: 0.026312601	symb_time: 0.584252287	mgmt_time: 0.012509941	numc_time: 1.758079230	total_time: 2.381154059	flop_cnt: 1107231140	numc_perf: 629795927.911622047	perf: 464997691.272860229
[0mCONFIGURATION:	USE_HYPERTHREADING	USE_WEIGHTED_INTERLEAVING	HASH_CONSTANT: 2654435761	THREAD_NUM: 64	AB_HIGH_THREAD_NUM: 16	AB_SIZE: 524288	AB_MIN_NUM: 32768	AB_PRT: 0.900000	AB_DNR	DAHA	DAHA_REAR	DAHA_QUANTILE: 0.990000	DAHA_SYMB_THRES: 6000000	DAHA_NUMC_THRES: 800000	DN_MIN: 256	GUD_ALPHA: 0.500000	GUD_MIN: 256	HYB_THRES: 0.950000
[0;36m0th run	init_time: 0.037156434	symb_time: 1.986560369	mgmt_time: 0.016914276	numc_time: 7.169161673	total_time: 9.209792752
[0m
[0;36m1th run	init_time: 0.034431138	symb_time: 1.987519490	mgmt_time: 0.016565316	numc_time: 7.167334569	total_time: 9.205850513
[0m
[0;32mdataset: er_20_32	num_trials: 1	thread_num: 64	numa_mask: 6	init_time: 0.034431138	symb_time: 1.987519490	mgmt_time: 0.016565316	numc_time: 7.167334569	total_time: 9.205850513	flop_cnt: 4366158894	numc_perf: 609174701.134284377	perf: 474280881.254192531
[0mCONFIGURATION:	USE_HYPERTHREADING	USE_WEIGHTED_INTERLEAVING	HASH_CONSTANT: 2654435761	THREAD_NUM: 64	AB_HIGH_THREAD_NUM: 16	AB_SIZE: 524288	AB_MIN_NUM: 32768	AB_PRT: 0.900000	AB_DNR	DAHA	DAHA_REAR	DAHA_QUANTILE: 0.990000	DAHA_SYMB_THRES: 6000000	DAHA_NUMC_THRES: 800000	DN_MIN: 256	GUD_ALPHA: 0.500000	GUD_MIN: 256	HYB_THRES: 0.950000
[0;36m0th run	init_time: 0.016390120	symb_time: 0.018509599	mgmt_time: 0.000522396	numc_time: 0.027185213	total_time: 0.062607328
[0m
[0;36m1th run	init_time: 0.014442892	symb_time: 0.020338529	mgmt_time: 0.000526156	numc_time: 0.027091764	total_time: 0.062399341
[0m
[0;32mdataset: er_21_1	num_trials: 1	thread_num: 64	numa_mask: 6	init_time: 0.014442892	symb_time: 0.020338529	mgmt_time: 0.000526156	numc_time: 0.027091764	total_time: 0.062399341	flop_cnt: 12586608	numc_perf: 464591674.429173350	perf: 201710591.783333093
[0mCONFIGURATION:	USE_HYPERTHREADING	USE_WEIGHTED_INTERLEAVING	HASH_CONSTANT: 2654435761	THREAD_NUM: 64	AB_HIGH_THREAD_NUM: 16	AB_SIZE: 524288	AB_MIN_NUM: 32768	AB_PRT: 0.900000	AB_DNR	DAHA	DAHA_REAR	DAHA_QUANTILE: 0.990000	DAHA_SYMB_THRES: 6000000	DAHA_NUMC_THRES: 800000	DN_MIN: 256	GUD_ALPHA: 0.500000	GUD_MIN: 256	HYB_THRES: 0.950000
[0;36m0th run	init_time: 0.017386237	symb_time: 0.037043405	mgmt_time: 0.011453629	numc_time: 0.083484664	total_time: 0.149367935
[0m
[0;36m1th run	init_time: 0.015377288	symb_time: 0.036985832	mgmt_time: 0.011286952	numc_time: 0.082613433	total_time: 0.146263505
[0m
[0;32mdataset: er_21_2	num_trials: 1	thread_num: 64	numa_mask: 6	init_time: 0.015377288	symb_time: 0.036985832	mgmt_time: 0.011286952	numc_time: 0.082613433	total_time: 0.146263505	flop_cnt: 41963140	numc_perf: 507945723.548372567	perf: 286900960.017333090
[0mCONFIGURATION:	USE_HYPERTHREADING	USE_WEIGHTED_INTERLEAVING	HASH_CONSTANT: 2654435761	THREAD_NUM: 64	AB_HIGH_THREAD_NUM: 16	AB_SIZE: 524288	AB_MIN_NUM: 32768	AB_PRT: 0.900000	AB_DNR	DAHA	DAHA_REAR	DAHA_QUANTILE: 0.990000	DAHA_SYMB_THRES: 6000000	DAHA_NUMC_THRES: 800000	DN_MIN: 256	GUD_ALPHA: 0.500000	GUD_MIN: 256	HYB_THRES: 0.950000
[0;36m0th run	init_time: 0.018497047	symb_time: 0.127815258	mgmt_time: 0.011533306	numc_time: 0.321294446	total_time: 0.479140057
[0m
[0;36m1th run	init_time: 0.016833318	symb_time: 0.126480867	mgmt_time: 0.011420789	numc_time: 0.320450638	total_time: 0.475185612
[0m
[0;32mdataset: er_21_4	num_trials: 1	thread_num: 64	numa_mask: 6	init_time: 0.016833318	symb_time: 0.126480867	mgmt_time: 0.011420789	numc_time: 0.320450638	total_time: 0.475185612	flop_cnt: 150998738	numc_perf: 471207481.259562969	perf: 317767908.343150795
[0mCONFIGURATION:	USE_HYPERTHREADING	USE_WEIGHTED_INTERLEAVING	HASH_CONSTANT: 2654435761	THREAD_NUM: 64	AB_HIGH_THREAD_NUM: 16	AB_SIZE: 524288	AB_MIN_NUM: 32768	AB_PRT: 0.900000	AB_DNR	DAHA	DAHA_REAR	DAHA_QUANTILE: 0.990000	DAHA_SYMB_THRES: 6000000	DAHA_NUMC_THRES: 800000	DN_MIN: 256	GUD_ALPHA: 0.500000	GUD_MIN: 256	HYB_THRES: 0.950000
[0;36m0th run	init_time: 0.033421363	symb_time: 0.440168339	mgmt_time: 0.012130222	numc_time: 1.065502715	total_time: 1.551222639
[0m
[0;36m1th run	init_time: 0.033408205	symb_time: 0.440825629	mgmt_time: 0.012240906	numc_time: 1.065279581	total_time: 1.551754321
[0m
[0;32mdataset: er_21_8	num_trials: 1	thread_num: 64	numa_mask: 6	init_time: 0.033408205	symb_time: 0.440825629	mgmt_time: 0.012240906	numc_time: 1.065279581	total_time: 1.551754321	flop_cnt: 570627534	numc_perf: 535659881.384697258	perf: 367730591.291197062
[0mCONFIGURATION:	USE_HYPERTHREADING	USE_WEIGHTED_INTERLEAVING	HASH_CONSTANT: 2654435761	THREAD_NUM: 64	AB_HIGH_THREAD_NUM: 16	AB_SIZE: 524288	AB_MIN_NUM: 32768	AB_PRT: 0.900000	AB_DNR	DAHA	DAHA_REAR	DAHA_QUANTILE: 0.990000	DAHA_SYMB_THRES: 6000000	DAHA_NUMC_THRES: 800000	DN_MIN: 256	GUD_ALPHA: 0.500000	GUD_MIN: 256	HYB_THRES: 0.950000
[0;36m0th run	init_time: 0.040814892	symb_time: 1.392716919	mgmt_time: 0.014284592	numc_time: 3.768788376	total_time: 5.216604779
[0m
[0;36m1th run	init_time: 0.038569046	symb_time: 1.391493326	mgmt_time: 0.014101812	numc_time: 3.772571959	total_time: 5.216736143
[0m
[0;32mdataset: er_21_16	num_trials: 1	thread_num: 64	numa_mask: 6	init_time: 0.038569046	symb_time: 1.391493326	mgmt_time: 0.014101812	numc_time: 3.772571959	total_time: 5.216736143	flop_cnt: 2214794322	numc_perf: 587078085.208235025	perf: 424555557.591673255
[0mCONFIGURATION:	USE_HYPERTHREADING	USE_WEIGHTED_INTERLEAVING	HASH_CONSTANT: 2654435761	THREAD_NUM: 64	AB_HIGH_THREAD_NUM: 16	AB_SIZE: 524288	AB_MIN_NUM: 32768	AB_PRT: 0.900000	AB_DNR	DAHA	DAHA_REAR	DAHA_QUANTILE: 0.990000	DAHA_SYMB_THRES: 6000000	DAHA_NUMC_THRES: 800000	DN_MIN: 256	GUD_ALPHA: 0.500000	GUD_MIN: 256	HYB_THRES: 0.950000
[0;36m0th run	init_time: 0.055703192	symb_time: 4.376456399	mgmt_time: 0.021766742	numc_time: 13.574921550	total_time: 18.028847883
[0m
[0;36m1th run	init_time: 0.055324175	symb_time: 4.375149321	mgmt_time: 0.022401774	numc_time: 13.585311547	total_time: 18.038186817
[0m
[0;32mdataset: er_21_32	num_trials: 1	thread_num: 64	numa_mask: 6	init_time: 0.055324175	symb_time: 4.375149321	mgmt_time: 0.022401774	numc_time: 13.585311547	total_time: 18.038186817	flop_cnt: 8724487282	numc_perf: 642200015.201462150	perf: 483667641.903877497
[0m