CONFIGURATION:	USE_HYPERTHREADING	USE_WEIGHTED_INTERLEAVING	HASH_CONSTANT: 2654435761	THREAD_NUM: 64	AB_HIGH_THREAD_NUM: 22	AB_SIZE: 524288	AB_MIN_NUM: 32768	AB_PRT: 0.850000	AB_DNR	DAHA	DAHA_REAR	DAHA_QUANTILE: 0.990000	DAHA_SYMB_THRES: 5000000	DAHA_NUMC_THRES: 450000	DN_MIN: 256	GUD_ALPHA: 0.500000	GUD_MIN: 256	HYB_THRES: 0.950000
[0;36m0th run	init_time: 0.007130219	symb_time: 0.008395485	mgmt_time: 0.000159177	numc_time: 0.011225911	total_time: 0.026910792
[0m
[0;36m1th run	init_time: 0.007944195	symb_time: 0.007267871	mgmt_time: 0.000149805	numc_time: 0.009185783	total_time: 0.024547654
[0m
[0;32mdataset: er_18_1	num_trials: 1	thread_num: 64	numa_mask: 6	init_time: 0.007944195	symb_time: 0.007267871	mgmt_time: 0.000149805	numc_time: 0.009185783	total_time: 0.024547654	flop_cnt: 1573868	numc_perf: 171337380.819903940	perf: 64114802.986876056
[0mCONFIGURATION:	USE_HYPERTHREADING	USE_WEIGHTED_INTERLEAVING	HASH_CONSTANT: 2654435761	THREAD_NUM: 64	AB_HIGH_THREAD_NUM: 22	AB_SIZE: 524288	AB_MIN_NUM: 32768	AB_PRT: 0.850000	AB_DNR	DAHA	DAHA_REAR	DAHA_QUANTILE: 0.990000	DAHA_SYMB_THRES: 5000000	DAHA_NUMC_THRES: 450000	DN_MIN: 256	GUD_ALPHA: 0.500000	GUD_MIN: 256	HYB_THRES: 0.950000
[0;36m0th run	init_time: 0.007357786	symb_time: 0.010812433	mgmt_time: 0.000167446	numc_time: 0.009068351	total_time: 0.027406016
[0m
[0;36m1th run	init_time: 0.004928913	symb_time: 0.011335234	mgmt_time: 0.000158848	numc_time: 0.008863233	total_time: 0.025286228
[0m
[0;32mdataset: er_18_2	num_trials: 1	thread_num: 64	numa_mask: 6	init_time: 0.004928913	symb_time: 0.011335234	mgmt_time: 0.000158848	numc_time: 0.008863233	total_time: 0.025286228	flop_cnt: 5237284	numc_perf: 590899957.160101771	perf: 207120018.058842152
[0mCONFIGURATION:	USE_HYPERTHREADING	USE_WEIGHTED_INTERLEAVING	HASH_CONSTANT: 2654435761	THREAD_NUM: 64	AB_HIGH_THREAD_NUM: 22	AB_SIZE: 524288	AB_MIN_NUM: 32768	AB_PRT: 0.850000	AB_DNR	DAHA	DAHA_REAR	DAHA_QUANTILE: 0.990000	DAHA_SYMB_THRES: 5000000	DAHA_NUMC_THRES: 450000	DN_MIN: 256	GUD_ALPHA: 0.500000	GUD_MIN: 256	HYB_THRES: 0.950000
[0;36m0th run	init_time: 0.007459029	symb_time: 0.014852494	mgmt_time: 0.000250733	numc_time: 0.016758340	total_time: 0.039320596
[0m
[0;36m1th run	init_time: 0.005005540	symb_time: 0.014744217	mgmt_time: 0.000236356	numc_time: 0.016794130	total_time: 0.036780243
[0m
[0;32mdataset: er_18_4	num_trials: 1	thread_num: 64	numa_mask: 6	init_time: 0.005005540	symb_time: 0.014744217	mgmt_time: 0.000236356	numc_time: 0.016794130	total_time: 0.036780243	flop_cnt: 18879238	numc_perf: 1124156952.458984137	perf: 513298348.790137053
[0mCONFIGURATION:	USE_HYPERTHREADING	USE_WEIGHTED_INTERLEAVING	HASH_CONSTANT: 2654435761	THREAD_NUM: 64	AB_HIGH_THREAD_NUM: 22	AB_SIZE: 524288	AB_MIN_NUM: 32768	AB_PRT: 0.850000	AB_DNR	DAHA	DAHA_REAR	DAHA_QUANTILE: 0.990000	DAHA_SYMB_THRES: 5000000	DAHA_NUMC_THRES: 450000	DN_MIN: 256	GUD_ALPHA: 0.500000	GUD_MIN: 256	HYB_THRES: 0.950000
[0;36m0th run	init_time: 0.007725912	symb_time: 0.030013073	mgmt_time: 0.010775851	numc_time: 0.065116755	total_time: 0.113631591
[0m
[0;36m1th run	init_time: 0.005287441	symb_time: 0.032049615	mgmt_time: 0.010750856	numc_time: 0.065209811	total_time: 0.113297723
[0m
[0;32mdataset: er_18_8	num_trials: 1	thread_num: 64	numa_mask: 6	init_time: 0.005287441	symb_time: 0.032049615	mgmt_time: 0.010750856	numc_time: 0.065209811	total_time: 0.113297723	flop_cnt: 71328054	numc_perf: 1093823964.617839336	perf: 629562996.601440907
[0mCONFIGURATION:	USE_HYPERTHREADING	USE_WEIGHTED_INTERLEAVING	HASH_CONSTANT: 2654435761	THREAD_NUM: 64	AB_HIGH_THREAD_NUM: 22	AB_SIZE: 524288	AB_MIN_NUM: 32768	AB_PRT: 0.850000	AB_DNR	DAHA	DAHA_REAR	DAHA_QUANTILE: 0.990000	DAHA_SYMB_THRES: 5000000	DAHA_NUMC_THRES: 450000	DN_MIN: 256	GUD_ALPHA: 0.500000	GUD_MIN: 256	HYB_THRES: 0.950000
[0;36m0th run	init_time: 0.008467057	symb_time: 0.087637532	mgmt_time: 0.011218048	numc_time: 0.322129705	total_time: 0.429452342
[0m
[0;36m1th run	init_time: 0.006814077	symb_time: 0.087738048	mgmt_time: 0.011283624	numc_time: 0.322383676	total_time: 0.428219425
[0m
[0;32mdataset: er_18_16	num_trials: 1	thread_num: 64	numa_mask: 6	init_time: 0.006814077	symb_time: 0.087738048	mgmt_time: 0.011283624	numc_time: 0.322383676	total_time: 0.428219425	flop_cnt: 277105556	numc_perf: 859552069.875895262	perf: 647111130.000699997
[0mCONFIGURATION:	USE_HYPERTHREADING	USE_WEIGHTED_INTERLEAVING	HASH_CONSTANT: 2654435761	THREAD_NUM: 64	AB_HIGH_THREAD_NUM: 22	AB_SIZE: 524288	AB_MIN_NUM: 32768	AB_PRT: 0.850000	AB_DNR	DAHA	DAHA_REAR	DAHA_QUANTILE: 0.990000	DAHA_SYMB_THRES: 5000000	DAHA_NUMC_THRES: 450000	DN_MIN: 256	GUD_ALPHA: 0.500000	GUD_MIN: 256	HYB_THRES: 0.950000
[0;36m0th run	init_time: 0.009670796	symb_time: 0.342494950	mgmt_time: 0.012332623	numc_time: 1.347250306	total_time: 1.711748675
[0m
[0;36m1th run	init_time: 0.008593771	symb_time: 0.343230341	mgmt_time: 0.012367393	numc_time: 1.348030576	total_time: 1.712222081
[0m
[0;32mdataset: er_18_32	num_trials: 1	thread_num: 64	numa_mask: 6	init_time: 0.008593771	symb_time: 0.343230341	mgmt_time: 0.012367393	numc_time: 1.348030576	total_time: 1.712222081	flop_cnt: 1090559662	numc_perf: 809002170.585780501	perf: 636926526.121584415
[0mCONFIGURATION:	USE_HYPERTHREADING	USE_WEIGHTED_INTERLEAVING	HASH_CONSTANT: 2654435761	THREAD_NUM: 64	AB_HIGH_THREAD_NUM: 22	AB_SIZE: 524288	AB_MIN_NUM: 32768	AB_PRT: 0.850000	AB_DNR	DAHA	DAHA_REAR	DAHA_QUANTILE: 0.990000	DAHA_SYMB_THRES: 5000000	DAHA_NUMC_THRES: 450000	DN_MIN: 256	GUD_ALPHA: 0.500000	GUD_MIN: 256	HYB_THRES: 0.950000
[0;36m0th run	init_time: 0.008435889	symb_time: 0.008982280	mgmt_time: 0.000163185	numc_time: 0.012917978	total_time: 0.030499332
[0m
[0;36m1th run	init_time: 0.006728859	symb_time: 0.008528360	mgmt_time: 0.000161973	numc_time: 0.014441710	total_time: 0.029860902
[0m
[0;32mdataset: er_19_1	num_trials: 1	thread_num: 64	numa_mask: 6	init_time: 0.006728859	symb_time: 0.008528360	mgmt_time: 0.000161973	numc_time: 0.014441710	total_time: 0.029860902	flop_cnt: 3147278	numc_perf: 217929732.697859168	perf: 105397954.824003637
[0mCONFIGURATION:	USE_HYPERTHREADING	USE_WEIGHTED_INTERLEAVING	HASH_CONSTANT: 2654435761	THREAD_NUM: 64	AB_HIGH_THREAD_NUM: 22	AB_SIZE: 524288	AB_MIN_NUM: 32768	AB_PRT: 0.850000	AB_DNR	DAHA	DAHA_REAR	DAHA_QUANTILE: 0.990000	DAHA_SYMB_THRES: 5000000	DAHA_NUMC_THRES: 450000	DN_MIN: 256	GUD_ALPHA: 0.500000	GUD_MIN: 256	HYB_THRES: 0.950000
[0;36m0th run	init_time: 0.008500164	symb_time: 0.013230977	mgmt_time: 0.000236012	numc_time: 0.016012462	total_time: 0.037979615
[0m
[0;36m1th run	init_time: 0.006289429	symb_time: 0.013324580	mgmt_time: 0.000215204	numc_time: 0.015835141	total_time: 0.035664354
[0m
[0;32mdataset: er_19_2	num_trials: 1	thread_num: 64	numa_mask: 6	init_time: 0.006289429	symb_time: 0.013324580	mgmt_time: 0.000215204	numc_time: 0.015835141	total_time: 0.035664354	flop_cnt: 10490794	numc_perf: 662500826.484588861	perf: 294153484.456777215
[0mCONFIGURATION:	USE_HYPERTHREADING	USE_WEIGHTED_INTERLEAVING	HASH_CONSTANT: 2654435761	THREAD_NUM: 64	AB_HIGH_THREAD_NUM: 22	AB_SIZE: 524288	AB_MIN_NUM: 32768	AB_PRT: 0.850000	AB_DNR	DAHA	DAHA_REAR	DAHA_QUANTILE: 0.990000	DAHA_SYMB_THRES: 5000000	DAHA_NUMC_THRES: 450000	DN_MIN: 256	GUD_ALPHA: 0.500000	GUD_MIN: 256	HYB_THRES: 0.950000
[0;36m0th run	init_time: 0.009077180	symb_time: 0.022241211	mgmt_time: 0.011340244	numc_time: 0.041493503	total_time: 0.084152138
[0m
[0;36m1th run	init_time: 0.006873588	symb_time: 0.022031435	mgmt_time: 0.011207952	numc_time: 0.040844786	total_time: 0.080957761
[0m
[0;32mdataset: er_19_4	num_trials: 1	thread_num: 64	numa_mask: 6	init_time: 0.006873588	symb_time: 0.022031435	mgmt_time: 0.011207952	numc_time: 0.040844786	total_time: 0.080957761	flop_cnt: 37757054	numc_perf: 924403276.344745636	perf: 466379671.740180671
[0mCONFIGURATION:	USE_HYPERTHREADING	USE_WEIGHTED_INTERLEAVING	HASH_CONSTANT: 2654435761	THREAD_NUM: 64	AB_HIGH_THREAD_NUM: 22	AB_SIZE: 524288	AB_MIN_NUM: 32768	AB_PRT: 0.850000	AB_DNR	DAHA	DAHA_REAR	DAHA_QUANTILE: 0.990000	DAHA_SYMB_THRES: 5000000	DAHA_NUMC_THRES: 450000	DN_MIN: 256	GUD_ALPHA: 0.500000	GUD_MIN: 256	HYB_THRES: 0.950000
[0;36m0th run	init_time: 0.010143483	symb_time: 0.057298420	mgmt_time: 0.011296261	numc_time: 0.178338721	total_time: 0.257076885
[0m
[0;36m1th run	init_time: 0.008157711	symb_time: 0.059098440	mgmt_time: 0.011265296	numc_time: 0.178195577	total_time: 0.256717024
[0m
[0;32mdataset: er_19_8	num_trials: 1	thread_num: 64	numa_mask: 6	init_time: 0.008157711	symb_time: 0.059098440	mgmt_time: 0.011265296	numc_time: 0.178195577	total_time: 0.256717024	flop_cnt: 142742320	numc_perf: 801043002.318738699	perf: 556029817.484951854
[0mCONFIGURATION:	USE_HYPERTHREADING	USE_WEIGHTED_INTERLEAVING	HASH_CONSTANT: 2654435761	THREAD_NUM: 64	AB_HIGH_THREAD_NUM: 22	AB_SIZE: 524288	AB_MIN_NUM: 32768	AB_PRT: 0.850000	AB_DNR	DAHA	DAHA_REAR	DAHA_QUANTILE: 0.990000	DAHA_SYMB_THRES: 5000000	DAHA_NUMC_THRES: 450000	DN_MIN: 256	GUD_ALPHA: 0.500000	GUD_MIN: 256	HYB_THRES: 0.950000
[0;36m0th run	init_time: 0.011047980	symb_time: 0.213630524	mgmt_time: 0.011832612	numc_time: 0.733747856	total_time: 0.970258972
[0m
[0;36m1th run	init_time: 0.010815501	symb_time: 0.212815812	mgmt_time: 0.011727579	numc_time: 0.734364155	total_time: 0.969723047
[0m
[0;32mdataset: er_19_16	num_trials: 1	thread_num: 64	numa_mask: 6	init_time: 0.010815501	symb_time: 0.212815812	mgmt_time: 0.011727579	numc_time: 0.734364155	total_time: 0.969723047	flop_cnt: 553733304	numc_perf: 754030953.485195637	perf: 571022113.698407292
[0mCONFIGURATION:	USE_HYPERTHREADING	USE_WEIGHTED_INTERLEAVING	HASH_CONSTANT: 2654435761	THREAD_NUM: 64	AB_HIGH_THREAD_NUM: 22	AB_SIZE: 524288	AB_MIN_NUM: 32768	AB_PRT: 0.850000	AB_DNR	DAHA	DAHA_REAR	DAHA_QUANTILE: 0.990000	DAHA_SYMB_THRES: 5000000	DAHA_NUMC_THRES: 450000	DN_MIN: 256	GUD_ALPHA: 0.500000	GUD_MIN: 256	HYB_THRES: 0.950000
[0;36m0th run	init_time: 0.025625631	symb_time: 0.848740785	mgmt_time: 0.013824379	numc_time: 2.836503071	total_time: 3.724693866
[0m
[0;36m1th run	init_time: 0.023611188	symb_time: 0.848425344	mgmt_time: 0.013629140	numc_time: 2.840203977	total_time: 3.725869649
[0m
[0;32mdataset: er_19_32	num_trials: 1	thread_num: 64	numa_mask: 6	init_time: 0.023611188	symb_time: 0.848425344	mgmt_time: 0.013629140	numc_time: 2.840203977	total_time: 3.725869649	flop_cnt: 2181162866	numc_perf: 767959936.561978936	perf: 585410406.557140470
[0mCONFIGURATION:	USE_HYPERTHREADING	USE_WEIGHTED_INTERLEAVING	HASH_CONSTANT: 2654435761	THREAD_NUM: 64	AB_HIGH_THREAD_NUM: 22	AB_SIZE: 524288	AB_MIN_NUM: 32768	AB_PRT: 0.850000	AB_DNR	DAHA	DAHA_REAR	DAHA_QUANTILE: 0.990000	DAHA_SYMB_THRES: 5000000	DAHA_NUMC_THRES: 450000	DN_MIN: 256	GUD_ALPHA: 0.500000	GUD_MIN: 256	HYB_THRES: 0.950000
[0;36m0th run	init_time: 0.010832536	symb_time: 0.012869618	mgmt_time: 0.000254861	numc_time: 0.023799539	total_time: 0.047756554
[0m
[0;36m1th run	init_time: 0.008372059	symb_time: 0.012540422	mgmt_time: 0.000252221	numc_time: 0.022867018	total_time: 0.044031720
[0m
[0;32mdataset: er_20_1	num_trials: 1	thread_num: 64	numa_mask: 6	init_time: 0.008372059	symb_time: 0.012540422	mgmt_time: 0.000252221	numc_time: 0.022867018	total_time: 0.044031720	flop_cnt: 6290748	numc_perf: 275101370.891473413	perf: 142868550.217888355
[0mCONFIGURATION:	USE_HYPERTHREADING	USE_WEIGHTED_INTERLEAVING	HASH_CONSTANT: 2654435761	THREAD_NUM: 64	AB_HIGH_THREAD_NUM: 22	AB_SIZE: 524288	AB_MIN_NUM: 32768	AB_PRT: 0.850000	AB_DNR	DAHA	DAHA_REAR	DAHA_QUANTILE: 0.990000	DAHA_SYMB_THRES: 5000000	DAHA_NUMC_THRES: 450000	DN_MIN: 256	GUD_ALPHA: 0.500000	GUD_MIN: 256	HYB_THRES: 0.950000
[0;36m0th run	init_time: 0.011717694	symb_time: 0.018771070	mgmt_time: 0.000370275	numc_time: 0.034003781	total_time: 0.064862820
[0m
[0;36m1th run	init_time: 0.008981138	symb_time: 0.018676311	mgmt_time: 0.000364390	numc_time: 0.034000513	total_time: 0.062022352
[0m
[0;32mdataset: er_20_2	num_trials: 1	thread_num: 64	numa_mask: 6	init_time: 0.008981138	symb_time: 0.018676311	mgmt_time: 0.000364390	numc_time: 0.034000513	total_time: 0.062022352	flop_cnt: 20968558	numc_perf: 616712989.006961107	perf: 338080664.854503095
[0mCONFIGURATION:	USE_HYPERTHREADING	USE_WEIGHTED_INTERLEAVING	HASH_CONSTANT: 2654435761	THREAD_NUM: 64	AB_HIGH_THREAD_NUM: 22	AB_SIZE: 524288	AB_MIN_NUM: 32768	AB_PRT: 0.850000	AB_DNR	DAHA	DAHA_REAR	DAHA_QUANTILE: 0.990000	DAHA_SYMB_THRES: 5000000	DAHA_NUMC_THRES: 450000	DN_MIN: 256	GUD_ALPHA: 0.500000	GUD_MIN: 256	HYB_THRES: 0.950000
[0;36m0th run	init_time: 0.012311201	symb_time: 0.044452872	mgmt_time: 0.010986236	numc_time: 0.104110005	total_time: 0.171860314
[0m
[0;36m1th run	init_time: 0.010433006	symb_time: 0.042572464	mgmt_time: 0.010902257	numc_time: 0.103941043	total_time: 0.167848770
[0m
[0;32mdataset: er_20_4	num_trials: 1	thread_num: 64	numa_mask: 6	init_time: 0.010433006	symb_time: 0.042572464	mgmt_time: 0.010902257	numc_time: 0.103941043	total_time: 0.167848770	flop_cnt: 75507866	numc_perf: 726448992.819900751	perf: 449856534.545948625
[0mCONFIGURATION:	USE_HYPERTHREADING	USE_WEIGHTED_INTERLEAVING	HASH_CONSTANT: 2654435761	THREAD_NUM: 64	AB_HIGH_THREAD_NUM: 22	AB_SIZE: 524288	AB_MIN_NUM: 32768	AB_PRT: 0.850000	AB_DNR	DAHA	DAHA_REAR	DAHA_QUANTILE: 0.990000	DAHA_SYMB_THRES: 5000000	DAHA_NUMC_THRES: 450000	DN_MIN: 256	GUD_ALPHA: 0.500000	GUD_MIN: 256	HYB_THRES: 0.950000
[0;36m0th run	init_time: 0.013968178	symb_time: 0.158989024	mgmt_time: 0.011626396	numc_time: 0.420992310	total_time: 0.605575908
[0m
[0;36m1th run	init_time: 0.012866392	symb_time: 0.159134976	mgmt_time: 0.011577439	numc_time: 0.422334529	total_time: 0.605913336
[0m
[0;32mdataset: er_20_8	num_trials: 1	thread_num: 64	numa_mask: 6	init_time: 0.012866392	symb_time: 0.159134976	mgmt_time: 0.011577439	numc_time: 0.422334529	total_time: 0.605913336	flop_cnt: 285424684	numc_perf: 675826067.728409648	perf: 471065195.369788051
[0mCONFIGURATION:	USE_HYPERTHREADING	USE_WEIGHTED_INTERLEAVING	HASH_CONSTANT: 2654435761	THREAD_NUM: 64	AB_HIGH_THREAD_NUM: 22	AB_SIZE: 524288	AB_MIN_NUM: 32768	AB_PRT: 0.850000	AB_DNR	DAHA	DAHA_REAR	DAHA_QUANTILE: 0.990000	DAHA_SYMB_THRES: 5000000	DAHA_NUMC_THRES: 450000	DN_MIN: 256	GUD_ALPHA: 0.500000	GUD_MIN: 256	HYB_THRES: 0.950000
[0;36m0th run	init_time: 0.028197398	symb_time: 0.584514690	mgmt_time: 0.012691086	numc_time: 1.564475869	total_time: 2.189879043
[0m
[0;36m1th run	init_time: 0.026902314	symb_time: 0.583592169	mgmt_time: 0.012572290	numc_time: 1.564975233	total_time: 2.188042006
[0m
[0;32mdataset: er_20_16	num_trials: 1	thread_num: 64	numa_mask: 6	init_time: 0.026902314	symb_time: 0.583592169	mgmt_time: 0.012572290	numc_time: 1.564975233	total_time: 2.188042006	flop_cnt: 1107231140	numc_perf: 707507132.798184037	perf: 506037423.853735685
[0mCONFIGURATION:	USE_HYPERTHREADING	USE_WEIGHTED_INTERLEAVING	HASH_CONSTANT: 2654435761	THREAD_NUM: 64	AB_HIGH_THREAD_NUM: 22	AB_SIZE: 524288	AB_MIN_NUM: 32768	AB_PRT: 0.850000	AB_DNR	DAHA	DAHA_REAR	DAHA_QUANTILE: 0.990000	DAHA_SYMB_THRES: 5000000	DAHA_NUMC_THRES: 450000	DN_MIN: 256	GUD_ALPHA: 0.500000	GUD_MIN: 256	HYB_THRES: 0.950000
[0;36m0th run	init_time: 0.036511356	symb_time: 1.982877263	mgmt_time: 0.016248814	numc_time: 6.630298493	total_time: 8.665935926
[0m
[0;36m1th run	init_time: 0.034996975	symb_time: 1.984358830	mgmt_time: 0.016473987	numc_time: 6.636102428	total_time: 8.671932220
[0m
[0;32mdataset: er_20_32	num_trials: 1	thread_num: 64	numa_mask: 6	init_time: 0.034996975	symb_time: 1.984358830	mgmt_time: 0.016473987	numc_time: 6.636102428	total_time: 8.671932220	flop_cnt: 4366158894	numc_perf: 657940250.526826262	perf: 503481667.433973551
[0mCONFIGURATION:	USE_HYPERTHREADING	USE_WEIGHTED_INTERLEAVING	HASH_CONSTANT: 2654435761	THREAD_NUM: 64	AB_HIGH_THREAD_NUM: 22	AB_SIZE: 524288	AB_MIN_NUM: 32768	AB_PRT: 0.850000	AB_DNR	DAHA	DAHA_REAR	DAHA_QUANTILE: 0.990000	DAHA_SYMB_THRES: 5000000	DAHA_NUMC_THRES: 450000	DN_MIN: 256	GUD_ALPHA: 0.500000	GUD_MIN: 256	HYB_THRES: 0.950000
[0;36m0th run	init_time: 0.016445169	symb_time: 0.018560606	mgmt_time: 0.000552063	numc_time: 0.041425676	total_time: 0.076983514
[0m
[0;36m1th run	init_time: 0.014090186	symb_time: 0.018650710	mgmt_time: 0.000511672	numc_time: 0.041942340	total_time: 0.075194908
[0m
[0;32mdataset: er_21_1	num_trials: 1	thread_num: 64	numa_mask: 6	init_time: 0.014090186	symb_time: 0.018650710	mgmt_time: 0.000511672	numc_time: 0.041942340	total_time: 0.075194908	flop_cnt: 12586608	numc_perf: 300093127.851235747	perf: 167386440.581854284
[0mCONFIGURATION:	USE_HYPERTHREADING	USE_WEIGHTED_INTERLEAVING	HASH_CONSTANT: 2654435761	THREAD_NUM: 64	AB_HIGH_THREAD_NUM: 22	AB_SIZE: 524288	AB_MIN_NUM: 32768	AB_PRT: 0.850000	AB_DNR	DAHA	DAHA_REAR	DAHA_QUANTILE: 0.990000	DAHA_SYMB_THRES: 5000000	DAHA_NUMC_THRES: 450000	DN_MIN: 256	GUD_ALPHA: 0.500000	GUD_MIN: 256	HYB_THRES: 0.950000
[0;36m0th run	init_time: 0.017371102	symb_time: 0.037047103	mgmt_time: 0.011045933	numc_time: 0.082567529	total_time: 0.148031667
[0m
[0;36m1th run	init_time: 0.014805272	symb_time: 0.036879706	mgmt_time: 0.011209081	numc_time: 0.083279781	total_time: 0.146173840
[0m
[0;32mdataset: er_21_2	num_trials: 1	thread_num: 64	numa_mask: 6	init_time: 0.014805272	symb_time: 0.036879706	mgmt_time: 0.011209081	numc_time: 0.083279781	total_time: 0.146173840	flop_cnt: 41963140	numc_perf: 503881488.353097320	perf: 287076948.926018476
[0mCONFIGURATION:	USE_HYPERTHREADING	USE_WEIGHTED_INTERLEAVING	HASH_CONSTANT: 2654435761	THREAD_NUM: 64	AB_HIGH_THREAD_NUM: 22	AB_SIZE: 524288	AB_MIN_NUM: 32768	AB_PRT: 0.850000	AB_DNR	DAHA	DAHA_REAR	DAHA_QUANTILE: 0.990000	DAHA_SYMB_THRES: 5000000	DAHA_NUMC_THRES: 450000	DN_MIN: 256	GUD_ALPHA: 0.500000	GUD_MIN: 256	HYB_THRES: 0.950000
[0;36m0th run	init_time: 0.018913002	symb_time: 0.128039701	mgmt_time: 0.011468883	numc_time: 0.251540510	total_time: 0.409962096
[0m
[0;36m1th run	init_time: 0.017003572	symb_time: 0.128004231	mgmt_time: 0.011673675	numc_time: 0.251184592	total_time: 0.407866070
[0m
[0;32mdataset: er_21_4	num_trials: 1	thread_num: 64	numa_mask: 6	init_time: 0.017003572	symb_time: 0.128004231	mgmt_time: 0.011673675	numc_time: 0.251184592	total_time: 0.407866070	flop_cnt: 150998738	numc_perf: 601146498.667402267	perf: 370216473.265353978
[0mCONFIGURATION:	USE_HYPERTHREADING	USE_WEIGHTED_INTERLEAVING	HASH_CONSTANT: 2654435761	THREAD_NUM: 64	AB_HIGH_THREAD_NUM: 22	AB_SIZE: 524288	AB_MIN_NUM: 32768	AB_PRT: 0.850000	AB_DNR	DAHA	DAHA_REAR	DAHA_QUANTILE: 0.990000	DAHA_SYMB_THRES: 5000000	DAHA_NUMC_THRES: 450000	DN_MIN: 256	GUD_ALPHA: 0.500000	GUD_MIN: 256	HYB_THRES: 0.950000
[0;36m0th run	init_time: 0.033134596	symb_time: 0.439068908	mgmt_time: 0.011886615	numc_time: 0.922921718	total_time: 1.407011837
[0m
[0;36m1th run	init_time: 0.033513314	symb_time: 0.438891730	mgmt_time: 0.012349465	numc_time: 0.923021740	total_time: 1.407776249
[0m
[0;32mdataset: er_21_8	num_trials: 1	thread_num: 64	numa_mask: 6	init_time: 0.033513314	symb_time: 0.438891730	mgmt_time: 0.012349465	numc_time: 0.923021740	total_time: 1.407776249	flop_cnt: 570627534	numc_perf: 618216786.529860020	perf: 405339651.386603236
[0mCONFIGURATION:	USE_HYPERTHREADING	USE_WEIGHTED_INTERLEAVING	HASH_CONSTANT: 2654435761	THREAD_NUM: 64	AB_HIGH_THREAD_NUM: 22	AB_SIZE: 524288	AB_MIN_NUM: 32768	AB_PRT: 0.850000	AB_DNR	DAHA	DAHA_REAR	DAHA_QUANTILE: 0.990000	DAHA_SYMB_THRES: 5000000	DAHA_NUMC_THRES: 450000	DN_MIN: 256	GUD_ALPHA: 0.500000	GUD_MIN: 256	HYB_THRES: 0.950000
[0;36m0th run	init_time: 0.040745617	symb_time: 1.393199625	mgmt_time: 0.014194579	numc_time: 3.364291185	total_time: 4.812431006
[0m
[0;36m1th run	init_time: 0.038964899	symb_time: 1.392469051	mgmt_time: 0.013973573	numc_time: 3.362012873	total_time: 4.807420396
[0m
[0;32mdataset: er_21_16	num_trials: 1	thread_num: 64	numa_mask: 6	init_time: 0.038964899	symb_time: 1.392469051	mgmt_time: 0.013973573	numc_time: 3.362012873	total_time: 4.807420396	flop_cnt: 2214794322	numc_perf: 658770327.676850677	perf: 460703275.262303531
[0mCONFIGURATION:	USE_HYPERTHREADING	USE_WEIGHTED_INTERLEAVING	HASH_CONSTANT: 2654435761	THREAD_NUM: 64	AB_HIGH_THREAD_NUM: 22	AB_SIZE: 524288	AB_MIN_NUM: 32768	AB_PRT: 0.850000	AB_DNR	DAHA	DAHA_REAR	DAHA_QUANTILE: 0.990000	DAHA_SYMB_THRES: 5000000	DAHA_NUMC_THRES: 450000	DN_MIN: 256	GUD_ALPHA: 0.500000	GUD_MIN: 256	HYB_THRES: 0.950000
[0;36m0th run	init_time: 0.055832566	symb_time: 4.378911903	mgmt_time: 0.022109791	numc_time: 12.819150963	total_time: 17.276005223
[0m
[0;36m1th run	init_time: 0.053949030	symb_time: 4.374369379	mgmt_time: 0.021699299	numc_time: 12.821700050	total_time: 17.271717758
[0m
[0;32mdataset: er_21_32	num_trials: 1	thread_num: 64	numa_mask: 6	init_time: 0.053949030	symb_time: 4.374369379	mgmt_time: 0.021699299	numc_time: 12.821700050	total_time: 17.271717758	flop_cnt: 8724487282	numc_perf: 680446995.950431705	perf: 505131417.977169514
[0m