CONFIGURATION:	USE_HYPERTHREADING	HASH_CONSTANT: 2654435761	THREAD_NUM: 64	AB_HIGH_THREAD_NUM: 22	AB_SIZE: 524288	AB_MIN_NUM: 32768	AB_PRT: 0.850000	AB_DNR	DAHA	DAHA_REAR	DAHA_QUANTILE: 0.990000	DAHA_SYMB_THRES: 7000000	DAHA_NUMC_THRES: 2100000	DN_MIN: 256	GUD_ALPHA: 0.500000	GUD_MIN: 256	HYB_THRES: 0.950000
[0;36m0th run	init_time: 0.005992866	symb_time: 0.035596946	mgmt_time: 0.000248621	numc_time: 0.016490786	total_time: 0.058329219
[0m
[0;36m1th run	init_time: 0.004083658	symb_time: 0.035511091	mgmt_time: 0.000257556	numc_time: 0.016863227	total_time: 0.056715532
[0m
[0;32mdataset: g500_17_1	num_trials: 1	thread_num: 64	numa_mask: 1	init_time: 0.004083658	symb_time: 0.035511091	mgmt_time: 0.000257556	numc_time: 0.016863227	total_time: 0.056715532	flop_cnt: 26545040	numc_perf: 1574137619.092715740	perf: 468038279.178973436
[0mCONFIGURATION:	USE_HYPERTHREADING	HASH_CONSTANT: 2654435761	THREAD_NUM: 64	AB_HIGH_THREAD_NUM: 22	AB_SIZE: 524288	AB_MIN_NUM: 32768	AB_PRT: 0.850000	AB_DNR	DAHA	DAHA_REAR	DAHA_QUANTILE: 0.990000	DAHA_SYMB_THRES: 7000000	DAHA_NUMC_THRES: 2100000	DN_MIN: 256	GUD_ALPHA: 0.500000	GUD_MIN: 256	HYB_THRES: 0.950000
[0;36m0th run	init_time: 0.006192445	symb_time: 0.074729024	mgmt_time: 0.010744818	numc_time: 0.056734231	total_time: 0.148400518
[0m
[0;36m1th run	init_time: 0.004202399	symb_time: 0.074665056	mgmt_time: 0.010538525	numc_time: 0.056515618	total_time: 0.145921598
[0m
[0;32mdataset: g500_17_2	num_trials: 1	thread_num: 64	numa_mask: 1	init_time: 0.004202399	symb_time: 0.074665056	mgmt_time: 0.010538525	numc_time: 0.056515618	total_time: 0.145921598	flop_cnt: 99289164	numc_perf: 1756844700.875428677	perf: 680428157.043620110
[0mCONFIGURATION:	USE_HYPERTHREADING	HASH_CONSTANT: 2654435761	THREAD_NUM: 64	AB_HIGH_THREAD_NUM: 22	AB_SIZE: 524288	AB_MIN_NUM: 32768	AB_PRT: 0.850000	AB_DNR	DAHA	DAHA_REAR	DAHA_QUANTILE: 0.990000	DAHA_SYMB_THRES: 7000000	DAHA_NUMC_THRES: 2100000	DN_MIN: 256	GUD_ALPHA: 0.500000	GUD_MIN: 256	HYB_THRES: 0.950000
[0;36m0th run	init_time: 0.006100222	symb_time: 0.141025473	mgmt_time: 0.010969968	numc_time: 0.248372908	total_time: 0.406468571
[0m
[0;36m1th run	init_time: 0.004414868	symb_time: 0.141073820	mgmt_time: 0.011154185	numc_time: 0.245964891	total_time: 0.402607764
[0m
[0;32mdataset: g500_17_4	num_trials: 1	thread_num: 64	numa_mask: 1	init_time: 0.004414868	symb_time: 0.141073820	mgmt_time: 0.011154185	numc_time: 0.245964891	total_time: 0.402607764	flop_cnt: 358726446	numc_perf: 1458445734.029577255	perf: 891007273.272554159
[0mCONFIGURATION:	USE_HYPERTHREADING	HASH_CONSTANT: 2654435761	THREAD_NUM: 64	AB_HIGH_THREAD_NUM: 22	AB_SIZE: 524288	AB_MIN_NUM: 32768	AB_PRT: 0.850000	AB_DNR	DAHA	DAHA_REAR	DAHA_QUANTILE: 0.990000	DAHA_SYMB_THRES: 7000000	DAHA_NUMC_THRES: 2100000	DN_MIN: 256	GUD_ALPHA: 0.500000	GUD_MIN: 256	HYB_THRES: 0.950000
[0;36m0th run	init_time: 0.006062452	symb_time: 0.287906478	mgmt_time: 0.011464365	numc_time: 1.170986694	total_time: 1.476419989
[0m
[0;36m1th run	init_time: 0.004660026	symb_time: 0.284000564	mgmt_time: 0.011659173	numc_time: 1.170044600	total_time: 1.470364363
[0m
[0;32mdataset: g500_17_8	num_trials: 1	thread_num: 64	numa_mask: 1	init_time: 0.004660026	symb_time: 0.284000564	mgmt_time: 0.011659173	numc_time: 1.170044600	total_time: 1.470364363	flop_cnt: 1245326524	numc_perf: 1064341072.126652241	perf: 846950970.342580318
[0mCONFIGURATION:	USE_HYPERTHREADING	HASH_CONSTANT: 2654435761	THREAD_NUM: 64	AB_HIGH_THREAD_NUM: 22	AB_SIZE: 524288	AB_MIN_NUM: 32768	AB_PRT: 0.850000	AB_DNR	DAHA	DAHA_REAR	DAHA_QUANTILE: 0.990000	DAHA_SYMB_THRES: 7000000	DAHA_NUMC_THRES: 2100000	DN_MIN: 256	GUD_ALPHA: 0.500000	GUD_MIN: 256	HYB_THRES: 0.950000
[0;36m0th run	init_time: 0.006175178	symb_time: 0.624339115	mgmt_time: 0.012007235	numc_time: 5.138416477	total_time: 5.780938005
[0m
[0;36m1th run	init_time: 0.136358045	symb_time: 0.626090642	mgmt_time: 0.012224653	numc_time: 5.139127462	total_time: 5.913800802
[0m
[0;32mdataset: g500_17_16	num_trials: 1	thread_num: 64	numa_mask: 1	init_time: 0.136358045	symb_time: 0.626090642	mgmt_time: 0.012224653	numc_time: 5.139127462	total_time: 5.913800802	flop_cnt: 4189732618	numc_perf: 815261471.714787364	perf: 708466983.971300840
[0mCONFIGURATION:	USE_HYPERTHREADING	HASH_CONSTANT: 2654435761	THREAD_NUM: 64	AB_HIGH_THREAD_NUM: 22	AB_SIZE: 524288	AB_MIN_NUM: 32768	AB_PRT: 0.850000	AB_DNR	DAHA	DAHA_REAR	DAHA_QUANTILE: 0.990000	DAHA_SYMB_THRES: 7000000	DAHA_NUMC_THRES: 2100000	DN_MIN: 256	GUD_ALPHA: 0.500000	GUD_MIN: 256	HYB_THRES: 0.950000
[0;36m0th run	init_time: 0.006786472	symb_time: 1.464434552	mgmt_time: 0.013072559	numc_time: 21.333092632	total_time: 22.817386215
[0m
[0;36m1th run	init_time: 0.136482086	symb_time: 1.463632590	mgmt_time: 0.013250853	numc_time: 21.327506508	total_time: 22.940872037
[0m
[0;32mdataset: g500_17_32	num_trials: 1	thread_num: 64	numa_mask: 1	init_time: 0.136482086	symb_time: 1.463632590	mgmt_time: 0.013250853	numc_time: 21.327506508	total_time: 22.940872037	flop_cnt: 13705485276	numc_perf: 642620142.718467355	perf: 597426516.912487864
[0mCONFIGURATION:	USE_HYPERTHREADING	HASH_CONSTANT: 2654435761	THREAD_NUM: 64	AB_HIGH_THREAD_NUM: 22	AB_SIZE: 524288	AB_MIN_NUM: 32768	AB_PRT: 0.850000	AB_DNR	DAHA	DAHA_REAR	DAHA_QUANTILE: 0.990000	DAHA_SYMB_THRES: 7000000	DAHA_NUMC_THRES: 2100000	DN_MIN: 256	GUD_ALPHA: 0.500000	GUD_MIN: 256	HYB_THRES: 0.950000
[0;36m0th run	init_time: 0.006636948	symb_time: 0.060236208	mgmt_time: 0.010713751	numc_time: 0.037128204	total_time: 0.114715111
[0m
[0;36m1th run	init_time: 0.004714471	symb_time: 0.060651364	mgmt_time: 0.010589748	numc_time: 0.037604908	total_time: 0.113560491
[0m
[0;32mdataset: g500_18_1	num_trials: 1	thread_num: 64	numa_mask: 1	init_time: 0.004714471	symb_time: 0.060651364	mgmt_time: 0.010589748	numc_time: 0.037604908	total_time: 0.113560491	flop_cnt: 63713390	numc_perf: 1694283895.070292473	perf: 561052435.040986180
[0mCONFIGURATION:	USE_HYPERTHREADING	HASH_CONSTANT: 2654435761	THREAD_NUM: 64	AB_HIGH_THREAD_NUM: 22	AB_SIZE: 524288	AB_MIN_NUM: 32768	AB_PRT: 0.850000	AB_DNR	DAHA	DAHA_REAR	DAHA_QUANTILE: 0.990000	DAHA_SYMB_THRES: 7000000	DAHA_NUMC_THRES: 2100000	DN_MIN: 256	GUD_ALPHA: 0.500000	GUD_MIN: 256	HYB_THRES: 0.950000
[0;36m0th run	init_time: 0.006600269	symb_time: 0.139857679	mgmt_time: 0.010903930	numc_time: 0.133603718	total_time: 0.290965596
[0m
[0;36m1th run	init_time: 0.005011008	symb_time: 0.139808553	mgmt_time: 0.011001757	numc_time: 0.132214768	total_time: 0.288036086
[0m
[0;32mdataset: g500_18_2	num_trials: 1	thread_num: 64	numa_mask: 1	init_time: 0.005011008	symb_time: 0.139808553	mgmt_time: 0.011001757	numc_time: 0.132214768	total_time: 0.288036086	flop_cnt: 231404130	numc_perf: 1750213939.792262793	perf: 803385899.362623572
[0mCONFIGURATION:	USE_HYPERTHREADING	HASH_CONSTANT: 2654435761	THREAD_NUM: 64	AB_HIGH_THREAD_NUM: 22	AB_SIZE: 524288	AB_MIN_NUM: 32768	AB_PRT: 0.850000	AB_DNR	DAHA	DAHA_REAR	DAHA_QUANTILE: 0.990000	DAHA_SYMB_THRES: 7000000	DAHA_NUMC_THRES: 2100000	DN_MIN: 256	GUD_ALPHA: 0.500000	GUD_MIN: 256	HYB_THRES: 0.950000
[0;36m0th run	init_time: 0.006781524	symb_time: 0.301732132	mgmt_time: 0.012048959	numc_time: 0.668011783	total_time: 0.988574398
[0m
[0;36m1th run	init_time: 0.005404760	symb_time: 0.302517014	mgmt_time: 0.011617133	numc_time: 0.668444281	total_time: 0.987983188
[0m
[0;32mdataset: g500_18_4	num_trials: 1	thread_num: 64	numa_mask: 1	init_time: 0.005404760	symb_time: 0.302517014	mgmt_time: 0.011617133	numc_time: 0.668444281	total_time: 0.987983188	flop_cnt: 866259112	numc_perf: 1295933163.949083090	perf: 876795397.453665972
[0mCONFIGURATION:	USE_HYPERTHREADING	HASH_CONSTANT: 2654435761	THREAD_NUM: 64	AB_HIGH_THREAD_NUM: 22	AB_SIZE: 524288	AB_MIN_NUM: 32768	AB_PRT: 0.850000	AB_DNR	DAHA	DAHA_REAR	DAHA_QUANTILE: 0.990000	DAHA_SYMB_THRES: 7000000	DAHA_NUMC_THRES: 2100000	DN_MIN: 256	GUD_ALPHA: 0.500000	GUD_MIN: 256	HYB_THRES: 0.950000
[0;36m0th run	init_time: 0.006743262	symb_time: 0.761863822	mgmt_time: 0.012574649	numc_time: 3.331336577	total_time: 4.112518310
[0m
[0;36m1th run	init_time: 0.137521678	symb_time: 0.777088889	mgmt_time: 0.014738659	numc_time: 3.328949228	total_time: 4.258298454
[0m
[0;32mdataset: g500_18_8	num_trials: 1	thread_num: 64	numa_mask: 1	init_time: 0.137521678	symb_time: 0.777088889	mgmt_time: 0.014738659	numc_time: 3.328949228	total_time: 4.258298454	flop_cnt: 3197249132	numc_perf: 960437937.925798893	perf: 750827863.884620070
[0mCONFIGURATION:	USE_HYPERTHREADING	HASH_CONSTANT: 2654435761	THREAD_NUM: 64	AB_HIGH_THREAD_NUM: 22	AB_SIZE: 524288	AB_MIN_NUM: 32768	AB_PRT: 0.850000	AB_DNR	DAHA	DAHA_REAR	DAHA_QUANTILE: 0.990000	DAHA_SYMB_THRES: 7000000	DAHA_NUMC_THRES: 2100000	DN_MIN: 256	GUD_ALPHA: 0.500000	GUD_MIN: 256	HYB_THRES: 0.950000
[0;36m0th run	init_time: 0.008349800	symb_time: 2.092696829	mgmt_time: 0.014374317	numc_time: 15.761030588	total_time: 17.876451534
[0m
[0;36m1th run	init_time: 0.138024233	symb_time: 2.060865168	mgmt_time: 0.014393637	numc_time: 15.737927484	total_time: 17.951210522
[0m
[0;32mdataset: g500_18_16	num_trials: 1	thread_num: 64	numa_mask: 1	init_time: 0.138024233	symb_time: 2.060865168	mgmt_time: 0.014393637	numc_time: 15.737927484	total_time: 17.951210522	flop_cnt: 11359799604	numc_perf: 721810391.841553807	perf: 632815240.514173985
[0mCONFIGURATION:	USE_HYPERTHREADING	HASH_CONSTANT: 2654435761	THREAD_NUM: 64	AB_HIGH_THREAD_NUM: 22	AB_SIZE: 524288	AB_MIN_NUM: 32768	AB_PRT: 0.850000	AB_DNR	DAHA	DAHA_REAR	DAHA_QUANTILE: 0.990000	DAHA_SYMB_THRES: 7000000	DAHA_NUMC_THRES: 2100000	DN_MIN: 256	GUD_ALPHA: 0.500000	GUD_MIN: 256	HYB_THRES: 0.950000
[0;36m0th run	init_time: 0.011066625	symb_time: 5.058710322	mgmt_time: 0.017855067	numc_time: 60.614442877	total_time: 65.702074891
[0m
[0;36m1th run	init_time: 0.142739846	symb_time: 5.064195088	mgmt_time: 0.017021258	numc_time: 60.603187155	total_time: 65.827143347
[0m
[0;32mdataset: g500_18_32	num_trials: 1	thread_num: 64	numa_mask: 1	init_time: 0.142739846	symb_time: 5.064195088	mgmt_time: 0.017021258	numc_time: 60.603187155	total_time: 65.827143347	flop_cnt: 36733901550	numc_perf: 606138113.760396719	perf: 558035784.058888555
[0mCONFIGURATION:	USE_HYPERTHREADING	HASH_CONSTANT: 2654435761	THREAD_NUM: 64	AB_HIGH_THREAD_NUM: 22	AB_SIZE: 524288	AB_MIN_NUM: 32768	AB_PRT: 0.850000	AB_DNR	DAHA	DAHA_REAR	DAHA_QUANTILE: 0.990000	DAHA_SYMB_THRES: 7000000	DAHA_NUMC_THRES: 2100000	DN_MIN: 256	GUD_ALPHA: 0.500000	GUD_MIN: 256	HYB_THRES: 0.950000
[0;36m0th run	init_time: 0.007513265	symb_time: 0.116599198	mgmt_time: 0.011153540	numc_time: 0.090609578	total_time: 0.225875581
[0m
[0;36m1th run	init_time: 0.006102139	symb_time: 0.116593761	mgmt_time: 0.011052918	numc_time: 0.090095453	total_time: 0.223844271
[0m
[0;32mdataset: g500_19_1	num_trials: 1	thread_num: 64	numa_mask: 1	init_time: 0.006102139	symb_time: 0.116593761	mgmt_time: 0.011052918	numc_time: 0.090095453	total_time: 0.223844271	flop_cnt: 166344542	numc_perf: 1846314508.236059189	perf: 743126197.766303420
[0mCONFIGURATION:	USE_HYPERTHREADING	HASH_CONSTANT: 2654435761	THREAD_NUM: 64	AB_HIGH_THREAD_NUM: 22	AB_SIZE: 524288	AB_MIN_NUM: 32768	AB_PRT: 0.850000	AB_DNR	DAHA	DAHA_REAR	DAHA_QUANTILE: 0.990000	DAHA_SYMB_THRES: 7000000	DAHA_NUMC_THRES: 2100000	DN_MIN: 256	GUD_ALPHA: 0.500000	GUD_MIN: 256	HYB_THRES: 0.950000
[0;36m0th run	init_time: 0.007637574	symb_time: 0.303513356	mgmt_time: 0.011509812	numc_time: 0.419258051	total_time: 0.741918793
[0m
[0;36m1th run	init_time: 0.006682789	symb_time: 0.304822686	mgmt_time: 0.011568767	numc_time: 0.419415675	total_time: 0.742489917
[0m
[0;32mdataset: g500_19_2	num_trials: 1	thread_num: 64	numa_mask: 1	init_time: 0.006682789	symb_time: 0.304822686	mgmt_time: 0.011568767	numc_time: 0.419415675	total_time: 0.742489917	flop_cnt: 633825774	numc_perf: 1511211458.656140804	perf: 853648998.441550612
[0mCONFIGURATION:	USE_HYPERTHREADING	HASH_CONSTANT: 2654435761	THREAD_NUM: 64	AB_HIGH_THREAD_NUM: 22	AB_SIZE: 524288	AB_MIN_NUM: 32768	AB_PRT: 0.850000	AB_DNR	DAHA	DAHA_REAR	DAHA_QUANTILE: 0.990000	DAHA_SYMB_THRES: 7000000	DAHA_NUMC_THRES: 2100000	DN_MIN: 256	GUD_ALPHA: 0.500000	GUD_MIN: 256	HYB_THRES: 0.950000
[0;36m0th run	init_time: 0.008562596	symb_time: 0.786602202	mgmt_time: 0.012163961	numc_time: 1.936530696	total_time: 2.743859455
[0m
[0;36m1th run	init_time: 0.138381615	symb_time: 0.787255769	mgmt_time: 0.012138720	numc_time: 1.936851745	total_time: 2.874627849
[0m
[0;32mdataset: g500_19_4	num_trials: 1	thread_num: 64	numa_mask: 1	init_time: 0.138381615	symb_time: 0.787255769	mgmt_time: 0.012138720	numc_time: 1.936851745	total_time: 2.874627849	flop_cnt: 2214702680	numc_perf: 1143454931.807390451	perf: 770431094.505130768
[0mCONFIGURATION:	USE_HYPERTHREADING	HASH_CONSTANT: 2654435761	THREAD_NUM: 64	AB_HIGH_THREAD_NUM: 22	AB_SIZE: 524288	AB_MIN_NUM: 32768	AB_PRT: 0.850000	AB_DNR	DAHA	DAHA_REAR	DAHA_QUANTILE: 0.990000	DAHA_SYMB_THRES: 7000000	DAHA_NUMC_THRES: 2100000	DN_MIN: 256	GUD_ALPHA: 0.500000	GUD_MIN: 256	HYB_THRES: 0.950000
[0;36m0th run	init_time: 0.010060260	symb_time: 2.303444230	mgmt_time: 0.014546547	numc_time: 9.326084034	total_time: 11.654135071
[0m
[0;36m1th run	init_time: 0.139586292	symb_time: 2.314697310	mgmt_time: 0.014297583	numc_time: 9.376732001	total_time: 11.845313186
[0m
[0;32mdataset: g500_19_8	num_trials: 1	thread_num: 64	numa_mask: 1	init_time: 0.139586292	symb_time: 2.314697310	mgmt_time: 0.014297583	numc_time: 9.376732001	total_time: 11.845313186	flop_cnt: 8006120556	numc_perf: 853828450.588773489	perf: 675889309.998358727
[0mCONFIGURATION:	USE_HYPERTHREADING	HASH_CONSTANT: 2654435761	THREAD_NUM: 64	AB_HIGH_THREAD_NUM: 22	AB_SIZE: 524288	AB_MIN_NUM: 32768	AB_PRT: 0.850000	AB_DNR	DAHA	DAHA_REAR	DAHA_QUANTILE: 0.990000	DAHA_SYMB_THRES: 7000000	DAHA_NUMC_THRES: 2100000	DN_MIN: 256	GUD_ALPHA: 0.500000	GUD_MIN: 256	HYB_THRES: 0.950000
[0;36m0th run	init_time: 0.015460049	symb_time: 7.638995787	mgmt_time: 0.019266304	numc_time: 43.584449722	total_time: 51.258171862
[0m
[0;36m1th run	init_time: 0.145921094	symb_time: 7.655963269	mgmt_time: 0.019582522	numc_time: 43.588938051	total_time: 51.410404936
[0m
[0;32mdataset: g500_19_16	num_trials: 1	thread_num: 64	numa_mask: 1	init_time: 0.145921094	symb_time: 7.655963269	mgmt_time: 0.019582522	numc_time: 43.588938051	total_time: 51.410404936	flop_cnt: 28930196662	numc_perf: 663705012.224685192	perf: 562730379.152133584
[0mCONFIGURATION:	USE_HYPERTHREADING	HASH_CONSTANT: 2654435761	THREAD_NUM: 64	AB_HIGH_THREAD_NUM: 22	AB_SIZE: 524288	AB_MIN_NUM: 32768	AB_PRT: 0.850000	AB_DNR	DAHA	DAHA_REAR	DAHA_QUANTILE: 0.990000	DAHA_SYMB_THRES: 7000000	DAHA_NUMC_THRES: 2100000	DN_MIN: 256	GUD_ALPHA: 0.500000	GUD_MIN: 256	HYB_THRES: 0.950000
[0;36m0th run	init_time: 0.009693142	symb_time: 0.229933975	mgmt_time: 0.011511022	numc_time: 0.224170258	total_time: 0.475308397
[0m
[0;36m1th run	init_time: 0.008933337	symb_time: 0.230325288	mgmt_time: 0.011502502	numc_time: 0.226188440	total_time: 0.476949567
[0m
[0;32mdataset: g500_20_1	num_trials: 1	thread_num: 64	numa_mask: 1	init_time: 0.008933337	symb_time: 0.230325288	mgmt_time: 0.011502502	numc_time: 0.226188440	total_time: 0.476949567	flop_cnt: 405457504	numc_perf: 1792565101.912370443	perf: 850105612.948381186
[0mCONFIGURATION:	USE_HYPERTHREADING	HASH_CONSTANT: 2654435761	THREAD_NUM: 64	AB_HIGH_THREAD_NUM: 22	AB_SIZE: 524288	AB_MIN_NUM: 32768	AB_PRT: 0.850000	AB_DNR	DAHA	DAHA_REAR	DAHA_QUANTILE: 0.990000	DAHA_SYMB_THRES: 7000000	DAHA_NUMC_THRES: 2100000	DN_MIN: 256	GUD_ALPHA: 0.500000	GUD_MIN: 256	HYB_THRES: 0.950000
[0;36m0th run	init_time: 0.011604697	symb_time: 0.745544974	mgmt_time: 0.012341967	numc_time: 1.211485625	total_time: 1.980977263
[0m
[0;36m1th run	init_time: 0.010395324	symb_time: 0.740936303	mgmt_time: 0.012424972	numc_time: 1.211854300	total_time: 1.975610899
[0m
[0;32mdataset: g500_20_2	num_trials: 1	thread_num: 64	numa_mask: 1	init_time: 0.010395324	symb_time: 0.740936303	mgmt_time: 0.012424972	numc_time: 1.211854300	total_time: 1.975610899	flop_cnt: 1621860284	numc_perf: 1338329437.788024664	perf: 820941150.315044999
[0mCONFIGURATION:	USE_HYPERTHREADING	HASH_CONSTANT: 2654435761	THREAD_NUM: 64	AB_HIGH_THREAD_NUM: 22	AB_SIZE: 524288	AB_MIN_NUM: 32768	AB_PRT: 0.850000	AB_DNR	DAHA	DAHA_REAR	DAHA_QUANTILE: 0.990000	DAHA_SYMB_THRES: 7000000	DAHA_NUMC_THRES: 2100000	DN_MIN: 256	GUD_ALPHA: 0.500000	GUD_MIN: 256	HYB_THRES: 0.950000
[0;36m0th run	init_time: 0.013363150	symb_time: 2.285078838	mgmt_time: 0.014981213	numc_time: 6.160743165	total_time: 8.474166366
[0m
[0;36m1th run	init_time: 0.143194985	symb_time: 2.321423757	mgmt_time: 0.014751811	numc_time: 6.163270715	total_time: 8.642641268
[0m
[0;32mdataset: g500_20_4	num_trials: 1	thread_num: 64	numa_mask: 1	init_time: 0.143194985	symb_time: 2.321423757	mgmt_time: 0.014751811	numc_time: 6.163270715	total_time: 8.642641268	flop_cnt: 6063756842	numc_perf: 983853723.517643571	perf: 701609225.000636697
[0mCONFIGURATION:	USE_HYPERTHREADING	HASH_CONSTANT: 2654435761	THREAD_NUM: 64	AB_HIGH_THREAD_NUM: 22	AB_SIZE: 524288	AB_MIN_NUM: 32768	AB_PRT: 0.850000	AB_DNR	DAHA	DAHA_REAR	DAHA_QUANTILE: 0.990000	DAHA_SYMB_THRES: 7000000	DAHA_NUMC_THRES: 2100000	DN_MIN: 256	GUD_ALPHA: 0.500000	GUD_MIN: 256	HYB_THRES: 0.950000
[0;36m0th run	init_time: 0.019492947	symb_time: 9.121232264	mgmt_time: 0.020774363	numc_time: 28.240439563	total_time: 37.401939137
[0m
[0;36m1th run	init_time: 0.148253316	symb_time: 9.105551479	mgmt_time: 0.020366559	numc_time: 28.359379730	total_time: 37.633551084
[0m
[0;32mdataset: g500_20_8	num_trials: 1	thread_num: 64	numa_mask: 1	init_time: 0.148253316	symb_time: 9.105551479	mgmt_time: 0.020366559	numc_time: 28.359379730	total_time: 37.633551084	flop_cnt: 21344490376	numc_perf: 752643061.280381560	perf: 567166524.582227468
[0mmmap: Cannot allocate memory
CONFIGURATION:	USE_HYPERTHREADING	HASH_CONSTANT: 2654435761	THREAD_NUM: 64	AB_HIGH_THREAD_NUM: 22	AB_SIZE: 524288	AB_MIN_NUM: 32768	AB_PRT: 0.850000	AB_DNR	DAHA	DAHA_REAR	DAHA_QUANTILE: 0.990000	DAHA_SYMB_THRES: 7000000	DAHA_NUMC_THRES: 2100000	DN_MIN: 256	GUD_ALPHA: 0.500000	GUD_MIN: 256	HYB_THRES: 0.950000
errno: 22
buffer_size: 455719517040
