CONFIGURATION:	USE_HYPERTHREADING	USE_WEIGHTED_INTERLEAVING	HASH_CONSTANT: 2654435761	THREAD_NUM: 64	AB_HIGH_THREAD_NUM: 16	AB_SIZE: 524288	AB_MIN_NUM: 32768	AB_PRT: 0.900000	AB_DNR	DAHA	DAHA_REAR	DAHA_QUANTILE: 0.990000	DAHA_SYMB_THRES: 6000000	DAHA_NUMC_THRES: 800000	DN_MIN: 256	GUD_ALPHA: 0.500000	GUD_MIN: 256	HYB_THRES: 0.950000
[0;36m0th run	init_time: 0.006318540	symb_time: 0.035375597	mgmt_time: 0.000250277	numc_time: 0.023181584	total_time: 0.065125998
[0m
[0;36m1th run	init_time: 0.004160605	symb_time: 0.035613003	mgmt_time: 0.000244243	numc_time: 0.023216824	total_time: 0.063234675
[0m
[0;32mdataset: g500_17_1	num_trials: 1	thread_num: 64	numa_mask: 6	init_time: 0.004160605	symb_time: 0.035613003	mgmt_time: 0.000244243	numc_time: 0.023216824	total_time: 0.063234675	flop_cnt: 26545040	numc_perf: 1143353630.108924389	perf: 419786137.906140864
[0mCONFIGURATION:	USE_HYPERTHREADING	USE_WEIGHTED_INTERLEAVING	HASH_CONSTANT: 2654435761	THREAD_NUM: 64	AB_HIGH_THREAD_NUM: 16	AB_SIZE: 524288	AB_MIN_NUM: 32768	AB_PRT: 0.900000	AB_DNR	DAHA	DAHA_REAR	DAHA_QUANTILE: 0.990000	DAHA_SYMB_THRES: 6000000	DAHA_NUMC_THRES: 800000	DN_MIN: 256	GUD_ALPHA: 0.500000	GUD_MIN: 256	HYB_THRES: 0.950000
[0;36m0th run	init_time: 0.006241091	symb_time: 0.075203496	mgmt_time: 0.010644243	numc_time: 0.074404970	total_time: 0.166493800
[0m
[0;36m1th run	init_time: 0.004415983	symb_time: 0.075040728	mgmt_time: 0.010678941	numc_time: 0.073070812	total_time: 0.163206464
[0m
[0;32mdataset: g500_17_2	num_trials: 1	thread_num: 64	numa_mask: 6	init_time: 0.004415983	symb_time: 0.075040728	mgmt_time: 0.010678941	numc_time: 0.073070812	total_time: 0.163206464	flop_cnt: 99289164	numc_perf: 1358807453.788798809	perf: 608365389.253209949
[0mCONFIGURATION:	USE_HYPERTHREADING	USE_WEIGHTED_INTERLEAVING	HASH_CONSTANT: 2654435761	THREAD_NUM: 64	AB_HIGH_THREAD_NUM: 16	AB_SIZE: 524288	AB_MIN_NUM: 32768	AB_PRT: 0.900000	AB_DNR	DAHA	DAHA_REAR	DAHA_QUANTILE: 0.990000	DAHA_SYMB_THRES: 6000000	DAHA_NUMC_THRES: 800000	DN_MIN: 256	GUD_ALPHA: 0.500000	GUD_MIN: 256	HYB_THRES: 0.950000
[0;36m0th run	init_time: 0.006421682	symb_time: 0.142286756	mgmt_time: 0.011124485	numc_time: 0.224608928	total_time: 0.384441851
[0m
[0;36m1th run	init_time: 0.004790150	symb_time: 0.141876216	mgmt_time: 0.011257744	numc_time: 0.223576917	total_time: 0.381501027
[0m
[0;32mdataset: g500_17_4	num_trials: 1	thread_num: 64	numa_mask: 6	init_time: 0.004790150	symb_time: 0.141876216	mgmt_time: 0.011257744	numc_time: 0.223576917	total_time: 0.381501027	flop_cnt: 358726446	numc_perf: 1604487846.122325659	perf: 940302700.679230452
[0mCONFIGURATION:	USE_HYPERTHREADING	USE_WEIGHTED_INTERLEAVING	HASH_CONSTANT: 2654435761	THREAD_NUM: 64	AB_HIGH_THREAD_NUM: 16	AB_SIZE: 524288	AB_MIN_NUM: 32768	AB_PRT: 0.900000	AB_DNR	DAHA	DAHA_REAR	DAHA_QUANTILE: 0.990000	DAHA_SYMB_THRES: 6000000	DAHA_NUMC_THRES: 800000	DN_MIN: 256	GUD_ALPHA: 0.500000	GUD_MIN: 256	HYB_THRES: 0.950000
[0;36m0th run	init_time: 0.006524825	symb_time: 0.285669648	mgmt_time: 0.011922117	numc_time: 0.758834063	total_time: 1.062950653
[0m
[0;36m1th run	init_time: 0.136644720	symb_time: 0.287018990	mgmt_time: 0.011696438	numc_time: 0.759003939	total_time: 1.194364087
[0m
[0;32mdataset: g500_17_8	num_trials: 1	thread_num: 64	numa_mask: 6	init_time: 0.136644720	symb_time: 0.287018990	mgmt_time: 0.011696438	numc_time: 0.759003939	total_time: 1.194364087	flop_cnt: 1245326524	numc_perf: 1640737893.456439734	perf: 1042669096.931746721
[0mCONFIGURATION:	USE_HYPERTHREADING	USE_WEIGHTED_INTERLEAVING	HASH_CONSTANT: 2654435761	THREAD_NUM: 64	AB_HIGH_THREAD_NUM: 16	AB_SIZE: 524288	AB_MIN_NUM: 32768	AB_PRT: 0.900000	AB_DNR	DAHA	DAHA_REAR	DAHA_QUANTILE: 0.990000	DAHA_SYMB_THRES: 6000000	DAHA_NUMC_THRES: 800000	DN_MIN: 256	GUD_ALPHA: 0.500000	GUD_MIN: 256	HYB_THRES: 0.950000
[0;36m0th run	init_time: 0.006649528	symb_time: 0.623487896	mgmt_time: 0.012338074	numc_time: 1.903163369	total_time: 2.545638867
[0m
[0;36m1th run	init_time: 0.137066662	symb_time: 0.647522641	mgmt_time: 0.012160834	numc_time: 1.902516342	total_time: 2.699266479
[0m
[0;32mdataset: g500_17_16	num_trials: 1	thread_num: 64	numa_mask: 6	init_time: 0.137066662	symb_time: 0.647522641	mgmt_time: 0.012160834	numc_time: 1.902516342	total_time: 2.699266479	flop_cnt: 4189732618	numc_perf: 2202205849.961629391	perf: 1552174507.628522396
[0mCONFIGURATION:	USE_HYPERTHREADING	USE_WEIGHTED_INTERLEAVING	HASH_CONSTANT: 2654435761	THREAD_NUM: 64	AB_HIGH_THREAD_NUM: 16	AB_SIZE: 524288	AB_MIN_NUM: 32768	AB_PRT: 0.900000	AB_DNR	DAHA	DAHA_REAR	DAHA_QUANTILE: 0.990000	DAHA_SYMB_THRES: 6000000	DAHA_NUMC_THRES: 800000	DN_MIN: 256	GUD_ALPHA: 0.500000	GUD_MIN: 256	HYB_THRES: 0.950000
[0;36m0th run	init_time: 0.007977455	symb_time: 1.464566976	mgmt_time: 0.013309196	numc_time: 4.657776729	total_time: 6.143630356
[0m
[0;36m1th run	init_time: 0.138585858	symb_time: 1.461236189	mgmt_time: 0.013610885	numc_time: 4.657590319	total_time: 6.271023251
[0m
[0;32mdataset: g500_17_32	num_trials: 1	thread_num: 64	numa_mask: 6	init_time: 0.138585858	symb_time: 1.461236189	mgmt_time: 0.013610885	numc_time: 4.657590319	total_time: 6.271023251	flop_cnt: 13705485276	numc_perf: 2942612882.908648491	perf: 2185526145.803154945
[0mCONFIGURATION:	USE_HYPERTHREADING	USE_WEIGHTED_INTERLEAVING	HASH_CONSTANT: 2654435761	THREAD_NUM: 64	AB_HIGH_THREAD_NUM: 16	AB_SIZE: 524288	AB_MIN_NUM: 32768	AB_PRT: 0.900000	AB_DNR	DAHA	DAHA_REAR	DAHA_QUANTILE: 0.990000	DAHA_SYMB_THRES: 6000000	DAHA_NUMC_THRES: 800000	DN_MIN: 256	GUD_ALPHA: 0.500000	GUD_MIN: 256	HYB_THRES: 0.950000
[0;36m0th run	init_time: 0.006822142	symb_time: 0.061225756	mgmt_time: 0.010545675	numc_time: 0.055629038	total_time: 0.134222611
[0m
[0;36m1th run	init_time: 0.004953752	symb_time: 0.061285998	mgmt_time: 0.010609681	numc_time: 0.056106205	total_time: 0.132955636
[0m
[0;32mdataset: g500_18_1	num_trials: 1	thread_num: 64	numa_mask: 6	init_time: 0.004953752	symb_time: 0.061285998	mgmt_time: 0.010609681	numc_time: 0.056106205	total_time: 0.132955636	flop_cnt: 63713390	numc_perf: 1135585449.060402393	perf: 479207891.570689261
[0mCONFIGURATION:	USE_HYPERTHREADING	USE_WEIGHTED_INTERLEAVING	HASH_CONSTANT: 2654435761	THREAD_NUM: 64	AB_HIGH_THREAD_NUM: 16	AB_SIZE: 524288	AB_MIN_NUM: 32768	AB_PRT: 0.900000	AB_DNR	DAHA	DAHA_REAR	DAHA_QUANTILE: 0.990000	DAHA_SYMB_THRES: 6000000	DAHA_NUMC_THRES: 800000	DN_MIN: 256	GUD_ALPHA: 0.500000	GUD_MIN: 256	HYB_THRES: 0.950000
[0;36m0th run	init_time: 0.006922979	symb_time: 0.141345140	mgmt_time: 0.011079402	numc_time: 0.181165111	total_time: 0.340512632
[0m
[0;36m1th run	init_time: 0.005860107	symb_time: 0.140729506	mgmt_time: 0.011176298	numc_time: 0.179327270	total_time: 0.337093181
[0m
[0;32mdataset: g500_18_2	num_trials: 1	thread_num: 64	numa_mask: 6	init_time: 0.005860107	symb_time: 0.140729506	mgmt_time: 0.011176298	numc_time: 0.179327270	total_time: 0.337093181	flop_cnt: 231404130	numc_perf: 1290401231.223784208	perf: 686469329.677718997
[0mCONFIGURATION:	USE_HYPERTHREADING	USE_WEIGHTED_INTERLEAVING	HASH_CONSTANT: 2654435761	THREAD_NUM: 64	AB_HIGH_THREAD_NUM: 16	AB_SIZE: 524288	AB_MIN_NUM: 32768	AB_PRT: 0.900000	AB_DNR	DAHA	DAHA_REAR	DAHA_QUANTILE: 0.990000	DAHA_SYMB_THRES: 6000000	DAHA_NUMC_THRES: 800000	DN_MIN: 256	GUD_ALPHA: 0.500000	GUD_MIN: 256	HYB_THRES: 0.950000
[0;36m0th run	init_time: 0.007093232	symb_time: 0.303162834	mgmt_time: 0.011611402	numc_time: 0.775691074	total_time: 1.097558542
[0m
[0;36m1th run	init_time: 0.138193864	symb_time: 0.302735835	mgmt_time: 0.011597157	numc_time: 0.771808102	total_time: 1.224334958
[0m
[0;32mdataset: g500_18_4	num_trials: 1	thread_num: 64	numa_mask: 6	init_time: 0.138193864	symb_time: 0.302735835	mgmt_time: 0.011597157	numc_time: 0.771808102	total_time: 1.224334958	flop_cnt: 866259112	numc_perf: 1122376287.260068178	perf: 707534409.876745462
[0mCONFIGURATION:	USE_HYPERTHREADING	USE_WEIGHTED_INTERLEAVING	HASH_CONSTANT: 2654435761	THREAD_NUM: 64	AB_HIGH_THREAD_NUM: 16	AB_SIZE: 524288	AB_MIN_NUM: 32768	AB_PRT: 0.900000	AB_DNR	DAHA	DAHA_REAR	DAHA_QUANTILE: 0.990000	DAHA_SYMB_THRES: 6000000	DAHA_NUMC_THRES: 800000	DN_MIN: 256	GUD_ALPHA: 0.500000	GUD_MIN: 256	HYB_THRES: 0.950000
[0;36m0th run	init_time: 0.007488217	symb_time: 0.797640390	mgmt_time: 0.012761019	numc_time: 2.541176850	total_time: 3.359066476
[0m
[0;36m1th run	init_time: 0.138423389	symb_time: 0.795656776	mgmt_time: 0.012761872	numc_time: 2.529288757	total_time: 3.476130794
[0m
[0;32mdataset: g500_18_8	num_trials: 1	thread_num: 64	numa_mask: 6	init_time: 0.138423389	symb_time: 0.795656776	mgmt_time: 0.012761872	numc_time: 2.529288757	total_time: 3.476130794	flop_cnt: 3197249132	numc_perf: 1264090200.516397476	perf: 919772391.050024390
[0mCONFIGURATION:	USE_HYPERTHREADING	USE_WEIGHTED_INTERLEAVING	HASH_CONSTANT: 2654435761	THREAD_NUM: 64	AB_HIGH_THREAD_NUM: 16	AB_SIZE: 524288	AB_MIN_NUM: 32768	AB_PRT: 0.900000	AB_DNR	DAHA	DAHA_REAR	DAHA_QUANTILE: 0.990000	DAHA_SYMB_THRES: 6000000	DAHA_NUMC_THRES: 800000	DN_MIN: 256	GUD_ALPHA: 0.500000	GUD_MIN: 256	HYB_THRES: 0.950000
[0;36m0th run	init_time: 0.009901735	symb_time: 2.295725909	mgmt_time: 0.014693246	numc_time: 9.741130777	total_time: 12.061451667
[0m
[0;36m1th run	init_time: 0.140403420	symb_time: 2.291668220	mgmt_time: 0.014913954	numc_time: 9.670116723	total_time: 12.117102317
[0m
[0;32mdataset: g500_18_16	num_trials: 1	thread_num: 64	numa_mask: 6	init_time: 0.140403420	symb_time: 2.291668220	mgmt_time: 0.014913954	numc_time: 9.670116723	total_time: 12.117102317	flop_cnt: 11359799604	numc_perf: 1174732418.377242088	perf: 937501335.452328086
[0mCONFIGURATION:	USE_HYPERTHREADING	USE_WEIGHTED_INTERLEAVING	HASH_CONSTANT: 2654435761	THREAD_NUM: 64	AB_HIGH_THREAD_NUM: 16	AB_SIZE: 524288	AB_MIN_NUM: 32768	AB_PRT: 0.900000	AB_DNR	DAHA	DAHA_REAR	DAHA_QUANTILE: 0.990000	DAHA_SYMB_THRES: 6000000	DAHA_NUMC_THRES: 800000	DN_MIN: 256	GUD_ALPHA: 0.500000	GUD_MIN: 256	HYB_THRES: 0.950000
[0;36m0th run	init_time: 0.014161942	symb_time: 5.275863764	mgmt_time: 0.018049662	numc_time: 33.382098335	total_time: 38.690173703
[0m
[0;36m1th run	init_time: 0.144109277	symb_time: 5.352330615	mgmt_time: 0.017504836	numc_time: 34.085375595	total_time: 39.599320323
[0m
[0;32mdataset: g500_18_32	num_trials: 1	thread_num: 64	numa_mask: 6	init_time: 0.144109277	symb_time: 5.352330615	mgmt_time: 0.017504836	numc_time: 34.085375595	total_time: 39.599320323	flop_cnt: 36733901550	numc_perf: 1077702707.063275337	perf: 927639698.115330696
[0mCONFIGURATION:	USE_HYPERTHREADING	USE_WEIGHTED_INTERLEAVING	HASH_CONSTANT: 2654435761	THREAD_NUM: 64	AB_HIGH_THREAD_NUM: 16	AB_SIZE: 524288	AB_MIN_NUM: 32768	AB_PRT: 0.900000	AB_DNR	DAHA	DAHA_REAR	DAHA_QUANTILE: 0.990000	DAHA_SYMB_THRES: 6000000	DAHA_NUMC_THRES: 800000	DN_MIN: 256	GUD_ALPHA: 0.500000	GUD_MIN: 256	HYB_THRES: 0.950000
[0;36m0th run	init_time: 0.008205342	symb_time: 0.117924195	mgmt_time: 0.011450270	numc_time: 0.135970697	total_time: 0.273550504
[0m
[0;36m1th run	init_time: 0.006872574	symb_time: 0.118156933	mgmt_time: 0.011389060	numc_time: 0.134712019	total_time: 0.271130586
[0m
[0;32mdataset: g500_19_1	num_trials: 1	thread_num: 64	numa_mask: 6	init_time: 0.006872574	symb_time: 0.118156933	mgmt_time: 0.011389060	numc_time: 0.134712019	total_time: 0.271130586	flop_cnt: 166344542	numc_perf: 1234815892.708132982	perf: 613521862.118499517
[0mCONFIGURATION:	USE_HYPERTHREADING	USE_WEIGHTED_INTERLEAVING	HASH_CONSTANT: 2654435761	THREAD_NUM: 64	AB_HIGH_THREAD_NUM: 16	AB_SIZE: 524288	AB_MIN_NUM: 32768	AB_PRT: 0.900000	AB_DNR	DAHA	DAHA_REAR	DAHA_QUANTILE: 0.990000	DAHA_SYMB_THRES: 6000000	DAHA_NUMC_THRES: 800000	DN_MIN: 256	GUD_ALPHA: 0.500000	GUD_MIN: 256	HYB_THRES: 0.950000
[0;36m0th run	init_time: 0.008283083	symb_time: 0.305506234	mgmt_time: 0.011472980	numc_time: 0.675211517	total_time: 1.000473814
[0m
[0;36m1th run	init_time: 0.139541911	symb_time: 0.307855507	mgmt_time: 0.011572081	numc_time: 0.674254886	total_time: 1.133224385
[0m
[0;32mdataset: g500_19_2	num_trials: 1	thread_num: 64	numa_mask: 6	init_time: 0.139541911	symb_time: 0.307855507	mgmt_time: 0.011572081	numc_time: 0.674254886	total_time: 1.133224385	flop_cnt: 633825774	numc_perf: 940038829.766819000	perf: 559311803.019487619
[0mCONFIGURATION:	USE_HYPERTHREADING	USE_WEIGHTED_INTERLEAVING	HASH_CONSTANT: 2654435761	THREAD_NUM: 64	AB_HIGH_THREAD_NUM: 16	AB_SIZE: 524288	AB_MIN_NUM: 32768	AB_PRT: 0.900000	AB_DNR	DAHA	DAHA_REAR	DAHA_QUANTILE: 0.990000	DAHA_SYMB_THRES: 6000000	DAHA_NUMC_THRES: 800000	DN_MIN: 256	GUD_ALPHA: 0.500000	GUD_MIN: 256	HYB_THRES: 0.950000
[0;36m0th run	init_time: 0.009380467	symb_time: 0.848574817	mgmt_time: 0.012558554	numc_time: 2.431099079	total_time: 3.301612917
[0m
[0;36m1th run	init_time: 0.139657592	symb_time: 0.846425653	mgmt_time: 0.012634806	numc_time: 2.421738275	total_time: 3.420456326
[0m
[0;32mdataset: g500_19_4	num_trials: 1	thread_num: 64	numa_mask: 6	init_time: 0.139657592	symb_time: 0.846425653	mgmt_time: 0.012634806	numc_time: 2.421738275	total_time: 3.420456326	flop_cnt: 2214702680	numc_perf: 914509508.670997858	perf: 647487489.656080484
[0mCONFIGURATION:	USE_HYPERTHREADING	USE_WEIGHTED_INTERLEAVING	HASH_CONSTANT: 2654435761	THREAD_NUM: 64	AB_HIGH_THREAD_NUM: 16	AB_SIZE: 524288	AB_MIN_NUM: 32768	AB_PRT: 0.900000	AB_DNR	DAHA	DAHA_REAR	DAHA_QUANTILE: 0.990000	DAHA_SYMB_THRES: 6000000	DAHA_NUMC_THRES: 800000	DN_MIN: 256	GUD_ALPHA: 0.500000	GUD_MIN: 256	HYB_THRES: 0.950000
[0;36m0th run	init_time: 0.012020640	symb_time: 4.244377691	mgmt_time: 0.015168512	numc_time: 11.377626331	total_time: 15.649193174
[0m
[0;36m1th run	init_time: 0.140778915	symb_time: 4.258527212	mgmt_time: 0.015282003	numc_time: 11.418467777	total_time: 15.833055907
[0m
[0;32mdataset: g500_19_8	num_trials: 1	thread_num: 64	numa_mask: 6	init_time: 0.140778915	symb_time: 4.258527212	mgmt_time: 0.015282003	numc_time: 11.418467777	total_time: 15.833055907	flop_cnt: 8006120556	numc_perf: 701155418.779266953	perf: 505658579.305615246
[0mCONFIGURATION:	USE_HYPERTHREADING	USE_WEIGHTED_INTERLEAVING	HASH_CONSTANT: 2654435761	THREAD_NUM: 64	AB_HIGH_THREAD_NUM: 16	AB_SIZE: 524288	AB_MIN_NUM: 32768	AB_PRT: 0.900000	AB_DNR	DAHA	DAHA_REAR	DAHA_QUANTILE: 0.990000	DAHA_SYMB_THRES: 6000000	DAHA_NUMC_THRES: 800000	DN_MIN: 256	GUD_ALPHA: 0.500000	GUD_MIN: 256	HYB_THRES: 0.950000
[0;36m0th run	init_time: 0.021294994	symb_time: 9.796498779	mgmt_time: 0.020351209	numc_time: 50.000101541	total_time: 59.838246523
[0m
[0;36m1th run	init_time: 0.145837328	symb_time: 9.800819184	mgmt_time: 0.019585714	numc_time: 50.083024065	total_time: 60.049266291
[0m
[0;32mdataset: g500_19_16	num_trials: 1	thread_num: 64	numa_mask: 6	init_time: 0.145837328	symb_time: 9.800819184	mgmt_time: 0.019585714	numc_time: 50.083024065	total_time: 60.049266291	flop_cnt: 28930196662	numc_perf: 577644764.909824371	perf: 481774357.105441809
[0mCONFIGURATION:	USE_HYPERTHREADING	USE_WEIGHTED_INTERLEAVING	HASH_CONSTANT: 2654435761	THREAD_NUM: 64	AB_HIGH_THREAD_NUM: 16	AB_SIZE: 524288	AB_MIN_NUM: 32768	AB_PRT: 0.900000	AB_DNR	DAHA	DAHA_REAR	DAHA_QUANTILE: 0.990000	DAHA_SYMB_THRES: 6000000	DAHA_NUMC_THRES: 800000	DN_MIN: 256	GUD_ALPHA: 0.500000	GUD_MIN: 256	HYB_THRES: 0.950000
[0;36m0th run	init_time: 0.010754684	symb_time: 0.232894612	mgmt_time: 0.011810996	numc_time: 0.349606641	total_time: 0.605066933
[0m
[0;36m1th run	init_time: 0.010962179	symb_time: 0.231743101	mgmt_time: 0.011643565	numc_time: 0.346409601	total_time: 0.600758446
[0m
[0;32mdataset: g500_20_1	num_trials: 1	thread_num: 64	numa_mask: 6	init_time: 0.010962179	symb_time: 0.231743101	mgmt_time: 0.011643565	numc_time: 0.346409601	total_time: 0.600758446	flop_cnt: 405457504	numc_perf: 1170456889.270802975	perf: 674909369.480591655
[0mCONFIGURATION:	USE_HYPERTHREADING	USE_WEIGHTED_INTERLEAVING	HASH_CONSTANT: 2654435761	THREAD_NUM: 64	AB_HIGH_THREAD_NUM: 16	AB_SIZE: 524288	AB_MIN_NUM: 32768	AB_PRT: 0.900000	AB_DNR	DAHA	DAHA_REAR	DAHA_QUANTILE: 0.990000	DAHA_SYMB_THRES: 6000000	DAHA_NUMC_THRES: 800000	DN_MIN: 256	GUD_ALPHA: 0.500000	GUD_MIN: 256	HYB_THRES: 0.950000
[0;36m0th run	init_time: 0.012677586	symb_time: 0.757754224	mgmt_time: 0.012772850	numc_time: 1.873328694	total_time: 2.656533354
[0m
[0;36m1th run	init_time: 0.143765861	symb_time: 0.756580834	mgmt_time: 0.012714525	numc_time: 1.873248502	total_time: 2.786309722
[0m
[0;32mdataset: g500_20_2	num_trials: 1	thread_num: 64	numa_mask: 6	init_time: 0.143765861	symb_time: 0.756580834	mgmt_time: 0.012714525	numc_time: 1.873248502	total_time: 2.786309722	flop_cnt: 1621860284	numc_perf: 865800924.046328187	perf: 582081837.921391010
[0mCONFIGURATION:	USE_HYPERTHREADING	USE_WEIGHTED_INTERLEAVING	HASH_CONSTANT: 2654435761	THREAD_NUM: 64	AB_HIGH_THREAD_NUM: 16	AB_SIZE: 524288	AB_MIN_NUM: 32768	AB_PRT: 0.900000	AB_DNR	DAHA	DAHA_REAR	DAHA_QUANTILE: 0.990000	DAHA_SYMB_THRES: 6000000	DAHA_NUMC_THRES: 800000	DN_MIN: 256	GUD_ALPHA: 0.500000	GUD_MIN: 256	HYB_THRES: 0.950000
[0;36m0th run	init_time: 0.016320260	symb_time: 3.231861183	mgmt_time: 0.015145897	numc_time: 8.599823194	total_time: 11.863150534
[0m
[0;36m1th run	init_time: 0.146717975	symb_time: 3.252140196	mgmt_time: 0.015022868	numc_time: 8.634333314	total_time: 12.048214353
[0m
[0;32mdataset: g500_20_4	num_trials: 1	thread_num: 64	numa_mask: 6	init_time: 0.146717975	symb_time: 3.252140196	mgmt_time: 0.015022868	numc_time: 8.634333314	total_time: 12.048214353	flop_cnt: 6063756842	numc_perf: 702284313.273848176	perf: 503290916.341484845
[0mCONFIGURATION:	USE_HYPERTHREADING	USE_WEIGHTED_INTERLEAVING	HASH_CONSTANT: 2654435761	THREAD_NUM: 64	AB_HIGH_THREAD_NUM: 16	AB_SIZE: 524288	AB_MIN_NUM: 32768	AB_PRT: 0.900000	AB_DNR	DAHA	DAHA_REAR	DAHA_QUANTILE: 0.990000	DAHA_SYMB_THRES: 6000000	DAHA_NUMC_THRES: 800000	DN_MIN: 256	GUD_ALPHA: 0.500000	GUD_MIN: 256	HYB_THRES: 0.950000
[0;36m0th run	init_time: 0.022962718	symb_time: 12.205018810	mgmt_time: 0.021401947	numc_time: 40.798936739	total_time: 53.048320214
[0m
[0;36m1th run	init_time: 0.153291504	symb_time: 12.312488324	mgmt_time: 0.021403450	numc_time: 40.855920666	total_time: 53.343103944
[0m
[0;32mdataset: g500_20_8	num_trials: 1	thread_num: 64	numa_mask: 6	init_time: 0.153291504	symb_time: 12.312488324	mgmt_time: 0.021403450	numc_time: 40.855920666	total_time: 53.343103944	flop_cnt: 21344490376	numc_perf: 522433224.562302649	perf: 400135890.075080872
[0mmmap: Cannot allocate memory
CONFIGURATION:	USE_HYPERTHREADING	USE_WEIGHTED_INTERLEAVING	HASH_CONSTANT: 2654435761	THREAD_NUM: 64	AB_HIGH_THREAD_NUM: 16	AB_SIZE: 524288	AB_MIN_NUM: 32768	AB_PRT: 0.900000	AB_DNR	DAHA	DAHA_REAR	DAHA_QUANTILE: 0.990000	DAHA_SYMB_THRES: 6000000	DAHA_NUMC_THRES: 800000	DN_MIN: 256	GUD_ALPHA: 0.500000	GUD_MIN: 256	HYB_THRES: 0.950000
errno: 22
buffer_size: 455719517040
