CONFIGURATION:	USE_HYPERTHREADING	HASH_CONSTANT: 2654435761	THREAD_NUM: 64	AB_HIGH_THREAD_NUM: 16	AB_SIZE: 524288	AB_MIN_NUM: 32768	AB_PRT: 0.900000	AB_DNR	DAHA	DAHA_REAR	DAHA_QUANTILE: 0.990000	DAHA_SYMB_THRES: 11000000	DAHA_NUMC_THRES: 2500000	DN_MIN: 256	GUD_ALPHA: 0.500000	GUD_MIN: 256	HYB_THRES: 0.950000
[0;36m0th run	init_time: 0.005975428	symb_time: 0.035595958	mgmt_time: 0.000263739	numc_time: 0.020608380	total_time: 0.062443505
[0m
[0;36m1th run	init_time: 0.004010864	symb_time: 0.035330719	mgmt_time: 0.000267120	numc_time: 0.020268132	total_time: 0.059876835
[0m
[0;32mdataset: g500_17_1	num_trials: 1	thread_num: 64	numa_mask: 1	init_time: 0.004010864	symb_time: 0.035330719	mgmt_time: 0.000267120	numc_time: 0.020268132	total_time: 0.059876835	flop_cnt: 26545040	numc_perf: 1309693463.610755920	perf: 443327373.599489629
[0mCONFIGURATION:	USE_HYPERTHREADING	HASH_CONSTANT: 2654435761	THREAD_NUM: 64	AB_HIGH_THREAD_NUM: 16	AB_SIZE: 524288	AB_MIN_NUM: 32768	AB_PRT: 0.900000	AB_DNR	DAHA	DAHA_REAR	DAHA_QUANTILE: 0.990000	DAHA_SYMB_THRES: 11000000	DAHA_NUMC_THRES: 2500000	DN_MIN: 256	GUD_ALPHA: 0.500000	GUD_MIN: 256	HYB_THRES: 0.950000
[0;36m0th run	init_time: 0.006112786	symb_time: 0.074335688	mgmt_time: 0.010597057	numc_time: 0.062789078	total_time: 0.153834609
[0m
[0;36m1th run	init_time: 0.004122801	symb_time: 0.074344238	mgmt_time: 0.010548062	numc_time: 0.062062726	total_time: 0.151077827
[0m
[0;32mdataset: g500_17_2	num_trials: 1	thread_num: 64	numa_mask: 1	init_time: 0.004122801	symb_time: 0.074344238	mgmt_time: 0.010548062	numc_time: 0.062062726	total_time: 0.151077827	flop_cnt: 99289164	numc_perf: 1599819576.085007906	perf: 657205401.822466016
[0mCONFIGURATION:	USE_HYPERTHREADING	HASH_CONSTANT: 2654435761	THREAD_NUM: 64	AB_HIGH_THREAD_NUM: 16	AB_SIZE: 524288	AB_MIN_NUM: 32768	AB_PRT: 0.900000	AB_DNR	DAHA	DAHA_REAR	DAHA_QUANTILE: 0.990000	DAHA_SYMB_THRES: 11000000	DAHA_NUMC_THRES: 2500000	DN_MIN: 256	GUD_ALPHA: 0.500000	GUD_MIN: 256	HYB_THRES: 0.950000
[0;36m0th run	init_time: 0.006150782	symb_time: 0.141804389	mgmt_time: 0.011174223	numc_time: 0.185230111	total_time: 0.344359505
[0m
[0;36m1th run	init_time: 0.004362042	symb_time: 0.141228540	mgmt_time: 0.011094780	numc_time: 0.184881349	total_time: 0.341566711
[0m
[0;32mdataset: g500_17_4	num_trials: 1	thread_num: 64	numa_mask: 1	init_time: 0.004362042	symb_time: 0.141228540	mgmt_time: 0.011094780	numc_time: 0.184881349	total_time: 0.341566711	flop_cnt: 358726446	numc_perf: 1940306298.825199604	perf: 1050238312.011617422
[0mCONFIGURATION:	USE_HYPERTHREADING	HASH_CONSTANT: 2654435761	THREAD_NUM: 64	AB_HIGH_THREAD_NUM: 16	AB_SIZE: 524288	AB_MIN_NUM: 32768	AB_PRT: 0.900000	AB_DNR	DAHA	DAHA_REAR	DAHA_QUANTILE: 0.990000	DAHA_SYMB_THRES: 11000000	DAHA_NUMC_THRES: 2500000	DN_MIN: 256	GUD_ALPHA: 0.500000	GUD_MIN: 256	HYB_THRES: 0.950000
[0;36m0th run	init_time: 0.006254166	symb_time: 0.297256275	mgmt_time: 0.011580154	numc_time: 0.557509581	total_time: 0.872600176
[0m
[0;36m1th run	init_time: 0.004766783	symb_time: 0.288179827	mgmt_time: 0.011390801	numc_time: 0.555869545	total_time: 0.860206956
[0m
[0;32mdataset: g500_17_8	num_trials: 1	thread_num: 64	numa_mask: 1	init_time: 0.004766783	symb_time: 0.288179827	mgmt_time: 0.011390801	numc_time: 0.555869545	total_time: 0.860206956	flop_cnt: 1245326524	numc_perf: 2240321556.022645473	perf: 1447705712.344878912
[0mCONFIGURATION:	USE_HYPERTHREADING	HASH_CONSTANT: 2654435761	THREAD_NUM: 64	AB_HIGH_THREAD_NUM: 16	AB_SIZE: 524288	AB_MIN_NUM: 32768	AB_PRT: 0.900000	AB_DNR	DAHA	DAHA_REAR	DAHA_QUANTILE: 0.990000	DAHA_SYMB_THRES: 11000000	DAHA_NUMC_THRES: 2500000	DN_MIN: 256	GUD_ALPHA: 0.500000	GUD_MIN: 256	HYB_THRES: 0.950000
[0;36m0th run	init_time: 0.006227051	symb_time: 0.642406039	mgmt_time: 0.012059522	numc_time: 1.778238500	total_time: 2.438931112
[0m
[0;36m1th run	init_time: 0.133632773	symb_time: 0.619921957	mgmt_time: 0.011981947	numc_time: 1.777719605	total_time: 2.543256282
[0m
[0;32mdataset: g500_17_16	num_trials: 1	thread_num: 64	numa_mask: 1	init_time: 0.133632773	symb_time: 0.619921957	mgmt_time: 0.011981947	numc_time: 1.777719605	total_time: 2.543256282	flop_cnt: 4189732618	numc_perf: 2356801717.332694530	perf: 1647389076.615283728
[0mCONFIGURATION:	USE_HYPERTHREADING	HASH_CONSTANT: 2654435761	THREAD_NUM: 64	AB_HIGH_THREAD_NUM: 16	AB_SIZE: 524288	AB_MIN_NUM: 32768	AB_PRT: 0.900000	AB_DNR	DAHA	DAHA_REAR	DAHA_QUANTILE: 0.990000	DAHA_SYMB_THRES: 11000000	DAHA_NUMC_THRES: 2500000	DN_MIN: 256	GUD_ALPHA: 0.500000	GUD_MIN: 256	HYB_THRES: 0.950000
[0;36m0th run	init_time: 0.006943428	symb_time: 1.518706958	mgmt_time: 0.013252545	numc_time: 4.265283231	total_time: 5.804186162
[0m
[0;36m1th run	init_time: 0.137137491	symb_time: 1.474417064	mgmt_time: 0.014221455	numc_time: 4.237822378	total_time: 5.863598388
[0m
[0;32mdataset: g500_17_32	num_trials: 1	thread_num: 64	numa_mask: 1	init_time: 0.137137491	symb_time: 1.474417064	mgmt_time: 0.014221455	numc_time: 4.237822378	total_time: 5.863598388	flop_cnt: 13705485276	numc_perf: 3234086767.569568157	perf: 2337384719.944090366
[0mCONFIGURATION:	USE_HYPERTHREADING	HASH_CONSTANT: 2654435761	THREAD_NUM: 64	AB_HIGH_THREAD_NUM: 16	AB_SIZE: 524288	AB_MIN_NUM: 32768	AB_PRT: 0.900000	AB_DNR	DAHA	DAHA_REAR	DAHA_QUANTILE: 0.990000	DAHA_SYMB_THRES: 11000000	DAHA_NUMC_THRES: 2500000	DN_MIN: 256	GUD_ALPHA: 0.500000	GUD_MIN: 256	HYB_THRES: 0.950000
[0;36m0th run	init_time: 0.006690639	symb_time: 0.059981595	mgmt_time: 0.010597297	numc_time: 0.046359686	total_time: 0.123629217
[0m
[0;36m1th run	init_time: 0.004706305	symb_time: 0.060958779	mgmt_time: 0.010542091	numc_time: 0.046849884	total_time: 0.123057059
[0m
[0;32mdataset: g500_18_1	num_trials: 1	thread_num: 64	numa_mask: 1	init_time: 0.004706305	symb_time: 0.060958779	mgmt_time: 0.010542091	numc_time: 0.046849884	total_time: 0.123057059	flop_cnt: 63713390	numc_perf: 1359947657.501137018	perf: 517754857.118761480
[0mCONFIGURATION:	USE_HYPERTHREADING	HASH_CONSTANT: 2654435761	THREAD_NUM: 64	AB_HIGH_THREAD_NUM: 16	AB_SIZE: 524288	AB_MIN_NUM: 32768	AB_PRT: 0.900000	AB_DNR	DAHA	DAHA_REAR	DAHA_QUANTILE: 0.990000	DAHA_SYMB_THRES: 11000000	DAHA_NUMC_THRES: 2500000	DN_MIN: 256	GUD_ALPHA: 0.500000	GUD_MIN: 256	HYB_THRES: 0.950000
[0;36m0th run	init_time: 0.006532066	symb_time: 0.140481148	mgmt_time: 0.010966489	numc_time: 0.150333983	total_time: 0.308313686
[0m
[0;36m1th run	init_time: 0.004993045	symb_time: 0.139745755	mgmt_time: 0.010955254	numc_time: 0.148918673	total_time: 0.304612727
[0m
[0;32mdataset: g500_18_2	num_trials: 1	thread_num: 64	numa_mask: 1	init_time: 0.004993045	symb_time: 0.139745755	mgmt_time: 0.010955254	numc_time: 0.148918673	total_time: 0.304612727	flop_cnt: 231404130	numc_perf: 1553895997.985423803	perf: 759666650.435127854
[0mCONFIGURATION:	USE_HYPERTHREADING	HASH_CONSTANT: 2654435761	THREAD_NUM: 64	AB_HIGH_THREAD_NUM: 16	AB_SIZE: 524288	AB_MIN_NUM: 32768	AB_PRT: 0.900000	AB_DNR	DAHA	DAHA_REAR	DAHA_QUANTILE: 0.990000	DAHA_SYMB_THRES: 11000000	DAHA_NUMC_THRES: 2500000	DN_MIN: 256	GUD_ALPHA: 0.500000	GUD_MIN: 256	HYB_THRES: 0.950000
[0;36m0th run	init_time: 0.006650322	symb_time: 0.300001927	mgmt_time: 0.011709712	numc_time: 0.502897962	total_time: 0.821259923
[0m
[0;36m1th run	init_time: 0.005441223	symb_time: 0.300158113	mgmt_time: 0.011416821	numc_time: 0.501279766	total_time: 0.818295923
[0m
[0;32mdataset: g500_18_4	num_trials: 1	thread_num: 64	numa_mask: 1	init_time: 0.005441223	symb_time: 0.300158113	mgmt_time: 0.011416821	numc_time: 0.501279766	total_time: 0.818295923	flop_cnt: 866259112	numc_perf: 1728095109.268783092	perf: 1058613501.120914221
[0mCONFIGURATION:	USE_HYPERTHREADING	HASH_CONSTANT: 2654435761	THREAD_NUM: 64	AB_HIGH_THREAD_NUM: 16	AB_SIZE: 524288	AB_MIN_NUM: 32768	AB_PRT: 0.900000	AB_DNR	DAHA	DAHA_REAR	DAHA_QUANTILE: 0.990000	DAHA_SYMB_THRES: 11000000	DAHA_NUMC_THRES: 2500000	DN_MIN: 256	GUD_ALPHA: 0.500000	GUD_MIN: 256	HYB_THRES: 0.950000
[0;36m0th run	init_time: 0.006694044	symb_time: 0.754055739	mgmt_time: 0.012376861	numc_time: 2.120605076	total_time: 2.893731720
[0m
[0;36m1th run	init_time: 0.137923257	symb_time: 0.754875340	mgmt_time: 0.012398390	numc_time: 2.108869183	total_time: 3.014066170
[0m
[0;32mdataset: g500_18_8	num_trials: 1	thread_num: 64	numa_mask: 1	init_time: 0.137923257	symb_time: 0.754875340	mgmt_time: 0.012398390	numc_time: 2.108869183	total_time: 3.014066170	flop_cnt: 3197249132	numc_perf: 1516096473.775443316	perf: 1060776025.365096807
[0mCONFIGURATION:	USE_HYPERTHREADING	HASH_CONSTANT: 2654435761	THREAD_NUM: 64	AB_HIGH_THREAD_NUM: 16	AB_SIZE: 524288	AB_MIN_NUM: 32768	AB_PRT: 0.900000	AB_DNR	DAHA	DAHA_REAR	DAHA_QUANTILE: 0.990000	DAHA_SYMB_THRES: 11000000	DAHA_NUMC_THRES: 2500000	DN_MIN: 256	GUD_ALPHA: 0.500000	GUD_MIN: 256	HYB_THRES: 0.950000
[0;36m0th run	init_time: 0.008277044	symb_time: 2.065312774	mgmt_time: 0.014186144	numc_time: 6.415938536	total_time: 8.503714498
[0m
[0;36m1th run	init_time: 0.138830865	symb_time: 2.086316272	mgmt_time: 0.014002309	numc_time: 6.401203727	total_time: 8.640353173
[0m
[0;32mdataset: g500_18_16	num_trials: 1	thread_num: 64	numa_mask: 1	init_time: 0.138830865	symb_time: 2.086316272	mgmt_time: 0.014002309	numc_time: 6.401203727	total_time: 8.640353173	flop_cnt: 11359799604	numc_perf: 1774634910.631707668	perf: 1314737878.944337845
[0mCONFIGURATION:	USE_HYPERTHREADING	HASH_CONSTANT: 2654435761	THREAD_NUM: 64	AB_HIGH_THREAD_NUM: 16	AB_SIZE: 524288	AB_MIN_NUM: 32768	AB_PRT: 0.900000	AB_DNR	DAHA	DAHA_REAR	DAHA_QUANTILE: 0.990000	DAHA_SYMB_THRES: 11000000	DAHA_NUMC_THRES: 2500000	DN_MIN: 256	GUD_ALPHA: 0.500000	GUD_MIN: 256	HYB_THRES: 0.950000
[0;36m0th run	init_time: 0.011123767	symb_time: 5.081779283	mgmt_time: 0.018505421	numc_time: 18.937030547	total_time: 24.048439018
[0m
[0;36m1th run	init_time: 0.138993981	symb_time: 5.063709550	mgmt_time: 0.018046540	numc_time: 18.897336744	total_time: 24.118086815
[0m
[0;32mdataset: g500_18_32	num_trials: 1	thread_num: 64	numa_mask: 1	init_time: 0.138993981	symb_time: 5.063709550	mgmt_time: 0.018046540	numc_time: 18.897336744	total_time: 24.118086815	flop_cnt: 36733901550	numc_perf: 1943866590.706925869	perf: 1523085219.477430582
[0mCONFIGURATION:	USE_HYPERTHREADING	HASH_CONSTANT: 2654435761	THREAD_NUM: 64	AB_HIGH_THREAD_NUM: 16	AB_SIZE: 524288	AB_MIN_NUM: 32768	AB_PRT: 0.900000	AB_DNR	DAHA	DAHA_REAR	DAHA_QUANTILE: 0.990000	DAHA_SYMB_THRES: 11000000	DAHA_NUMC_THRES: 2500000	DN_MIN: 256	GUD_ALPHA: 0.500000	GUD_MIN: 256	HYB_THRES: 0.950000
[0;36m0th run	init_time: 0.007449227	symb_time: 0.116375950	mgmt_time: 0.010966052	numc_time: 0.119092770	total_time: 0.253883999
[0m
[0;36m1th run	init_time: 0.005968791	symb_time: 0.116209802	mgmt_time: 0.010948482	numc_time: 0.118667101	total_time: 0.251794176
[0m
[0;32mdataset: g500_19_1	num_trials: 1	thread_num: 64	numa_mask: 1	init_time: 0.005968791	symb_time: 0.116209802	mgmt_time: 0.010948482	numc_time: 0.118667101	total_time: 0.251794176	flop_cnt: 166344542	numc_perf: 1401774717.661637306	perf: 660636972.000496030
[0mCONFIGURATION:	USE_HYPERTHREADING	HASH_CONSTANT: 2654435761	THREAD_NUM: 64	AB_HIGH_THREAD_NUM: 16	AB_SIZE: 524288	AB_MIN_NUM: 32768	AB_PRT: 0.900000	AB_DNR	DAHA	DAHA_REAR	DAHA_QUANTILE: 0.990000	DAHA_SYMB_THRES: 11000000	DAHA_NUMC_THRES: 2500000	DN_MIN: 256	GUD_ALPHA: 0.500000	GUD_MIN: 256	HYB_THRES: 0.950000
[0;36m0th run	init_time: 0.007720000	symb_time: 0.305024202	mgmt_time: 0.011451688	numc_time: 0.419048347	total_time: 0.743244237
[0m
[0;36m1th run	init_time: 0.006613918	symb_time: 0.302910413	mgmt_time: 0.011623520	numc_time: 0.416246045	total_time: 0.737393896
[0m
[0;32mdataset: g500_19_2	num_trials: 1	thread_num: 64	numa_mask: 1	init_time: 0.006613918	symb_time: 0.302910413	mgmt_time: 0.011623520	numc_time: 0.416246045	total_time: 0.737393896	flop_cnt: 633825774	numc_perf: 1522719030.279314756	perf: 859548441.393661857
[0mCONFIGURATION:	USE_HYPERTHREADING	HASH_CONSTANT: 2654435761	THREAD_NUM: 64	AB_HIGH_THREAD_NUM: 16	AB_SIZE: 524288	AB_MIN_NUM: 32768	AB_PRT: 0.900000	AB_DNR	DAHA	DAHA_REAR	DAHA_QUANTILE: 0.990000	DAHA_SYMB_THRES: 11000000	DAHA_NUMC_THRES: 2500000	DN_MIN: 256	GUD_ALPHA: 0.500000	GUD_MIN: 256	HYB_THRES: 0.950000
[0;36m0th run	init_time: 0.008172571	symb_time: 0.786273554	mgmt_time: 0.012604391	numc_time: 1.614487492	total_time: 2.421538008
[0m
[0;36m1th run	init_time: 0.007521016	symb_time: 0.801995819	mgmt_time: 0.012400103	numc_time: 1.619422980	total_time: 2.441339918
[0m
[0;32mdataset: g500_19_4	num_trials: 1	thread_num: 64	numa_mask: 1	init_time: 0.007521016	symb_time: 0.801995819	mgmt_time: 0.012400103	numc_time: 1.619422980	total_time: 2.441339918	flop_cnt: 2214702680	numc_perf: 1367587534.172202587	perf: 907166865.077245712
[0mCONFIGURATION:	USE_HYPERTHREADING	HASH_CONSTANT: 2654435761	THREAD_NUM: 64	AB_HIGH_THREAD_NUM: 16	AB_SIZE: 524288	AB_MIN_NUM: 32768	AB_PRT: 0.900000	AB_DNR	DAHA	DAHA_REAR	DAHA_QUANTILE: 0.990000	DAHA_SYMB_THRES: 11000000	DAHA_NUMC_THRES: 2500000	DN_MIN: 256	GUD_ALPHA: 0.500000	GUD_MIN: 256	HYB_THRES: 0.950000
[0;36m0th run	init_time: 0.010780359	symb_time: 2.325129380	mgmt_time: 0.014928039	numc_time: 6.611622320	total_time: 8.962460098
[0m
[0;36m1th run	init_time: 0.141256242	symb_time: 2.337081404	mgmt_time: 0.014686583	numc_time: 6.603427216	total_time: 9.096451445
[0m
[0;32mdataset: g500_19_8	num_trials: 1	thread_num: 64	numa_mask: 1	init_time: 0.141256242	symb_time: 2.337081404	mgmt_time: 0.014686583	numc_time: 6.603427216	total_time: 9.096451445	flop_cnt: 8006120556	numc_perf: 1212418990.036158323	perf: 880136677.957060218
[0mCONFIGURATION:	USE_HYPERTHREADING	HASH_CONSTANT: 2654435761	THREAD_NUM: 64	AB_HIGH_THREAD_NUM: 16	AB_SIZE: 524288	AB_MIN_NUM: 32768	AB_PRT: 0.900000	AB_DNR	DAHA	DAHA_REAR	DAHA_QUANTILE: 0.990000	DAHA_SYMB_THRES: 11000000	DAHA_NUMC_THRES: 2500000	DN_MIN: 256	GUD_ALPHA: 0.500000	GUD_MIN: 256	HYB_THRES: 0.950000
[0;36m0th run	init_time: 0.015064850	symb_time: 7.668078939	mgmt_time: 0.019953352	numc_time: 24.270168853	total_time: 31.973265994
[0m
[0;36m1th run	init_time: 0.143157786	symb_time: 7.650825624	mgmt_time: 0.020181713	numc_time: 24.262990616	total_time: 32.077155739
[0m
[0;32mdataset: g500_19_16	num_trials: 1	thread_num: 64	numa_mask: 1	init_time: 0.143157786	symb_time: 7.650825624	mgmt_time: 0.020181713	numc_time: 24.262990616	total_time: 32.077155739	flop_cnt: 28930196662	numc_perf: 1192359059.106351614	perf: 901894073.695135355
[0mCONFIGURATION:	USE_HYPERTHREADING	HASH_CONSTANT: 2654435761	THREAD_NUM: 64	AB_HIGH_THREAD_NUM: 16	AB_SIZE: 524288	AB_MIN_NUM: 32768	AB_PRT: 0.900000	AB_DNR	DAHA	DAHA_REAR	DAHA_QUANTILE: 0.990000	DAHA_SYMB_THRES: 11000000	DAHA_NUMC_THRES: 2500000	DN_MIN: 256	GUD_ALPHA: 0.500000	GUD_MIN: 256	HYB_THRES: 0.950000
[0;36m0th run	init_time: 0.010046421	symb_time: 0.230859758	mgmt_time: 0.011702279	numc_time: 0.294350561	total_time: 0.546959019
[0m
[0;36m1th run	init_time: 0.009056861	symb_time: 0.229068078	mgmt_time: 0.011462063	numc_time: 0.294839524	total_time: 0.544426526
[0m
[0;32mdataset: g500_20_1	num_trials: 1	thread_num: 64	numa_mask: 1	init_time: 0.009056861	symb_time: 0.229068078	mgmt_time: 0.011462063	numc_time: 0.294839524	total_time: 0.544426526	flop_cnt: 405457504	numc_perf: 1375180296.383872747	perf: 744742375.025275588
[0mCONFIGURATION:	USE_HYPERTHREADING	HASH_CONSTANT: 2654435761	THREAD_NUM: 64	AB_HIGH_THREAD_NUM: 16	AB_SIZE: 524288	AB_MIN_NUM: 32768	AB_PRT: 0.900000	AB_DNR	DAHA	DAHA_REAR	DAHA_QUANTILE: 0.990000	DAHA_SYMB_THRES: 11000000	DAHA_NUMC_THRES: 2500000	DN_MIN: 256	GUD_ALPHA: 0.500000	GUD_MIN: 256	HYB_THRES: 0.950000
[0;36m0th run	init_time: 0.011296989	symb_time: 0.740527845	mgmt_time: 0.012201874	numc_time: 1.210268116	total_time: 1.974294824
[0m
[0;36m1th run	init_time: 0.010144843	symb_time: 0.746434084	mgmt_time: 0.012163150	numc_time: 1.211956991	total_time: 1.980699068
[0m
[0;32mdataset: g500_20_2	num_trials: 1	thread_num: 64	numa_mask: 1	init_time: 0.010144843	symb_time: 0.746434084	mgmt_time: 0.012163150	numc_time: 1.211956991	total_time: 1.980699068	flop_cnt: 1621860284	numc_perf: 1338216039.054144859	perf: 818832254.834988356
[0mCONFIGURATION:	USE_HYPERTHREADING	HASH_CONSTANT: 2654435761	THREAD_NUM: 64	AB_HIGH_THREAD_NUM: 16	AB_SIZE: 524288	AB_MIN_NUM: 32768	AB_PRT: 0.900000	AB_DNR	DAHA	DAHA_REAR	DAHA_QUANTILE: 0.990000	DAHA_SYMB_THRES: 11000000	DAHA_NUMC_THRES: 2500000	DN_MIN: 256	GUD_ALPHA: 0.500000	GUD_MIN: 256	HYB_THRES: 0.950000
[0;36m0th run	init_time: 0.013546336	symb_time: 2.286969133	mgmt_time: 0.015074448	numc_time: 5.955746235	total_time: 8.271336152
[0m
[0;36m1th run	init_time: 0.143767221	symb_time: 2.304554093	mgmt_time: 0.014455666	numc_time: 5.966685647	total_time: 8.429462627
[0m
[0;32mdataset: g500_20_4	num_trials: 1	thread_num: 64	numa_mask: 1	init_time: 0.143767221	symb_time: 2.304554093	mgmt_time: 0.014455666	numc_time: 5.966685647	total_time: 8.429462627	flop_cnt: 6063756842	numc_perf: 1016268863.610873580	perf: 719352716.812276602
[0mCONFIGURATION:	USE_HYPERTHREADING	HASH_CONSTANT: 2654435761	THREAD_NUM: 64	AB_HIGH_THREAD_NUM: 16	AB_SIZE: 524288	AB_MIN_NUM: 32768	AB_PRT: 0.900000	AB_DNR	DAHA	DAHA_REAR	DAHA_QUANTILE: 0.990000	DAHA_SYMB_THRES: 11000000	DAHA_NUMC_THRES: 2500000	DN_MIN: 256	GUD_ALPHA: 0.500000	GUD_MIN: 256	HYB_THRES: 0.950000
[0;36m0th run	init_time: 0.019651685	symb_time: 8.104321793	mgmt_time: 0.020708668	numc_time: 21.574144998	total_time: 29.718827144
[0m
[0;36m1th run	init_time: 0.148220972	symb_time: 8.065671098	mgmt_time: 0.020925084	numc_time: 21.588739750	total_time: 29.823556904
[0m
[0;32mdataset: g500_20_8	num_trials: 1	thread_num: 64	numa_mask: 1	init_time: 0.148220972	symb_time: 8.065671098	mgmt_time: 0.020925084	numc_time: 21.588739750	total_time: 29.823556904	flop_cnt: 21344490376	numc_perf: 988686260.669754982	perf: 715692311.440465093
[0mmmap: Cannot allocate memory
CONFIGURATION:	USE_HYPERTHREADING	HASH_CONSTANT: 2654435761	THREAD_NUM: 64	AB_HIGH_THREAD_NUM: 16	AB_SIZE: 524288	AB_MIN_NUM: 32768	AB_PRT: 0.900000	AB_DNR	DAHA	DAHA_REAR	DAHA_QUANTILE: 0.990000	DAHA_SYMB_THRES: 11000000	DAHA_NUMC_THRES: 2500000	DN_MIN: 256	GUD_ALPHA: 0.500000	GUD_MIN: 256	HYB_THRES: 0.950000
errno: 22
buffer_size: 455719517040
