CONFIGURATION:	USE_HYPERTHREADING	USE_WEIGHTED_INTERLEAVING	HASH_CONSTANT: 2654435761	THREAD_NUM: 64	AB_HIGH_THREAD_NUM: 22	AB_SIZE: 524288	AB_MIN_NUM: 32768	AB_PRT: 0.850000	AB_DNR	DAHA	DAHA_REAR	DAHA_QUANTILE: 0.990000	DAHA_SYMB_THRES: 5000000	DAHA_NUMC_THRES: 450000	DN_MIN: 256	GUD_ALPHA: 0.500000	GUD_MIN: 256	HYB_THRES: 0.950000
[0;36m0th run	init_time: 0.006230540	symb_time: 0.035519765	mgmt_time: 0.000272215	numc_time: 0.021872378	total_time: 0.063894898
[0m
[0;36m1th run	init_time: 0.004223926	symb_time: 0.035761392	mgmt_time: 0.000267658	numc_time: 0.021970933	total_time: 0.062223909
[0m
[0;32mdataset: g500_17_1	num_trials: 1	thread_num: 64	numa_mask: 6	init_time: 0.004223926	symb_time: 0.035761392	mgmt_time: 0.000267658	numc_time: 0.021970933	total_time: 0.062223909	flop_cnt: 26545040	numc_perf: 1208189019.555974245	perf: 426605149.477188826
[0mCONFIGURATION:	USE_HYPERTHREADING	USE_WEIGHTED_INTERLEAVING	HASH_CONSTANT: 2654435761	THREAD_NUM: 64	AB_HIGH_THREAD_NUM: 22	AB_SIZE: 524288	AB_MIN_NUM: 32768	AB_PRT: 0.850000	AB_DNR	DAHA	DAHA_REAR	DAHA_QUANTILE: 0.990000	DAHA_SYMB_THRES: 5000000	DAHA_NUMC_THRES: 450000	DN_MIN: 256	GUD_ALPHA: 0.500000	GUD_MIN: 256	HYB_THRES: 0.950000
[0;36m0th run	init_time: 0.006295048	symb_time: 0.075004312	mgmt_time: 0.010546056	numc_time: 0.077209629	total_time: 0.169055045
[0m
[0;36m1th run	init_time: 0.004438583	symb_time: 0.075080956	mgmt_time: 0.010675008	numc_time: 0.076703969	total_time: 0.166898516
[0m
[0;32mdataset: g500_17_2	num_trials: 1	thread_num: 64	numa_mask: 6	init_time: 0.004438583	symb_time: 0.075080956	mgmt_time: 0.010675008	numc_time: 0.076703969	total_time: 0.166898516	flop_cnt: 99289164	numc_perf: 1294446236.543509007	perf: 594907410.680631876
[0mCONFIGURATION:	USE_HYPERTHREADING	USE_WEIGHTED_INTERLEAVING	HASH_CONSTANT: 2654435761	THREAD_NUM: 64	AB_HIGH_THREAD_NUM: 22	AB_SIZE: 524288	AB_MIN_NUM: 32768	AB_PRT: 0.850000	AB_DNR	DAHA	DAHA_REAR	DAHA_QUANTILE: 0.990000	DAHA_SYMB_THRES: 5000000	DAHA_NUMC_THRES: 450000	DN_MIN: 256	GUD_ALPHA: 0.500000	GUD_MIN: 256	HYB_THRES: 0.950000
[0;36m0th run	init_time: 0.006366694	symb_time: 0.141653464	mgmt_time: 0.011042508	numc_time: 0.352861697	total_time: 0.511924363
[0m
[0;36m1th run	init_time: 0.133778595	symb_time: 0.142202058	mgmt_time: 0.010879504	numc_time: 0.351189345	total_time: 0.638049502
[0m
[0;32mdataset: g500_17_4	num_trials: 1	thread_num: 64	numa_mask: 6	init_time: 0.133778595	symb_time: 0.142202058	mgmt_time: 0.010879504	numc_time: 0.351189345	total_time: 0.638049502	flop_cnt: 358726446	numc_perf: 1021461644.857135296	perf: 562223534.185910225
[0mCONFIGURATION:	USE_HYPERTHREADING	USE_WEIGHTED_INTERLEAVING	HASH_CONSTANT: 2654435761	THREAD_NUM: 64	AB_HIGH_THREAD_NUM: 22	AB_SIZE: 524288	AB_MIN_NUM: 32768	AB_PRT: 0.850000	AB_DNR	DAHA	DAHA_REAR	DAHA_QUANTILE: 0.990000	DAHA_SYMB_THRES: 5000000	DAHA_NUMC_THRES: 450000	DN_MIN: 256	GUD_ALPHA: 0.500000	GUD_MIN: 256	HYB_THRES: 0.950000
[0;36m0th run	init_time: 0.006480450	symb_time: 0.297636369	mgmt_time: 0.011656002	numc_time: 2.057862813	total_time: 2.373635634
[0m
[0;36m1th run	init_time: 0.135530492	symb_time: 0.286542758	mgmt_time: 0.011455744	numc_time: 2.066456216	total_time: 2.499985210
[0m
[0;32mdataset: g500_17_8	num_trials: 1	thread_num: 64	numa_mask: 6	init_time: 0.135530492	symb_time: 0.286542758	mgmt_time: 0.011455744	numc_time: 2.066456216	total_time: 2.499985210	flop_cnt: 1245326524	numc_perf: 602638717.606393218	perf: 498133556.558120549
[0mCONFIGURATION:	USE_HYPERTHREADING	USE_WEIGHTED_INTERLEAVING	HASH_CONSTANT: 2654435761	THREAD_NUM: 64	AB_HIGH_THREAD_NUM: 22	AB_SIZE: 524288	AB_MIN_NUM: 32768	AB_PRT: 0.850000	AB_DNR	DAHA	DAHA_REAR	DAHA_QUANTILE: 0.990000	DAHA_SYMB_THRES: 5000000	DAHA_NUMC_THRES: 450000	DN_MIN: 256	GUD_ALPHA: 0.500000	GUD_MIN: 256	HYB_THRES: 0.950000
[0;36m0th run	init_time: 0.006730643	symb_time: 0.628347731	mgmt_time: 0.012194691	numc_time: 12.402853261	total_time: 13.050126326
[0m
[0;36m1th run	init_time: 0.137664924	symb_time: 0.629478204	mgmt_time: 0.012257095	numc_time: 12.382778091	total_time: 13.162178314
[0m
[0;32mdataset: g500_17_16	num_trials: 1	thread_num: 64	numa_mask: 6	init_time: 0.137664924	symb_time: 0.629478204	mgmt_time: 0.012257095	numc_time: 12.382778091	total_time: 13.162178314	flop_cnt: 4189732618	numc_perf: 338351586.954882443	perf: 318316050.584391117
[0mCONFIGURATION:	USE_HYPERTHREADING	USE_WEIGHTED_INTERLEAVING	HASH_CONSTANT: 2654435761	THREAD_NUM: 64	AB_HIGH_THREAD_NUM: 22	AB_SIZE: 524288	AB_MIN_NUM: 32768	AB_PRT: 0.850000	AB_DNR	DAHA	DAHA_REAR	DAHA_QUANTILE: 0.990000	DAHA_SYMB_THRES: 5000000	DAHA_NUMC_THRES: 450000	DN_MIN: 256	GUD_ALPHA: 0.500000	GUD_MIN: 256	HYB_THRES: 0.950000
[0;36m0th run	init_time: 0.008264336	symb_time: 1.470274258	mgmt_time: 0.013321853	numc_time: 56.985966246	total_time: 58.477826693
[0m
[0;36m1th run	init_time: 0.138475342	symb_time: 1.460408137	mgmt_time: 0.013633344	numc_time: 57.016121264	total_time: 58.628638087
[0m
[0;32mdataset: g500_17_32	num_trials: 1	thread_num: 64	numa_mask: 6	init_time: 0.138475342	symb_time: 1.460408137	mgmt_time: 0.013633344	numc_time: 57.016121264	total_time: 58.628638087	flop_cnt: 13705485276	numc_perf: 240379123.871648729	perf: 233767757.928509355
[0mCONFIGURATION:	USE_HYPERTHREADING	USE_WEIGHTED_INTERLEAVING	HASH_CONSTANT: 2654435761	THREAD_NUM: 64	AB_HIGH_THREAD_NUM: 22	AB_SIZE: 524288	AB_MIN_NUM: 32768	AB_PRT: 0.850000	AB_DNR	DAHA	DAHA_REAR	DAHA_QUANTILE: 0.990000	DAHA_SYMB_THRES: 5000000	DAHA_NUMC_THRES: 450000	DN_MIN: 256	GUD_ALPHA: 0.500000	GUD_MIN: 256	HYB_THRES: 0.950000
[0;36m0th run	init_time: 0.006930865	symb_time: 0.060932336	mgmt_time: 0.011161664	numc_time: 0.049662220	total_time: 0.128687085
[0m
[0;36m1th run	init_time: 0.005182129	symb_time: 0.061292429	mgmt_time: 0.010909293	numc_time: 0.049467717	total_time: 0.126851568
[0m
[0;32mdataset: g500_18_1	num_trials: 1	thread_num: 64	numa_mask: 6	init_time: 0.005182129	symb_time: 0.061292429	mgmt_time: 0.010909293	numc_time: 0.049467717	total_time: 0.126851568	flop_cnt: 63713390	numc_perf: 1287979188.528146505	perf: 502267264.051477849
[0mCONFIGURATION:	USE_HYPERTHREADING	USE_WEIGHTED_INTERLEAVING	HASH_CONSTANT: 2654435761	THREAD_NUM: 64	AB_HIGH_THREAD_NUM: 22	AB_SIZE: 524288	AB_MIN_NUM: 32768	AB_PRT: 0.850000	AB_DNR	DAHA	DAHA_REAR	DAHA_QUANTILE: 0.990000	DAHA_SYMB_THRES: 5000000	DAHA_NUMC_THRES: 450000	DN_MIN: 256	GUD_ALPHA: 0.500000	GUD_MIN: 256	HYB_THRES: 0.950000
[0;36m0th run	init_time: 0.007144315	symb_time: 0.141674878	mgmt_time: 0.011249756	numc_time: 0.237579152	total_time: 0.397648101
[0m
[0;36m1th run	init_time: 0.005837487	symb_time: 0.140329811	mgmt_time: 0.011042002	numc_time: 0.238477832	total_time: 0.395687132
[0m
[0;32mdataset: g500_18_2	num_trials: 1	thread_num: 64	numa_mask: 6	init_time: 0.005837487	symb_time: 0.140329811	mgmt_time: 0.011042002	numc_time: 0.238477832	total_time: 0.395687132	flop_cnt: 231404130	numc_perf: 970338115.116712332	perf: 584815909.555532336
[0mCONFIGURATION:	USE_HYPERTHREADING	USE_WEIGHTED_INTERLEAVING	HASH_CONSTANT: 2654435761	THREAD_NUM: 64	AB_HIGH_THREAD_NUM: 22	AB_SIZE: 524288	AB_MIN_NUM: 32768	AB_PRT: 0.850000	AB_DNR	DAHA	DAHA_REAR	DAHA_QUANTILE: 0.990000	DAHA_SYMB_THRES: 5000000	DAHA_NUMC_THRES: 450000	DN_MIN: 256	GUD_ALPHA: 0.500000	GUD_MIN: 256	HYB_THRES: 0.950000
[0;36m0th run	init_time: 0.007115060	symb_time: 0.303367527	mgmt_time: 0.011570534	numc_time: 1.115733575	total_time: 1.437786696
[0m
[0;36m1th run	init_time: 0.137334726	symb_time: 0.302759137	mgmt_time: 0.011504308	numc_time: 1.117038429	total_time: 1.568636600
[0m
[0;32mdataset: g500_18_4	num_trials: 1	thread_num: 64	numa_mask: 6	init_time: 0.137334726	symb_time: 0.302759137	mgmt_time: 0.011504308	numc_time: 1.117038429	total_time: 1.568636600	flop_cnt: 866259112	numc_perf: 775496249.287946463	perf: 552236962.977913380
[0mCONFIGURATION:	USE_HYPERTHREADING	USE_WEIGHTED_INTERLEAVING	HASH_CONSTANT: 2654435761	THREAD_NUM: 64	AB_HIGH_THREAD_NUM: 22	AB_SIZE: 524288	AB_MIN_NUM: 32768	AB_PRT: 0.850000	AB_DNR	DAHA	DAHA_REAR	DAHA_QUANTILE: 0.990000	DAHA_SYMB_THRES: 5000000	DAHA_NUMC_THRES: 450000	DN_MIN: 256	GUD_ALPHA: 0.500000	GUD_MIN: 256	HYB_THRES: 0.950000
[0;36m0th run	init_time: 0.007490742	symb_time: 0.801726341	mgmt_time: 0.012830490	numc_time: 7.401907709	total_time: 8.223955282
[0m
[0;36m1th run	init_time: 0.139303010	symb_time: 0.820146484	mgmt_time: 0.012700075	numc_time: 7.385980186	total_time: 8.358129755
[0m
[0;32mdataset: g500_18_8	num_trials: 1	thread_num: 64	numa_mask: 6	init_time: 0.139303010	symb_time: 0.820146484	mgmt_time: 0.012700075	numc_time: 7.385980186	total_time: 8.358129755	flop_cnt: 3197249132	numc_perf: 432880816.287637949	perf: 382531645.920828342
[0mCONFIGURATION:	USE_HYPERTHREADING	USE_WEIGHTED_INTERLEAVING	HASH_CONSTANT: 2654435761	THREAD_NUM: 64	AB_HIGH_THREAD_NUM: 22	AB_SIZE: 524288	AB_MIN_NUM: 32768	AB_PRT: 0.850000	AB_DNR	DAHA	DAHA_REAR	DAHA_QUANTILE: 0.990000	DAHA_SYMB_THRES: 5000000	DAHA_NUMC_THRES: 450000	DN_MIN: 256	GUD_ALPHA: 0.500000	GUD_MIN: 256	HYB_THRES: 0.950000
[0;36m0th run	init_time: 0.009981796	symb_time: 2.292644846	mgmt_time: 0.014572433	numc_time: 40.541740415	total_time: 42.858939490
[0m
[0;36m1th run	init_time: 0.141139354	symb_time: 2.344365974	mgmt_time: 0.014246759	numc_time: 40.642168945	total_time: 43.141921032
[0m
[0;32mdataset: g500_18_16	num_trials: 1	thread_num: 64	numa_mask: 6	init_time: 0.141139354	symb_time: 2.344365974	mgmt_time: 0.014246759	numc_time: 40.642168945	total_time: 43.141921032	flop_cnt: 11359799604	numc_perf: 279507710.805811644	perf: 263312326.671174556
[0mCONFIGURATION:	USE_HYPERTHREADING	USE_WEIGHTED_INTERLEAVING	HASH_CONSTANT: 2654435761	THREAD_NUM: 64	AB_HIGH_THREAD_NUM: 22	AB_SIZE: 524288	AB_MIN_NUM: 32768	AB_PRT: 0.850000	AB_DNR	DAHA	DAHA_REAR	DAHA_QUANTILE: 0.990000	DAHA_SYMB_THRES: 5000000	DAHA_NUMC_THRES: 450000	DN_MIN: 256	GUD_ALPHA: 0.500000	GUD_MIN: 256	HYB_THRES: 0.950000
[0;36m0th run	init_time: 0.014227422	symb_time: 5.300876274	mgmt_time: 0.017921707	numc_time: 161.613611751	total_time: 166.946637154
[0m
[0;36m1th run	init_time: 0.143504762	symb_time: 5.318916353	mgmt_time: 0.017755372	numc_time: 161.689854606	total_time: 167.170031093
[0m
[0;32mdataset: g500_18_32	num_trials: 1	thread_num: 64	numa_mask: 6	init_time: 0.143504762	symb_time: 5.318916353	mgmt_time: 0.017755372	numc_time: 161.689854606	total_time: 167.170031093	flop_cnt: 36733901550	numc_perf: 227187423.969870239	perf: 219739754.247962087
[0mCONFIGURATION:	USE_HYPERTHREADING	USE_WEIGHTED_INTERLEAVING	HASH_CONSTANT: 2654435761	THREAD_NUM: 64	AB_HIGH_THREAD_NUM: 22	AB_SIZE: 524288	AB_MIN_NUM: 32768	AB_PRT: 0.850000	AB_DNR	DAHA	DAHA_REAR	DAHA_QUANTILE: 0.990000	DAHA_SYMB_THRES: 5000000	DAHA_NUMC_THRES: 450000	DN_MIN: 256	GUD_ALPHA: 0.500000	GUD_MIN: 256	HYB_THRES: 0.950000
[0;36m0th run	init_time: 0.008285662	symb_time: 0.117993347	mgmt_time: 0.011051781	numc_time: 0.132786029	total_time: 0.270116819
[0m
[0;36m1th run	init_time: 0.006985320	symb_time: 0.118611857	mgmt_time: 0.011194006	numc_time: 0.132110014	total_time: 0.268901197
[0m
[0;32mdataset: g500_19_1	num_trials: 1	thread_num: 64	numa_mask: 6	init_time: 0.006985320	symb_time: 0.118611857	mgmt_time: 0.011194006	numc_time: 0.132110014	total_time: 0.268901197	flop_cnt: 166344542	numc_perf: 1259136510.272415876	perf: 618608410.285358429
[0mCONFIGURATION:	USE_HYPERTHREADING	USE_WEIGHTED_INTERLEAVING	HASH_CONSTANT: 2654435761	THREAD_NUM: 64	AB_HIGH_THREAD_NUM: 22	AB_SIZE: 524288	AB_MIN_NUM: 32768	AB_PRT: 0.850000	AB_DNR	DAHA	DAHA_REAR	DAHA_QUANTILE: 0.990000	DAHA_SYMB_THRES: 5000000	DAHA_NUMC_THRES: 450000	DN_MIN: 256	GUD_ALPHA: 0.500000	GUD_MIN: 256	HYB_THRES: 0.950000
[0;36m0th run	init_time: 0.008359997	symb_time: 0.308573218	mgmt_time: 0.011720679	numc_time: 0.668761197	total_time: 0.997415091
[0m
[0;36m1th run	init_time: 0.137857524	symb_time: 0.307272374	mgmt_time: 0.011635816	numc_time: 0.665997468	total_time: 1.122763182
[0m
[0;32mdataset: g500_19_2	num_trials: 1	thread_num: 64	numa_mask: 6	init_time: 0.137857524	symb_time: 0.307272374	mgmt_time: 0.011635816	numc_time: 0.665997468	total_time: 1.122763182	flop_cnt: 633825774	numc_perf: 951693969.503199458	perf: 564523119.533501148
[0mCONFIGURATION:	USE_HYPERTHREADING	USE_WEIGHTED_INTERLEAVING	HASH_CONSTANT: 2654435761	THREAD_NUM: 64	AB_HIGH_THREAD_NUM: 22	AB_SIZE: 524288	AB_MIN_NUM: 32768	AB_PRT: 0.850000	AB_DNR	DAHA	DAHA_REAR	DAHA_QUANTILE: 0.990000	DAHA_SYMB_THRES: 5000000	DAHA_NUMC_THRES: 450000	DN_MIN: 256	GUD_ALPHA: 0.500000	GUD_MIN: 256	HYB_THRES: 0.950000
[0;36m0th run	init_time: 0.009618546	symb_time: 0.854322975	mgmt_time: 0.012680470	numc_time: 3.646960452	total_time: 4.523582443
[0m
[0;36m1th run	init_time: 0.140659823	symb_time: 0.847412476	mgmt_time: 0.012141669	numc_time: 3.650065948	total_time: 4.650279916
[0m
[0;32mdataset: g500_19_4	num_trials: 1	thread_num: 64	numa_mask: 6	init_time: 0.140659823	symb_time: 0.847412476	mgmt_time: 0.012141669	numc_time: 3.650065948	total_time: 4.650279916	flop_cnt: 2214702680	numc_perf: 606756894.683920383	perf: 476251477.331499219
[0mCONFIGURATION:	USE_HYPERTHREADING	USE_WEIGHTED_INTERLEAVING	HASH_CONSTANT: 2654435761	THREAD_NUM: 64	AB_HIGH_THREAD_NUM: 22	AB_SIZE: 524288	AB_MIN_NUM: 32768	AB_PRT: 0.850000	AB_DNR	DAHA	DAHA_REAR	DAHA_QUANTILE: 0.990000	DAHA_SYMB_THRES: 5000000	DAHA_NUMC_THRES: 450000	DN_MIN: 256	GUD_ALPHA: 0.500000	GUD_MIN: 256	HYB_THRES: 0.950000
[0;36m0th run	init_time: 0.011898103	symb_time: 3.046585747	mgmt_time: 0.015294243	numc_time: 22.820708355	total_time: 25.894486448
[0m
[0;36m1th run	init_time: 0.143439809	symb_time: 3.037237360	mgmt_time: 0.015012334	numc_time: 22.802202878	total_time: 25.997892381
[0m
[0;32mdataset: g500_19_8	num_trials: 1	thread_num: 64	numa_mask: 6	init_time: 0.143439809	symb_time: 3.037237360	mgmt_time: 0.015012334	numc_time: 22.802202878	total_time: 25.997892381	flop_cnt: 8006120556	numc_perf: 351111714.900337875	perf: 307952677.035123825
[0mCONFIGURATION:	USE_HYPERTHREADING	USE_WEIGHTED_INTERLEAVING	HASH_CONSTANT: 2654435761	THREAD_NUM: 64	AB_HIGH_THREAD_NUM: 22	AB_SIZE: 524288	AB_MIN_NUM: 32768	AB_PRT: 0.850000	AB_DNR	DAHA	DAHA_REAR	DAHA_QUANTILE: 0.990000	DAHA_SYMB_THRES: 5000000	DAHA_NUMC_THRES: 450000	DN_MIN: 256	GUD_ALPHA: 0.500000	GUD_MIN: 256	HYB_THRES: 0.950000
[0;36m0th run	init_time: 0.017430798	symb_time: 9.748239069	mgmt_time: 0.020166255	numc_time: 101.264939124	total_time: 111.050775246
[0m
[0;36m1th run	init_time: 0.146623272	symb_time: 9.835180333	mgmt_time: 0.020562183	numc_time: 101.480632909	total_time: 111.482998697
[0m
[0;32mdataset: g500_19_16	num_trials: 1	thread_num: 64	numa_mask: 6	init_time: 0.146623272	symb_time: 9.835180333	mgmt_time: 0.020562183	numc_time: 101.480632909	total_time: 111.482998697	flop_cnt: 28930196662	numc_perf: 285080964.048996150	perf: 259503215.738118738
[0mCONFIGURATION:	USE_HYPERTHREADING	USE_WEIGHTED_INTERLEAVING	HASH_CONSTANT: 2654435761	THREAD_NUM: 64	AB_HIGH_THREAD_NUM: 22	AB_SIZE: 524288	AB_MIN_NUM: 32768	AB_PRT: 0.850000	AB_DNR	DAHA	DAHA_REAR	DAHA_QUANTILE: 0.990000	DAHA_SYMB_THRES: 5000000	DAHA_NUMC_THRES: 450000	DN_MIN: 256	GUD_ALPHA: 0.500000	GUD_MIN: 256	HYB_THRES: 0.950000
[0;36m0th run	init_time: 0.010921228	symb_time: 0.233233611	mgmt_time: 0.011632408	numc_time: 0.355168194	total_time: 0.610955441
[0m
[0;36m1th run	init_time: 0.141437078	symb_time: 0.232318275	mgmt_time: 0.011776902	numc_time: 0.355169052	total_time: 0.740701307
[0m
[0;32mdataset: g500_20_1	num_trials: 1	thread_num: 64	numa_mask: 6	init_time: 0.141437078	symb_time: 0.232318275	mgmt_time: 0.011776902	numc_time: 0.355169052	total_time: 0.740701307	flop_cnt: 405457504	numc_perf: 1141590185.622366428	perf: 547396771.368192077
[0mCONFIGURATION:	USE_HYPERTHREADING	USE_WEIGHTED_INTERLEAVING	HASH_CONSTANT: 2654435761	THREAD_NUM: 64	AB_HIGH_THREAD_NUM: 22	AB_SIZE: 524288	AB_MIN_NUM: 32768	AB_PRT: 0.850000	AB_DNR	DAHA	DAHA_REAR	DAHA_QUANTILE: 0.990000	DAHA_SYMB_THRES: 5000000	DAHA_NUMC_THRES: 450000	DN_MIN: 256	GUD_ALPHA: 0.500000	GUD_MIN: 256	HYB_THRES: 0.950000
[0;36m0th run	init_time: 0.012646098	symb_time: 0.756096108	mgmt_time: 0.012504375	numc_time: 2.185216883	total_time: 2.966463464
[0m
[0;36m1th run	init_time: 0.144171407	symb_time: 0.766822863	mgmt_time: 0.012639000	numc_time: 2.180093676	total_time: 3.103726946
[0m
[0;32mdataset: g500_20_2	num_trials: 1	thread_num: 64	numa_mask: 6	init_time: 0.144171407	symb_time: 0.766822863	mgmt_time: 0.012639000	numc_time: 2.180093676	total_time: 3.103726946	flop_cnt: 1621860284	numc_perf: 743940639.732400298	perf: 522552502.915957272
[0mCONFIGURATION:	USE_HYPERTHREADING	USE_WEIGHTED_INTERLEAVING	HASH_CONSTANT: 2654435761	THREAD_NUM: 64	AB_HIGH_THREAD_NUM: 22	AB_SIZE: 524288	AB_MIN_NUM: 32768	AB_PRT: 0.850000	AB_DNR	DAHA	DAHA_REAR	DAHA_QUANTILE: 0.990000	DAHA_SYMB_THRES: 5000000	DAHA_NUMC_THRES: 450000	DN_MIN: 256	GUD_ALPHA: 0.500000	GUD_MIN: 256	HYB_THRES: 0.950000
[0;36m0th run	init_time: 0.016284567	symb_time: 3.251992537	mgmt_time: 0.015398670	numc_time: 13.783299706	total_time: 17.066975480
[0m
[0;36m1th run	init_time: 0.146495864	symb_time: 3.263743922	mgmt_time: 0.015232376	numc_time: 13.779266981	total_time: 17.204739143
[0m
[0;32mdataset: g500_20_4	num_trials: 1	thread_num: 64	numa_mask: 6	init_time: 0.146495864	symb_time: 3.263743922	mgmt_time: 0.015232376	numc_time: 13.779266981	total_time: 17.204739143	flop_cnt: 6063756842	numc_perf: 440063818.370107293	perf: 352446892.196393967
[0mCONFIGURATION:	USE_HYPERTHREADING	USE_WEIGHTED_INTERLEAVING	HASH_CONSTANT: 2654435761	THREAD_NUM: 64	AB_HIGH_THREAD_NUM: 22	AB_SIZE: 524288	AB_MIN_NUM: 32768	AB_PRT: 0.850000	AB_DNR	DAHA	DAHA_REAR	DAHA_QUANTILE: 0.990000	DAHA_SYMB_THRES: 5000000	DAHA_NUMC_THRES: 450000	DN_MIN: 256	GUD_ALPHA: 0.500000	GUD_MIN: 256	HYB_THRES: 0.950000
[0;36m0th run	init_time: 0.023231336	symb_time: 12.196160530	mgmt_time: 0.020808247	numc_time: 57.796083586	total_time: 70.036283699
[0m
[0;36m1th run	init_time: 0.151090338	symb_time: 12.299383381	mgmt_time: 0.020515999	numc_time: 57.751297535	total_time: 70.222287253
[0m
[0;32mdataset: g500_20_8	num_trials: 1	thread_num: 64	numa_mask: 6	init_time: 0.151090338	symb_time: 12.299383381	mgmt_time: 0.020515999	numc_time: 57.751297535	total_time: 70.222287253	flop_cnt: 21344490376	numc_perf: 369593260.879796445	perf: 303956068.806177080
[0mmmap: Cannot allocate memory
CONFIGURATION:	USE_HYPERTHREADING	USE_WEIGHTED_INTERLEAVING	HASH_CONSTANT: 2654435761	THREAD_NUM: 64	AB_HIGH_THREAD_NUM: 22	AB_SIZE: 524288	AB_MIN_NUM: 32768	AB_PRT: 0.850000	AB_DNR	DAHA	DAHA_REAR	DAHA_QUANTILE: 0.990000	DAHA_SYMB_THRES: 5000000	DAHA_NUMC_THRES: 450000	DN_MIN: 256	GUD_ALPHA: 0.500000	GUD_MIN: 256	HYB_THRES: 0.950000
errno: 22
buffer_size: 455719517040
