CONFIGURATION:	USE_HYPERTHREADING	HASH_CONSTANT: 2654435761	THREAD_NUM: 64	AB_HIGH_THREAD_NUM: 16	AB_SIZE: 524288	AB_MIN_NUM: 32768	AB_PRT: 0.900000	AB_DNR	DAHA	DAHA_REAR	DAHA_QUANTILE: 0.990000	DAHA_SYMB_THRES: 11000000	DAHA_NUMC_THRES: 2500000	DN_MIN: 256	GUD_ALPHA: 0.500000	GUD_MIN: 256	HYB_THRES: 0.950000
[0;36m0th run	init_time: 0.006422309	symb_time: 0.023412443	mgmt_time: 0.000246309	numc_time: 0.010168258	total_time: 0.040249319
[0m
[0;36m1th run	init_time: 0.004134156	symb_time: 0.023157965	mgmt_time: 0.000204889	numc_time: 0.010216722	total_time: 0.037713732
[0m
[0;32mdataset: ssca_17_1	num_trials: 1	thread_num: 64	numa_mask: 1	init_time: 0.004134156	symb_time: 0.023157965	mgmt_time: 0.000204889	numc_time: 0.010216722	total_time: 0.037713732	flop_cnt: 12544808	numc_perf: 1227870152.481392622	perf: 332632368.496440530
[0mCONFIGURATION:	USE_HYPERTHREADING	HASH_CONSTANT: 2654435761	THREAD_NUM: 64	AB_HIGH_THREAD_NUM: 16	AB_SIZE: 524288	AB_MIN_NUM: 32768	AB_PRT: 0.900000	AB_DNR	DAHA	DAHA_REAR	DAHA_QUANTILE: 0.990000	DAHA_SYMB_THRES: 11000000	DAHA_NUMC_THRES: 2500000	DN_MIN: 256	GUD_ALPHA: 0.500000	GUD_MIN: 256	HYB_THRES: 0.950000
[0;36m0th run	init_time: 0.006342538	symb_time: 0.050702899	mgmt_time: 0.010490411	numc_time: 0.033102867	total_time: 0.100638715
[0m
[0;36m1th run	init_time: 0.004180961	symb_time: 0.051036707	mgmt_time: 0.010676160	numc_time: 0.032792717	total_time: 0.098686545
[0m
[0;32mdataset: ssca_17_2	num_trials: 1	thread_num: 64	numa_mask: 1	init_time: 0.004180961	symb_time: 0.051036707	mgmt_time: 0.010676160	numc_time: 0.032792717	total_time: 0.098686545	flop_cnt: 47460784	numc_perf: 1447296483.545416594	perf: 480924567.781757891
[0mCONFIGURATION:	USE_HYPERTHREADING	HASH_CONSTANT: 2654435761	THREAD_NUM: 64	AB_HIGH_THREAD_NUM: 16	AB_SIZE: 524288	AB_MIN_NUM: 32768	AB_PRT: 0.900000	AB_DNR	DAHA	DAHA_REAR	DAHA_QUANTILE: 0.990000	DAHA_SYMB_THRES: 11000000	DAHA_NUMC_THRES: 2500000	DN_MIN: 256	GUD_ALPHA: 0.500000	GUD_MIN: 256	HYB_THRES: 0.950000
[0;36m0th run	init_time: 0.006204797	symb_time: 0.105173001	mgmt_time: 0.010940484	numc_time: 0.098759969	total_time: 0.221078251
[0m
[0;36m1th run	init_time: 0.004403331	symb_time: 0.105233425	mgmt_time: 0.010980231	numc_time: 0.097857622	total_time: 0.218474609
[0m
[0;32mdataset: ssca_17_4	num_trials: 1	thread_num: 64	numa_mask: 1	init_time: 0.004403331	symb_time: 0.105233425	mgmt_time: 0.010980231	numc_time: 0.097857622	total_time: 0.218474609	flop_cnt: 168699984	numc_perf: 1723933001.355786085	perf: 772172037.621085644
[0mCONFIGURATION:	USE_HYPERTHREADING	HASH_CONSTANT: 2654435761	THREAD_NUM: 64	AB_HIGH_THREAD_NUM: 16	AB_SIZE: 524288	AB_MIN_NUM: 32768	AB_PRT: 0.900000	AB_DNR	DAHA	DAHA_REAR	DAHA_QUANTILE: 0.990000	DAHA_SYMB_THRES: 11000000	DAHA_NUMC_THRES: 2500000	DN_MIN: 256	GUD_ALPHA: 0.500000	GUD_MIN: 256	HYB_THRES: 0.950000
[0;36m0th run	init_time: 0.006218931	symb_time: 0.204200284	mgmt_time: 0.011268385	numc_time: 0.306222143	total_time: 0.527909743
[0m
[0;36m1th run	init_time: 0.004683503	symb_time: 0.203282840	mgmt_time: 0.011245063	numc_time: 0.305554929	total_time: 0.524766335
[0m
[0;32mdataset: ssca_17_8	num_trials: 1	thread_num: 64	numa_mask: 1	init_time: 0.004683503	symb_time: 0.203282840	mgmt_time: 0.011245063	numc_time: 0.305554929	total_time: 0.524766335	flop_cnt: 624601922	numc_perf: 2044155936.361936092	perf: 1190247697.577627420
[0mCONFIGURATION:	USE_HYPERTHREADING	HASH_CONSTANT: 2654435761	THREAD_NUM: 64	AB_HIGH_THREAD_NUM: 16	AB_SIZE: 524288	AB_MIN_NUM: 32768	AB_PRT: 0.900000	AB_DNR	DAHA	DAHA_REAR	DAHA_QUANTILE: 0.990000	DAHA_SYMB_THRES: 11000000	DAHA_NUMC_THRES: 2500000	DN_MIN: 256	GUD_ALPHA: 0.500000	GUD_MIN: 256	HYB_THRES: 0.950000
[0;36m0th run	init_time: 0.006351588	symb_time: 0.462479527	mgmt_time: 0.012159231	numc_time: 1.055491542	total_time: 1.536481888
[0m
[0;36m1th run	init_time: 0.005158189	symb_time: 0.464199068	mgmt_time: 0.011904609	numc_time: 1.058437068	total_time: 1.539698934
[0m
[0;32mdataset: ssca_17_16	num_trials: 1	thread_num: 64	numa_mask: 1	init_time: 0.005158189	symb_time: 0.464199068	mgmt_time: 0.011904609	numc_time: 1.058437068	total_time: 1.539698934	flop_cnt: 2353868370	numc_perf: 2223909612.734765053	perf: 1528784828.008460522
[0mCONFIGURATION:	USE_HYPERTHREADING	HASH_CONSTANT: 2654435761	THREAD_NUM: 64	AB_HIGH_THREAD_NUM: 16	AB_SIZE: 524288	AB_MIN_NUM: 32768	AB_PRT: 0.900000	AB_DNR	DAHA	DAHA_REAR	DAHA_QUANTILE: 0.990000	DAHA_SYMB_THRES: 11000000	DAHA_NUMC_THRES: 2500000	DN_MIN: 256	GUD_ALPHA: 0.500000	GUD_MIN: 256	HYB_THRES: 0.950000
[0;36m0th run	init_time: 0.006584954	symb_time: 1.106703275	mgmt_time: 0.012733467	numc_time: 3.016243333	total_time: 4.142265029
[0m
[0;36m1th run	init_time: 0.137248684	symb_time: 1.126782782	mgmt_time: 0.012964287	numc_time: 3.016426667	total_time: 4.293422420
[0m
[0;32mdataset: ssca_17_32	num_trials: 1	thread_num: 64	numa_mask: 1	init_time: 0.137248684	symb_time: 1.126782782	mgmt_time: 0.012964287	numc_time: 3.016426667	total_time: 4.293422420	flop_cnt: 8147913534	numc_perf: 2701180712.642200947	perf: 1897766568.703947544
[0mCONFIGURATION:	USE_HYPERTHREADING	HASH_CONSTANT: 2654435761	THREAD_NUM: 64	AB_HIGH_THREAD_NUM: 16	AB_SIZE: 524288	AB_MIN_NUM: 32768	AB_PRT: 0.900000	AB_DNR	DAHA	DAHA_REAR	DAHA_QUANTILE: 0.990000	DAHA_SYMB_THRES: 11000000	DAHA_NUMC_THRES: 2500000	DN_MIN: 256	GUD_ALPHA: 0.500000	GUD_MIN: 256	HYB_THRES: 0.950000
[0;36m0th run	init_time: 0.015824801	symb_time: 0.033989308	mgmt_time: 0.000272614	numc_time: 0.021794839	total_time: 0.071881562
[0m
[0;36m1th run	init_time: 0.004626946	symb_time: 0.033857383	mgmt_time: 0.000269330	numc_time: 0.021783575	total_time: 0.060537234
[0m
[0;32mdataset: ssca_18_1	num_trials: 1	thread_num: 64	numa_mask: 1	init_time: 0.004626946	symb_time: 0.033857383	mgmt_time: 0.000269330	numc_time: 0.021783575	total_time: 0.060537234	flop_cnt: 27943792	numc_perf: 1282791828.246740818	perf: 461596775.300305188
[0mCONFIGURATION:	USE_HYPERTHREADING	HASH_CONSTANT: 2654435761	THREAD_NUM: 64	AB_HIGH_THREAD_NUM: 16	AB_SIZE: 524288	AB_MIN_NUM: 32768	AB_PRT: 0.900000	AB_DNR	DAHA	DAHA_REAR	DAHA_QUANTILE: 0.990000	DAHA_SYMB_THRES: 11000000	DAHA_NUMC_THRES: 2500000	DN_MIN: 256	GUD_ALPHA: 0.500000	GUD_MIN: 256	HYB_THRES: 0.950000
[0;36m0th run	init_time: 0.006720622	symb_time: 0.093083887	mgmt_time: 0.010855392	numc_time: 0.078471920	total_time: 0.189131821
[0m
[0;36m1th run	init_time: 0.005166750	symb_time: 0.092950357	mgmt_time: 0.011018170	numc_time: 0.078617267	total_time: 0.187752544
[0m
[0;32mdataset: ssca_18_2	num_trials: 1	thread_num: 64	numa_mask: 1	init_time: 0.005166750	symb_time: 0.092950357	mgmt_time: 0.011018170	numc_time: 0.078617267	total_time: 0.187752544	flop_cnt: 114850178	numc_perf: 1460877265.041533232	perf: 611710369.154838085
[0mCONFIGURATION:	USE_HYPERTHREADING	HASH_CONSTANT: 2654435761	THREAD_NUM: 64	AB_HIGH_THREAD_NUM: 16	AB_SIZE: 524288	AB_MIN_NUM: 32768	AB_PRT: 0.900000	AB_DNR	DAHA	DAHA_REAR	DAHA_QUANTILE: 0.990000	DAHA_SYMB_THRES: 11000000	DAHA_NUMC_THRES: 2500000	DN_MIN: 256	GUD_ALPHA: 0.500000	GUD_MIN: 256	HYB_THRES: 0.950000
[0;36m0th run	init_time: 0.006768751	symb_time: 0.207728966	mgmt_time: 0.011605906	numc_time: 0.262740882	total_time: 0.488844505
[0m
[0;36m1th run	init_time: 0.005372675	symb_time: 0.206845143	mgmt_time: 0.011528829	numc_time: 0.261566373	total_time: 0.485313020
[0m
[0;32mdataset: ssca_18_4	num_trials: 1	thread_num: 64	numa_mask: 1	init_time: 0.005372675	symb_time: 0.206845143	mgmt_time: 0.011528829	numc_time: 0.261566373	total_time: 0.485313020	flop_cnt: 436760506	numc_perf: 1669788440.274774790	perf: 899956292.126677394
[0mCONFIGURATION:	USE_HYPERTHREADING	HASH_CONSTANT: 2654435761	THREAD_NUM: 64	AB_HIGH_THREAD_NUM: 16	AB_SIZE: 524288	AB_MIN_NUM: 32768	AB_PRT: 0.900000	AB_DNR	DAHA	DAHA_REAR	DAHA_QUANTILE: 0.990000	DAHA_SYMB_THRES: 11000000	DAHA_NUMC_THRES: 2500000	DN_MIN: 256	GUD_ALPHA: 0.500000	GUD_MIN: 256	HYB_THRES: 0.950000
[0;36m0th run	init_time: 0.006771590	symb_time: 0.455209878	mgmt_time: 0.011914806	numc_time: 0.925519804	total_time: 1.399416078
[0m
[0;36m1th run	init_time: 0.005883658	symb_time: 0.463592425	mgmt_time: 0.011650460	numc_time: 0.920174321	total_time: 1.401300864
[0m
[0;32mdataset: ssca_18_8	num_trials: 1	thread_num: 64	numa_mask: 1	init_time: 0.005883658	symb_time: 0.463592425	mgmt_time: 0.011650460	numc_time: 0.920174321	total_time: 1.401300864	flop_cnt: 1511957342	numc_perf: 1643120556.066897631	perf: 1078966966.226033926
[0mCONFIGURATION:	USE_HYPERTHREADING	HASH_CONSTANT: 2654435761	THREAD_NUM: 64	AB_HIGH_THREAD_NUM: 16	AB_SIZE: 524288	AB_MIN_NUM: 32768	AB_PRT: 0.900000	AB_DNR	DAHA	DAHA_REAR	DAHA_QUANTILE: 0.990000	DAHA_SYMB_THRES: 11000000	DAHA_NUMC_THRES: 2500000	DN_MIN: 256	GUD_ALPHA: 0.500000	GUD_MIN: 256	HYB_THRES: 0.950000
[0;36m0th run	init_time: 0.007746732	symb_time: 1.255712181	mgmt_time: 0.013501489	numc_time: 3.787094883	total_time: 5.064055285
[0m
[0;36m1th run	init_time: 0.137968575	symb_time: 1.267254114	mgmt_time: 0.013065080	numc_time: 3.790653211	total_time: 5.208940980
[0m
[0;32mdataset: ssca_18_16	num_trials: 1	thread_num: 64	numa_mask: 1	init_time: 0.137968575	symb_time: 1.267254114	mgmt_time: 0.013065080	numc_time: 3.790653211	total_time: 5.208940980	flop_cnt: 6017257514	numc_perf: 1587393301.117251635	perf: 1155178670.118086100
[0mCONFIGURATION:	USE_HYPERTHREADING	HASH_CONSTANT: 2654435761	THREAD_NUM: 64	AB_HIGH_THREAD_NUM: 16	AB_SIZE: 524288	AB_MIN_NUM: 32768	AB_PRT: 0.900000	AB_DNR	DAHA	DAHA_REAR	DAHA_QUANTILE: 0.990000	DAHA_SYMB_THRES: 11000000	DAHA_NUMC_THRES: 2500000	DN_MIN: 256	GUD_ALPHA: 0.500000	GUD_MIN: 256	HYB_THRES: 0.950000
[0;36m0th run	init_time: 0.010240306	symb_time: 3.871252213	mgmt_time: 0.015937423	numc_time: 11.178963498	total_time: 15.076393440
[0m
[0;36m1th run	init_time: 0.140309587	symb_time: 3.987845205	mgmt_time: 0.015637673	numc_time: 11.179632647	total_time: 15.323425112
[0m
[0;32mdataset: ssca_18_32	num_trials: 1	thread_num: 64	numa_mask: 1	init_time: 0.140309587	symb_time: 3.987845205	mgmt_time: 0.015637673	numc_time: 11.179632647	total_time: 15.323425112	flop_cnt: 20559722408	numc_perf: 1839033808.818136930	perf: 1341718464.228952408
[0mCONFIGURATION:	USE_HYPERTHREADING	HASH_CONSTANT: 2654435761	THREAD_NUM: 64	AB_HIGH_THREAD_NUM: 16	AB_SIZE: 524288	AB_MIN_NUM: 32768	AB_PRT: 0.900000	AB_DNR	DAHA	DAHA_REAR	DAHA_QUANTILE: 0.990000	DAHA_SYMB_THRES: 11000000	DAHA_NUMC_THRES: 2500000	DN_MIN: 256	GUD_ALPHA: 0.500000	GUD_MIN: 256	HYB_THRES: 0.950000
[0;36m0th run	init_time: 0.007696572	symb_time: 0.059833641	mgmt_time: 0.010788053	numc_time: 0.051883029	total_time: 0.130201295
[0m
[0;36m1th run	init_time: 0.005818915	symb_time: 0.059928115	mgmt_time: 0.010831057	numc_time: 0.051135876	total_time: 0.127713963
[0m
[0;32mdataset: ssca_19_1	num_trials: 1	thread_num: 64	numa_mask: 1	init_time: 0.005818915	symb_time: 0.059928115	mgmt_time: 0.010831057	numc_time: 0.051135876	total_time: 0.127713963	flop_cnt: 69647718	numc_perf: 1362012806.820792437	perf: 545341451.819171786
[0mCONFIGURATION:	USE_HYPERTHREADING	HASH_CONSTANT: 2654435761	THREAD_NUM: 64	AB_HIGH_THREAD_NUM: 16	AB_SIZE: 524288	AB_MIN_NUM: 32768	AB_PRT: 0.900000	AB_DNR	DAHA	DAHA_REAR	DAHA_QUANTILE: 0.990000	DAHA_SYMB_THRES: 11000000	DAHA_NUMC_THRES: 2500000	DN_MIN: 256	GUD_ALPHA: 0.500000	GUD_MIN: 256	HYB_THRES: 0.950000
[0;36m0th run	init_time: 0.007629273	symb_time: 0.169179283	mgmt_time: 0.010989758	numc_time: 0.180775189	total_time: 0.368573503
[0m
[0;36m1th run	init_time: 0.006388572	symb_time: 0.169447977	mgmt_time: 0.011200191	numc_time: 0.180666907	total_time: 0.367703647
[0m
[0;32mdataset: ssca_19_2	num_trials: 1	thread_num: 64	numa_mask: 1	init_time: 0.006388572	symb_time: 0.169447977	mgmt_time: 0.011200191	numc_time: 0.180666907	total_time: 0.367703647	flop_cnt: 268283294	numc_perf: 1484960906.537244081	perf: 729618256.954628468
[0mCONFIGURATION:	USE_HYPERTHREADING	HASH_CONSTANT: 2654435761	THREAD_NUM: 64	AB_HIGH_THREAD_NUM: 16	AB_SIZE: 524288	AB_MIN_NUM: 32768	AB_PRT: 0.900000	AB_DNR	DAHA	DAHA_REAR	DAHA_QUANTILE: 0.990000	DAHA_SYMB_THRES: 11000000	DAHA_NUMC_THRES: 2500000	DN_MIN: 256	GUD_ALPHA: 0.500000	GUD_MIN: 256	HYB_THRES: 0.950000
[0;36m0th run	init_time: 0.007823629	symb_time: 0.418640947	mgmt_time: 0.011726517	numc_time: 0.677055088	total_time: 1.115246181
[0m
[0;36m1th run	init_time: 0.007052266	symb_time: 0.419473604	mgmt_time: 0.011654880	numc_time: 0.675080762	total_time: 1.113261512
[0m
[0;32mdataset: ssca_19_4	num_trials: 1	thread_num: 64	numa_mask: 1	init_time: 0.007052266	symb_time: 0.419473604	mgmt_time: 0.011654880	numc_time: 0.675080762	total_time: 1.113261512	flop_cnt: 1027428570	numc_perf: 1521934304.506221533	perf: 922899569.351140857
[0mCONFIGURATION:	USE_HYPERTHREADING	HASH_CONSTANT: 2654435761	THREAD_NUM: 64	AB_HIGH_THREAD_NUM: 16	AB_SIZE: 524288	AB_MIN_NUM: 32768	AB_PRT: 0.900000	AB_DNR	DAHA	DAHA_REAR	DAHA_QUANTILE: 0.990000	DAHA_SYMB_THRES: 11000000	DAHA_NUMC_THRES: 2500000	DN_MIN: 256	GUD_ALPHA: 0.500000	GUD_MIN: 256	HYB_THRES: 0.950000
[0;36m0th run	init_time: 0.009446339	symb_time: 1.235882442	mgmt_time: 0.013204128	numc_time: 3.408015275	total_time: 4.666548184
[0m
[0;36m1th run	init_time: 0.139452794	symb_time: 1.242943979	mgmt_time: 0.013286338	numc_time: 3.410334384	total_time: 4.806017495
[0m
[0;32mdataset: ssca_19_8	num_trials: 1	thread_num: 64	numa_mask: 1	init_time: 0.139452794	symb_time: 1.242943979	mgmt_time: 0.013286338	numc_time: 3.410334384	total_time: 4.806017495	flop_cnt: 3903138874	numc_perf: 1144503275.782003164	perf: 812135802.264698148
[0mCONFIGURATION:	USE_HYPERTHREADING	HASH_CONSTANT: 2654435761	THREAD_NUM: 64	AB_HIGH_THREAD_NUM: 16	AB_SIZE: 524288	AB_MIN_NUM: 32768	AB_PRT: 0.900000	AB_DNR	DAHA	DAHA_REAR	DAHA_QUANTILE: 0.990000	DAHA_SYMB_THRES: 11000000	DAHA_NUMC_THRES: 2500000	DN_MIN: 256	GUD_ALPHA: 0.500000	GUD_MIN: 256	HYB_THRES: 0.950000
[0;36m0th run	init_time: 0.012810075	symb_time: 4.289329974	mgmt_time: 0.016995377	numc_time: 12.141217639	total_time: 16.460353065
[0m
[0;36m1th run	init_time: 0.143138890	symb_time: 4.273252498	mgmt_time: 0.016664413	numc_time: 12.156082318	total_time: 16.589138119
[0m
[0;32mdataset: ssca_19_16	num_trials: 1	thread_num: 64	numa_mask: 1	init_time: 0.143138890	symb_time: 4.273252498	mgmt_time: 0.016664413	numc_time: 12.156082318	total_time: 16.589138119	flop_cnt: 14867776796	numc_perf: 1223073059.811769009	perf: 896235638.605692506
[0mCONFIGURATION:	USE_HYPERTHREADING	HASH_CONSTANT: 2654435761	THREAD_NUM: 64	AB_HIGH_THREAD_NUM: 16	AB_SIZE: 524288	AB_MIN_NUM: 32768	AB_PRT: 0.900000	AB_DNR	DAHA	DAHA_REAR	DAHA_QUANTILE: 0.990000	DAHA_SYMB_THRES: 11000000	DAHA_NUMC_THRES: 2500000	DN_MIN: 256	GUD_ALPHA: 0.500000	GUD_MIN: 256	HYB_THRES: 0.950000
[0;36m0th run	init_time: 0.009746553	symb_time: 0.108735222	mgmt_time: 0.011132637	numc_time: 0.119177011	total_time: 0.248791423
[0m
[0;36m1th run	init_time: 0.008568058	symb_time: 0.108617229	mgmt_time: 0.011220249	numc_time: 0.119874372	total_time: 0.248279908
[0m
[0;32mdataset: ssca_20_1	num_trials: 1	thread_num: 64	numa_mask: 1	init_time: 0.008568058	symb_time: 0.108617229	mgmt_time: 0.011220249	numc_time: 0.119874372	total_time: 0.248279908	flop_cnt: 169466010	numc_perf: 1413696749.126660585	perf: 682560306.088078737
[0mCONFIGURATION:	USE_HYPERTHREADING	HASH_CONSTANT: 2654435761	THREAD_NUM: 64	AB_HIGH_THREAD_NUM: 16	AB_SIZE: 524288	AB_MIN_NUM: 32768	AB_PRT: 0.900000	AB_DNR	DAHA	DAHA_REAR	DAHA_QUANTILE: 0.990000	DAHA_SYMB_THRES: 11000000	DAHA_NUMC_THRES: 2500000	DN_MIN: 256	GUD_ALPHA: 0.500000	GUD_MIN: 256	HYB_THRES: 0.950000
[0;36m0th run	init_time: 0.010214559	symb_time: 0.325110453	mgmt_time: 0.011824590	numc_time: 0.454054484	total_time: 0.801204086
[0m
[0;36m1th run	init_time: 0.009803185	symb_time: 0.323549584	mgmt_time: 0.011707770	numc_time: 0.454876623	total_time: 0.799937162
[0m
[0;32mdataset: ssca_20_2	num_trials: 1	thread_num: 64	numa_mask: 1	init_time: 0.009803185	symb_time: 0.323549584	mgmt_time: 0.011707770	numc_time: 0.454876623	total_time: 0.799937162	flop_cnt: 648831524	numc_perf: 1426390126.889417887	perf: 811103115.121935010
[0mCONFIGURATION:	USE_HYPERTHREADING	HASH_CONSTANT: 2654435761	THREAD_NUM: 64	AB_HIGH_THREAD_NUM: 16	AB_SIZE: 524288	AB_MIN_NUM: 32768	AB_PRT: 0.900000	AB_DNR	DAHA	DAHA_REAR	DAHA_QUANTILE: 0.990000	DAHA_SYMB_THRES: 11000000	DAHA_NUMC_THRES: 2500000	DN_MIN: 256	GUD_ALPHA: 0.500000	GUD_MIN: 256	HYB_THRES: 0.950000
[0;36m0th run	init_time: 0.012243999	symb_time: 1.052530933	mgmt_time: 0.012926669	numc_time: 2.034131660	total_time: 3.111833261
[0m
[0;36m1th run	init_time: 0.011821622	symb_time: 1.076905817	mgmt_time: 0.012948817	numc_time: 2.033985622	total_time: 3.135661878
[0m
[0;32mdataset: ssca_20_4	num_trials: 1	thread_num: 64	numa_mask: 1	init_time: 0.011821622	symb_time: 1.076905817	mgmt_time: 0.012948817	numc_time: 2.033985622	total_time: 3.135661878	flop_cnt: 2612761040	numc_perf: 1284552364.451276302	perf: 833240681.443141341
[0mCONFIGURATION:	USE_HYPERTHREADING	HASH_CONSTANT: 2654435761	THREAD_NUM: 64	AB_HIGH_THREAD_NUM: 16	AB_SIZE: 524288	AB_MIN_NUM: 32768	AB_PRT: 0.900000	AB_DNR	DAHA	DAHA_REAR	DAHA_QUANTILE: 0.990000	DAHA_SYMB_THRES: 11000000	DAHA_NUMC_THRES: 2500000	DN_MIN: 256	GUD_ALPHA: 0.500000	GUD_MIN: 256	HYB_THRES: 0.950000
[0;36m0th run	init_time: 0.016979065	symb_time: 3.443533494	mgmt_time: 0.016444614	numc_time: 9.301821061	total_time: 12.778778234
[0m
[0;36m1th run	init_time: 0.146704401	symb_time: 3.465294171	mgmt_time: 0.016871165	numc_time: 9.296457940	total_time: 12.925327677
[0m
[0;32mdataset: ssca_20_8	num_trials: 1	thread_num: 64	numa_mask: 1	init_time: 0.146704401	symb_time: 3.465294171	mgmt_time: 0.016871165	numc_time: 9.296457940	total_time: 12.925327677	flop_cnt: 9483589832	numc_perf: 1020129375.425324678	perf: 733721424.244863987
[0mmmap: Cannot allocate memory
CONFIGURATION:	USE_HYPERTHREADING	HASH_CONSTANT: 2654435761	THREAD_NUM: 64	AB_HIGH_THREAD_NUM: 16	AB_SIZE: 524288	AB_MIN_NUM: 32768	AB_PRT: 0.900000	AB_DNR	DAHA	DAHA_REAR	DAHA_QUANTILE: 0.990000	DAHA_SYMB_THRES: 11000000	DAHA_NUMC_THRES: 2500000	DN_MIN: 256	GUD_ALPHA: 0.500000	GUD_MIN: 256	HYB_THRES: 0.950000
errno: 22
buffer_size: 311492330040
