CONFIGURATION:	USE_HYPERTHREADING	USE_WEIGHTED_INTERLEAVING	HASH_CONSTANT: 2654435761	THREAD_NUM: 64	AB_HIGH_THREAD_NUM: 22	AB_SIZE: 524288	AB_MIN_NUM: 32768	AB_PRT: 0.850000	AB_DNR	DAHA	DAHA_REAR	DAHA_QUANTILE: 0.990000	DAHA_SYMB_THRES: 5000000	DAHA_NUMC_THRES: 450000	DN_MIN: 256	GUD_ALPHA: 0.500000	GUD_MIN: 256	HYB_THRES: 0.950000
[0;36m0th run	init_time: 0.006367380	symb_time: 0.023211145	mgmt_time: 0.000221156	numc_time: 0.011348588	total_time: 0.041148269
[0m
[0;36m1th run	init_time: 0.004051268	symb_time: 0.023318385	mgmt_time: 0.000205411	numc_time: 0.010585608	total_time: 0.038160672
[0m
[0;32mdataset: ssca_17_1	num_trials: 1	thread_num: 64	numa_mask: 6	init_time: 0.004051268	symb_time: 0.023318385	mgmt_time: 0.000205411	numc_time: 0.010585608	total_time: 0.038160672	flop_cnt: 12544808	numc_perf: 1185081480.440235376	perf: 328736558.936907589
[0mCONFIGURATION:	USE_HYPERTHREADING	USE_WEIGHTED_INTERLEAVING	HASH_CONSTANT: 2654435761	THREAD_NUM: 64	AB_HIGH_THREAD_NUM: 22	AB_SIZE: 524288	AB_MIN_NUM: 32768	AB_PRT: 0.850000	AB_DNR	DAHA	DAHA_REAR	DAHA_QUANTILE: 0.990000	DAHA_SYMB_THRES: 5000000	DAHA_NUMC_THRES: 450000	DN_MIN: 256	GUD_ALPHA: 0.500000	GUD_MIN: 256	HYB_THRES: 0.950000
[0;36m0th run	init_time: 0.006339207	symb_time: 0.050989015	mgmt_time: 0.010671132	numc_time: 0.042082734	total_time: 0.110082088
[0m
[0;36m1th run	init_time: 0.004309419	symb_time: 0.050561016	mgmt_time: 0.010759174	numc_time: 0.042235293	total_time: 0.107864902
[0m
[0;32mdataset: ssca_17_2	num_trials: 1	thread_num: 64	numa_mask: 6	init_time: 0.004309419	symb_time: 0.050561016	mgmt_time: 0.010759174	numc_time: 0.042235293	total_time: 0.107864902	flop_cnt: 47460784	numc_perf: 1123723327.786550522	perf: 440002105.596869648
[0mCONFIGURATION:	USE_HYPERTHREADING	USE_WEIGHTED_INTERLEAVING	HASH_CONSTANT: 2654435761	THREAD_NUM: 64	AB_HIGH_THREAD_NUM: 22	AB_SIZE: 524288	AB_MIN_NUM: 32768	AB_PRT: 0.850000	AB_DNR	DAHA	DAHA_REAR	DAHA_QUANTILE: 0.990000	DAHA_SYMB_THRES: 5000000	DAHA_NUMC_THRES: 450000	DN_MIN: 256	GUD_ALPHA: 0.500000	GUD_MIN: 256	HYB_THRES: 0.950000
[0;36m0th run	init_time: 0.006496569	symb_time: 0.106357194	mgmt_time: 0.010924813	numc_time: 0.164582075	total_time: 0.288360651
[0m
[0;36m1th run	init_time: 0.004797249	symb_time: 0.106179017	mgmt_time: 0.011020813	numc_time: 0.163770516	total_time: 0.285767595
[0m
[0;32mdataset: ssca_17_4	num_trials: 1	thread_num: 64	numa_mask: 6	init_time: 0.004797249	symb_time: 0.106179017	mgmt_time: 0.011020813	numc_time: 0.163770516	total_time: 0.285767595	flop_cnt: 168699984	numc_perf: 1030099850.207469583	perf: 590339796.924840212
[0mCONFIGURATION:	USE_HYPERTHREADING	USE_WEIGHTED_INTERLEAVING	HASH_CONSTANT: 2654435761	THREAD_NUM: 64	AB_HIGH_THREAD_NUM: 22	AB_SIZE: 524288	AB_MIN_NUM: 32768	AB_PRT: 0.850000	AB_DNR	DAHA	DAHA_REAR	DAHA_QUANTILE: 0.990000	DAHA_SYMB_THRES: 5000000	DAHA_NUMC_THRES: 450000	DN_MIN: 256	GUD_ALPHA: 0.500000	GUD_MIN: 256	HYB_THRES: 0.950000
[0;36m0th run	init_time: 0.006524732	symb_time: 0.205771344	mgmt_time: 0.011572362	numc_time: 0.797199232	total_time: 1.021067670
[0m
[0;36m1th run	init_time: 0.136574654	symb_time: 0.204966712	mgmt_time: 0.011258035	numc_time: 0.793463762	total_time: 1.146263163
[0m
[0;32mdataset: ssca_17_8	num_trials: 1	thread_num: 64	numa_mask: 6	init_time: 0.136574654	symb_time: 0.204966712	mgmt_time: 0.011258035	numc_time: 0.793463762	total_time: 1.146263163	flop_cnt: 624601922	numc_perf: 787183929.390338063	perf: 544902725.797531366
[0mCONFIGURATION:	USE_HYPERTHREADING	USE_WEIGHTED_INTERLEAVING	HASH_CONSTANT: 2654435761	THREAD_NUM: 64	AB_HIGH_THREAD_NUM: 22	AB_SIZE: 524288	AB_MIN_NUM: 32768	AB_PRT: 0.850000	AB_DNR	DAHA	DAHA_REAR	DAHA_QUANTILE: 0.990000	DAHA_SYMB_THRES: 5000000	DAHA_NUMC_THRES: 450000	DN_MIN: 256	GUD_ALPHA: 0.500000	GUD_MIN: 256	HYB_THRES: 0.950000
[0;36m0th run	init_time: 0.006618714	symb_time: 0.468061510	mgmt_time: 0.011945159	numc_time: 5.451887146	total_time: 5.938512529
[0m
[0;36m1th run	init_time: 0.137389842	symb_time: 0.468408001	mgmt_time: 0.012112020	numc_time: 5.448857415	total_time: 6.066767278
[0m
[0;32mdataset: ssca_17_16	num_trials: 1	thread_num: 64	numa_mask: 6	init_time: 0.137389842	symb_time: 0.468408001	mgmt_time: 0.012112020	numc_time: 5.448857415	total_time: 6.066767278	flop_cnt: 2353868370	numc_perf: 431993019.953156531	perf: 387993846.168430507
[0mCONFIGURATION:	USE_HYPERTHREADING	USE_WEIGHTED_INTERLEAVING	HASH_CONSTANT: 2654435761	THREAD_NUM: 64	AB_HIGH_THREAD_NUM: 22	AB_SIZE: 524288	AB_MIN_NUM: 32768	AB_PRT: 0.850000	AB_DNR	DAHA	DAHA_REAR	DAHA_QUANTILE: 0.990000	DAHA_SYMB_THRES: 5000000	DAHA_NUMC_THRES: 450000	DN_MIN: 256	GUD_ALPHA: 0.500000	GUD_MIN: 256	HYB_THRES: 0.950000
[0;36m0th run	init_time: 0.007802656	symb_time: 1.158881250	mgmt_time: 0.013013153	numc_time: 29.740427772	total_time: 30.920124831
[0m
[0;36m1th run	init_time: 0.138861931	symb_time: 1.156627003	mgmt_time: 0.012728258	numc_time: 29.737677534	total_time: 31.045894726
[0m
[0;32mdataset: ssca_17_32	num_trials: 1	thread_num: 64	numa_mask: 6	init_time: 0.138861931	symb_time: 1.156627003	mgmt_time: 0.012728258	numc_time: 29.737677534	total_time: 31.045894726	flop_cnt: 8147913534	numc_perf: 273992934.541853189	perf: 262447373.667616278
[0mCONFIGURATION:	USE_HYPERTHREADING	USE_WEIGHTED_INTERLEAVING	HASH_CONSTANT: 2654435761	THREAD_NUM: 64	AB_HIGH_THREAD_NUM: 22	AB_SIZE: 524288	AB_MIN_NUM: 32768	AB_PRT: 0.850000	AB_DNR	DAHA	DAHA_REAR	DAHA_QUANTILE: 0.990000	DAHA_SYMB_THRES: 5000000	DAHA_NUMC_THRES: 450000	DN_MIN: 256	GUD_ALPHA: 0.500000	GUD_MIN: 256	HYB_THRES: 0.950000
[0;36m0th run	init_time: 0.006968380	symb_time: 0.034181514	mgmt_time: 0.000287344	numc_time: 0.025742502	total_time: 0.067179740
[0m
[0;36m1th run	init_time: 0.004877147	symb_time: 0.034119448	mgmt_time: 0.000286910	numc_time: 0.025808167	total_time: 0.065091672
[0m
[0;32mdataset: ssca_18_1	num_trials: 1	thread_num: 64	numa_mask: 6	init_time: 0.004877147	symb_time: 0.034119448	mgmt_time: 0.000286910	numc_time: 0.025808167	total_time: 0.065091672	flop_cnt: 27943792	numc_perf: 1082749968.256172657	perf: 429299035.366613388
[0mCONFIGURATION:	USE_HYPERTHREADING	USE_WEIGHTED_INTERLEAVING	HASH_CONSTANT: 2654435761	THREAD_NUM: 64	AB_HIGH_THREAD_NUM: 22	AB_SIZE: 524288	AB_MIN_NUM: 32768	AB_PRT: 0.850000	AB_DNR	DAHA	DAHA_REAR	DAHA_QUANTILE: 0.990000	DAHA_SYMB_THRES: 5000000	DAHA_NUMC_THRES: 450000	DN_MIN: 256	GUD_ALPHA: 0.500000	GUD_MIN: 256	HYB_THRES: 0.950000
[0;36m0th run	init_time: 0.007135181	symb_time: 0.093533646	mgmt_time: 0.010709403	numc_time: 0.095627505	total_time: 0.207005735
[0m
[0;36m1th run	init_time: 0.005395208	symb_time: 0.093179578	mgmt_time: 0.010791723	numc_time: 0.094522597	total_time: 0.203889106
[0m
[0;32mdataset: ssca_18_2	num_trials: 1	thread_num: 64	numa_mask: 6	init_time: 0.005395208	symb_time: 0.093179578	mgmt_time: 0.010791723	numc_time: 0.094522597	total_time: 0.203889106	flop_cnt: 114850178	numc_perf: 1215055252.872495651	perf: 563297275.922137856
[0mCONFIGURATION:	USE_HYPERTHREADING	USE_WEIGHTED_INTERLEAVING	HASH_CONSTANT: 2654435761	THREAD_NUM: 64	AB_HIGH_THREAD_NUM: 22	AB_SIZE: 524288	AB_MIN_NUM: 32768	AB_PRT: 0.850000	AB_DNR	DAHA	DAHA_REAR	DAHA_QUANTILE: 0.990000	DAHA_SYMB_THRES: 5000000	DAHA_NUMC_THRES: 450000	DN_MIN: 256	GUD_ALPHA: 0.500000	GUD_MIN: 256	HYB_THRES: 0.950000
[0;36m0th run	init_time: 0.007243060	symb_time: 0.209996811	mgmt_time: 0.011289938	numc_time: 0.445574993	total_time: 0.674104802
[0m
[0;36m1th run	init_time: 0.138091727	symb_time: 0.208768470	mgmt_time: 0.011423092	numc_time: 0.447272468	total_time: 0.805555757
[0m
[0;32mdataset: ssca_18_4	num_trials: 1	thread_num: 64	numa_mask: 6	init_time: 0.138091727	symb_time: 0.208768470	mgmt_time: 0.011423092	numc_time: 0.447272468	total_time: 0.805555757	flop_cnt: 436760506	numc_perf: 976497632.311229110	perf: 542185320.140415788
[0mCONFIGURATION:	USE_HYPERTHREADING	USE_WEIGHTED_INTERLEAVING	HASH_CONSTANT: 2654435761	THREAD_NUM: 64	AB_HIGH_THREAD_NUM: 22	AB_SIZE: 524288	AB_MIN_NUM: 32768	AB_PRT: 0.850000	AB_DNR	DAHA	DAHA_REAR	DAHA_QUANTILE: 0.990000	DAHA_SYMB_THRES: 5000000	DAHA_NUMC_THRES: 450000	DN_MIN: 256	GUD_ALPHA: 0.500000	GUD_MIN: 256	HYB_THRES: 0.950000
[0;36m0th run	init_time: 0.007283142	symb_time: 0.473032137	mgmt_time: 0.012093959	numc_time: 2.421762299	total_time: 2.914171537
[0m
[0;36m1th run	init_time: 0.138244275	symb_time: 0.470895537	mgmt_time: 0.011980528	numc_time: 2.407595527	total_time: 3.028715867
[0m
[0;32mdataset: ssca_18_8	num_trials: 1	thread_num: 64	numa_mask: 6	init_time: 0.138244275	symb_time: 0.470895537	mgmt_time: 0.011980528	numc_time: 2.407595527	total_time: 3.028715867	flop_cnt: 1511957342	numc_perf: 627994746.228817105	perf: 499207389.664327383
[0mCONFIGURATION:	USE_HYPERTHREADING	USE_WEIGHTED_INTERLEAVING	HASH_CONSTANT: 2654435761	THREAD_NUM: 64	AB_HIGH_THREAD_NUM: 22	AB_SIZE: 524288	AB_MIN_NUM: 32768	AB_PRT: 0.850000	AB_DNR	DAHA	DAHA_REAR	DAHA_QUANTILE: 0.990000	DAHA_SYMB_THRES: 5000000	DAHA_NUMC_THRES: 450000	DN_MIN: 256	GUD_ALPHA: 0.500000	GUD_MIN: 256	HYB_THRES: 0.950000
[0;36m0th run	init_time: 0.009268972	symb_time: 1.696400169	mgmt_time: 0.013184491	numc_time: 17.524946566	total_time: 19.243800198
[0m
[0;36m1th run	init_time: 0.139977581	symb_time: 1.678625325	mgmt_time: 0.013485668	numc_time: 17.466230427	total_time: 19.298319001
[0m
[0;32mdataset: ssca_18_16	num_trials: 1	thread_num: 64	numa_mask: 6	init_time: 0.139977581	symb_time: 1.678625325	mgmt_time: 0.013485668	numc_time: 17.466230427	total_time: 19.298319001	flop_cnt: 6017257514	numc_perf: 344508080.272334099	perf: 311802158.192545056
[0mCONFIGURATION:	USE_HYPERTHREADING	USE_WEIGHTED_INTERLEAVING	HASH_CONSTANT: 2654435761	THREAD_NUM: 64	AB_HIGH_THREAD_NUM: 22	AB_SIZE: 524288	AB_MIN_NUM: 32768	AB_PRT: 0.850000	AB_DNR	DAHA	DAHA_REAR	DAHA_QUANTILE: 0.990000	DAHA_SYMB_THRES: 5000000	DAHA_NUMC_THRES: 450000	DN_MIN: 256	GUD_ALPHA: 0.500000	GUD_MIN: 256	HYB_THRES: 0.950000
[0;36m0th run	init_time: 0.013201968	symb_time: 3.768189745	mgmt_time: 0.016506192	numc_time: 86.428610059	total_time: 90.226507964
[0m
[0;36m1th run	init_time: 0.142975067	symb_time: 3.791508470	mgmt_time: 0.015986564	numc_time: 88.865393119	total_time: 92.815863220
[0m
[0;32mdataset: ssca_18_32	num_trials: 1	thread_num: 64	numa_mask: 6	init_time: 0.142975067	symb_time: 3.791508470	mgmt_time: 0.015986564	numc_time: 88.865393119	total_time: 92.815863220	flop_cnt: 20559722408	numc_perf: 231358031.359501153	perf: 221510867.805728525
[0mCONFIGURATION:	USE_HYPERTHREADING	USE_WEIGHTED_INTERLEAVING	HASH_CONSTANT: 2654435761	THREAD_NUM: 64	AB_HIGH_THREAD_NUM: 22	AB_SIZE: 524288	AB_MIN_NUM: 32768	AB_PRT: 0.850000	AB_DNR	DAHA	DAHA_REAR	DAHA_QUANTILE: 0.990000	DAHA_SYMB_THRES: 5000000	DAHA_NUMC_THRES: 450000	DN_MIN: 256	GUD_ALPHA: 0.500000	GUD_MIN: 256	HYB_THRES: 0.950000
[0;36m0th run	init_time: 0.008388185	symb_time: 0.060471174	mgmt_time: 0.011011160	numc_time: 0.065696441	total_time: 0.145566960
[0m
[0;36m1th run	init_time: 0.006585946	symb_time: 0.060335176	mgmt_time: 0.010758803	numc_time: 0.065673683	total_time: 0.143353608
[0m
[0;32mdataset: ssca_19_1	num_trials: 1	thread_num: 64	numa_mask: 6	init_time: 0.006585946	symb_time: 0.060335176	mgmt_time: 0.010758803	numc_time: 0.065673683	total_time: 0.143353608	flop_cnt: 69647718	numc_perf: 1060511833.941154003	perf: 485845588.204518855
[0mCONFIGURATION:	USE_HYPERTHREADING	USE_WEIGHTED_INTERLEAVING	HASH_CONSTANT: 2654435761	THREAD_NUM: 64	AB_HIGH_THREAD_NUM: 22	AB_SIZE: 524288	AB_MIN_NUM: 32768	AB_PRT: 0.850000	AB_DNR	DAHA	DAHA_REAR	DAHA_QUANTILE: 0.990000	DAHA_SYMB_THRES: 5000000	DAHA_NUMC_THRES: 450000	DN_MIN: 256	GUD_ALPHA: 0.500000	GUD_MIN: 256	HYB_THRES: 0.950000
[0;36m0th run	init_time: 0.008280907	symb_time: 0.169830176	mgmt_time: 0.011422905	numc_time: 0.255222115	total_time: 0.444756103
[0m
[0;36m1th run	init_time: 0.007886277	symb_time: 0.170025451	mgmt_time: 0.011257162	numc_time: 0.255426719	total_time: 0.444595609
[0m
[0;32mdataset: ssca_19_2	num_trials: 1	thread_num: 64	numa_mask: 6	init_time: 0.007886277	symb_time: 0.170025451	mgmt_time: 0.011257162	numc_time: 0.255426719	total_time: 0.444595609	flop_cnt: 268283294	numc_perf: 1050333712.347454071	perf: 603432171.998801589
[0mCONFIGURATION:	USE_HYPERTHREADING	USE_WEIGHTED_INTERLEAVING	HASH_CONSTANT: 2654435761	THREAD_NUM: 64	AB_HIGH_THREAD_NUM: 22	AB_SIZE: 524288	AB_MIN_NUM: 32768	AB_PRT: 0.850000	AB_DNR	DAHA	DAHA_REAR	DAHA_QUANTILE: 0.990000	DAHA_SYMB_THRES: 5000000	DAHA_NUMC_THRES: 450000	DN_MIN: 256	GUD_ALPHA: 0.500000	GUD_MIN: 256	HYB_THRES: 0.950000
[0;36m0th run	init_time: 0.008744092	symb_time: 0.430975984	mgmt_time: 0.012392237	numc_time: 1.302702330	total_time: 1.754814643
[0m
[0;36m1th run	init_time: 0.139945675	symb_time: 0.428082464	mgmt_time: 0.011987190	numc_time: 1.305222028	total_time: 1.885237357
[0m
[0;32mdataset: ssca_19_4	num_trials: 1	thread_num: 64	numa_mask: 6	init_time: 0.139945675	symb_time: 0.428082464	mgmt_time: 0.011987190	numc_time: 1.305222028	total_time: 1.885237357	flop_cnt: 1027428570	numc_perf: 787167660.336176991	perf: 544986320.255694032
[0mCONFIGURATION:	USE_HYPERTHREADING	USE_WEIGHTED_INTERLEAVING	HASH_CONSTANT: 2654435761	THREAD_NUM: 64	AB_HIGH_THREAD_NUM: 22	AB_SIZE: 524288	AB_MIN_NUM: 32768	AB_PRT: 0.850000	AB_DNR	DAHA	DAHA_REAR	DAHA_QUANTILE: 0.990000	DAHA_SYMB_THRES: 5000000	DAHA_NUMC_THRES: 450000	DN_MIN: 256	GUD_ALPHA: 0.500000	GUD_MIN: 256	HYB_THRES: 0.950000
[0;36m0th run	init_time: 0.011018952	symb_time: 1.671929819	mgmt_time: 0.013606042	numc_time: 8.068237955	total_time: 9.764792768
[0m
[0;36m1th run	init_time: 0.142105669	symb_time: 1.678264129	mgmt_time: 0.013590450	numc_time: 8.045800552	total_time: 9.879760800
[0m
[0;32mdataset: ssca_19_8	num_trials: 1	thread_num: 64	numa_mask: 6	init_time: 0.142105669	symb_time: 1.678264129	mgmt_time: 0.013590450	numc_time: 8.045800552	total_time: 9.879760800	flop_cnt: 3903138874	numc_perf: 485115042.160692155	perf: 395064106.612783611
[0mCONFIGURATION:	USE_HYPERTHREADING	USE_WEIGHTED_INTERLEAVING	HASH_CONSTANT: 2654435761	THREAD_NUM: 64	AB_HIGH_THREAD_NUM: 22	AB_SIZE: 524288	AB_MIN_NUM: 32768	AB_PRT: 0.850000	AB_DNR	DAHA	DAHA_REAR	DAHA_QUANTILE: 0.990000	DAHA_SYMB_THRES: 5000000	DAHA_NUMC_THRES: 450000	DN_MIN: 256	GUD_ALPHA: 0.500000	GUD_MIN: 256	HYB_THRES: 0.950000
[0;36m0th run	init_time: 0.015731107	symb_time: 5.415536875	mgmt_time: 0.017115273	numc_time: 53.494288852	total_time: 58.942672107
[0m
[0;36m1th run	init_time: 0.145431789	symb_time: 5.440388697	mgmt_time: 0.017525369	numc_time: 53.412213998	total_time: 59.015559853
[0m
[0;32mdataset: ssca_19_16	num_trials: 1	thread_num: 64	numa_mask: 6	init_time: 0.145431789	symb_time: 5.440388697	mgmt_time: 0.017525369	numc_time: 53.412213998	total_time: 59.015559853	flop_cnt: 14867776796	numc_perf: 278359118.319954276	perf: 251929776.368023574
[0mCONFIGURATION:	USE_HYPERTHREADING	USE_WEIGHTED_INTERLEAVING	HASH_CONSTANT: 2654435761	THREAD_NUM: 64	AB_HIGH_THREAD_NUM: 22	AB_SIZE: 524288	AB_MIN_NUM: 32768	AB_PRT: 0.850000	AB_DNR	DAHA	DAHA_REAR	DAHA_QUANTILE: 0.990000	DAHA_SYMB_THRES: 5000000	DAHA_NUMC_THRES: 450000	DN_MIN: 256	GUD_ALPHA: 0.500000	GUD_MIN: 256	HYB_THRES: 0.950000
[0;36m0th run	init_time: 0.036944132	symb_time: 18.815176604	mgmt_time: 0.024071152	numc_time: 166.492454231	total_time: 185.368646119
[0m
[0;36m1th run	init_time: 0.165700362	symb_time: 19.151034710	mgmt_time: 0.024828721	numc_time: 165.612658481	total_time: 184.954222274
[0m
[0;32mdataset: ssca_19_32	num_trials: 1	thread_num: 64	numa_mask: 6	init_time: 0.165700362	symb_time: 19.151034710	mgmt_time: 0.024828721	numc_time: 165.612658481	total_time: 184.954222274	flop_cnt: 51639469810	numc_perf: 311808712.471845031	perf: 279201356.828171372
[0mCONFIGURATION:	USE_HYPERTHREADING	USE_WEIGHTED_INTERLEAVING	HASH_CONSTANT: 2654435761	THREAD_NUM: 64	AB_HIGH_THREAD_NUM: 22	AB_SIZE: 524288	AB_MIN_NUM: 32768	AB_PRT: 0.850000	AB_DNR	DAHA	DAHA_REAR	DAHA_QUANTILE: 0.990000	DAHA_SYMB_THRES: 5000000	DAHA_NUMC_THRES: 450000	DN_MIN: 256	GUD_ALPHA: 0.500000	GUD_MIN: 256	HYB_THRES: 0.950000
[0;36m0th run	init_time: 0.010944677	symb_time: 0.109239392	mgmt_time: 0.011303957	numc_time: 0.139790053	total_time: 0.271278079
[0m
[0;36m1th run	init_time: 0.010153052	symb_time: 0.109208638	mgmt_time: 0.011155030	numc_time: 0.140046689	total_time: 0.270563409
[0m
[0;32mdataset: ssca_20_1	num_trials: 1	thread_num: 64	numa_mask: 6	init_time: 0.010153052	symb_time: 0.109208638	mgmt_time: 0.011155030	numc_time: 0.140046689	total_time: 0.270563409	flop_cnt: 169466010	numc_perf: 1210067950.981690168	perf: 626344894.996499777
[0mCONFIGURATION:	USE_HYPERTHREADING	USE_WEIGHTED_INTERLEAVING	HASH_CONSTANT: 2654435761	THREAD_NUM: 64	AB_HIGH_THREAD_NUM: 22	AB_SIZE: 524288	AB_MIN_NUM: 32768	AB_PRT: 0.850000	AB_DNR	DAHA	DAHA_REAR	DAHA_QUANTILE: 0.990000	DAHA_SYMB_THRES: 5000000	DAHA_NUMC_THRES: 450000	DN_MIN: 256	GUD_ALPHA: 0.500000	GUD_MIN: 256	HYB_THRES: 0.950000
[0;36m0th run	init_time: 0.011822560	symb_time: 0.328983569	mgmt_time: 0.012043590	numc_time: 0.684271116	total_time: 1.037120835
[0m
[0;36m1th run	init_time: 0.142441696	symb_time: 0.328353624	mgmt_time: 0.011990717	numc_time: 0.687057247	total_time: 1.169843284
[0m
[0;32mdataset: ssca_20_2	num_trials: 1	thread_num: 64	numa_mask: 6	init_time: 0.142441696	symb_time: 0.328353624	mgmt_time: 0.011990717	numc_time: 0.687057247	total_time: 1.169843284	flop_cnt: 648831524	numc_perf: 944363117.968829274	perf: 554631148.354739785
[0mCONFIGURATION:	USE_HYPERTHREADING	USE_WEIGHTED_INTERLEAVING	HASH_CONSTANT: 2654435761	THREAD_NUM: 64	AB_HIGH_THREAD_NUM: 22	AB_SIZE: 524288	AB_MIN_NUM: 32768	AB_PRT: 0.850000	AB_DNR	DAHA	DAHA_REAR	DAHA_QUANTILE: 0.990000	DAHA_SYMB_THRES: 5000000	DAHA_NUMC_THRES: 450000	DN_MIN: 256	GUD_ALPHA: 0.500000	GUD_MIN: 256	HYB_THRES: 0.950000
[0;36m0th run	init_time: 0.014863267	symb_time: 1.205005358	mgmt_time: 0.013328463	numc_time: 4.068604110	total_time: 5.301801198
[0m
[0;36m1th run	init_time: 0.144113960	symb_time: 1.164807155	mgmt_time: 0.013613333	numc_time: 4.071377305	total_time: 5.393911753
[0m
[0;32mdataset: ssca_20_4	num_trials: 1	thread_num: 64	numa_mask: 6	init_time: 0.144113960	symb_time: 1.164807155	mgmt_time: 0.013613333	numc_time: 4.071377305	total_time: 5.393911753	flop_cnt: 2612761040	numc_perf: 641738862.372520804	perf: 484390764.929891109
[0mCONFIGURATION:	USE_HYPERTHREADING	USE_WEIGHTED_INTERLEAVING	HASH_CONSTANT: 2654435761	THREAD_NUM: 64	AB_HIGH_THREAD_NUM: 22	AB_SIZE: 524288	AB_MIN_NUM: 32768	AB_PRT: 0.850000	AB_DNR	DAHA	DAHA_REAR	DAHA_QUANTILE: 0.990000	DAHA_SYMB_THRES: 5000000	DAHA_NUMC_THRES: 450000	DN_MIN: 256	GUD_ALPHA: 0.500000	GUD_MIN: 256	HYB_THRES: 0.950000
[0;36m0th run	init_time: 0.019884221	symb_time: 4.972162327	mgmt_time: 0.017093510	numc_time: 25.150729911	total_time: 30.159869969
[0m
[0;36m1th run	init_time: 0.147273819	symb_time: 4.973474003	mgmt_time: 0.017154971	numc_time: 25.191956488	total_time: 30.329859281
[0m
[0;32mdataset: ssca_20_8	num_trials: 1	thread_num: 64	numa_mask: 6	init_time: 0.147273819	symb_time: 4.973474003	mgmt_time: 0.017154971	numc_time: 25.191956488	total_time: 30.329859281	flop_cnt: 9483589832	numc_perf: 376453088.767338812	perf: 312681629.813592672
[0mCONFIGURATION:	USE_HYPERTHREADING	USE_WEIGHTED_INTERLEAVING	HASH_CONSTANT: 2654435761	THREAD_NUM: 64	AB_HIGH_THREAD_NUM: 22	AB_SIZE: 524288	AB_MIN_NUM: 32768	AB_PRT: 0.850000	AB_DNR	DAHA	DAHA_REAR	DAHA_QUANTILE: 0.990000	DAHA_SYMB_THRES: 5000000	DAHA_NUMC_THRES: 450000	DN_MIN: 256	GUD_ALPHA: 0.500000	GUD_MIN: 256	HYB_THRES: 0.950000
[0;36m0th run	init_time: 0.041492816	symb_time: 23.156431240	mgmt_time: 0.025976999	numc_time: 96.303798096	total_time: 119.527699151
[0m
[0;36m1th run	init_time: 0.172610124	symb_time: 23.134661186	mgmt_time: 0.026417788	numc_time: 96.480436165	total_time: 119.814125263
[0m
[0;32mdataset: ssca_20_16	num_trials: 1	thread_num: 64	numa_mask: 6	init_time: 0.172610124	symb_time: 23.134661186	mgmt_time: 0.026417788	numc_time: 96.480436165	total_time: 119.814125263	flop_cnt: 36022738962	numc_perf: 373368326.200290263	perf: 300655193.057810903
[0mmmap: Cannot allocate memory
CONFIGURATION:	USE_HYPERTHREADING	USE_WEIGHTED_INTERLEAVING	HASH_CONSTANT: 2654435761	THREAD_NUM: 64	AB_HIGH_THREAD_NUM: 22	AB_SIZE: 524288	AB_MIN_NUM: 32768	AB_PRT: 0.850000	AB_DNR	DAHA	DAHA_REAR	DAHA_QUANTILE: 0.990000	DAHA_SYMB_THRES: 5000000	DAHA_NUMC_THRES: 450000	DN_MIN: 256	GUD_ALPHA: 0.500000	GUD_MIN: 256	HYB_THRES: 0.950000
errno: 22
buffer_size: 311492330040
