CONFIGURATION:	USE_HYPERTHREADING	USE_WEIGHTED_INTERLEAVING	HASH_CONSTANT: 2654435761	THREAD_NUM: 64	AB_HIGH_THREAD_NUM: 16	AB_SIZE: 524288	AB_MIN_NUM: 32768	AB_PRT: 0.900000	AB_DNR	DAHA	DAHA_REAR	DAHA_QUANTILE: 0.990000	DAHA_SYMB_THRES: 6000000	DAHA_NUMC_THRES: 800000	DN_MIN: 256	GUD_ALPHA: 0.500000	GUD_MIN: 256	HYB_THRES: 0.950000
[0;36m0th run	init_time: 0.006316378	symb_time: 0.023473498	mgmt_time: 0.000220017	numc_time: 0.011493938	total_time: 0.041503831
[0m
[0;36m1th run	init_time: 0.004161131	symb_time: 0.023535037	mgmt_time: 0.000194121	numc_time: 0.011006195	total_time: 0.038896484
[0m
[0;32mdataset: ssca_17_1	num_trials: 1	thread_num: 64	numa_mask: 6	init_time: 0.004161131	symb_time: 0.023535037	mgmt_time: 0.000194121	numc_time: 0.011006195	total_time: 0.038896484	flop_cnt: 12544808	numc_perf: 1139795178.987833738	perf: 322517788.497284293
[0mCONFIGURATION:	USE_HYPERTHREADING	USE_WEIGHTED_INTERLEAVING	HASH_CONSTANT: 2654435761	THREAD_NUM: 64	AB_HIGH_THREAD_NUM: 16	AB_SIZE: 524288	AB_MIN_NUM: 32768	AB_PRT: 0.900000	AB_DNR	DAHA	DAHA_REAR	DAHA_QUANTILE: 0.990000	DAHA_SYMB_THRES: 6000000	DAHA_NUMC_THRES: 800000	DN_MIN: 256	GUD_ALPHA: 0.500000	GUD_MIN: 256	HYB_THRES: 0.950000
[0;36m0th run	init_time: 0.006210657	symb_time: 0.051065420	mgmt_time: 0.010669949	numc_time: 0.040354814	total_time: 0.108300840
[0m
[0;36m1th run	init_time: 0.004316120	symb_time: 0.050861709	mgmt_time: 0.010638158	numc_time: 0.040066169	total_time: 0.105882156
[0m
[0;32mdataset: ssca_17_2	num_trials: 1	thread_num: 64	numa_mask: 6	init_time: 0.004316120	symb_time: 0.050861709	mgmt_time: 0.010638158	numc_time: 0.040066169	total_time: 0.105882156	flop_cnt: 47460784	numc_perf: 1184560071.116357327	perf: 448241571.507100761
[0mCONFIGURATION:	USE_HYPERTHREADING	USE_WEIGHTED_INTERLEAVING	HASH_CONSTANT: 2654435761	THREAD_NUM: 64	AB_HIGH_THREAD_NUM: 16	AB_SIZE: 524288	AB_MIN_NUM: 32768	AB_PRT: 0.900000	AB_DNR	DAHA	DAHA_REAR	DAHA_QUANTILE: 0.990000	DAHA_SYMB_THRES: 6000000	DAHA_NUMC_THRES: 800000	DN_MIN: 256	GUD_ALPHA: 0.500000	GUD_MIN: 256	HYB_THRES: 0.950000
[0;36m0th run	init_time: 0.006476703	symb_time: 0.106012619	mgmt_time: 0.011098947	numc_time: 0.112156092	total_time: 0.235744361
[0m
[0;36m1th run	init_time: 0.004671836	symb_time: 0.101745291	mgmt_time: 0.011119125	numc_time: 0.110972896	total_time: 0.228509148
[0m
[0;32mdataset: ssca_17_4	num_trials: 1	thread_num: 64	numa_mask: 6	init_time: 0.004671836	symb_time: 0.101745291	mgmt_time: 0.011119125	numc_time: 0.110972896	total_time: 0.228509148	flop_cnt: 168699984	numc_perf: 1520190876.157724142	perf: 738263590.217403531
[0mCONFIGURATION:	USE_HYPERTHREADING	USE_WEIGHTED_INTERLEAVING	HASH_CONSTANT: 2654435761	THREAD_NUM: 64	AB_HIGH_THREAD_NUM: 16	AB_SIZE: 524288	AB_MIN_NUM: 32768	AB_PRT: 0.900000	AB_DNR	DAHA	DAHA_REAR	DAHA_QUANTILE: 0.990000	DAHA_SYMB_THRES: 6000000	DAHA_NUMC_THRES: 800000	DN_MIN: 256	GUD_ALPHA: 0.500000	GUD_MIN: 256	HYB_THRES: 0.950000
[0;36m0th run	init_time: 0.006595198	symb_time: 0.204429590	mgmt_time: 0.011473388	numc_time: 0.456817431	total_time: 0.679315607
[0m
[0;36m1th run	init_time: 0.135422278	symb_time: 0.205373630	mgmt_time: 0.011375519	numc_time: 0.456996864	total_time: 0.809168291
[0m
[0;32mdataset: ssca_17_8	num_trials: 1	thread_num: 64	numa_mask: 6	init_time: 0.135422278	symb_time: 0.205373630	mgmt_time: 0.011375519	numc_time: 0.456996864	total_time: 0.809168291	flop_cnt: 624601922	numc_perf: 1366753190.673973560	perf: 771906078.064544439
[0mCONFIGURATION:	USE_HYPERTHREADING	USE_WEIGHTED_INTERLEAVING	HASH_CONSTANT: 2654435761	THREAD_NUM: 64	AB_HIGH_THREAD_NUM: 16	AB_SIZE: 524288	AB_MIN_NUM: 32768	AB_PRT: 0.900000	AB_DNR	DAHA	DAHA_REAR	DAHA_QUANTILE: 0.990000	DAHA_SYMB_THRES: 6000000	DAHA_NUMC_THRES: 800000	DN_MIN: 256	GUD_ALPHA: 0.500000	GUD_MIN: 256	HYB_THRES: 0.950000
[0;36m0th run	init_time: 0.006705021	symb_time: 0.469358558	mgmt_time: 0.011820886	numc_time: 1.290695466	total_time: 1.778579931
[0m
[0;36m1th run	init_time: 0.138537788	symb_time: 0.468494195	mgmt_time: 0.011912682	numc_time: 1.287250098	total_time: 1.906194763
[0m
[0;32mdataset: ssca_17_16	num_trials: 1	thread_num: 64	numa_mask: 6	init_time: 0.138537788	symb_time: 0.468494195	mgmt_time: 0.011912682	numc_time: 1.287250098	total_time: 1.906194763	flop_cnt: 2353868370	numc_perf: 1828602206.872777939	perf: 1234851976.140908003
[0mCONFIGURATION:	USE_HYPERTHREADING	USE_WEIGHTED_INTERLEAVING	HASH_CONSTANT: 2654435761	THREAD_NUM: 64	AB_HIGH_THREAD_NUM: 16	AB_SIZE: 524288	AB_MIN_NUM: 32768	AB_PRT: 0.900000	AB_DNR	DAHA	DAHA_REAR	DAHA_QUANTILE: 0.990000	DAHA_SYMB_THRES: 6000000	DAHA_NUMC_THRES: 800000	DN_MIN: 256	GUD_ALPHA: 0.500000	GUD_MIN: 256	HYB_THRES: 0.950000
[0;36m0th run	init_time: 0.007724585	symb_time: 1.131864948	mgmt_time: 0.012988147	numc_time: 3.362643302	total_time: 4.515220982
[0m
[0;36m1th run	init_time: 0.139008535	symb_time: 1.172143801	mgmt_time: 0.012764375	numc_time: 3.344318732	total_time: 4.668235443
[0m
[0;32mdataset: ssca_17_32	num_trials: 1	thread_num: 64	numa_mask: 6	init_time: 0.139008535	symb_time: 1.172143801	mgmt_time: 0.012764375	numc_time: 3.344318732	total_time: 4.668235443	flop_cnt: 8147913534	numc_perf: 2436344794.542747021	perf: 1745394728.583744049
[0mCONFIGURATION:	USE_HYPERTHREADING	USE_WEIGHTED_INTERLEAVING	HASH_CONSTANT: 2654435761	THREAD_NUM: 64	AB_HIGH_THREAD_NUM: 16	AB_SIZE: 524288	AB_MIN_NUM: 32768	AB_PRT: 0.900000	AB_DNR	DAHA	DAHA_REAR	DAHA_QUANTILE: 0.990000	DAHA_SYMB_THRES: 6000000	DAHA_NUMC_THRES: 800000	DN_MIN: 256	GUD_ALPHA: 0.500000	GUD_MIN: 256	HYB_THRES: 0.950000
[0;36m0th run	init_time: 0.006905174	symb_time: 0.034130116	mgmt_time: 0.000284182	numc_time: 0.026773790	total_time: 0.068093262
[0m
[0;36m1th run	init_time: 0.004879906	symb_time: 0.034086466	mgmt_time: 0.000260604	numc_time: 0.026394916	total_time: 0.065621892
[0m
[0;32mdataset: ssca_18_1	num_trials: 1	thread_num: 64	numa_mask: 6	init_time: 0.004879906	symb_time: 0.034086466	mgmt_time: 0.000260604	numc_time: 0.026394916	total_time: 0.065621892	flop_cnt: 27943792	numc_perf: 1058680845.962911963	perf: 425830331.134006321
[0mCONFIGURATION:	USE_HYPERTHREADING	USE_WEIGHTED_INTERLEAVING	HASH_CONSTANT: 2654435761	THREAD_NUM: 64	AB_HIGH_THREAD_NUM: 16	AB_SIZE: 524288	AB_MIN_NUM: 32768	AB_PRT: 0.900000	AB_DNR	DAHA	DAHA_REAR	DAHA_QUANTILE: 0.990000	DAHA_SYMB_THRES: 6000000	DAHA_NUMC_THRES: 800000	DN_MIN: 256	GUD_ALPHA: 0.500000	GUD_MIN: 256	HYB_THRES: 0.950000
[0;36m0th run	init_time: 0.006952619	symb_time: 0.093382640	mgmt_time: 0.010624921	numc_time: 0.095688405	total_time: 0.206648585
[0m
[0;36m1th run	init_time: 0.005370381	symb_time: 0.093732715	mgmt_time: 0.010928773	numc_time: 0.094782917	total_time: 0.204814786
[0m
[0;32mdataset: ssca_18_2	num_trials: 1	thread_num: 64	numa_mask: 6	init_time: 0.005370381	symb_time: 0.093732715	mgmt_time: 0.010928773	numc_time: 0.094782917	total_time: 0.204814786	flop_cnt: 114850178	numc_perf: 1211718120.048995733	perf: 560751400.047846079
[0mCONFIGURATION:	USE_HYPERTHREADING	USE_WEIGHTED_INTERLEAVING	HASH_CONSTANT: 2654435761	THREAD_NUM: 64	AB_HIGH_THREAD_NUM: 16	AB_SIZE: 524288	AB_MIN_NUM: 32768	AB_PRT: 0.900000	AB_DNR	DAHA	DAHA_REAR	DAHA_QUANTILE: 0.990000	DAHA_SYMB_THRES: 6000000	DAHA_NUMC_THRES: 800000	DN_MIN: 256	GUD_ALPHA: 0.500000	GUD_MIN: 256	HYB_THRES: 0.950000
[0;36m0th run	init_time: 0.007014122	symb_time: 0.208354929	mgmt_time: 0.011411205	numc_time: 0.340460129	total_time: 0.567240385
[0m
[0;36m1th run	init_time: 0.006354278	symb_time: 0.207980207	mgmt_time: 0.011195446	numc_time: 0.338350485	total_time: 0.563880416
[0m
[0;32mdataset: ssca_18_4	num_trials: 1	thread_num: 64	numa_mask: 6	init_time: 0.006354278	symb_time: 0.207980207	mgmt_time: 0.011195446	numc_time: 0.338350485	total_time: 0.563880416	flop_cnt: 436760506	numc_perf: 1290852312.506659985	perf: 774562289.462452173
[0mCONFIGURATION:	USE_HYPERTHREADING	USE_WEIGHTED_INTERLEAVING	HASH_CONSTANT: 2654435761	THREAD_NUM: 64	AB_HIGH_THREAD_NUM: 16	AB_SIZE: 524288	AB_MIN_NUM: 32768	AB_PRT: 0.900000	AB_DNR	DAHA	DAHA_REAR	DAHA_QUANTILE: 0.990000	DAHA_SYMB_THRES: 6000000	DAHA_NUMC_THRES: 800000	DN_MIN: 256	GUD_ALPHA: 0.500000	GUD_MIN: 256	HYB_THRES: 0.950000
[0;36m0th run	init_time: 0.007062922	symb_time: 0.463896136	mgmt_time: 0.011929659	numc_time: 1.346785774	total_time: 1.829674491
[0m
[0;36m1th run	init_time: 0.138535016	symb_time: 0.468297610	mgmt_time: 0.011726919	numc_time: 1.346812320	total_time: 1.965371865
[0m
[0;32mdataset: ssca_18_8	num_trials: 1	thread_num: 64	numa_mask: 6	init_time: 0.138535016	symb_time: 0.468297610	mgmt_time: 0.011726919	numc_time: 1.346812320	total_time: 1.965371865	flop_cnt: 1511957342	numc_perf: 1122619179.782970905	perf: 769298354.639873743
[0mCONFIGURATION:	USE_HYPERTHREADING	USE_WEIGHTED_INTERLEAVING	HASH_CONSTANT: 2654435761	THREAD_NUM: 64	AB_HIGH_THREAD_NUM: 16	AB_SIZE: 524288	AB_MIN_NUM: 32768	AB_PRT: 0.900000	AB_DNR	DAHA	DAHA_REAR	DAHA_QUANTILE: 0.990000	DAHA_SYMB_THRES: 6000000	DAHA_NUMC_THRES: 800000	DN_MIN: 256	GUD_ALPHA: 0.500000	GUD_MIN: 256	HYB_THRES: 0.950000
[0;36m0th run	init_time: 0.009390681	symb_time: 1.664056356	mgmt_time: 0.013439511	numc_time: 5.167776367	total_time: 6.854662915
[0m
[0;36m1th run	init_time: 0.140928931	symb_time: 1.700758132	mgmt_time: 0.013436773	numc_time: 5.057873527	total_time: 6.912997363
[0m
[0;32mdataset: ssca_18_16	num_trials: 1	thread_num: 64	numa_mask: 6	init_time: 0.140928931	symb_time: 1.700758132	mgmt_time: 0.013436773	numc_time: 5.057873527	total_time: 6.912997363	flop_cnt: 6017257514	numc_perf: 1189681292.321487427	perf: 870426704.660092592
[0mCONFIGURATION:	USE_HYPERTHREADING	USE_WEIGHTED_INTERLEAVING	HASH_CONSTANT: 2654435761	THREAD_NUM: 64	AB_HIGH_THREAD_NUM: 16	AB_SIZE: 524288	AB_MIN_NUM: 32768	AB_PRT: 0.900000	AB_DNR	DAHA	DAHA_REAR	DAHA_QUANTILE: 0.990000	DAHA_SYMB_THRES: 6000000	DAHA_NUMC_THRES: 800000	DN_MIN: 256	GUD_ALPHA: 0.500000	GUD_MIN: 256	HYB_THRES: 0.950000
[0;36m0th run	init_time: 0.013141247	symb_time: 3.759686768	mgmt_time: 0.016112950	numc_time: 19.229560556	total_time: 23.018501521
[0m
[0;36m1th run	init_time: 0.142889321	symb_time: 3.764433149	mgmt_time: 0.016293852	numc_time: 19.241104785	total_time: 23.164721107
[0m
[0;32mdataset: ssca_18_32	num_trials: 1	thread_num: 64	numa_mask: 6	init_time: 0.142889321	symb_time: 3.764433149	mgmt_time: 0.016293852	numc_time: 19.241104785	total_time: 23.164721107	flop_cnt: 20559722408	numc_perf: 1068531284.338099360	perf: 887544568.874053359
[0mCONFIGURATION:	USE_HYPERTHREADING	USE_WEIGHTED_INTERLEAVING	HASH_CONSTANT: 2654435761	THREAD_NUM: 64	AB_HIGH_THREAD_NUM: 16	AB_SIZE: 524288	AB_MIN_NUM: 32768	AB_PRT: 0.900000	AB_DNR	DAHA	DAHA_REAR	DAHA_QUANTILE: 0.990000	DAHA_SYMB_THRES: 6000000	DAHA_NUMC_THRES: 800000	DN_MIN: 256	GUD_ALPHA: 0.500000	GUD_MIN: 256	HYB_THRES: 0.950000
[0;36m0th run	init_time: 0.008227765	symb_time: 0.060245805	mgmt_time: 0.010718030	numc_time: 0.063331808	total_time: 0.142523408
[0m
[0;36m1th run	init_time: 0.006535540	symb_time: 0.060331643	mgmt_time: 0.010630785	numc_time: 0.062752504	total_time: 0.140250472
[0m
[0;32mdataset: ssca_19_1	num_trials: 1	thread_num: 64	numa_mask: 6	init_time: 0.006535540	symb_time: 0.060331643	mgmt_time: 0.010630785	numc_time: 0.062752504	total_time: 0.140250472	flop_cnt: 69647718	numc_perf: 1109879503.772470951	perf: 496595248.535063684
[0mCONFIGURATION:	USE_HYPERTHREADING	USE_WEIGHTED_INTERLEAVING	HASH_CONSTANT: 2654435761	THREAD_NUM: 64	AB_HIGH_THREAD_NUM: 16	AB_SIZE: 524288	AB_MIN_NUM: 32768	AB_PRT: 0.900000	AB_DNR	DAHA	DAHA_REAR	DAHA_QUANTILE: 0.990000	DAHA_SYMB_THRES: 6000000	DAHA_NUMC_THRES: 800000	DN_MIN: 256	GUD_ALPHA: 0.500000	GUD_MIN: 256	HYB_THRES: 0.950000
[0;36m0th run	init_time: 0.008207241	symb_time: 0.170524078	mgmt_time: 0.011352285	numc_time: 0.214161033	total_time: 0.404244637
[0m
[0;36m1th run	init_time: 0.007775531	symb_time: 0.169998609	mgmt_time: 0.011362432	numc_time: 0.213337679	total_time: 0.402474251
[0m
[0;32mdataset: ssca_19_2	num_trials: 1	thread_num: 64	numa_mask: 6	init_time: 0.007775531	symb_time: 0.169998609	mgmt_time: 0.011362432	numc_time: 0.213337679	total_time: 0.402474251	flop_cnt: 268283294	numc_perf: 1257552323.891177177	perf: 666584988.563653588
[0mCONFIGURATION:	USE_HYPERTHREADING	USE_WEIGHTED_INTERLEAVING	HASH_CONSTANT: 2654435761	THREAD_NUM: 64	AB_HIGH_THREAD_NUM: 16	AB_SIZE: 524288	AB_MIN_NUM: 32768	AB_PRT: 0.900000	AB_DNR	DAHA	DAHA_REAR	DAHA_QUANTILE: 0.990000	DAHA_SYMB_THRES: 6000000	DAHA_NUMC_THRES: 800000	DN_MIN: 256	GUD_ALPHA: 0.500000	GUD_MIN: 256	HYB_THRES: 0.950000
[0;36m0th run	init_time: 0.008709718	symb_time: 0.433209530	mgmt_time: 0.011895776	numc_time: 1.109181715	total_time: 1.562996739
[0m
[0;36m1th run	init_time: 0.139354747	symb_time: 0.428528064	mgmt_time: 0.011976855	numc_time: 1.107343286	total_time: 1.687202952
[0m
[0;32mdataset: ssca_19_4	num_trials: 1	thread_num: 64	numa_mask: 6	init_time: 0.139354747	symb_time: 0.428528064	mgmt_time: 0.011976855	numc_time: 1.107343286	total_time: 1.687202952	flop_cnt: 1027428570	numc_perf: 927832030.942570686	perf: 608953753.181911111
[0mCONFIGURATION:	USE_HYPERTHREADING	USE_WEIGHTED_INTERLEAVING	HASH_CONSTANT: 2654435761	THREAD_NUM: 64	AB_HIGH_THREAD_NUM: 16	AB_SIZE: 524288	AB_MIN_NUM: 32768	AB_PRT: 0.900000	AB_DNR	DAHA	DAHA_REAR	DAHA_QUANTILE: 0.990000	DAHA_SYMB_THRES: 6000000	DAHA_NUMC_THRES: 800000	DN_MIN: 256	GUD_ALPHA: 0.500000	GUD_MIN: 256	HYB_THRES: 0.950000
[0;36m0th run	init_time: 0.011151387	symb_time: 1.690115928	mgmt_time: 0.013512655	numc_time: 4.743857772	total_time: 6.458637742
[0m
[0;36m1th run	init_time: 0.142378807	symb_time: 1.674682147	mgmt_time: 0.013426249	numc_time: 4.746904568	total_time: 6.577391771
[0m
[0;32mdataset: ssca_19_8	num_trials: 1	thread_num: 64	numa_mask: 6	init_time: 0.142378807	symb_time: 1.674682147	mgmt_time: 0.013426249	numc_time: 4.746904568	total_time: 6.577391771	flop_cnt: 3903138874	numc_perf: 822249282.261113286	perf: 593417422.877120495
[0mCONFIGURATION:	USE_HYPERTHREADING	USE_WEIGHTED_INTERLEAVING	HASH_CONSTANT: 2654435761	THREAD_NUM: 64	AB_HIGH_THREAD_NUM: 16	AB_SIZE: 524288	AB_MIN_NUM: 32768	AB_PRT: 0.900000	AB_DNR	DAHA	DAHA_REAR	DAHA_QUANTILE: 0.990000	DAHA_SYMB_THRES: 6000000	DAHA_NUMC_THRES: 800000	DN_MIN: 256	GUD_ALPHA: 0.500000	GUD_MIN: 256	HYB_THRES: 0.950000
[0;36m0th run	init_time: 0.015691792	symb_time: 5.428721892	mgmt_time: 0.017953639	numc_time: 25.577563216	total_time: 31.039930539
[0m
[0;36m1th run	init_time: 0.148056908	symb_time: 5.431879992	mgmt_time: 0.017419485	numc_time: 25.648138524	total_time: 31.245494909
[0m
[0;32mdataset: ssca_19_16	num_trials: 1	thread_num: 64	numa_mask: 6	init_time: 0.148056908	symb_time: 5.431879992	mgmt_time: 0.017419485	numc_time: 25.648138524	total_time: 31.245494909	flop_cnt: 14867776796	numc_perf: 579682489.709248066	perf: 475837455.585235834
[0mCONFIGURATION:	USE_HYPERTHREADING	USE_WEIGHTED_INTERLEAVING	HASH_CONSTANT: 2654435761	THREAD_NUM: 64	AB_HIGH_THREAD_NUM: 16	AB_SIZE: 524288	AB_MIN_NUM: 32768	AB_PRT: 0.900000	AB_DNR	DAHA	DAHA_REAR	DAHA_QUANTILE: 0.990000	DAHA_SYMB_THRES: 6000000	DAHA_NUMC_THRES: 800000	DN_MIN: 256	GUD_ALPHA: 0.500000	GUD_MIN: 256	HYB_THRES: 0.950000
[0;36m0th run	init_time: 0.034258089	symb_time: 18.976212648	mgmt_time: 0.024757995	numc_time: 91.413150810	total_time: 110.448379542
[0m
[0;36m1th run	init_time: 0.163381440	symb_time: 19.235105325	mgmt_time: 0.024825229	numc_time: 91.801126557	total_time: 111.224438551
[0m
[0;32mdataset: ssca_19_32	num_trials: 1	thread_num: 64	numa_mask: 6	init_time: 0.163381440	symb_time: 19.235105325	mgmt_time: 0.024825229	numc_time: 91.801126557	total_time: 111.224438551	flop_cnt: 51639469810	numc_perf: 562514554.523867130	perf: 464281685.596656263
[0mCONFIGURATION:	USE_HYPERTHREADING	USE_WEIGHTED_INTERLEAVING	HASH_CONSTANT: 2654435761	THREAD_NUM: 64	AB_HIGH_THREAD_NUM: 16	AB_SIZE: 524288	AB_MIN_NUM: 32768	AB_PRT: 0.900000	AB_DNR	DAHA	DAHA_REAR	DAHA_QUANTILE: 0.990000	DAHA_SYMB_THRES: 6000000	DAHA_NUMC_THRES: 800000	DN_MIN: 256	GUD_ALPHA: 0.500000	GUD_MIN: 256	HYB_THRES: 0.950000
[0;36m0th run	init_time: 0.010989169	symb_time: 0.109168681	mgmt_time: 0.011532737	numc_time: 0.144227536	total_time: 0.275918123
[0m
[0;36m1th run	init_time: 0.010470995	symb_time: 0.109428665	mgmt_time: 0.011620957	numc_time: 0.142536563	total_time: 0.274057180
[0m
[0;32mdataset: ssca_20_1	num_trials: 1	thread_num: 64	numa_mask: 6	init_time: 0.010470995	symb_time: 0.109428665	mgmt_time: 0.011620957	numc_time: 0.142536563	total_time: 0.274057180	flop_cnt: 169466010	numc_perf: 1188930099.289682388	perf: 618360044.425765514
[0mCONFIGURATION:	USE_HYPERTHREADING	USE_WEIGHTED_INTERLEAVING	HASH_CONSTANT: 2654435761	THREAD_NUM: 64	AB_HIGH_THREAD_NUM: 16	AB_SIZE: 524288	AB_MIN_NUM: 32768	AB_PRT: 0.900000	AB_DNR	DAHA	DAHA_REAR	DAHA_QUANTILE: 0.990000	DAHA_SYMB_THRES: 6000000	DAHA_NUMC_THRES: 800000	DN_MIN: 256	GUD_ALPHA: 0.500000	GUD_MIN: 256	HYB_THRES: 0.950000
[0;36m0th run	init_time: 0.011748974	symb_time: 0.328562256	mgmt_time: 0.011845708	numc_time: 0.621294053	total_time: 0.973450991
[0m
[0;36m1th run	init_time: 0.011952668	symb_time: 0.326881916	mgmt_time: 0.011937103	numc_time: 0.619957127	total_time: 0.970728814
[0m
[0;32mdataset: ssca_20_2	num_trials: 1	thread_num: 64	numa_mask: 6	init_time: 0.011952668	symb_time: 0.326881916	mgmt_time: 0.011937103	numc_time: 0.619957127	total_time: 0.970728814	flop_cnt: 648831524	numc_perf: 1046574828.713921785	perf: 668396275.707954884
[0mCONFIGURATION:	USE_HYPERTHREADING	USE_WEIGHTED_INTERLEAVING	HASH_CONSTANT: 2654435761	THREAD_NUM: 64	AB_HIGH_THREAD_NUM: 16	AB_SIZE: 524288	AB_MIN_NUM: 32768	AB_PRT: 0.900000	AB_DNR	DAHA	DAHA_REAR	DAHA_QUANTILE: 0.990000	DAHA_SYMB_THRES: 6000000	DAHA_NUMC_THRES: 800000	DN_MIN: 256	GUD_ALPHA: 0.500000	GUD_MIN: 256	HYB_THRES: 0.950000
[0;36m0th run	init_time: 0.014773328	symb_time: 1.200522093	mgmt_time: 0.013286959	numc_time: 3.339667136	total_time: 4.568249516
[0m
[0;36m1th run	init_time: 0.144026458	symb_time: 1.201567060	mgmt_time: 0.013527916	numc_time: 3.337508628	total_time: 4.696630062
[0m
[0;32mdataset: ssca_20_4	num_trials: 1	thread_num: 64	numa_mask: 6	init_time: 0.144026458	symb_time: 1.201567060	mgmt_time: 0.013527916	numc_time: 3.337508628	total_time: 4.696630062	flop_cnt: 2612761040	numc_perf: 782847726.019421697	perf: 556305479.782112002
[0mCONFIGURATION:	USE_HYPERTHREADING	USE_WEIGHTED_INTERLEAVING	HASH_CONSTANT: 2654435761	THREAD_NUM: 64	AB_HIGH_THREAD_NUM: 16	AB_SIZE: 524288	AB_MIN_NUM: 32768	AB_PRT: 0.900000	AB_DNR	DAHA	DAHA_REAR	DAHA_QUANTILE: 0.990000	DAHA_SYMB_THRES: 6000000	DAHA_NUMC_THRES: 800000	DN_MIN: 256	GUD_ALPHA: 0.500000	GUD_MIN: 256	HYB_THRES: 0.950000
[0;36m0th run	init_time: 0.020154110	symb_time: 5.789417500	mgmt_time: 0.017702672	numc_time: 15.448490155	total_time: 21.275764437
[0m
[0;36m1th run	init_time: 0.148211865	symb_time: 5.816690571	mgmt_time: 0.017428085	numc_time: 15.461140346	total_time: 21.443470867
[0m
[0;32mdataset: ssca_20_8	num_trials: 1	thread_num: 64	numa_mask: 6	init_time: 0.148211865	symb_time: 5.816690571	mgmt_time: 0.017428085	numc_time: 15.461140346	total_time: 21.443470867	flop_cnt: 9483589832	numc_perf: 613382300.384688616	perf: 442260018.950317383
[0mCONFIGURATION:	USE_HYPERTHREADING	USE_WEIGHTED_INTERLEAVING	HASH_CONSTANT: 2654435761	THREAD_NUM: 64	AB_HIGH_THREAD_NUM: 16	AB_SIZE: 524288	AB_MIN_NUM: 32768	AB_PRT: 0.900000	AB_DNR	DAHA	DAHA_REAR	DAHA_QUANTILE: 0.990000	DAHA_SYMB_THRES: 6000000	DAHA_NUMC_THRES: 800000	DN_MIN: 256	GUD_ALPHA: 0.500000	GUD_MIN: 256	HYB_THRES: 0.950000
[0;36m0th run	init_time: 0.050191399	symb_time: 23.130437650	mgmt_time: 0.026379493	numc_time: 71.228663130	total_time: 94.435671672
[0m
[0;36m1th run	init_time: 0.170390499	symb_time: 23.270431909	mgmt_time: 0.026175966	numc_time: 71.402728082	total_time: 94.869726456
[0m
[0;32mdataset: ssca_20_16	num_trials: 1	thread_num: 64	numa_mask: 6	init_time: 0.170390499	symb_time: 23.270431909	mgmt_time: 0.026175966	numc_time: 71.402728082	total_time: 94.869726456	flop_cnt: 36022738962	numc_perf: 504500877.342262447	perf: 379707418.875157475
[0mmmap: Cannot allocate memory
CONFIGURATION:	USE_HYPERTHREADING	USE_WEIGHTED_INTERLEAVING	HASH_CONSTANT: 2654435761	THREAD_NUM: 64	AB_HIGH_THREAD_NUM: 16	AB_SIZE: 524288	AB_MIN_NUM: 32768	AB_PRT: 0.900000	AB_DNR	DAHA	DAHA_REAR	DAHA_QUANTILE: 0.990000	DAHA_SYMB_THRES: 6000000	DAHA_NUMC_THRES: 800000	DN_MIN: 256	GUD_ALPHA: 0.500000	GUD_MIN: 256	HYB_THRES: 0.950000
errno: 22
buffer_size: 311492330040
