CONFIGURATION:	USE_HYPERTHREADING	HASH_CONSTANT: 2654435761	THREAD_NUM: 64	AB_HIGH_THREAD_NUM: 22	AB_SIZE: 524288	AB_MIN_NUM: 32768	AB_PRT: 0.850000	AB_DNR	DAHA	DAHA_REAR	DAHA_QUANTILE: 0.990000	DAHA_SYMB_THRES: 7000000	DAHA_NUMC_THRES: 2100000	DN_MIN: 256	GUD_ALPHA: 0.500000	GUD_MIN: 256	HYB_THRES: 0.950000
[0;36m0th run	init_time: 0.006350339	symb_time: 0.023559965	mgmt_time: 0.000201726	numc_time: 0.009024538	total_time: 0.039136568
[0m
[0;36m1th run	init_time: 0.004207486	symb_time: 0.023351895	mgmt_time: 0.000292043	numc_time: 0.008887711	total_time: 0.036739135
[0m
[0;32mdataset: ssca_17_1	num_trials: 1	thread_num: 64	numa_mask: 1	init_time: 0.004207486	symb_time: 0.023351895	mgmt_time: 0.000292043	numc_time: 0.008887711	total_time: 0.036739135	flop_cnt: 12544808	numc_perf: 1411477938.470321417	perf: 341456269.996558189
[0mCONFIGURATION:	USE_HYPERTHREADING	HASH_CONSTANT: 2654435761	THREAD_NUM: 64	AB_HIGH_THREAD_NUM: 22	AB_SIZE: 524288	AB_MIN_NUM: 32768	AB_PRT: 0.850000	AB_DNR	DAHA	DAHA_REAR	DAHA_QUANTILE: 0.990000	DAHA_SYMB_THRES: 7000000	DAHA_NUMC_THRES: 2100000	DN_MIN: 256	GUD_ALPHA: 0.500000	GUD_MIN: 256	HYB_THRES: 0.950000
[0;36m0th run	init_time: 0.006300080	symb_time: 0.050748362	mgmt_time: 0.010561706	numc_time: 0.028831494	total_time: 0.096441642
[0m
[0;36m1th run	init_time: 0.004145654	symb_time: 0.051119500	mgmt_time: 0.010446542	numc_time: 0.028157928	total_time: 0.093869624
[0m
[0;32mdataset: ssca_17_2	num_trials: 1	thread_num: 64	numa_mask: 1	init_time: 0.004145654	symb_time: 0.051119500	mgmt_time: 0.010446542	numc_time: 0.028157928	total_time: 0.093869624	flop_cnt: 47460784	numc_perf: 1685521178.973111868	perf: 505603218.353149056
[0mCONFIGURATION:	USE_HYPERTHREADING	HASH_CONSTANT: 2654435761	THREAD_NUM: 64	AB_HIGH_THREAD_NUM: 22	AB_SIZE: 524288	AB_MIN_NUM: 32768	AB_PRT: 0.850000	AB_DNR	DAHA	DAHA_REAR	DAHA_QUANTILE: 0.990000	DAHA_SYMB_THRES: 7000000	DAHA_NUMC_THRES: 2100000	DN_MIN: 256	GUD_ALPHA: 0.500000	GUD_MIN: 256	HYB_THRES: 0.950000
[0;36m0th run	init_time: 0.006158149	symb_time: 0.105028379	mgmt_time: 0.011020247	numc_time: 0.096898923	total_time: 0.219105698
[0m
[0;36m1th run	init_time: 0.004360808	symb_time: 0.105432861	mgmt_time: 0.010953256	numc_time: 0.096481615	total_time: 0.217228540
[0m
[0;32mdataset: ssca_17_4	num_trials: 1	thread_num: 64	numa_mask: 1	init_time: 0.004360808	symb_time: 0.105432861	mgmt_time: 0.010953256	numc_time: 0.096481615	total_time: 0.217228540	flop_cnt: 168699984	numc_perf: 1748519487.365546227	perf: 776601380.279036880
[0mCONFIGURATION:	USE_HYPERTHREADING	HASH_CONSTANT: 2654435761	THREAD_NUM: 64	AB_HIGH_THREAD_NUM: 22	AB_SIZE: 524288	AB_MIN_NUM: 32768	AB_PRT: 0.850000	AB_DNR	DAHA	DAHA_REAR	DAHA_QUANTILE: 0.990000	DAHA_SYMB_THRES: 7000000	DAHA_NUMC_THRES: 2100000	DN_MIN: 256	GUD_ALPHA: 0.500000	GUD_MIN: 256	HYB_THRES: 0.950000
[0;36m0th run	init_time: 0.006424489	symb_time: 0.204053190	mgmt_time: 0.011275783	numc_time: 0.485000813	total_time: 0.706754275
[0m
[0;36m1th run	init_time: 0.004596786	symb_time: 0.203845888	mgmt_time: 0.011153890	numc_time: 0.484410402	total_time: 0.704006966
[0m
[0;32mdataset: ssca_17_8	num_trials: 1	thread_num: 64	numa_mask: 1	init_time: 0.004596786	symb_time: 0.203845888	mgmt_time: 0.011153890	numc_time: 0.484410402	total_time: 0.704006966	flop_cnt: 624601922	numc_perf: 1289406502.051126480	perf: 887209860.363796473
[0mCONFIGURATION:	USE_HYPERTHREADING	HASH_CONSTANT: 2654435761	THREAD_NUM: 64	AB_HIGH_THREAD_NUM: 22	AB_SIZE: 524288	AB_MIN_NUM: 32768	AB_PRT: 0.850000	AB_DNR	DAHA	DAHA_REAR	DAHA_QUANTILE: 0.990000	DAHA_SYMB_THRES: 7000000	DAHA_NUMC_THRES: 2100000	DN_MIN: 256	GUD_ALPHA: 0.500000	GUD_MIN: 256	HYB_THRES: 0.950000
[0;36m0th run	init_time: 0.006369812	symb_time: 0.464605141	mgmt_time: 0.011946815	numc_time: 2.539543887	total_time: 3.022465655
[0m
[0;36m1th run	init_time: 0.135954221	symb_time: 0.463561327	mgmt_time: 0.011734876	numc_time: 2.539402664	total_time: 3.150653088
[0m
[0;32mdataset: ssca_17_16	num_trials: 1	thread_num: 64	numa_mask: 1	init_time: 0.135954221	symb_time: 0.463561327	mgmt_time: 0.011734876	numc_time: 2.539402664	total_time: 3.150653088	flop_cnt: 2353868370	numc_perf: 926937820.208571553	perf: 747104903.096205235
[0mCONFIGURATION:	USE_HYPERTHREADING	HASH_CONSTANT: 2654435761	THREAD_NUM: 64	AB_HIGH_THREAD_NUM: 22	AB_SIZE: 524288	AB_MIN_NUM: 32768	AB_PRT: 0.850000	AB_DNR	DAHA	DAHA_REAR	DAHA_QUANTILE: 0.990000	DAHA_SYMB_THRES: 7000000	DAHA_NUMC_THRES: 2100000	DN_MIN: 256	GUD_ALPHA: 0.500000	GUD_MIN: 256	HYB_THRES: 0.950000
[0;36m0th run	init_time: 0.006486953	symb_time: 1.088027925	mgmt_time: 0.013087336	numc_time: 11.526634775	total_time: 12.634236989
[0m
[0;36m1th run	init_time: 0.136663012	symb_time: 1.098507142	mgmt_time: 0.012781472	numc_time: 11.515852836	total_time: 12.763804462
[0m
[0;32mdataset: ssca_17_32	num_trials: 1	thread_num: 64	numa_mask: 1	init_time: 0.136663012	symb_time: 1.098507142	mgmt_time: 0.012781472	numc_time: 11.515852836	total_time: 12.763804462	flop_cnt: 8147913534	numc_perf: 707538872.720620394	perf: 638360886.697826862
[0mCONFIGURATION:	USE_HYPERTHREADING	HASH_CONSTANT: 2654435761	THREAD_NUM: 64	AB_HIGH_THREAD_NUM: 22	AB_SIZE: 524288	AB_MIN_NUM: 32768	AB_PRT: 0.850000	AB_DNR	DAHA	DAHA_REAR	DAHA_QUANTILE: 0.990000	DAHA_SYMB_THRES: 7000000	DAHA_NUMC_THRES: 2100000	DN_MIN: 256	GUD_ALPHA: 0.500000	GUD_MIN: 256	HYB_THRES: 0.950000
[0;36m0th run	init_time: 0.006891121	symb_time: 0.033747332	mgmt_time: 0.000289579	numc_time: 0.017830167	total_time: 0.058758199
[0m
[0;36m1th run	init_time: 0.004662852	symb_time: 0.034101700	mgmt_time: 0.000273557	numc_time: 0.018396855	total_time: 0.057434964
[0m
[0;32mdataset: ssca_18_1	num_trials: 1	thread_num: 64	numa_mask: 1	init_time: 0.004662852	symb_time: 0.034101700	mgmt_time: 0.000273557	numc_time: 0.018396855	total_time: 0.057434964	flop_cnt: 27943792	numc_perf: 1518943971.673419237	perf: 486529285.541120887
[0mCONFIGURATION:	USE_HYPERTHREADING	HASH_CONSTANT: 2654435761	THREAD_NUM: 64	AB_HIGH_THREAD_NUM: 22	AB_SIZE: 524288	AB_MIN_NUM: 32768	AB_PRT: 0.850000	AB_DNR	DAHA	DAHA_REAR	DAHA_QUANTILE: 0.990000	DAHA_SYMB_THRES: 7000000	DAHA_NUMC_THRES: 2100000	DN_MIN: 256	GUD_ALPHA: 0.500000	GUD_MIN: 256	HYB_THRES: 0.950000
[0;36m0th run	init_time: 0.006741174	symb_time: 0.092152147	mgmt_time: 0.010633590	numc_time: 0.065240720	total_time: 0.174767631
[0m
[0;36m1th run	init_time: 0.004988518	symb_time: 0.092812168	mgmt_time: 0.010802811	numc_time: 0.064684580	total_time: 0.173288077
[0m
[0;32mdataset: ssca_18_2	num_trials: 1	thread_num: 64	numa_mask: 1	init_time: 0.004988518	symb_time: 0.092812168	mgmt_time: 0.010802811	numc_time: 0.064684580	total_time: 0.173288077	flop_cnt: 114850178	numc_perf: 1775541837.018961668	perf: 662770226.251630783
[0mCONFIGURATION:	USE_HYPERTHREADING	HASH_CONSTANT: 2654435761	THREAD_NUM: 64	AB_HIGH_THREAD_NUM: 22	AB_SIZE: 524288	AB_MIN_NUM: 32768	AB_PRT: 0.850000	AB_DNR	DAHA	DAHA_REAR	DAHA_QUANTILE: 0.990000	DAHA_SYMB_THRES: 7000000	DAHA_NUMC_THRES: 2100000	DN_MIN: 256	GUD_ALPHA: 0.500000	GUD_MIN: 256	HYB_THRES: 0.950000
[0;36m0th run	init_time: 0.006746477	symb_time: 0.207687363	mgmt_time: 0.011301044	numc_time: 0.286049763	total_time: 0.511784647
[0m
[0;36m1th run	init_time: 0.005258115	symb_time: 0.207220216	mgmt_time: 0.011350413	numc_time: 0.285757275	total_time: 0.509586019
[0m
[0;32mdataset: ssca_18_4	num_trials: 1	thread_num: 64	numa_mask: 1	init_time: 0.005258115	symb_time: 0.207220216	mgmt_time: 0.011350413	numc_time: 0.285757275	total_time: 0.509586019	flop_cnt: 436760506	numc_perf: 1528431799.330393076	perf: 857088871.584602714
[0mCONFIGURATION:	USE_HYPERTHREADING	HASH_CONSTANT: 2654435761	THREAD_NUM: 64	AB_HIGH_THREAD_NUM: 22	AB_SIZE: 524288	AB_MIN_NUM: 32768	AB_PRT: 0.850000	AB_DNR	DAHA	DAHA_REAR	DAHA_QUANTILE: 0.990000	DAHA_SYMB_THRES: 7000000	DAHA_NUMC_THRES: 2100000	DN_MIN: 256	GUD_ALPHA: 0.500000	GUD_MIN: 256	HYB_THRES: 0.950000
[0;36m0th run	init_time: 0.006943141	symb_time: 0.453470850	mgmt_time: 0.011933254	numc_time: 1.311146073	total_time: 1.783493318
[0m
[0;36m1th run	init_time: 0.005928983	symb_time: 0.488598803	mgmt_time: 0.011918514	numc_time: 1.308622995	total_time: 1.815069295
[0m
[0;32mdataset: ssca_18_8	num_trials: 1	thread_num: 64	numa_mask: 1	init_time: 0.005928983	symb_time: 0.488598803	mgmt_time: 0.011918514	numc_time: 1.308622995	total_time: 1.815069295	flop_cnt: 1511957342	numc_perf: 1155380386.694183111	perf: 833002544.952422976
[0mCONFIGURATION:	USE_HYPERTHREADING	HASH_CONSTANT: 2654435761	THREAD_NUM: 64	AB_HIGH_THREAD_NUM: 22	AB_SIZE: 524288	AB_MIN_NUM: 32768	AB_PRT: 0.850000	AB_DNR	DAHA	DAHA_REAR	DAHA_QUANTILE: 0.990000	DAHA_SYMB_THRES: 7000000	DAHA_NUMC_THRES: 2100000	DN_MIN: 256	GUD_ALPHA: 0.500000	GUD_MIN: 256	HYB_THRES: 0.950000
[0;36m0th run	init_time: 0.007931382	symb_time: 1.325632950	mgmt_time: 0.013248691	numc_time: 7.213780202	total_time: 8.560593225
[0m
[0;36m1th run	init_time: 0.137611548	symb_time: 1.269136118	mgmt_time: 0.013076911	numc_time: 7.197449715	total_time: 8.617274292
[0m
[0;32mdataset: ssca_18_16	num_trials: 1	thread_num: 64	numa_mask: 1	init_time: 0.137611548	symb_time: 1.269136118	mgmt_time: 0.013076911	numc_time: 7.197449715	total_time: 8.617274292	flop_cnt: 6017257514	numc_perf: 836026336.031164527	perf: 698278517.092838407
[0mCONFIGURATION:	USE_HYPERTHREADING	HASH_CONSTANT: 2654435761	THREAD_NUM: 64	AB_HIGH_THREAD_NUM: 22	AB_SIZE: 524288	AB_MIN_NUM: 32768	AB_PRT: 0.850000	AB_DNR	DAHA	DAHA_REAR	DAHA_QUANTILE: 0.990000	DAHA_SYMB_THRES: 7000000	DAHA_NUMC_THRES: 2100000	DN_MIN: 256	GUD_ALPHA: 0.500000	GUD_MIN: 256	HYB_THRES: 0.950000
[0;36m0th run	init_time: 0.010189353	symb_time: 3.646222724	mgmt_time: 0.015493269	numc_time: 31.245158605	total_time: 34.917063951
[0m
[0;36m1th run	init_time: 0.141448523	symb_time: 3.647311725	mgmt_time: 0.015856559	numc_time: 31.209003385	total_time: 35.013620192
[0m
[0;32mdataset: ssca_18_32	num_trials: 1	thread_num: 64	numa_mask: 1	init_time: 0.141448523	symb_time: 3.647311725	mgmt_time: 0.015856559	numc_time: 31.209003385	total_time: 35.013620192	flop_cnt: 20559722408	numc_perf: 658775358.968419671	perf: 587192135.382148743
[0mCONFIGURATION:	USE_HYPERTHREADING	HASH_CONSTANT: 2654435761	THREAD_NUM: 64	AB_HIGH_THREAD_NUM: 22	AB_SIZE: 524288	AB_MIN_NUM: 32768	AB_PRT: 0.850000	AB_DNR	DAHA	DAHA_REAR	DAHA_QUANTILE: 0.990000	DAHA_SYMB_THRES: 7000000	DAHA_NUMC_THRES: 2100000	DN_MIN: 256	GUD_ALPHA: 0.500000	GUD_MIN: 256	HYB_THRES: 0.950000
[0;36m0th run	init_time: 0.013508180	symb_time: 0.059728924	mgmt_time: 0.010752763	numc_time: 0.041241108	total_time: 0.125230975
[0m
[0;36m1th run	init_time: 0.005910036	symb_time: 0.059741898	mgmt_time: 0.010606147	numc_time: 0.041122305	total_time: 0.117380386
[0m
[0;32mdataset: ssca_19_1	num_trials: 1	thread_num: 64	numa_mask: 1	init_time: 0.005910036	symb_time: 0.059741898	mgmt_time: 0.010606147	numc_time: 0.041122305	total_time: 0.117380386	flop_cnt: 69647718	numc_perf: 1693672521.518431187	perf: 593350561.992529154
[0mCONFIGURATION:	USE_HYPERTHREADING	HASH_CONSTANT: 2654435761	THREAD_NUM: 64	AB_HIGH_THREAD_NUM: 22	AB_SIZE: 524288	AB_MIN_NUM: 32768	AB_PRT: 0.850000	AB_DNR	DAHA	DAHA_REAR	DAHA_QUANTILE: 0.990000	DAHA_SYMB_THRES: 7000000	DAHA_NUMC_THRES: 2100000	DN_MIN: 256	GUD_ALPHA: 0.500000	GUD_MIN: 256	HYB_THRES: 0.950000
[0;36m0th run	init_time: 0.007614144	symb_time: 0.168358663	mgmt_time: 0.011200526	numc_time: 0.150165955	total_time: 0.337339288
[0m
[0;36m1th run	init_time: 0.006262898	symb_time: 0.168678326	mgmt_time: 0.011218298	numc_time: 0.149329082	total_time: 0.335488604
[0m
[0;32mdataset: ssca_19_2	num_trials: 1	thread_num: 64	numa_mask: 1	init_time: 0.006262898	symb_time: 0.168678326	mgmt_time: 0.011218298	numc_time: 0.149329082	total_time: 0.335488604	flop_cnt: 268283294	numc_perf: 1796591061.880364418	perf: 799679305.947453380
[0mCONFIGURATION:	USE_HYPERTHREADING	HASH_CONSTANT: 2654435761	THREAD_NUM: 64	AB_HIGH_THREAD_NUM: 22	AB_SIZE: 524288	AB_MIN_NUM: 32768	AB_PRT: 0.850000	AB_DNR	DAHA	DAHA_REAR	DAHA_QUANTILE: 0.990000	DAHA_SYMB_THRES: 7000000	DAHA_NUMC_THRES: 2100000	DN_MIN: 256	GUD_ALPHA: 0.500000	GUD_MIN: 256	HYB_THRES: 0.950000
[0;36m0th run	init_time: 0.007831782	symb_time: 0.414601283	mgmt_time: 0.011719789	numc_time: 0.739316181	total_time: 1.173469035
[0m
[0;36m1th run	init_time: 0.007117483	symb_time: 0.416175499	mgmt_time: 0.011370658	numc_time: 0.738937201	total_time: 1.173600841
[0m
[0;32mdataset: ssca_19_4	num_trials: 1	thread_num: 64	numa_mask: 1	init_time: 0.007117483	symb_time: 0.416175499	mgmt_time: 0.011370658	numc_time: 0.738937201	total_time: 1.173600841	flop_cnt: 1027428570	numc_perf: 1390413919.626168728	perf: 875449756.089600563
[0mCONFIGURATION:	USE_HYPERTHREADING	HASH_CONSTANT: 2654435761	THREAD_NUM: 64	AB_HIGH_THREAD_NUM: 22	AB_SIZE: 524288	AB_MIN_NUM: 32768	AB_PRT: 0.850000	AB_DNR	DAHA	DAHA_REAR	DAHA_QUANTILE: 0.990000	DAHA_SYMB_THRES: 7000000	DAHA_NUMC_THRES: 2100000	DN_MIN: 256	GUD_ALPHA: 0.500000	GUD_MIN: 256	HYB_THRES: 0.950000
[0;36m0th run	init_time: 0.009202500	symb_time: 1.247060586	mgmt_time: 0.012881518	numc_time: 3.803690773	total_time: 5.072835377
[0m
[0;36m1th run	init_time: 0.140067878	symb_time: 1.242502652	mgmt_time: 0.013055317	numc_time: 3.809820791	total_time: 5.205446638
[0m
[0;32mdataset: ssca_19_8	num_trials: 1	thread_num: 64	numa_mask: 1	init_time: 0.140067878	symb_time: 1.242502652	mgmt_time: 0.013055317	numc_time: 3.809820791	total_time: 5.205446638	flop_cnt: 3903138874	numc_perf: 1024494087.286322474	perf: 749818247.200327992
[0mCONFIGURATION:	USE_HYPERTHREADING	HASH_CONSTANT: 2654435761	THREAD_NUM: 64	AB_HIGH_THREAD_NUM: 22	AB_SIZE: 524288	AB_MIN_NUM: 32768	AB_PRT: 0.850000	AB_DNR	DAHA	DAHA_REAR	DAHA_QUANTILE: 0.990000	DAHA_SYMB_THRES: 7000000	DAHA_NUMC_THRES: 2100000	DN_MIN: 256	GUD_ALPHA: 0.500000	GUD_MIN: 256	HYB_THRES: 0.950000
[0;36m0th run	init_time: 0.012725616	symb_time: 4.699329310	mgmt_time: 0.016274573	numc_time: 19.584641084	total_time: 24.312970583
[0m
[0;36m1th run	init_time: 0.141545679	symb_time: 4.692249905	mgmt_time: 0.016349517	numc_time: 19.622366390	total_time: 24.472511491
[0m
[0;32mdataset: ssca_19_16	num_trials: 1	thread_num: 64	numa_mask: 1	init_time: 0.141545679	symb_time: 4.692249905	mgmt_time: 0.016349517	numc_time: 19.622366390	total_time: 24.472511491	flop_cnt: 14867776796	numc_perf: 757695402.302596569	perf: 607529668.602577567
[0mCONFIGURATION:	USE_HYPERTHREADING	HASH_CONSTANT: 2654435761	THREAD_NUM: 64	AB_HIGH_THREAD_NUM: 22	AB_SIZE: 524288	AB_MIN_NUM: 32768	AB_PRT: 0.850000	AB_DNR	DAHA	DAHA_REAR	DAHA_QUANTILE: 0.990000	DAHA_SYMB_THRES: 7000000	DAHA_NUMC_THRES: 2100000	DN_MIN: 256	GUD_ALPHA: 0.500000	GUD_MIN: 256	HYB_THRES: 0.950000
[0;36m0th run	init_time: 0.009793869	symb_time: 0.108652957	mgmt_time: 0.011258625	numc_time: 0.092106101	total_time: 0.221811552
[0m
[0;36m1th run	init_time: 0.008727826	symb_time: 0.108352982	mgmt_time: 0.011393122	numc_time: 0.092639882	total_time: 0.221113812
[0m
[0;32mdataset: ssca_20_1	num_trials: 1	thread_num: 64	numa_mask: 1	init_time: 0.008727826	symb_time: 0.108352982	mgmt_time: 0.011393122	numc_time: 0.092639882	total_time: 0.221113812	flop_cnt: 169466010	numc_perf: 1829298638.355346680	perf: 766419829.078791261
[0mCONFIGURATION:	USE_HYPERTHREADING	HASH_CONSTANT: 2654435761	THREAD_NUM: 64	AB_HIGH_THREAD_NUM: 22	AB_SIZE: 524288	AB_MIN_NUM: 32768	AB_PRT: 0.850000	AB_DNR	DAHA	DAHA_REAR	DAHA_QUANTILE: 0.990000	DAHA_SYMB_THRES: 7000000	DAHA_NUMC_THRES: 2100000	DN_MIN: 256	GUD_ALPHA: 0.500000	GUD_MIN: 256	HYB_THRES: 0.950000
[0;36m0th run	init_time: 0.010016037	symb_time: 0.324952233	mgmt_time: 0.012030599	numc_time: 0.390852624	total_time: 0.737851493
[0m
[0;36m1th run	init_time: 0.009875312	symb_time: 0.322476502	mgmt_time: 0.011851418	numc_time: 0.390043498	total_time: 0.734246730
[0m
[0;32mdataset: ssca_20_2	num_trials: 1	thread_num: 64	numa_mask: 1	init_time: 0.009875312	symb_time: 0.322476502	mgmt_time: 0.011851418	numc_time: 0.390043498	total_time: 0.734246730	flop_cnt: 648831524	numc_perf: 1663485040.327476263	perf: 883669613.346456409
[0mCONFIGURATION:	USE_HYPERTHREADING	HASH_CONSTANT: 2654435761	THREAD_NUM: 64	AB_HIGH_THREAD_NUM: 22	AB_SIZE: 524288	AB_MIN_NUM: 32768	AB_PRT: 0.850000	AB_DNR	DAHA	DAHA_REAR	DAHA_QUANTILE: 0.990000	DAHA_SYMB_THRES: 7000000	DAHA_NUMC_THRES: 2100000	DN_MIN: 256	GUD_ALPHA: 0.500000	GUD_MIN: 256	HYB_THRES: 0.950000
[0;36m0th run	init_time: 0.012327218	symb_time: 1.078016481	mgmt_time: 0.013411102	numc_time: 2.219075545	total_time: 3.322830346
[0m
[0;36m1th run	init_time: 0.143291891	symb_time: 1.053641708	mgmt_time: 0.013169006	numc_time: 2.225963264	total_time: 3.436065869
[0m
[0;32mdataset: ssca_20_4	num_trials: 1	thread_num: 64	numa_mask: 1	init_time: 0.143291891	symb_time: 1.053641708	mgmt_time: 0.013169006	numc_time: 2.225963264	total_time: 3.436065869	flop_cnt: 2612761040	numc_perf: 1173766468.771337271	perf: 760393176.269462228
[0mCONFIGURATION:	USE_HYPERTHREADING	HASH_CONSTANT: 2654435761	THREAD_NUM: 64	AB_HIGH_THREAD_NUM: 22	AB_SIZE: 524288	AB_MIN_NUM: 32768	AB_PRT: 0.850000	AB_DNR	DAHA	DAHA_REAR	DAHA_QUANTILE: 0.990000	DAHA_SYMB_THRES: 7000000	DAHA_NUMC_THRES: 2100000	DN_MIN: 256	GUD_ALPHA: 0.500000	GUD_MIN: 256	HYB_THRES: 0.950000
[0;36m0th run	init_time: 0.017045523	symb_time: 3.429061996	mgmt_time: 0.016509366	numc_time: 10.323335058	total_time: 13.785951943
[0m
[0;36m1th run	init_time: 0.146636289	symb_time: 3.441321595	mgmt_time: 0.016906657	numc_time: 10.349702535	total_time: 13.954567076
[0m
[0;32mdataset: ssca_20_8	num_trials: 1	thread_num: 64	numa_mask: 1	init_time: 0.146636289	symb_time: 3.441321595	mgmt_time: 0.016906657	numc_time: 10.349702535	total_time: 13.954567076	flop_cnt: 9483589832	numc_perf: 916315208.087282419	perf: 679604733.013216376
[0mmmap: Cannot allocate memory
CONFIGURATION:	USE_HYPERTHREADING	HASH_CONSTANT: 2654435761	THREAD_NUM: 64	AB_HIGH_THREAD_NUM: 22	AB_SIZE: 524288	AB_MIN_NUM: 32768	AB_PRT: 0.850000	AB_DNR	DAHA	DAHA_REAR	DAHA_QUANTILE: 0.990000	DAHA_SYMB_THRES: 7000000	DAHA_NUMC_THRES: 2100000	DN_MIN: 256	GUD_ALPHA: 0.500000	GUD_MIN: 256	HYB_THRES: 0.950000
errno: 22
buffer_size: 311492330040
