CONFIGURATION:	USE_HYPERTHREADING
	0_intprod: 829433115
	1_intprod: 327497827
	2_intprod: 325674406
	3_intprod: 122821510
	4_intprod: 326255333
	5_intprod: 121055361
	6_intprod: 119777251
	7_intprod: 43969672
	8_intprod: 327153269
	9_intprod: 121115874
	10_intprod: 120425252
	11_intprod: 43620069
	12_intprod: 120212427
	13_intprod: 43268580
	14_intprod: 43417954
	15_intprod: 16921871
	16_intprod: 325532803
	17_intprod: 121885323
	18_intprod: 120540730
	19_intprod: 44057717
	20_intprod: 121377371
	21_intprod: 43728856
	22_intprod: 42558602
	23_intprod: 16329751
	24_intprod: 120431935
	25_intprod: 43949836
	26_intprod: 43144929
	27_intprod: 15373286
	28_intprod: 42837750
	29_intprod: 15353080
	30_intprod: 15084724
	31_intprod: 4926154

	0_flop_estimated: 131860733
	1_flop_estimated: 131248684
	2_flop_estimated: 130406703
	3_flop_estimated: 130590047
	4_flop_estimated: 130730076
	5_flop_estimated: 130895483
	6_flop_estimated: 130808379
	7_flop_estimated: 130998405
	8_flop_estimated: 131091029
	9_flop_estimated: 130847479
	10_flop_estimated: 130761495
	11_flop_estimated: 131141589
	12_flop_estimated: 130720665
	13_flop_estimated: 130917026
	14_flop_estimated: 130960692
	15_flop_estimated: 130903717
	16_flop_estimated: 131621202
	17_flop_estimated: 130817777
	18_flop_estimated: 130511871
	19_flop_estimated: 130847827
	20_flop_estimated: 130833406
	21_flop_estimated: 130991118
	22_flop_estimated: 130915889
	23_flop_estimated: 130884337
	24_flop_estimated: 130929157
	25_flop_estimated: 130960355
	26_flop_estimated: 131135848
	27_flop_estimated: 131240134
	28_flop_estimated: 130416920
	29_flop_estimated: 130915727
	30_flop_estimated: 130906516
	31_flop_estimated: 130922332

	0_symb_time: 0.278900911
	1_symb_time: 0.356903595
	2_symb_time: 0.393330851
	3_symb_time: 0.394772168
	4_symb_time: 0.438247785
	5_symb_time: 0.503492958
	6_symb_time: 0.518321671
	7_symb_time: 0.584223562
	8_symb_time: 0.755286948
	9_symb_time: 0.462656716
	10_symb_time: 0.689094837
	11_symb_time: 0.919154034
	12_symb_time: 0.622352441
	13_symb_time: 0.627740207
	14_symb_time: 0.771820230
	15_symb_time: 0.978251830
	16_symb_time: 1.327549073
	17_symb_time: 0.435890899
	18_symb_time: 0.656822882
	19_symb_time: 0.852300663
	20_symb_time: 1.042799088
	21_symb_time: 1.186471672
	22_symb_time: 1.366212242
	23_symb_time: 0.938454417
	24_symb_time: 0.589307366
	25_symb_time: 0.789065013
	26_symb_time: 0.987985853
	27_symb_time: 1.333063052
	28_symb_time: 0.979088716
	29_symb_time: 1.492688458
	30_symb_time: 1.329613072
	31_symb_time: 2.077920147

	0_numc_time: 1.260170994
	1_numc_time: 1.332189075
	2_numc_time: 1.393630677
	3_numc_time: 1.412688486
	4_numc_time: 1.505463195
	5_numc_time: 1.650596069
	6_numc_time: 1.648538701
	7_numc_time: 1.817218578
	8_numc_time: 2.103867876
	9_numc_time: 1.559159623
	10_numc_time: 1.981690650
	11_numc_time: 2.418874015
	12_numc_time: 1.812390355
	13_numc_time: 1.908793786
	14_numc_time: 2.133497118
	15_numc_time: 2.492791254
	16_numc_time: 3.067539246
	17_numc_time: 1.516849006
	18_numc_time: 1.943177937
	19_numc_time: 2.308436020
	20_numc_time: 2.585468974
	21_numc_time: 2.827783881
	22_numc_time: 3.168981693
	23_numc_time: 2.289427969
	24_numc_time: 1.839360435
	25_numc_time: 2.169930074
	26_numc_time: 2.501159906
	27_numc_time: 3.125468125
	28_numc_time: 2.513890117
	29_numc_time: 3.328519576
	30_numc_time: 3.091094641
	31_numc_time: 4.250626909

[0;36m0th run	init_time: 0.007161661	symb_time: 2.080041031	mgmt_time: 0.000014199	numc_time: 4.258418271	total_time: 6.345635162
[0m	0_intprod: 829433115
	1_intprod: 327497827
	2_intprod: 325674406
	3_intprod: 122821510
	4_intprod: 326255333
	5_intprod: 121055361
	6_intprod: 119777251
	7_intprod: 43969672
	8_intprod: 327153269
	9_intprod: 121115874
	10_intprod: 120425252
	11_intprod: 43620069
	12_intprod: 120212427
	13_intprod: 43268580
	14_intprod: 43417954
	15_intprod: 16921871
	16_intprod: 325532803
	17_intprod: 121885323
	18_intprod: 120540730
	19_intprod: 44057717
	20_intprod: 121377371
	21_intprod: 43728856
	22_intprod: 42558602
	23_intprod: 16329751
	24_intprod: 120431935
	25_intprod: 43949836
	26_intprod: 43144929
	27_intprod: 15373286
	28_intprod: 42837750
	29_intprod: 15353080
	30_intprod: 15084724
	31_intprod: 4926154

	0_flop_estimated: 131860733
	1_flop_estimated: 131248684
	2_flop_estimated: 130406703
	3_flop_estimated: 130590047
	4_flop_estimated: 130730076
	5_flop_estimated: 130895483
	6_flop_estimated: 130808379
	7_flop_estimated: 130998405
	8_flop_estimated: 131091029
	9_flop_estimated: 130847479
	10_flop_estimated: 130761495
	11_flop_estimated: 131141589
	12_flop_estimated: 130720665
	13_flop_estimated: 130917026
	14_flop_estimated: 130960692
	15_flop_estimated: 130903717
	16_flop_estimated: 131621202
	17_flop_estimated: 130817777
	18_flop_estimated: 130511871
	19_flop_estimated: 130847827
	20_flop_estimated: 130833406
	21_flop_estimated: 130991118
	22_flop_estimated: 130915889
	23_flop_estimated: 130884337
	24_flop_estimated: 130929157
	25_flop_estimated: 130960355
	26_flop_estimated: 131135848
	27_flop_estimated: 131240134
	28_flop_estimated: 130416920
	29_flop_estimated: 130915727
	30_flop_estimated: 130906516
	31_flop_estimated: 130922332

	0_symb_time: 0.325768762
	1_symb_time: 0.354348519
	2_symb_time: 0.396939915
	3_symb_time: 0.397955408
	4_symb_time: 0.442591213
	5_symb_time: 0.507038641
	6_symb_time: 0.513869200
	7_symb_time: 0.583665557
	8_symb_time: 0.752356811
	9_symb_time: 0.458479023
	10_symb_time: 0.673366999
	11_symb_time: 0.918017571
	12_symb_time: 0.618005243
	13_symb_time: 0.628116480
	14_symb_time: 0.774663496
	15_symb_time: 0.977599465
	16_symb_time: 1.316016497
	17_symb_time: 0.429501803
	18_symb_time: 0.654498631
	19_symb_time: 0.852169829
	20_symb_time: 1.033577936
	21_symb_time: 1.193082897
	22_symb_time: 1.374286947
	23_symb_time: 0.935708500
	24_symb_time: 0.594878723
	25_symb_time: 0.787894027
	26_symb_time: 0.975555160
	27_symb_time: 1.337334977
	28_symb_time: 0.976651673
	29_symb_time: 1.486809165
	30_symb_time: 1.330261840
	31_symb_time: 2.061470952

	0_numc_time: 1.469004783
	1_numc_time: 1.389826900
	2_numc_time: 1.449556940
	3_numc_time: 1.473937283
	4_numc_time: 1.538234050
	5_numc_time: 1.696831640
	6_numc_time: 1.655076537
	7_numc_time: 1.861499797
	8_numc_time: 2.123553866
	9_numc_time: 1.573149934
	10_numc_time: 2.006630016
	11_numc_time: 2.438453961
	12_numc_time: 1.844051500
	13_numc_time: 1.938659407
	14_numc_time: 2.177613415
	15_numc_time: 2.510991218
	16_numc_time: 3.055508630
	17_numc_time: 1.544070671
	18_numc_time: 1.987059142
	19_numc_time: 2.325634244
	20_numc_time: 2.602682770
	21_numc_time: 2.853482722
	22_numc_time: 3.193135494
	23_numc_time: 2.301862866
	24_numc_time: 1.854824312
	25_numc_time: 2.180564092
	26_numc_time: 2.521598625
	27_numc_time: 3.128673665
	28_numc_time: 2.534047537
	29_numc_time: 3.322340750
	30_numc_time: 3.105967183
	31_numc_time: 4.268631592

[0;36m1th run	init_time: 0.008544347	symb_time: 2.063700626	mgmt_time: 0.000016715	numc_time: 4.276078368	total_time: 6.348340056
[0m[0;32mdataset: g500_17_16	num_trials: 1	thread_num: 32	numa_mask: 2	hash_constant: 3	init_time: 0.008544347	symb_time: 2.063700626	mgmt_time: 0.000016715	numc_time: 4.276078368	total_time: 6.348340056	flop_cnt: 4189732618	numc_perf: 979807257.358478785	perf: 659972934.820994973
[0m