CONFIGURATION:	USE_HYPERTHREADING	HASH_CONSTANT: 2654435761	THREAD_NUM: 64	AB_HIGH_THREAD_NUM: 22	AB_SIZE: 524288	AB_MIN_NUM: 32768	AB_PRT: 0.850000	AB_DNR	DN_MIN: 256	GUD_ALPHA: 0.500000	GUD_MIN: 256	HYB_THRES: 0.950000
[0;36m0th run	init_time: 0.005211242	symb_time: 0.004382401	mgmt_time: 0.001479506	numc_time: 0.011155517	total_time: 0.022228666
[0m
[0;36m1th run	init_time: 0.008134658	symb_time: 0.003847354	mgmt_time: 0.000150643	numc_time: 0.011277506	total_time: 0.023410161
[0m
[0;32mdataset: er_18_1	num_trials: 1	thread_num: 64	numa_mask: 1	init_time: 0.008134658	symb_time: 0.003847354	mgmt_time: 0.000150643	numc_time: 0.011277506	total_time: 0.023410161	flop_cnt: 1573868	numc_perf: 139558161.174997360	perf: 67230122.851355001
[0mCONFIGURATION:	USE_HYPERTHREADING	HASH_CONSTANT: 2654435761	THREAD_NUM: 64	AB_HIGH_THREAD_NUM: 22	AB_SIZE: 524288	AB_MIN_NUM: 32768	AB_PRT: 0.850000	AB_DNR	DN_MIN: 256	GUD_ALPHA: 0.500000	GUD_MIN: 256	HYB_THRES: 0.950000
[0;36m0th run	init_time: 0.005400113	symb_time: 0.005639450	mgmt_time: 0.001488607	numc_time: 0.008905903	total_time: 0.021434073
[0m
[0;36m1th run	init_time: 0.005092230	symb_time: 0.004857625	mgmt_time: 0.000198101	numc_time: 0.008618160	total_time: 0.018766116
[0m
[0;32mdataset: er_18_2	num_trials: 1	thread_num: 64	numa_mask: 1	init_time: 0.005092230	symb_time: 0.004857625	mgmt_time: 0.000198101	numc_time: 0.008618160	total_time: 0.018766116	flop_cnt: 5237284	numc_perf: 607703268.447093129	perf: 279081936.826991796
[0mCONFIGURATION:	USE_HYPERTHREADING	HASH_CONSTANT: 2654435761	THREAD_NUM: 64	AB_HIGH_THREAD_NUM: 22	AB_SIZE: 524288	AB_MIN_NUM: 32768	AB_PRT: 0.850000	AB_DNR	DN_MIN: 256	GUD_ALPHA: 0.500000	GUD_MIN: 256	HYB_THRES: 0.950000
[0;36m0th run	init_time: 0.005407263	symb_time: 0.009811860	mgmt_time: 0.010722861	numc_time: 0.014509622	total_time: 0.040451606
[0m
[0;36m1th run	init_time: 0.004648957	symb_time: 0.009179672	mgmt_time: 0.000255600	numc_time: 0.014470984	total_time: 0.028555213
[0m
[0;32mdataset: er_18_4	num_trials: 1	thread_num: 64	numa_mask: 1	init_time: 0.004648957	symb_time: 0.009179672	mgmt_time: 0.000255600	numc_time: 0.014470984	total_time: 0.028555213	flop_cnt: 18879238	numc_perf: 1304627107.596829653	perf: 661148561.560370684
[0mCONFIGURATION:	USE_HYPERTHREADING	HASH_CONSTANT: 2654435761	THREAD_NUM: 64	AB_HIGH_THREAD_NUM: 22	AB_SIZE: 524288	AB_MIN_NUM: 32768	AB_PRT: 0.850000	AB_DNR	DN_MIN: 256	GUD_ALPHA: 0.500000	GUD_MIN: 256	HYB_THRES: 0.950000
[0;36m0th run	init_time: 0.005605356	symb_time: 0.025035625	mgmt_time: 0.012132666	numc_time: 0.042974973	total_time: 0.085748620
[0m
[0;36m1th run	init_time: 0.004694632	symb_time: 0.024372702	mgmt_time: 0.010583736	numc_time: 0.043098225	total_time: 0.082749295
[0m
[0;32mdataset: er_18_8	num_trials: 1	thread_num: 64	numa_mask: 1	init_time: 0.004694632	symb_time: 0.024372702	mgmt_time: 0.010583736	numc_time: 0.043098225	total_time: 0.082749295	flop_cnt: 71328054	numc_perf: 1655011407.082310200	perf: 861977784.825840473
[0mCONFIGURATION:	USE_HYPERTHREADING	HASH_CONSTANT: 2654435761	THREAD_NUM: 64	AB_HIGH_THREAD_NUM: 22	AB_SIZE: 524288	AB_MIN_NUM: 32768	AB_PRT: 0.850000	AB_DNR	DN_MIN: 256	GUD_ALPHA: 0.500000	GUD_MIN: 256	HYB_THRES: 0.950000
[0;36m0th run	init_time: 0.005904442	symb_time: 0.081695484	mgmt_time: 0.012528082	numc_time: 0.164113058	total_time: 0.264241066
[0m
[0;36m1th run	init_time: 0.005020913	symb_time: 0.080542723	mgmt_time: 0.011413248	numc_time: 0.164602158	total_time: 0.261579042
[0m
[0;32mdataset: er_18_16	num_trials: 1	thread_num: 64	numa_mask: 1	init_time: 0.005020913	symb_time: 0.080542723	mgmt_time: 0.011413248	numc_time: 0.164602158	total_time: 0.261579042	flop_cnt: 277105556	numc_perf: 1683486774.213494778	perf: 1059356873.093831301
[0mCONFIGURATION:	USE_HYPERTHREADING	HASH_CONSTANT: 2654435761	THREAD_NUM: 64	AB_HIGH_THREAD_NUM: 22	AB_SIZE: 524288	AB_MIN_NUM: 32768	AB_PRT: 0.850000	AB_DNR	DN_MIN: 256	GUD_ALPHA: 0.500000	GUD_MIN: 256	HYB_THRES: 0.950000
[0;36m0th run	init_time: 0.006418963	symb_time: 0.312208336	mgmt_time: 0.013449789	numc_time: 0.649386667	total_time: 0.981463755
[0m
[0;36m1th run	init_time: 0.005910352	symb_time: 0.311149447	mgmt_time: 0.012035347	numc_time: 0.683523966	total_time: 1.012619112
[0m
[0;32mdataset: er_18_32	num_trials: 1	thread_num: 64	numa_mask: 1	init_time: 0.005910352	symb_time: 0.311149447	mgmt_time: 0.012035347	numc_time: 0.683523966	total_time: 1.012619112	flop_cnt: 1090559662	numc_perf: 1595495865.905014992	perf: 1076969266.209149122
[0mCONFIGURATION:	USE_HYPERTHREADING	HASH_CONSTANT: 2654435761	THREAD_NUM: 64	AB_HIGH_THREAD_NUM: 22	AB_SIZE: 524288	AB_MIN_NUM: 32768	AB_PRT: 0.850000	AB_DNR	DN_MIN: 256	GUD_ALPHA: 0.500000	GUD_MIN: 256	HYB_THRES: 0.950000
[0;36m0th run	init_time: 0.006018715	symb_time: 0.005452615	mgmt_time: 0.001541763	numc_time: 0.014158345	total_time: 0.027171438
[0m
[0;36m1th run	init_time: 0.006587725	symb_time: 0.004674222	mgmt_time: 0.000166676	numc_time: 0.014179732	total_time: 0.025608355
[0m
[0;32mdataset: er_19_1	num_trials: 1	thread_num: 64	numa_mask: 1	init_time: 0.006587725	symb_time: 0.004674222	mgmt_time: 0.000166676	numc_time: 0.014179732	total_time: 0.025608355	flop_cnt: 3147278	numc_perf: 221956099.029234111	perf: 122900436.205293164
[0mCONFIGURATION:	USE_HYPERTHREADING	HASH_CONSTANT: 2654435761	THREAD_NUM: 64	AB_HIGH_THREAD_NUM: 22	AB_SIZE: 524288	AB_MIN_NUM: 32768	AB_PRT: 0.850000	AB_DNR	DN_MIN: 256	GUD_ALPHA: 0.500000	GUD_MIN: 256	HYB_THRES: 0.950000
[0;36m0th run	init_time: 0.006541215	symb_time: 0.008195496	mgmt_time: 0.001538722	numc_time: 0.015462089	total_time: 0.031737522
[0m
[0;36m1th run	init_time: 0.005596727	symb_time: 0.007314313	mgmt_time: 0.000196170	numc_time: 0.015151874	total_time: 0.028259084
[0m
[0;32mdataset: er_19_2	num_trials: 1	thread_num: 64	numa_mask: 1	init_time: 0.005596727	symb_time: 0.007314313	mgmt_time: 0.000196170	numc_time: 0.015151874	total_time: 0.028259084	flop_cnt: 10490794	numc_perf: 692376005.766679406	perf: 371236166.041334569
[0mCONFIGURATION:	USE_HYPERTHREADING	HASH_CONSTANT: 2654435761	THREAD_NUM: 64	AB_HIGH_THREAD_NUM: 22	AB_SIZE: 524288	AB_MIN_NUM: 32768	AB_PRT: 0.850000	AB_DNR	DN_MIN: 256	GUD_ALPHA: 0.500000	GUD_MIN: 256	HYB_THRES: 0.950000
[0;36m0th run	init_time: 0.006818783	symb_time: 0.017036366	mgmt_time: 0.011983431	numc_time: 0.029484443	total_time: 0.065323023
[0m
[0;36m1th run	init_time: 0.005724256	symb_time: 0.016131811	mgmt_time: 0.010432706	numc_time: 0.029573060	total_time: 0.061861833
[0m
[0;32mdataset: er_19_4	num_trials: 1	thread_num: 64	numa_mask: 1	init_time: 0.005724256	symb_time: 0.016131811	mgmt_time: 0.010432706	numc_time: 0.029573060	total_time: 0.061861833	flop_cnt: 37757054	numc_perf: 1276738152.899970293	perf: 610344895.535184026
[0mCONFIGURATION:	USE_HYPERTHREADING	HASH_CONSTANT: 2654435761	THREAD_NUM: 64	AB_HIGH_THREAD_NUM: 22	AB_SIZE: 524288	AB_MIN_NUM: 32768	AB_PRT: 0.850000	AB_DNR	DN_MIN: 256	GUD_ALPHA: 0.500000	GUD_MIN: 256	HYB_THRES: 0.950000
[0;36m0th run	init_time: 0.006486750	symb_time: 0.050027069	mgmt_time: 0.012666588	numc_time: 0.094232090	total_time: 0.163412497
[0m
[0;36m1th run	init_time: 0.006461577	symb_time: 0.049293361	mgmt_time: 0.011180456	numc_time: 0.094726451	total_time: 0.161661845
[0m
[0;32mdataset: er_19_8	num_trials: 1	thread_num: 64	numa_mask: 1	init_time: 0.006461577	symb_time: 0.049293361	mgmt_time: 0.011180456	numc_time: 0.094726451	total_time: 0.161661845	flop_cnt: 142742320	numc_perf: 1506889770.419035196	perf: 882968519.875546217
[0mCONFIGURATION:	USE_HYPERTHREADING	HASH_CONSTANT: 2654435761	THREAD_NUM: 64	AB_HIGH_THREAD_NUM: 22	AB_SIZE: 524288	AB_MIN_NUM: 32768	AB_PRT: 0.850000	AB_DNR	DN_MIN: 256	GUD_ALPHA: 0.500000	GUD_MIN: 256	HYB_THRES: 0.950000
[0;36m0th run	init_time: 0.007862936	symb_time: 0.174018629	mgmt_time: 0.012837147	numc_time: 0.346036497	total_time: 0.540755209
[0m
[0;36m1th run	init_time: 0.007909398	symb_time: 0.173362454	mgmt_time: 0.011566258	numc_time: 0.347702136	total_time: 0.540540246
[0m
[0;32mdataset: er_19_16	num_trials: 1	thread_num: 64	numa_mask: 1	init_time: 0.007909398	symb_time: 0.173362454	mgmt_time: 0.011566258	numc_time: 0.347702136	total_time: 0.540540246	flop_cnt: 553733304	numc_perf: 1592550768.799418688	perf: 1024407170.599467397
[0mCONFIGURATION:	USE_HYPERTHREADING	HASH_CONSTANT: 2654435761	THREAD_NUM: 64	AB_HIGH_THREAD_NUM: 22	AB_SIZE: 524288	AB_MIN_NUM: 32768	AB_PRT: 0.850000	AB_DNR	DN_MIN: 256	GUD_ALPHA: 0.500000	GUD_MIN: 256	HYB_THRES: 0.950000
[0;36m0th run	init_time: 0.010013234	symb_time: 0.662871411	mgmt_time: 0.014764264	numc_time: 1.339234865	total_time: 2.026883774
[0m
[0;36m1th run	init_time: 0.009211453	symb_time: 0.659429248	mgmt_time: 0.013106286	numc_time: 1.339869619	total_time: 2.021616606
[0m
[0;32mdataset: er_19_32	num_trials: 1	thread_num: 64	numa_mask: 1	init_time: 0.009211453	symb_time: 0.659429248	mgmt_time: 0.013106286	numc_time: 1.339869619	total_time: 2.021616606	flop_cnt: 2181162866	numc_perf: 1627891874.754121304	perf: 1078920137.243866920
[0mCONFIGURATION:	USE_HYPERTHREADING	HASH_CONSTANT: 2654435761	THREAD_NUM: 64	AB_HIGH_THREAD_NUM: 22	AB_SIZE: 524288	AB_MIN_NUM: 32768	AB_PRT: 0.850000	AB_DNR	DN_MIN: 256	GUD_ALPHA: 0.500000	GUD_MIN: 256	HYB_THRES: 0.950000
[0;36m0th run	init_time: 0.008256650	symb_time: 0.007611309	mgmt_time: 0.003585260	numc_time: 0.021610297	total_time: 0.041063516
[0m
[0;36m1th run	init_time: 0.007536815	symb_time: 0.006890410	mgmt_time: 0.000220371	numc_time: 0.021703696	total_time: 0.036351292
[0m
[0;32mdataset: er_20_1	num_trials: 1	thread_num: 64	numa_mask: 1	init_time: 0.007536815	symb_time: 0.006890410	mgmt_time: 0.000220371	numc_time: 0.021703696	total_time: 0.036351292	flop_cnt: 6290748	numc_perf: 289846853.734036803	perf: 173054316.748906732
[0mCONFIGURATION:	USE_HYPERTHREADING	HASH_CONSTANT: 2654435761	THREAD_NUM: 64	AB_HIGH_THREAD_NUM: 22	AB_SIZE: 524288	AB_MIN_NUM: 32768	AB_PRT: 0.850000	AB_DNR	DN_MIN: 256	GUD_ALPHA: 0.500000	GUD_MIN: 256	HYB_THRES: 0.950000
[0;36m0th run	init_time: 0.008696251	symb_time: 0.013250369	mgmt_time: 0.001716761	numc_time: 0.029820712	total_time: 0.053484093
[0m
[0;36m1th run	init_time: 0.007887420	symb_time: 0.012560340	mgmt_time: 0.000284440	numc_time: 0.029579395	total_time: 0.050311595
[0m
[0;32mdataset: er_20_2	num_trials: 1	thread_num: 64	numa_mask: 1	init_time: 0.007887420	symb_time: 0.012560340	mgmt_time: 0.000284440	numc_time: 0.029579395	total_time: 0.050311595	flop_cnt: 20968558	numc_perf: 708890699.082925797	perf: 416773866.938625157
[0mCONFIGURATION:	USE_HYPERTHREADING	HASH_CONSTANT: 2654435761	THREAD_NUM: 64	AB_HIGH_THREAD_NUM: 22	AB_SIZE: 524288	AB_MIN_NUM: 32768	AB_PRT: 0.850000	AB_DNR	DN_MIN: 256	GUD_ALPHA: 0.500000	GUD_MIN: 256	HYB_THRES: 0.950000
[0;36m0th run	init_time: 0.009184038	symb_time: 0.034198352	mgmt_time: 0.012123769	numc_time: 0.063387860	total_time: 0.118894019
[0m
[0;36m1th run	init_time: 0.008727961	symb_time: 0.033346869	mgmt_time: 0.010767662	numc_time: 0.063413340	total_time: 0.116255832
[0m
[0;32mdataset: er_20_4	num_trials: 1	thread_num: 64	numa_mask: 1	init_time: 0.008727961	symb_time: 0.033346869	mgmt_time: 0.010767662	numc_time: 0.063413340	total_time: 0.116255832	flop_cnt: 75507866	numc_perf: 1190725263.800960541	perf: 649497446.287253737
[0mCONFIGURATION:	USE_HYPERTHREADING	HASH_CONSTANT: 2654435761	THREAD_NUM: 64	AB_HIGH_THREAD_NUM: 22	AB_SIZE: 524288	AB_MIN_NUM: 32768	AB_PRT: 0.850000	AB_DNR	DN_MIN: 256	GUD_ALPHA: 0.500000	GUD_MIN: 256	HYB_THRES: 0.950000
[0;36m0th run	init_time: 0.009662902	symb_time: 0.112304765	mgmt_time: 0.012937243	numc_time: 0.203090284	total_time: 0.337995194
[0m
[0;36m1th run	init_time: 0.009348773	symb_time: 0.111392490	mgmt_time: 0.011267001	numc_time: 0.203395690	total_time: 0.335403954
[0m
[0;32mdataset: er_20_8	num_trials: 1	thread_num: 64	numa_mask: 1	init_time: 0.009348773	symb_time: 0.111392490	mgmt_time: 0.011267001	numc_time: 0.203395690	total_time: 0.335403954	flop_cnt: 285424684	numc_perf: 1403297601.832172394	perf: 850987833.017615557
[0mCONFIGURATION:	USE_HYPERTHREADING	HASH_CONSTANT: 2654435761	THREAD_NUM: 64	AB_HIGH_THREAD_NUM: 22	AB_SIZE: 524288	AB_MIN_NUM: 32768	AB_PRT: 0.850000	AB_DNR	DN_MIN: 256	GUD_ALPHA: 0.500000	GUD_MIN: 256	HYB_THRES: 0.950000
[0;36m0th run	init_time: 0.012573470	symb_time: 0.375152057	mgmt_time: 0.013668513	numc_time: 0.722129331	total_time: 1.123523371
[0m
[0;36m1th run	init_time: 0.011879284	symb_time: 0.374151304	mgmt_time: 0.011989685	numc_time: 0.727975140	total_time: 1.125995413
[0m
[0;32mdataset: er_20_16	num_trials: 1	thread_num: 64	numa_mask: 1	init_time: 0.011879284	symb_time: 0.374151304	mgmt_time: 0.011989685	numc_time: 0.727975140	total_time: 1.125995413	flop_cnt: 1107231140	numc_perf: 1520973834.353739023	perf: 983335391.260603547
[0mCONFIGURATION:	USE_HYPERTHREADING	HASH_CONSTANT: 2654435761	THREAD_NUM: 64	AB_HIGH_THREAD_NUM: 22	AB_SIZE: 524288	AB_MIN_NUM: 32768	AB_PRT: 0.850000	AB_DNR	DN_MIN: 256	GUD_ALPHA: 0.500000	GUD_MIN: 256	HYB_THRES: 0.950000
[0;36m0th run	init_time: 0.017295222	symb_time: 1.377423484	mgmt_time: 0.017455711	numc_time: 2.777060782	total_time: 4.189235199
[0m
[0;36m1th run	init_time: 0.017589971	symb_time: 1.377472410	mgmt_time: 0.015961833	numc_time: 2.764129770	total_time: 4.175153984
[0m
[0;32mdataset: er_20_32	num_trials: 1	thread_num: 64	numa_mask: 1	init_time: 0.017589971	symb_time: 1.377472410	mgmt_time: 0.015961833	numc_time: 2.764129770	total_time: 4.175153984	flop_cnt: 4366158894	numc_perf: 1579578115.827753067	perf: 1045747991.746404648
[0mCONFIGURATION:	USE_HYPERTHREADING	HASH_CONSTANT: 2654435761	THREAD_NUM: 64	AB_HIGH_THREAD_NUM: 22	AB_SIZE: 524288	AB_MIN_NUM: 32768	AB_PRT: 0.850000	AB_DNR	DN_MIN: 256	GUD_ALPHA: 0.500000	GUD_MIN: 256	HYB_THRES: 0.950000
[0;36m0th run	init_time: 0.012386287	symb_time: 0.012540526	mgmt_time: 0.011777395	numc_time: 0.038741764	total_time: 0.075445972
[0m
[0;36m1th run	init_time: 0.011952734	symb_time: 0.011887640	mgmt_time: 0.000304085	numc_time: 0.038238894	total_time: 0.062383353
[0m
[0;32mdataset: er_21_1	num_trials: 1	thread_num: 64	numa_mask: 1	init_time: 0.011952734	symb_time: 0.011887640	mgmt_time: 0.000304085	numc_time: 0.038238894	total_time: 0.062383353	flop_cnt: 12586608	numc_perf: 329157218.825418949	perf: 201762287.448704451
[0mCONFIGURATION:	USE_HYPERTHREADING	HASH_CONSTANT: 2654435761	THREAD_NUM: 64	AB_HIGH_THREAD_NUM: 22	AB_SIZE: 524288	AB_MIN_NUM: 32768	AB_PRT: 0.850000	AB_DNR	DN_MIN: 256	GUD_ALPHA: 0.500000	GUD_MIN: 256	HYB_THRES: 0.950000
[0;36m0th run	init_time: 0.012431295	symb_time: 0.027102046	mgmt_time: 0.012625805	numc_time: 0.062822862	total_time: 0.114982008
[0m
[0;36m1th run	init_time: 0.012903306	symb_time: 0.026367625	mgmt_time: 0.011011792	numc_time: 0.061735678	total_time: 0.112018401
[0m
[0;32mdataset: er_21_2	num_trials: 1	thread_num: 64	numa_mask: 1	init_time: 0.012903306	symb_time: 0.026367625	mgmt_time: 0.011011792	numc_time: 0.061735678	total_time: 0.112018401	flop_cnt: 41963140	numc_perf: 679722671.872170925	perf: 374609346.548340738
[0mCONFIGURATION:	USE_HYPERTHREADING	HASH_CONSTANT: 2654435761	THREAD_NUM: 64	AB_HIGH_THREAD_NUM: 22	AB_SIZE: 524288	AB_MIN_NUM: 32768	AB_PRT: 0.850000	AB_DNR	DN_MIN: 256	GUD_ALPHA: 0.500000	GUD_MIN: 256	HYB_THRES: 0.950000
[0;36m0th run	init_time: 0.013708265	symb_time: 0.078395861	mgmt_time: 0.012611940	numc_time: 0.138181691	total_time: 0.242897757
[0m
[0;36m1th run	init_time: 0.013448088	symb_time: 0.077742468	mgmt_time: 0.011326102	numc_time: 0.137082449	total_time: 0.239599107
[0m
[0;32mdataset: er_21_4	num_trials: 1	thread_num: 64	numa_mask: 1	init_time: 0.013448088	symb_time: 0.077742468	mgmt_time: 0.011326102	numc_time: 0.137082449	total_time: 0.239599107	flop_cnt: 150998738	numc_perf: 1101517656.720591545	perf: 630214110.105176687
[0mCONFIGURATION:	USE_HYPERTHREADING	HASH_CONSTANT: 2654435761	THREAD_NUM: 64	AB_HIGH_THREAD_NUM: 22	AB_SIZE: 524288	AB_MIN_NUM: 32768	AB_PRT: 0.850000	AB_DNR	DN_MIN: 256	GUD_ALPHA: 0.500000	GUD_MIN: 256	HYB_THRES: 0.950000
[0;36m0th run	init_time: 0.016520117	symb_time: 0.250496913	mgmt_time: 0.013290484	numc_time: 0.432130248	total_time: 0.712437762
[0m
[0;36m1th run	init_time: 0.017544868	symb_time: 0.249935890	mgmt_time: 0.011845212	numc_time: 0.432253691	total_time: 0.711579661
[0m
[0;32mdataset: er_21_8	num_trials: 1	thread_num: 64	numa_mask: 1	init_time: 0.017544868	symb_time: 0.249935890	mgmt_time: 0.011845212	numc_time: 0.432253691	total_time: 0.711579661	flop_cnt: 570627534	numc_perf: 1320121830.955053568	perf: 801916588.225812078
[0mCONFIGURATION:	USE_HYPERTHREADING	HASH_CONSTANT: 2654435761	THREAD_NUM: 64	AB_HIGH_THREAD_NUM: 22	AB_SIZE: 524288	AB_MIN_NUM: 32768	AB_PRT: 0.850000	AB_DNR	DN_MIN: 256	GUD_ALPHA: 0.500000	GUD_MIN: 256	HYB_THRES: 0.950000
[0;36m0th run	init_time: 0.021811227	symb_time: 0.800563552	mgmt_time: 0.015307940	numc_time: 1.507080226	total_time: 2.344762945
[0m
[0;36m1th run	init_time: 0.021574168	symb_time: 0.800445546	mgmt_time: 0.013521160	numc_time: 1.509756303	total_time: 2.345297177
[0m
[0;32mdataset: er_21_16	num_trials: 1	thread_num: 64	numa_mask: 1	init_time: 0.021574168	symb_time: 0.800445546	mgmt_time: 0.013521160	numc_time: 1.509756303	total_time: 2.345297177	flop_cnt: 2214794322	numc_perf: 1466987961.963819027	perf: 944355514.397142053
[0mCONFIGURATION:	USE_HYPERTHREADING	HASH_CONSTANT: 2654435761	THREAD_NUM: 64	AB_HIGH_THREAD_NUM: 22	AB_SIZE: 524288	AB_MIN_NUM: 32768	AB_PRT: 0.850000	AB_DNR	DN_MIN: 256	GUD_ALPHA: 0.500000	GUD_MIN: 256	HYB_THRES: 0.950000
[0;36m0th run	init_time: 0.033209161	symb_time: 2.833081647	mgmt_time: 0.022536847	numc_time: 5.699757165	total_time: 8.588584820
[0m
[0;36m1th run	init_time: 0.033002707	symb_time: 2.831964142	mgmt_time: 0.020866073	numc_time: 5.699576702	total_time: 8.585409624
[0m
[0;32mdataset: er_21_32	num_trials: 1	thread_num: 64	numa_mask: 1	init_time: 0.033002707	symb_time: 2.831964142	mgmt_time: 0.020866073	numc_time: 5.699576702	total_time: 8.585409624	flop_cnt: 8724487282	numc_perf: 1530725479.830554724	perf: 1016199303.713036180
[0m