CONFIGURATION:	USE_HYPERTHREADING	HASH_CONSTANT: 2654435761	THREAD_NUM: 32	AB_HIGH_THREAD_NUM: 16	AB_SIZE: 524288	AB_MIN_NUM: 32768	AB_PRT: 0.900000	AB_DNR	DN_MIN: 256	GUD_ALPHA: 0.500000	GUD_MIN: 256	HYB_THRES: 0.950000
[0;36m0th run	init_time: 0.003040625	symb_time: 0.003340449	mgmt_time: 0.000791857	numc_time: 0.004615868	total_time: 0.011788799
[0m
[0;36m1th run	init_time: 0.005558015	symb_time: 0.002769130	mgmt_time: 0.000093710	numc_time: 0.004625038	total_time: 0.013045893
[0m
[0;32mdataset: er_18_1	num_trials: 1	thread_num: 32	numa_mask: 1	init_time: 0.005558015	symb_time: 0.002769130	mgmt_time: 0.000093710	numc_time: 0.004625038	total_time: 0.013045893	flop_cnt: 1573868	numc_perf: 340292987.863018572	perf: 120640879.087388441
[0mCONFIGURATION:	USE_HYPERTHREADING	HASH_CONSTANT: 2654435761	THREAD_NUM: 32	AB_HIGH_THREAD_NUM: 16	AB_SIZE: 524288	AB_MIN_NUM: 32768	AB_PRT: 0.900000	AB_DNR	DN_MIN: 256	GUD_ALPHA: 0.500000	GUD_MIN: 256	HYB_THRES: 0.950000
[0;36m0th run	init_time: 0.003118308	symb_time: 0.005232257	mgmt_time: 0.000785833	numc_time: 0.008426341	total_time: 0.017562739
[0m
[0;36m1th run	init_time: 0.003885518	symb_time: 0.004918902	mgmt_time: 0.000110695	numc_time: 0.008378459	total_time: 0.017293574
[0m
[0;32mdataset: er_18_2	num_trials: 1	thread_num: 32	numa_mask: 1	init_time: 0.003885518	symb_time: 0.004918902	mgmt_time: 0.000110695	numc_time: 0.008378459	total_time: 0.017293574	flop_cnt: 5237284	numc_perf: 625089172.125804901	perf: 302845669.726801455
[0mCONFIGURATION:	USE_HYPERTHREADING	HASH_CONSTANT: 2654435761	THREAD_NUM: 32	AB_HIGH_THREAD_NUM: 16	AB_SIZE: 524288	AB_MIN_NUM: 32768	AB_PRT: 0.900000	AB_DNR	DN_MIN: 256	GUD_ALPHA: 0.500000	GUD_MIN: 256	HYB_THRES: 0.950000
[0;36m0th run	init_time: 0.003102453	symb_time: 0.012137587	mgmt_time: 0.000826011	numc_time: 0.022997841	total_time: 0.039063892
[0m
[0;36m1th run	init_time: 0.002965916	symb_time: 0.011792614	mgmt_time: 0.000161012	numc_time: 0.023131446	total_time: 0.038050988
[0m
[0;32mdataset: er_18_4	num_trials: 1	thread_num: 32	numa_mask: 1	init_time: 0.002965916	symb_time: 0.011792614	mgmt_time: 0.000161012	numc_time: 0.023131446	total_time: 0.038050988	flop_cnt: 18879238	numc_perf: 816171976.451450586	perf: 496156315.310393512
[0mCONFIGURATION:	USE_HYPERTHREADING	HASH_CONSTANT: 2654435761	THREAD_NUM: 32	AB_HIGH_THREAD_NUM: 16	AB_SIZE: 524288	AB_MIN_NUM: 32768	AB_PRT: 0.900000	AB_DNR	DN_MIN: 256	GUD_ALPHA: 0.500000	GUD_MIN: 256	HYB_THRES: 0.950000
[0;36m0th run	init_time: 0.003487059	symb_time: 0.036934918	mgmt_time: 0.008132002	numc_time: 0.079178696	total_time: 0.127732675
[0m
[0;36m1th run	init_time: 0.002992170	symb_time: 0.036529734	mgmt_time: 0.007209613	numc_time: 0.079212525	total_time: 0.125944042
[0m
[0;32mdataset: er_18_8	num_trials: 1	thread_num: 32	numa_mask: 1	init_time: 0.002992170	symb_time: 0.036529734	mgmt_time: 0.007209613	numc_time: 0.079212525	total_time: 0.125944042	flop_cnt: 71328054	numc_perf: 900464339.446318507	perf: 566347187.745490909
[0mCONFIGURATION:	USE_HYPERTHREADING	HASH_CONSTANT: 2654435761	THREAD_NUM: 32	AB_HIGH_THREAD_NUM: 16	AB_SIZE: 524288	AB_MIN_NUM: 32768	AB_PRT: 0.900000	AB_DNR	DN_MIN: 256	GUD_ALPHA: 0.500000	GUD_MIN: 256	HYB_THRES: 0.950000
[0;36m0th run	init_time: 0.003653689	symb_time: 0.129723248	mgmt_time: 0.008454966	numc_time: 0.297575917	total_time: 0.439407820
[0m
[0;36m1th run	init_time: 0.003417307	symb_time: 0.128959505	mgmt_time: 0.007650846	numc_time: 0.297911208	total_time: 0.437938866
[0m
[0;32mdataset: er_18_16	num_trials: 1	thread_num: 32	numa_mask: 1	init_time: 0.003417307	symb_time: 0.128959505	mgmt_time: 0.007650846	numc_time: 0.297911208	total_time: 0.437938866	flop_cnt: 277105556	numc_perf: 930161566.798117757	perf: 632749402.972605705
[0mCONFIGURATION:	USE_HYPERTHREADING	HASH_CONSTANT: 2654435761	THREAD_NUM: 32	AB_HIGH_THREAD_NUM: 16	AB_SIZE: 524288	AB_MIN_NUM: 32768	AB_PRT: 0.900000	AB_DNR	DN_MIN: 256	GUD_ALPHA: 0.500000	GUD_MIN: 256	HYB_THRES: 0.950000
[0;36m0th run	init_time: 0.004252800	symb_time: 0.486534152	mgmt_time: 0.009207241	numc_time: 1.137813984	total_time: 1.637808177
[0m
[0;36m1th run	init_time: 0.004231121	symb_time: 0.486758633	mgmt_time: 0.008766068	numc_time: 1.138543771	total_time: 1.638299593
[0m
[0;32mdataset: er_18_32	num_trials: 1	thread_num: 32	numa_mask: 1	init_time: 0.004231121	symb_time: 0.486758633	mgmt_time: 0.008766068	numc_time: 1.138543771	total_time: 1.638299593	flop_cnt: 1090559662	numc_perf: 957854840.347635627	perf: 665665588.064392567
[0mCONFIGURATION:	USE_HYPERTHREADING	HASH_CONSTANT: 2654435761	THREAD_NUM: 32	AB_HIGH_THREAD_NUM: 16	AB_SIZE: 524288	AB_MIN_NUM: 32768	AB_PRT: 0.900000	AB_DNR	DN_MIN: 256	GUD_ALPHA: 0.500000	GUD_MIN: 256	HYB_THRES: 0.950000
[0;36m0th run	init_time: 0.004195696	symb_time: 0.004843507	mgmt_time: 0.000759903	numc_time: 0.007572943	total_time: 0.017372049
[0m
[0;36m1th run	init_time: 0.004102929	symb_time: 0.004435850	mgmt_time: 0.000106189	numc_time: 0.007442788	total_time: 0.016087756
[0m
[0;32mdataset: er_19_1	num_trials: 1	thread_num: 32	numa_mask: 1	init_time: 0.004102929	symb_time: 0.004435850	mgmt_time: 0.000106189	numc_time: 0.007442788	total_time: 0.016087756	flop_cnt: 3147278	numc_perf: 422862776.690670192	perf: 195631883.029553622
[0mCONFIGURATION:	USE_HYPERTHREADING	HASH_CONSTANT: 2654435761	THREAD_NUM: 32	AB_HIGH_THREAD_NUM: 16	AB_SIZE: 524288	AB_MIN_NUM: 32768	AB_PRT: 0.900000	AB_DNR	DN_MIN: 256	GUD_ALPHA: 0.500000	GUD_MIN: 256	HYB_THRES: 0.950000
[0;36m0th run	init_time: 0.004216771	symb_time: 0.009245316	mgmt_time: 0.000783631	numc_time: 0.015898406	total_time: 0.030144124
[0m
[0;36m1th run	init_time: 0.004174581	symb_time: 0.008789140	mgmt_time: 0.000152927	numc_time: 0.015827475	total_time: 0.028944123
[0m
[0;32mdataset: er_19_2	num_trials: 1	thread_num: 32	numa_mask: 1	init_time: 0.004174581	symb_time: 0.008789140	mgmt_time: 0.000152927	numc_time: 0.015827475	total_time: 0.028944123	flop_cnt: 10490794	numc_perf: 662821707.189554811	perf: 362449883.176629663
[0mCONFIGURATION:	USE_HYPERTHREADING	HASH_CONSTANT: 2654435761	THREAD_NUM: 32	AB_HIGH_THREAD_NUM: 16	AB_SIZE: 524288	AB_MIN_NUM: 32768	AB_PRT: 0.900000	AB_DNR	DN_MIN: 256	GUD_ALPHA: 0.500000	GUD_MIN: 256	HYB_THRES: 0.950000
[0;36m0th run	init_time: 0.004399934	symb_time: 0.023326275	mgmt_time: 0.008029929	numc_time: 0.048218978	total_time: 0.083975116
[0m
[0;36m1th run	init_time: 0.004132213	symb_time: 0.023035040	mgmt_time: 0.007334700	numc_time: 0.048636611	total_time: 0.083138564
[0m
[0;32mdataset: er_19_4	num_trials: 1	thread_num: 32	numa_mask: 1	init_time: 0.004132213	symb_time: 0.023035040	mgmt_time: 0.007334700	numc_time: 0.048636611	total_time: 0.083138564	flop_cnt: 37757054	numc_perf: 776309311.518436074	perf: 454146092.780722082
[0mCONFIGURATION:	USE_HYPERTHREADING	HASH_CONSTANT: 2654435761	THREAD_NUM: 32	AB_HIGH_THREAD_NUM: 16	AB_SIZE: 524288	AB_MIN_NUM: 32768	AB_PRT: 0.900000	AB_DNR	DN_MIN: 256	GUD_ALPHA: 0.500000	GUD_MIN: 256	HYB_THRES: 0.950000
[0;36m0th run	init_time: 0.005104751	symb_time: 0.077944674	mgmt_time: 0.008349011	numc_time: 0.175201734	total_time: 0.266600170
[0m
[0;36m1th run	init_time: 0.004583286	symb_time: 0.077390402	mgmt_time: 0.007722692	numc_time: 0.176075175	total_time: 0.265771555
[0m
[0;32mdataset: er_19_8	num_trials: 1	thread_num: 32	numa_mask: 1	init_time: 0.004583286	symb_time: 0.077390402	mgmt_time: 0.007722692	numc_time: 0.176075175	total_time: 0.265771555	flop_cnt: 142742320	numc_perf: 810689638.672799826	perf: 537086521.542909145
[0mCONFIGURATION:	USE_HYPERTHREADING	HASH_CONSTANT: 2654435761	THREAD_NUM: 32	AB_HIGH_THREAD_NUM: 16	AB_SIZE: 524288	AB_MIN_NUM: 32768	AB_PRT: 0.900000	AB_DNR	DN_MIN: 256	GUD_ALPHA: 0.500000	GUD_MIN: 256	HYB_THRES: 0.950000
[0;36m0th run	init_time: 0.005763262	symb_time: 0.288219202	mgmt_time: 0.008740299	numc_time: 0.630556912	total_time: 0.933279675
[0m
[0;36m1th run	init_time: 0.005689592	symb_time: 0.287722338	mgmt_time: 0.008003122	numc_time: 0.630980863	total_time: 0.932395915
[0m
[0;32mdataset: er_19_16	num_trials: 1	thread_num: 32	numa_mask: 1	init_time: 0.005689592	symb_time: 0.287722338	mgmt_time: 0.008003122	numc_time: 0.630980863	total_time: 0.932395915	flop_cnt: 553733304	numc_perf: 877575432.901837468	perf: 593882164.316432118
[0mCONFIGURATION:	USE_HYPERTHREADING	HASH_CONSTANT: 2654435761	THREAD_NUM: 32	AB_HIGH_THREAD_NUM: 16	AB_SIZE: 524288	AB_MIN_NUM: 32768	AB_PRT: 0.900000	AB_DNR	DN_MIN: 256	GUD_ALPHA: 0.500000	GUD_MIN: 256	HYB_THRES: 0.950000
[0;36m0th run	init_time: 0.007577847	symb_time: 1.028994686	mgmt_time: 0.009748813	numc_time: 2.351047366	total_time: 3.397368712
[0m
[0;36m1th run	init_time: 0.007515762	symb_time: 1.027231041	mgmt_time: 0.009872878	numc_time: 2.358070830	total_time: 3.402690511
[0m
[0;32mdataset: er_19_32	num_trials: 1	thread_num: 32	numa_mask: 1	init_time: 0.007515762	symb_time: 1.027231041	mgmt_time: 0.009872878	numc_time: 2.358070830	total_time: 3.402690511	flop_cnt: 2181162866	numc_perf: 924977671.684272528	perf: 641011240.648797274
[0mCONFIGURATION:	USE_HYPERTHREADING	HASH_CONSTANT: 2654435761	THREAD_NUM: 32	AB_HIGH_THREAD_NUM: 16	AB_SIZE: 524288	AB_MIN_NUM: 32768	AB_PRT: 0.900000	AB_DNR	DN_MIN: 256	GUD_ALPHA: 0.500000	GUD_MIN: 256	HYB_THRES: 0.950000
[0;36m0th run	init_time: 0.006203015	symb_time: 0.008141550	mgmt_time: 0.000791863	numc_time: 0.013375782	total_time: 0.028512210
[0m
[0;36m1th run	init_time: 0.005880079	symb_time: 0.007688134	mgmt_time: 0.000149839	numc_time: 0.013332032	total_time: 0.027050084
[0m
[0;32mdataset: er_20_1	num_trials: 1	thread_num: 32	numa_mask: 1	init_time: 0.005880079	symb_time: 0.007688134	mgmt_time: 0.000149839	numc_time: 0.013332032	total_time: 0.027050084	flop_cnt: 6290748	numc_perf: 471852152.770110369	perf: 232559277.819617838
[0mCONFIGURATION:	USE_HYPERTHREADING	HASH_CONSTANT: 2654435761	THREAD_NUM: 32	AB_HIGH_THREAD_NUM: 16	AB_SIZE: 524288	AB_MIN_NUM: 32768	AB_PRT: 0.900000	AB_DNR	DN_MIN: 256	GUD_ALPHA: 0.500000	GUD_MIN: 256	HYB_THRES: 0.950000
[0;36m0th run	init_time: 0.006474555	symb_time: 0.017432147	mgmt_time: 0.000849883	numc_time: 0.034162757	total_time: 0.058919342
[0m
[0;36m1th run	init_time: 0.006275488	symb_time: 0.017020172	mgmt_time: 0.000228571	numc_time: 0.034363740	total_time: 0.057887971
[0m
[0;32mdataset: er_20_2	num_trials: 1	thread_num: 32	numa_mask: 1	init_time: 0.006275488	symb_time: 0.017020172	mgmt_time: 0.000228571	numc_time: 0.034363740	total_time: 0.057887971	flop_cnt: 20968558	numc_perf: 610194292.006632447	perf: 362226515.073399246
[0mCONFIGURATION:	USE_HYPERTHREADING	HASH_CONSTANT: 2654435761	THREAD_NUM: 32	AB_HIGH_THREAD_NUM: 16	AB_SIZE: 524288	AB_MIN_NUM: 32768	AB_PRT: 0.900000	AB_DNR	DN_MIN: 256	GUD_ALPHA: 0.500000	GUD_MIN: 256	HYB_THRES: 0.950000
[0;36m0th run	init_time: 0.007433588	symb_time: 0.050903553	mgmt_time: 0.008213781	numc_time: 0.112958342	total_time: 0.179509264
[0m
[0;36m1th run	init_time: 0.006845087	symb_time: 0.050642206	mgmt_time: 0.007455121	numc_time: 0.114492938	total_time: 0.179435352
[0m
[0;32mdataset: er_20_4	num_trials: 1	thread_num: 32	numa_mask: 1	init_time: 0.006845087	symb_time: 0.050642206	mgmt_time: 0.007455121	numc_time: 0.114492938	total_time: 0.179435352	flop_cnt: 75507866	numc_perf: 659498020.742554426	perf: 420808191.687889934
[0mCONFIGURATION:	USE_HYPERTHREADING	HASH_CONSTANT: 2654435761	THREAD_NUM: 32	AB_HIGH_THREAD_NUM: 16	AB_SIZE: 524288	AB_MIN_NUM: 32768	AB_PRT: 0.900000	AB_DNR	DN_MIN: 256	GUD_ALPHA: 0.500000	GUD_MIN: 256	HYB_THRES: 0.950000
[0;36m0th run	init_time: 0.008031565	symb_time: 0.179593436	mgmt_time: 0.008465835	numc_time: 0.383515587	total_time: 0.579606423
[0m
[0;36m1th run	init_time: 0.007995538	symb_time: 0.179342206	mgmt_time: 0.007825503	numc_time: 0.384238840	total_time: 0.579402087
[0m
[0;32mdataset: er_20_8	num_trials: 1	thread_num: 32	numa_mask: 1	init_time: 0.007995538	symb_time: 0.179342206	mgmt_time: 0.007825503	numc_time: 0.384238840	total_time: 0.579402087	flop_cnt: 285424684	numc_perf: 742831422.247683167	perf: 492619357.789783001
[0mCONFIGURATION:	USE_HYPERTHREADING	HASH_CONSTANT: 2654435761	THREAD_NUM: 32	AB_HIGH_THREAD_NUM: 16	AB_SIZE: 524288	AB_MIN_NUM: 32768	AB_PRT: 0.900000	AB_DNR	DN_MIN: 256	GUD_ALPHA: 0.500000	GUD_MIN: 256	HYB_THRES: 0.950000
[0;36m0th run	init_time: 0.010188318	symb_time: 0.631820557	mgmt_time: 0.009516444	numc_time: 1.329358860	total_time: 1.980884179
[0m
[0;36m1th run	init_time: 0.010362769	symb_time: 0.631323310	mgmt_time: 0.008550179	numc_time: 1.334183468	total_time: 1.984419726
[0m
[0;32mdataset: er_20_16	num_trials: 1	thread_num: 32	numa_mask: 1	init_time: 0.010362769	symb_time: 0.631323310	mgmt_time: 0.008550179	numc_time: 1.334183468	total_time: 1.984419726	flop_cnt: 1107231140	numc_perf: 829894213.619501948	perf: 557962171.758818746
[0mCONFIGURATION:	USE_HYPERTHREADING	HASH_CONSTANT: 2654435761	THREAD_NUM: 32	AB_HIGH_THREAD_NUM: 16	AB_SIZE: 524288	AB_MIN_NUM: 32768	AB_PRT: 0.900000	AB_DNR	DN_MIN: 256	GUD_ALPHA: 0.500000	GUD_MIN: 256	HYB_THRES: 0.950000
[0;36m0th run	init_time: 0.015658582	symb_time: 2.151738781	mgmt_time: 0.014291736	numc_time: 4.838293135	total_time: 7.019982234
[0m
[0;36m1th run	init_time: 0.015812378	symb_time: 2.150529435	mgmt_time: 0.012822015	numc_time: 4.831551434	total_time: 7.010715262
[0m
[0;32mdataset: er_20_32	num_trials: 1	thread_num: 32	numa_mask: 1	init_time: 0.015812378	symb_time: 2.150529435	mgmt_time: 0.012822015	numc_time: 4.831551434	total_time: 7.010715262	flop_cnt: 4366158894	numc_perf: 903676376.758612871	perf: 622783657.705481052
[0mCONFIGURATION:	USE_HYPERTHREADING	HASH_CONSTANT: 2654435761	THREAD_NUM: 32	AB_HIGH_THREAD_NUM: 16	AB_SIZE: 524288	AB_MIN_NUM: 32768	AB_PRT: 0.900000	AB_DNR	DN_MIN: 256	GUD_ALPHA: 0.500000	GUD_MIN: 256	HYB_THRES: 0.950000
[0;36m0th run	init_time: 0.010430740	symb_time: 0.015709764	mgmt_time: 0.001102099	numc_time: 0.031803848	total_time: 0.059046451
[0m
[0;36m1th run	init_time: 0.010332954	symb_time: 0.015527407	mgmt_time: 0.000262876	numc_time: 0.031220056	total_time: 0.057343293
[0m
[0;32mdataset: er_21_1	num_trials: 1	thread_num: 32	numa_mask: 1	init_time: 0.010332954	symb_time: 0.015527407	mgmt_time: 0.000262876	numc_time: 0.031220056	total_time: 0.057343293	flop_cnt: 12586608	numc_perf: 403157764.995680928	perf: 219495730.738728225
[0mCONFIGURATION:	USE_HYPERTHREADING	HASH_CONSTANT: 2654435761	THREAD_NUM: 32	AB_HIGH_THREAD_NUM: 16	AB_SIZE: 524288	AB_MIN_NUM: 32768	AB_PRT: 0.900000	AB_DNR	DN_MIN: 256	GUD_ALPHA: 0.500000	GUD_MIN: 256	HYB_THRES: 0.950000
[0;36m0th run	init_time: 0.011208790	symb_time: 0.039471701	mgmt_time: 0.008541537	numc_time: 0.077773145	total_time: 0.136995173
[0m
[0;36m1th run	init_time: 0.011000644	symb_time: 0.039131061	mgmt_time: 0.007801629	numc_time: 0.077608169	total_time: 0.135541503
[0m
[0;32mdataset: er_21_2	num_trials: 1	thread_num: 32	numa_mask: 1	init_time: 0.011000644	symb_time: 0.039131061	mgmt_time: 0.007801629	numc_time: 0.077608169	total_time: 0.135541503	flop_cnt: 41963140	numc_perf: 540705193.031934500	perf: 309596242.266842782
[0mCONFIGURATION:	USE_HYPERTHREADING	HASH_CONSTANT: 2654435761	THREAD_NUM: 32	AB_HIGH_THREAD_NUM: 16	AB_SIZE: 524288	AB_MIN_NUM: 32768	AB_PRT: 0.900000	AB_DNR	DN_MIN: 256	GUD_ALPHA: 0.500000	GUD_MIN: 256	HYB_THRES: 0.950000
[0;36m0th run	init_time: 0.012381903	symb_time: 0.122086096	mgmt_time: 0.008625520	numc_time: 0.251146205	total_time: 0.394239724
[0m
[0;36m1th run	init_time: 0.012439105	symb_time: 0.121789104	mgmt_time: 0.007988125	numc_time: 0.251092456	total_time: 0.393308790
[0m
[0;32mdataset: er_21_4	num_trials: 1	thread_num: 32	numa_mask: 1	init_time: 0.012439105	symb_time: 0.121789104	mgmt_time: 0.007988125	numc_time: 0.251092456	total_time: 0.393308790	flop_cnt: 150998738	numc_perf: 601367083.684903622	perf: 383919052.508335710
[0mCONFIGURATION:	USE_HYPERTHREADING	HASH_CONSTANT: 2654435761	THREAD_NUM: 32	AB_HIGH_THREAD_NUM: 16	AB_SIZE: 524288	AB_MIN_NUM: 32768	AB_PRT: 0.900000	AB_DNR	DN_MIN: 256	GUD_ALPHA: 0.500000	GUD_MIN: 256	HYB_THRES: 0.950000
[0;36m0th run	init_time: 0.015345720	symb_time: 0.406276932	mgmt_time: 0.009284573	numc_time: 0.827130486	total_time: 1.258037711
[0m
[0;36m1th run	init_time: 0.015372361	symb_time: 0.405484812	mgmt_time: 0.008586556	numc_time: 0.826827700	total_time: 1.256271429
[0m
[0;32mdataset: er_21_8	num_trials: 1	thread_num: 32	numa_mask: 1	init_time: 0.015372361	symb_time: 0.405484812	mgmt_time: 0.008586556	numc_time: 0.826827700	total_time: 1.256271429	flop_cnt: 570627534	numc_perf: 690140804.426363468	perf: 454223124.738435745
[0mCONFIGURATION:	USE_HYPERTHREADING	HASH_CONSTANT: 2654435761	THREAD_NUM: 32	AB_HIGH_THREAD_NUM: 16	AB_SIZE: 524288	AB_MIN_NUM: 32768	AB_PRT: 0.900000	AB_DNR	DN_MIN: 256	GUD_ALPHA: 0.500000	GUD_MIN: 256	HYB_THRES: 0.950000
[0;36m0th run	init_time: 0.024629465	symb_time: 1.351296615	mgmt_time: 0.011012921	numc_time: 2.771438285	total_time: 4.158377286
[0m
[0;36m1th run	init_time: 0.020219424	symb_time: 1.351054064	mgmt_time: 0.010469302	numc_time: 2.768019631	total_time: 4.149762421
[0m
[0;32mdataset: er_21_16	num_trials: 1	thread_num: 32	numa_mask: 1	init_time: 0.020219424	symb_time: 1.351054064	mgmt_time: 0.010469302	numc_time: 2.768019631	total_time: 4.149762421	flop_cnt: 2214794322	numc_perf: 800136782.700440288	perf: 533715932.939188361
[0mCONFIGURATION:	USE_HYPERTHREADING	HASH_CONSTANT: 2654435761	THREAD_NUM: 32	AB_HIGH_THREAD_NUM: 16	AB_SIZE: 524288	AB_MIN_NUM: 32768	AB_PRT: 0.900000	AB_DNR	DN_MIN: 256	GUD_ALPHA: 0.500000	GUD_MIN: 256	HYB_THRES: 0.950000
[0;36m0th run	init_time: 0.031313305	symb_time: 4.465121995	mgmt_time: 0.020997940	numc_time: 9.999175043	total_time: 14.516608283
[0m
[0;36m1th run	init_time: 0.031497552	symb_time: 4.465653611	mgmt_time: 0.019013232	numc_time: 9.996642394	total_time: 14.512806789
[0m
[0;32mdataset: er_21_32	num_trials: 1	thread_num: 32	numa_mask: 1	init_time: 0.031497552	symb_time: 4.465653611	mgmt_time: 0.019013232	numc_time: 9.996642394	total_time: 14.512806789	flop_cnt: 8724487282	numc_perf: 872741760.497149587	perf: 601157819.355297685
[0m