CONFIGURATION:	USE_HYPERTHREADING	HASH_CONSTANT: 2654435761	THREAD_NUM: 64	AB_HIGH_THREAD_NUM: 16	AB_SIZE: 524288	AB_MIN_NUM: 32768	AB_PRT: 0.900000	AB_DNR	DN_MIN: 256	GUD_ALPHA: 0.500000	GUD_MIN: 256	HYB_THRES: 0.950000
[0;36m0th run	init_time: 0.005212989	symb_time: 0.004401316	mgmt_time: 0.001644581	numc_time: 0.004919753	total_time: 0.016178639
[0m
[0;36m1th run	init_time: 0.007905405	symb_time: 0.003567651	mgmt_time: 0.000137064	numc_time: 0.005402666	total_time: 0.017012786
[0m
[0;32mdataset: er_18_1	num_trials: 1	thread_num: 64	numa_mask: 1	init_time: 0.007905405	symb_time: 0.003567651	mgmt_time: 0.000137064	numc_time: 0.005402666	total_time: 0.017012786	flop_cnt: 1573868	numc_perf: 291313214.624039292	perf: 92510891.514182329
[0mCONFIGURATION:	USE_HYPERTHREADING	HASH_CONSTANT: 2654435761	THREAD_NUM: 64	AB_HIGH_THREAD_NUM: 16	AB_SIZE: 524288	AB_MIN_NUM: 32768	AB_PRT: 0.900000	AB_DNR	DN_MIN: 256	GUD_ALPHA: 0.500000	GUD_MIN: 256	HYB_THRES: 0.950000
[0;36m0th run	init_time: 0.005333262	symb_time: 0.005685351	mgmt_time: 0.001569333	numc_time: 0.006507870	total_time: 0.019095816
[0m
[0;36m1th run	init_time: 0.005296118	symb_time: 0.004933062	mgmt_time: 0.000170869	numc_time: 0.006451268	total_time: 0.016851317
[0m
[0;32mdataset: er_18_2	num_trials: 1	thread_num: 64	numa_mask: 1	init_time: 0.005296118	symb_time: 0.004933062	mgmt_time: 0.000170869	numc_time: 0.006451268	total_time: 0.016851317	flop_cnt: 5237284	numc_perf: 811822420.026574612	perf: 310793749.829761088
[0mCONFIGURATION:	USE_HYPERTHREADING	HASH_CONSTANT: 2654435761	THREAD_NUM: 64	AB_HIGH_THREAD_NUM: 16	AB_SIZE: 524288	AB_MIN_NUM: 32768	AB_PRT: 0.900000	AB_DNR	DN_MIN: 256	GUD_ALPHA: 0.500000	GUD_MIN: 256	HYB_THRES: 0.950000
[0;36m0th run	init_time: 0.005534140	symb_time: 0.009987407	mgmt_time: 0.001650129	numc_time: 0.015454959	total_time: 0.032626635
[0m
[0;36m1th run	init_time: 0.004518664	symb_time: 0.009170070	mgmt_time: 0.000229756	numc_time: 0.015453924	total_time: 0.029372414
[0m
[0;32mdataset: er_18_4	num_trials: 1	thread_num: 64	numa_mask: 1	init_time: 0.004518664	symb_time: 0.009170070	mgmt_time: 0.000229756	numc_time: 0.015453924	total_time: 0.029372414	flop_cnt: 18879238	numc_perf: 1221646877.517968893	perf: 642754048.067005992
[0mCONFIGURATION:	USE_HYPERTHREADING	HASH_CONSTANT: 2654435761	THREAD_NUM: 64	AB_HIGH_THREAD_NUM: 16	AB_SIZE: 524288	AB_MIN_NUM: 32768	AB_PRT: 0.900000	AB_DNR	DN_MIN: 256	GUD_ALPHA: 0.500000	GUD_MIN: 256	HYB_THRES: 0.950000
[0;36m0th run	init_time: 0.005646133	symb_time: 0.025271846	mgmt_time: 0.012443872	numc_time: 0.050141890	total_time: 0.093503741
[0m
[0;36m1th run	init_time: 0.004748204	symb_time: 0.024327494	mgmt_time: 0.010971840	numc_time: 0.050412521	total_time: 0.090460059
[0m
[0;32mdataset: er_18_8	num_trials: 1	thread_num: 64	numa_mask: 1	init_time: 0.004748204	symb_time: 0.024327494	mgmt_time: 0.010971840	numc_time: 0.050412521	total_time: 0.090460059	flop_cnt: 71328054	numc_perf: 1414887662.531298399	perf: 788503288.506588221
[0mCONFIGURATION:	USE_HYPERTHREADING	HASH_CONSTANT: 2654435761	THREAD_NUM: 64	AB_HIGH_THREAD_NUM: 16	AB_SIZE: 524288	AB_MIN_NUM: 32768	AB_PRT: 0.900000	AB_DNR	DN_MIN: 256	GUD_ALPHA: 0.500000	GUD_MIN: 256	HYB_THRES: 0.950000
[0;36m0th run	init_time: 0.005861362	symb_time: 0.081407044	mgmt_time: 0.012792850	numc_time: 0.196232614	total_time: 0.296293870
[0m
[0;36m1th run	init_time: 0.005086329	symb_time: 0.080362678	mgmt_time: 0.011080651	numc_time: 0.196757186	total_time: 0.293286844
[0m
[0;32mdataset: er_18_16	num_trials: 1	thread_num: 64	numa_mask: 1	init_time: 0.005086329	symb_time: 0.080362678	mgmt_time: 0.011080651	numc_time: 0.196757186	total_time: 0.293286844	flop_cnt: 277105556	numc_perf: 1408363077.524395943	perf: 944827774.136367321
[0mCONFIGURATION:	USE_HYPERTHREADING	HASH_CONSTANT: 2654435761	THREAD_NUM: 64	AB_HIGH_THREAD_NUM: 16	AB_SIZE: 524288	AB_MIN_NUM: 32768	AB_PRT: 0.900000	AB_DNR	DN_MIN: 256	GUD_ALPHA: 0.500000	GUD_MIN: 256	HYB_THRES: 0.950000
[0;36m0th run	init_time: 0.006311782	symb_time: 0.312363589	mgmt_time: 0.013653289	numc_time: 0.770011318	total_time: 1.102339978
[0m
[0;36m1th run	init_time: 0.005967531	symb_time: 0.311832405	mgmt_time: 0.012058556	numc_time: 0.771488986	total_time: 1.101347478
[0m
[0;32mdataset: er_18_32	num_trials: 1	thread_num: 64	numa_mask: 1	init_time: 0.005967531	symb_time: 0.311832405	mgmt_time: 0.012058556	numc_time: 0.771488986	total_time: 1.101347478	flop_cnt: 1090559662	numc_perf: 1413577746.137778282	perf: 990204893.355192184
[0mCONFIGURATION:	USE_HYPERTHREADING	HASH_CONSTANT: 2654435761	THREAD_NUM: 64	AB_HIGH_THREAD_NUM: 16	AB_SIZE: 524288	AB_MIN_NUM: 32768	AB_PRT: 0.900000	AB_DNR	DN_MIN: 256	GUD_ALPHA: 0.500000	GUD_MIN: 256	HYB_THRES: 0.950000
[0;36m0th run	init_time: 0.006146712	symb_time: 0.005492356	mgmt_time: 0.001570924	numc_time: 0.006486812	total_time: 0.019696804
[0m
[0;36m1th run	init_time: 0.005956268	symb_time: 0.004753593	mgmt_time: 0.000166036	numc_time: 0.006138835	total_time: 0.017014732
[0m
[0;32mdataset: er_19_1	num_trials: 1	thread_num: 64	numa_mask: 1	init_time: 0.005956268	symb_time: 0.004753593	mgmt_time: 0.000166036	numc_time: 0.006138835	total_time: 0.017014732	flop_cnt: 3147278	numc_perf: 512683269.708340406	perf: 184973703.964305729
[0mCONFIGURATION:	USE_HYPERTHREADING	HASH_CONSTANT: 2654435761	THREAD_NUM: 64	AB_HIGH_THREAD_NUM: 16	AB_SIZE: 524288	AB_MIN_NUM: 32768	AB_PRT: 0.900000	AB_DNR	DN_MIN: 256	GUD_ALPHA: 0.500000	GUD_MIN: 256	HYB_THRES: 0.950000
[0;36m0th run	init_time: 0.006420972	symb_time: 0.008084050	mgmt_time: 0.001634740	numc_time: 0.011364522	total_time: 0.027504284
[0m
[0;36m1th run	init_time: 0.005684092	symb_time: 0.007456863	mgmt_time: 0.000196686	numc_time: 0.011348905	total_time: 0.024686546
[0m
[0;32mdataset: er_19_2	num_trials: 1	thread_num: 64	numa_mask: 1	init_time: 0.005684092	symb_time: 0.007456863	mgmt_time: 0.000196686	numc_time: 0.011348905	total_time: 0.024686546	flop_cnt: 10490794	numc_perf: 924388211.902381659	perf: 424959976.174876809
[0mCONFIGURATION:	USE_HYPERTHREADING	HASH_CONSTANT: 2654435761	THREAD_NUM: 64	AB_HIGH_THREAD_NUM: 16	AB_SIZE: 524288	AB_MIN_NUM: 32768	AB_PRT: 0.900000	AB_DNR	DN_MIN: 256	GUD_ALPHA: 0.500000	GUD_MIN: 256	HYB_THRES: 0.950000
[0;36m0th run	init_time: 0.006836537	symb_time: 0.016812553	mgmt_time: 0.012379087	numc_time: 0.031957285	total_time: 0.067985462
[0m
[0;36m1th run	init_time: 0.006030534	symb_time: 0.016145845	mgmt_time: 0.010423320	numc_time: 0.032102912	total_time: 0.064702611
[0m
[0;32mdataset: er_19_4	num_trials: 1	thread_num: 64	numa_mask: 1	init_time: 0.006030534	symb_time: 0.016145845	mgmt_time: 0.010423320	numc_time: 0.032102912	total_time: 0.064702611	flop_cnt: 37757054	numc_perf: 1176125517.834643602	perf: 583547609.848387718
[0mCONFIGURATION:	USE_HYPERTHREADING	HASH_CONSTANT: 2654435761	THREAD_NUM: 64	AB_HIGH_THREAD_NUM: 16	AB_SIZE: 524288	AB_MIN_NUM: 32768	AB_PRT: 0.900000	AB_DNR	DN_MIN: 256	GUD_ALPHA: 0.500000	GUD_MIN: 256	HYB_THRES: 0.950000
[0;36m0th run	init_time: 0.006820735	symb_time: 0.050855530	mgmt_time: 0.012478178	numc_time: 0.111832830	total_time: 0.181987273
[0m
[0;36m1th run	init_time: 0.006536176	symb_time: 0.049863693	mgmt_time: 0.010770829	numc_time: 0.112229600	total_time: 0.179400298
[0m
[0;32mdataset: er_19_8	num_trials: 1	thread_num: 64	numa_mask: 1	init_time: 0.006536176	symb_time: 0.049863693	mgmt_time: 0.010770829	numc_time: 0.112229600	total_time: 0.179400298	flop_cnt: 142742320	numc_perf: 1271877650.815827370	perf: 795663784.237415195
[0mCONFIGURATION:	USE_HYPERTHREADING	HASH_CONSTANT: 2654435761	THREAD_NUM: 64	AB_HIGH_THREAD_NUM: 16	AB_SIZE: 524288	AB_MIN_NUM: 32768	AB_PRT: 0.900000	AB_DNR	DN_MIN: 256	GUD_ALPHA: 0.500000	GUD_MIN: 256	HYB_THRES: 0.950000
[0;36m0th run	init_time: 0.007380335	symb_time: 0.173373408	mgmt_time: 0.013316195	numc_time: 0.415165066	total_time: 0.609235004
[0m
[0;36m1th run	init_time: 0.008118438	symb_time: 0.173175837	mgmt_time: 0.011489332	numc_time: 0.415994875	total_time: 0.608778482
[0m
[0;32mdataset: er_19_16	num_trials: 1	thread_num: 64	numa_mask: 1	init_time: 0.008118438	symb_time: 0.173175837	mgmt_time: 0.011489332	numc_time: 0.415994875	total_time: 0.608778482	flop_cnt: 553733304	numc_perf: 1331106071.919756174	perf: 909580940.148932576
[0mCONFIGURATION:	USE_HYPERTHREADING	HASH_CONSTANT: 2654435761	THREAD_NUM: 64	AB_HIGH_THREAD_NUM: 16	AB_SIZE: 524288	AB_MIN_NUM: 32768	AB_PRT: 0.900000	AB_DNR	DN_MIN: 256	GUD_ALPHA: 0.500000	GUD_MIN: 256	HYB_THRES: 0.950000
[0;36m0th run	init_time: 0.009828926	symb_time: 0.659418184	mgmt_time: 0.014719586	numc_time: 1.619451957	total_time: 2.303418653
[0m
[0;36m1th run	init_time: 0.009223827	symb_time: 0.660778997	mgmt_time: 0.013250981	numc_time: 1.620556787	total_time: 2.303810592
[0m
[0;32mdataset: er_19_32	num_trials: 1	thread_num: 64	numa_mask: 1	init_time: 0.009223827	symb_time: 0.660778997	mgmt_time: 0.013250981	numc_time: 1.620556787	total_time: 2.303810592	flop_cnt: 2181162866	numc_perf: 1345934239.081990242	perf: 946763103.518190622
[0mCONFIGURATION:	USE_HYPERTHREADING	HASH_CONSTANT: 2654435761	THREAD_NUM: 64	AB_HIGH_THREAD_NUM: 16	AB_SIZE: 524288	AB_MIN_NUM: 32768	AB_PRT: 0.900000	AB_DNR	DN_MIN: 256	GUD_ALPHA: 0.500000	GUD_MIN: 256	HYB_THRES: 0.950000
[0;36m0th run	init_time: 0.008375541	symb_time: 0.007510110	mgmt_time: 0.001571695	numc_time: 0.010458141	total_time: 0.027915487
[0m
[0;36m1th run	init_time: 0.007544255	symb_time: 0.006783673	mgmt_time: 0.000199304	numc_time: 0.010382553	total_time: 0.024909785
[0m
[0;32mdataset: er_20_1	num_trials: 1	thread_num: 64	numa_mask: 1	init_time: 0.007544255	symb_time: 0.006783673	mgmt_time: 0.000199304	numc_time: 0.010382553	total_time: 0.024909785	flop_cnt: 6290748	numc_perf: 605896064.291701555	perf: 252541240.319818050
[0mCONFIGURATION:	USE_HYPERTHREADING	HASH_CONSTANT: 2654435761	THREAD_NUM: 64	AB_HIGH_THREAD_NUM: 16	AB_SIZE: 524288	AB_MIN_NUM: 32768	AB_PRT: 0.900000	AB_DNR	DN_MIN: 256	GUD_ALPHA: 0.500000	GUD_MIN: 256	HYB_THRES: 0.950000
[0;36m0th run	init_time: 0.008697837	symb_time: 0.013379201	mgmt_time: 0.008801587	numc_time: 0.022620493	total_time: 0.053499118
[0m
[0;36m1th run	init_time: 0.007930438	symb_time: 0.012564061	mgmt_time: 0.000291276	numc_time: 0.022491537	total_time: 0.043277312
[0m
[0;32mdataset: er_20_2	num_trials: 1	thread_num: 64	numa_mask: 1	init_time: 0.007930438	symb_time: 0.012564061	mgmt_time: 0.000291276	numc_time: 0.022491537	total_time: 0.043277312	flop_cnt: 20968558	numc_perf: 932286575.168250918	perf: 484516182.520762861
[0mCONFIGURATION:	USE_HYPERTHREADING	HASH_CONSTANT: 2654435761	THREAD_NUM: 64	AB_HIGH_THREAD_NUM: 16	AB_SIZE: 524288	AB_MIN_NUM: 32768	AB_PRT: 0.900000	AB_DNR	DN_MIN: 256	GUD_ALPHA: 0.500000	GUD_MIN: 256	HYB_THRES: 0.950000
[0;36m0th run	init_time: 0.009044756	symb_time: 0.034064220	mgmt_time: 0.012346999	numc_time: 0.071697576	total_time: 0.127153551
[0m
[0;36m1th run	init_time: 0.008604911	symb_time: 0.033344351	mgmt_time: 0.010792208	numc_time: 0.071911085	total_time: 0.124652555
[0m
[0;32mdataset: er_20_4	num_trials: 1	thread_num: 64	numa_mask: 1	init_time: 0.008604911	symb_time: 0.033344351	mgmt_time: 0.010792208	numc_time: 0.071911085	total_time: 0.124652555	flop_cnt: 75507866	numc_perf: 1050017059.261447668	perf: 605746637.122680783
[0mCONFIGURATION:	USE_HYPERTHREADING	HASH_CONSTANT: 2654435761	THREAD_NUM: 64	AB_HIGH_THREAD_NUM: 16	AB_SIZE: 524288	AB_MIN_NUM: 32768	AB_PRT: 0.900000	AB_DNR	DN_MIN: 256	GUD_ALPHA: 0.500000	GUD_MIN: 256	HYB_THRES: 0.950000
[0;36m0th run	init_time: 0.009732440	symb_time: 0.112152023	mgmt_time: 0.012766946	numc_time: 0.242299959	total_time: 0.376951368
[0m
[0;36m1th run	init_time: 0.009270083	symb_time: 0.111203215	mgmt_time: 0.011229800	numc_time: 0.242913672	total_time: 0.374616770
[0m
[0;32mdataset: er_20_8	num_trials: 1	thread_num: 64	numa_mask: 1	init_time: 0.009270083	symb_time: 0.111203215	mgmt_time: 0.011229800	numc_time: 0.242913672	total_time: 0.374616770	flop_cnt: 285424684	numc_perf: 1175004608.221475363	perf: 761911123.199316382
[0mCONFIGURATION:	USE_HYPERTHREADING	HASH_CONSTANT: 2654435761	THREAD_NUM: 64	AB_HIGH_THREAD_NUM: 16	AB_SIZE: 524288	AB_MIN_NUM: 32768	AB_PRT: 0.900000	AB_DNR	DN_MIN: 256	GUD_ALPHA: 0.500000	GUD_MIN: 256	HYB_THRES: 0.950000
[0;36m0th run	init_time: 0.011671916	symb_time: 0.375977234	mgmt_time: 0.014051021	numc_time: 0.873932727	total_time: 1.275632898
[0m
[0;36m1th run	init_time: 0.012123005	symb_time: 0.374694102	mgmt_time: 0.012034631	numc_time: 0.875589916	total_time: 1.274441654
[0m
[0;32mdataset: er_20_16	num_trials: 1	thread_num: 64	numa_mask: 1	init_time: 0.012123005	symb_time: 0.374694102	mgmt_time: 0.012034631	numc_time: 0.875589916	total_time: 1.274441654	flop_cnt: 1107231140	numc_perf: 1264554467.527695894	perf: 868797042.630246520
[0mCONFIGURATION:	USE_HYPERTHREADING	HASH_CONSTANT: 2654435761	THREAD_NUM: 64	AB_HIGH_THREAD_NUM: 16	AB_SIZE: 524288	AB_MIN_NUM: 32768	AB_PRT: 0.900000	AB_DNR	DN_MIN: 256	GUD_ALPHA: 0.500000	GUD_MIN: 256	HYB_THRES: 0.950000
[0;36m0th run	init_time: 0.017457196	symb_time: 1.373209893	mgmt_time: 0.017427801	numc_time: 3.357668903	total_time: 4.765763793
[0m
[0;36m1th run	init_time: 0.017515017	symb_time: 1.372846892	mgmt_time: 0.015833488	numc_time: 3.357193472	total_time: 4.763388869
[0m
[0;32mdataset: er_20_32	num_trials: 1	thread_num: 64	numa_mask: 1	init_time: 0.017515017	symb_time: 1.372846892	mgmt_time: 0.015833488	numc_time: 3.357193472	total_time: 4.763388869	flop_cnt: 4366158894	numc_perf: 1300538360.513051748	perf: 916607695.503266335
[0mCONFIGURATION:	USE_HYPERTHREADING	HASH_CONSTANT: 2654435761	THREAD_NUM: 64	AB_HIGH_THREAD_NUM: 16	AB_SIZE: 524288	AB_MIN_NUM: 32768	AB_PRT: 0.900000	AB_DNR	DN_MIN: 256	GUD_ALPHA: 0.500000	GUD_MIN: 256	HYB_THRES: 0.950000
[0;36m0th run	init_time: 0.012690437	symb_time: 0.012653877	mgmt_time: 0.001706539	numc_time: 0.021691073	total_time: 0.048741926
[0m
[0;36m1th run	init_time: 0.011955433	symb_time: 0.011949927	mgmt_time: 0.000299514	numc_time: 0.020824195	total_time: 0.045029069
[0m
[0;32mdataset: er_21_1	num_trials: 1	thread_num: 64	numa_mask: 1	init_time: 0.011955433	symb_time: 0.011949927	mgmt_time: 0.000299514	numc_time: 0.020824195	total_time: 0.045029069	flop_cnt: 12586608	numc_perf: 604422307.801093817	perf: 279521835.106117725
[0mCONFIGURATION:	USE_HYPERTHREADING	HASH_CONSTANT: 2654435761	THREAD_NUM: 64	AB_HIGH_THREAD_NUM: 16	AB_SIZE: 524288	AB_MIN_NUM: 32768	AB_PRT: 0.900000	AB_DNR	DN_MIN: 256	GUD_ALPHA: 0.500000	GUD_MIN: 256	HYB_THRES: 0.950000
[0;36m0th run	init_time: 0.012534925	symb_time: 0.027102093	mgmt_time: 0.012390994	numc_time: 0.050144510	total_time: 0.102172522
[0m
[0;36m1th run	init_time: 0.012095066	symb_time: 0.026419730	mgmt_time: 0.011110313	numc_time: 0.049819307	total_time: 0.099444416
[0m
[0;32mdataset: er_21_2	num_trials: 1	thread_num: 64	numa_mask: 1	init_time: 0.012095066	symb_time: 0.026419730	mgmt_time: 0.011110313	numc_time: 0.049819307	total_time: 0.099444416	flop_cnt: 41963140	numc_perf: 842306778.775545835	perf: 421975830.196438551
[0mCONFIGURATION:	USE_HYPERTHREADING	HASH_CONSTANT: 2654435761	THREAD_NUM: 64	AB_HIGH_THREAD_NUM: 16	AB_SIZE: 524288	AB_MIN_NUM: 32768	AB_PRT: 0.900000	AB_DNR	DN_MIN: 256	GUD_ALPHA: 0.500000	GUD_MIN: 256	HYB_THRES: 0.950000
[0;36m0th run	init_time: 0.013798393	symb_time: 0.078515577	mgmt_time: 0.012788548	numc_time: 0.162315391	total_time: 0.267417909
[0m
[0;36m1th run	init_time: 0.013481343	symb_time: 0.077941465	mgmt_time: 0.011249371	numc_time: 0.162258757	total_time: 0.264930936
[0m
[0;32mdataset: er_21_4	num_trials: 1	thread_num: 64	numa_mask: 1	init_time: 0.013481343	symb_time: 0.077941465	mgmt_time: 0.011249371	numc_time: 0.162258757	total_time: 0.264930936	flop_cnt: 150998738	numc_perf: 930604552.825460076	perf: 569955099.543376803
[0mCONFIGURATION:	USE_HYPERTHREADING	HASH_CONSTANT: 2654435761	THREAD_NUM: 64	AB_HIGH_THREAD_NUM: 16	AB_SIZE: 524288	AB_MIN_NUM: 32768	AB_PRT: 0.900000	AB_DNR	DN_MIN: 256	GUD_ALPHA: 0.500000	GUD_MIN: 256	HYB_THRES: 0.950000
[0;36m0th run	init_time: 0.016257794	symb_time: 0.249940929	mgmt_time: 0.013256869	numc_time: 0.520332883	total_time: 0.799788475
[0m
[0;36m1th run	init_time: 0.017434387	symb_time: 0.249604535	mgmt_time: 0.012025332	numc_time: 0.521840781	total_time: 0.800905035
[0m
[0;32mdataset: er_21_8	num_trials: 1	thread_num: 64	numa_mask: 1	init_time: 0.017434387	symb_time: 0.249604535	mgmt_time: 0.012025332	numc_time: 0.521840781	total_time: 0.800905035	flop_cnt: 570627534	numc_perf: 1093489728.622799873	perf: 712478395.144562840
[0mCONFIGURATION:	USE_HYPERTHREADING	HASH_CONSTANT: 2654435761	THREAD_NUM: 64	AB_HIGH_THREAD_NUM: 16	AB_SIZE: 524288	AB_MIN_NUM: 32768	AB_PRT: 0.900000	AB_DNR	DN_MIN: 256	GUD_ALPHA: 0.500000	GUD_MIN: 256	HYB_THRES: 0.950000
[0;36m0th run	init_time: 0.021909452	symb_time: 0.797845882	mgmt_time: 0.014882855	numc_time: 1.823306998	total_time: 2.657945187
[0m
[0;36m1th run	init_time: 0.021608646	symb_time: 0.798162201	mgmt_time: 0.013678447	numc_time: 1.827767266	total_time: 2.661216560
[0m
[0;32mdataset: er_21_16	num_trials: 1	thread_num: 64	numa_mask: 1	init_time: 0.021608646	symb_time: 0.798162201	mgmt_time: 0.013678447	numc_time: 1.827767266	total_time: 2.661216560	flop_cnt: 2214794322	numc_perf: 1211748543.263385057	perf: 832248812.550602913
[0mCONFIGURATION:	USE_HYPERTHREADING	HASH_CONSTANT: 2654435761	THREAD_NUM: 64	AB_HIGH_THREAD_NUM: 16	AB_SIZE: 524288	AB_MIN_NUM: 32768	AB_PRT: 0.900000	AB_DNR	DN_MIN: 256	GUD_ALPHA: 0.500000	GUD_MIN: 256	HYB_THRES: 0.950000
[0;36m0th run	init_time: 0.033458148	symb_time: 2.829731419	mgmt_time: 0.023177696	numc_time: 6.882120135	total_time: 9.768487398
[0m
[0;36m1th run	init_time: 0.033040345	symb_time: 2.829968162	mgmt_time: 0.021439845	numc_time: 6.892875910	total_time: 9.777324262
[0m
[0;32mdataset: er_21_32	num_trials: 1	thread_num: 64	numa_mask: 1	init_time: 0.033040345	symb_time: 2.829968162	mgmt_time: 0.021439845	numc_time: 6.892875910	total_time: 9.777324262	flop_cnt: 8724487282	numc_perf: 1265725278.666738749	perf: 892318496.166492343
[0m