CONFIGURATION:	USE_HYPERTHREADING	HASH_CONSTANT: 2654435761	THREAD_NUM: 32	AB_HIGH_THREAD_NUM: 22	AB_SIZE: 524288	AB_MIN_NUM: 32768	AB_PRT: 0.850000	AB_DNR	DN_MIN: 256	GUD_ALPHA: 0.500000	GUD_MIN: 256	HYB_THRES: 0.950000
[0;36m0th run	init_time: 0.003016810	symb_time: 0.003243952	mgmt_time: 0.000708043	numc_time: 0.008566979	total_time: 0.015535784
[0m
[0;36m1th run	init_time: 0.005647498	symb_time: 0.002805715	mgmt_time: 0.000096017	numc_time: 0.008458783	total_time: 0.017008013
[0m
[0;32mdataset: er_18_1	num_trials: 1	thread_num: 32	numa_mask: 1	init_time: 0.005647498	symb_time: 0.002805715	mgmt_time: 0.000096017	numc_time: 0.008458783	total_time: 0.017008013	flop_cnt: 1573868	numc_perf: 186063172.444546670	perf: 92536853.070373341
[0mCONFIGURATION:	USE_HYPERTHREADING	HASH_CONSTANT: 2654435761	THREAD_NUM: 32	AB_HIGH_THREAD_NUM: 22	AB_SIZE: 524288	AB_MIN_NUM: 32768	AB_PRT: 0.850000	AB_DNR	DN_MIN: 256	GUD_ALPHA: 0.500000	GUD_MIN: 256	HYB_THRES: 0.950000
[0;36m0th run	init_time: 0.002987986	symb_time: 0.005351110	mgmt_time: 0.000743990	numc_time: 0.009517607	total_time: 0.018600693
[0m
[0;36m1th run	init_time: 0.003754521	symb_time: 0.004887440	mgmt_time: 0.000107409	numc_time: 0.009568963	total_time: 0.018318333
[0m
[0;32mdataset: er_18_2	num_trials: 1	thread_num: 32	numa_mask: 1	init_time: 0.003754521	symb_time: 0.004887440	mgmt_time: 0.000107409	numc_time: 0.009568963	total_time: 0.018318333	flop_cnt: 5237284	numc_perf: 547319913.349022269	perf: 285903962.986151636
[0mCONFIGURATION:	USE_HYPERTHREADING	HASH_CONSTANT: 2654435761	THREAD_NUM: 32	AB_HIGH_THREAD_NUM: 22	AB_SIZE: 524288	AB_MIN_NUM: 32768	AB_PRT: 0.850000	AB_DNR	DN_MIN: 256	GUD_ALPHA: 0.500000	GUD_MIN: 256	HYB_THRES: 0.950000
[0;36m0th run	init_time: 0.003166332	symb_time: 0.012221489	mgmt_time: 0.000806704	numc_time: 0.018366284	total_time: 0.034560809
[0m
[0;36m1th run	init_time: 0.002887204	symb_time: 0.011762083	mgmt_time: 0.000172062	numc_time: 0.017702767	total_time: 0.032524116
[0m
[0;32mdataset: er_18_4	num_trials: 1	thread_num: 32	numa_mask: 1	init_time: 0.002887204	symb_time: 0.011762083	mgmt_time: 0.000172062	numc_time: 0.017702767	total_time: 0.032524116	flop_cnt: 18879238	numc_perf: 1066456899.082499266	perf: 580468904.981153011
[0mCONFIGURATION:	USE_HYPERTHREADING	HASH_CONSTANT: 2654435761	THREAD_NUM: 32	AB_HIGH_THREAD_NUM: 22	AB_SIZE: 524288	AB_MIN_NUM: 32768	AB_PRT: 0.850000	AB_DNR	DN_MIN: 256	GUD_ALPHA: 0.500000	GUD_MIN: 256	HYB_THRES: 0.950000
[0;36m0th run	init_time: 0.003345832	symb_time: 0.036878966	mgmt_time: 0.007975627	numc_time: 0.056895432	total_time: 0.105095857
[0m
[0;36m1th run	init_time: 0.003029596	symb_time: 0.036452805	mgmt_time: 0.007346922	numc_time: 0.054556831	total_time: 0.101386154
[0m
[0;32mdataset: er_18_8	num_trials: 1	thread_num: 32	numa_mask: 1	init_time: 0.003029596	symb_time: 0.036452805	mgmt_time: 0.007346922	numc_time: 0.054556831	total_time: 0.101386154	flop_cnt: 71328054	numc_perf: 1307408306.028625488	perf: 703528550.851233602
[0mCONFIGURATION:	USE_HYPERTHREADING	HASH_CONSTANT: 2654435761	THREAD_NUM: 32	AB_HIGH_THREAD_NUM: 22	AB_SIZE: 524288	AB_MIN_NUM: 32768	AB_PRT: 0.850000	AB_DNR	DN_MIN: 256	GUD_ALPHA: 0.500000	GUD_MIN: 256	HYB_THRES: 0.950000
[0;36m0th run	init_time: 0.003698547	symb_time: 0.129539934	mgmt_time: 0.008545300	numc_time: 0.216298230	total_time: 0.358082011
[0m
[0;36m1th run	init_time: 0.003380037	symb_time: 0.129139159	mgmt_time: 0.007760511	numc_time: 0.217334867	total_time: 0.357614574
[0m
[0;32mdataset: er_18_16	num_trials: 1	thread_num: 32	numa_mask: 1	init_time: 0.003380037	symb_time: 0.129139159	mgmt_time: 0.007760511	numc_time: 0.217334867	total_time: 0.357614574	flop_cnt: 277105556	numc_perf: 1275016566.945974588	perf: 774872100.151041508
[0mCONFIGURATION:	USE_HYPERTHREADING	HASH_CONSTANT: 2654435761	THREAD_NUM: 32	AB_HIGH_THREAD_NUM: 22	AB_SIZE: 524288	AB_MIN_NUM: 32768	AB_PRT: 0.850000	AB_DNR	DN_MIN: 256	GUD_ALPHA: 0.500000	GUD_MIN: 256	HYB_THRES: 0.950000
[0;36m0th run	init_time: 0.004329860	symb_time: 0.487023534	mgmt_time: 0.008932002	numc_time: 0.869154175	total_time: 1.369439571
[0m
[0;36m1th run	init_time: 0.004223614	symb_time: 0.487171732	mgmt_time: 0.008587904	numc_time: 0.864968449	total_time: 1.364951699
[0m
[0;32mdataset: er_18_32	num_trials: 1	thread_num: 32	numa_mask: 1	init_time: 0.004223614	symb_time: 0.487171732	mgmt_time: 0.008587904	numc_time: 0.864968449	total_time: 1.364951699	flop_cnt: 1090559662	numc_perf: 1260808603.204901457	perf: 798973079.266448140
[0mCONFIGURATION:	USE_HYPERTHREADING	HASH_CONSTANT: 2654435761	THREAD_NUM: 32	AB_HIGH_THREAD_NUM: 22	AB_SIZE: 524288	AB_MIN_NUM: 32768	AB_PRT: 0.850000	AB_DNR	DN_MIN: 256	GUD_ALPHA: 0.500000	GUD_MIN: 256	HYB_THRES: 0.950000
[0;36m0th run	init_time: 0.004084669	symb_time: 0.004847498	mgmt_time: 0.000761060	numc_time: 0.014503459	total_time: 0.024196686
[0m
[0;36m1th run	init_time: 0.004604808	symb_time: 0.004395772	mgmt_time: 0.000112688	numc_time: 0.014086996	total_time: 0.023200264
[0m
[0;32mdataset: er_19_1	num_trials: 1	thread_num: 32	numa_mask: 1	init_time: 0.004604808	symb_time: 0.004395772	mgmt_time: 0.000112688	numc_time: 0.014086996	total_time: 0.023200264	flop_cnt: 3147278	numc_perf: 223417256.596083343	perf: 135656990.799759865
[0mCONFIGURATION:	USE_HYPERTHREADING	HASH_CONSTANT: 2654435761	THREAD_NUM: 32	AB_HIGH_THREAD_NUM: 22	AB_SIZE: 524288	AB_MIN_NUM: 32768	AB_PRT: 0.850000	AB_DNR	DN_MIN: 256	GUD_ALPHA: 0.500000	GUD_MIN: 256	HYB_THRES: 0.950000
[0;36m0th run	init_time: 0.004274074	symb_time: 0.009293561	mgmt_time: 0.000809907	numc_time: 0.017474320	total_time: 0.031851862
[0m
[0;36m1th run	init_time: 0.003918771	symb_time: 0.008761703	mgmt_time: 0.000144696	numc_time: 0.017220202	total_time: 0.030045372
[0m
[0;32mdataset: er_19_2	num_trials: 1	thread_num: 32	numa_mask: 1	init_time: 0.003918771	symb_time: 0.008761703	mgmt_time: 0.000144696	numc_time: 0.017220202	total_time: 0.030045372	flop_cnt: 10490794	numc_perf: 609214340.226670980	perf: 349165056.102483928
[0mCONFIGURATION:	USE_HYPERTHREADING	HASH_CONSTANT: 2654435761	THREAD_NUM: 32	AB_HIGH_THREAD_NUM: 22	AB_SIZE: 524288	AB_MIN_NUM: 32768	AB_PRT: 0.850000	AB_DNR	DN_MIN: 256	GUD_ALPHA: 0.500000	GUD_MIN: 256	HYB_THRES: 0.950000
[0;36m0th run	init_time: 0.004526936	symb_time: 0.023576971	mgmt_time: 0.008169076	numc_time: 0.038853813	total_time: 0.075126796
[0m
[0;36m1th run	init_time: 0.004555140	symb_time: 0.023078341	mgmt_time: 0.007408878	numc_time: 0.037868670	total_time: 0.072911029
[0m
[0;32mdataset: er_19_4	num_trials: 1	thread_num: 32	numa_mask: 1	init_time: 0.004555140	symb_time: 0.023078341	mgmt_time: 0.007408878	numc_time: 0.037868670	total_time: 0.072911029	flop_cnt: 37757054	numc_perf: 997052550.300815940	perf: 517851064.754551709
[0mCONFIGURATION:	USE_HYPERTHREADING	HASH_CONSTANT: 2654435761	THREAD_NUM: 32	AB_HIGH_THREAD_NUM: 22	AB_SIZE: 524288	AB_MIN_NUM: 32768	AB_PRT: 0.850000	AB_DNR	DN_MIN: 256	GUD_ALPHA: 0.500000	GUD_MIN: 256	HYB_THRES: 0.950000
[0;36m0th run	init_time: 0.004905892	symb_time: 0.077514543	mgmt_time: 0.008134679	numc_time: 0.121617684	total_time: 0.212172798
[0m
[0;36m1th run	init_time: 0.004562752	symb_time: 0.077117632	mgmt_time: 0.007489553	numc_time: 0.121837672	total_time: 0.211007609
[0m
[0;32mdataset: er_19_8	num_trials: 1	thread_num: 32	numa_mask: 1	init_time: 0.004562752	symb_time: 0.077117632	mgmt_time: 0.007489553	numc_time: 0.121837672	total_time: 0.211007609	flop_cnt: 142742320	numc_perf: 1171577867.968455553	perf: 676479491.315405607
[0mCONFIGURATION:	USE_HYPERTHREADING	HASH_CONSTANT: 2654435761	THREAD_NUM: 32	AB_HIGH_THREAD_NUM: 22	AB_SIZE: 524288	AB_MIN_NUM: 32768	AB_PRT: 0.850000	AB_DNR	DN_MIN: 256	GUD_ALPHA: 0.500000	GUD_MIN: 256	HYB_THRES: 0.950000
[0;36m0th run	init_time: 0.005659660	symb_time: 0.288360342	mgmt_time: 0.008621974	numc_time: 0.458341047	total_time: 0.760983023
[0m
[0;36m1th run	init_time: 0.005620943	symb_time: 0.288051475	mgmt_time: 0.007980010	numc_time: 0.465405887	total_time: 0.767058315
[0m
[0;32mdataset: er_19_16	num_trials: 1	thread_num: 32	numa_mask: 1	init_time: 0.005620943	symb_time: 0.288051475	mgmt_time: 0.007980010	numc_time: 0.465405887	total_time: 0.767058315	flop_cnt: 553733304	numc_perf: 1189785775.099144936	perf: 721892055.886259556
[0mCONFIGURATION:	USE_HYPERTHREADING	HASH_CONSTANT: 2654435761	THREAD_NUM: 32	AB_HIGH_THREAD_NUM: 22	AB_SIZE: 524288	AB_MIN_NUM: 32768	AB_PRT: 0.850000	AB_DNR	DN_MIN: 256	GUD_ALPHA: 0.500000	GUD_MIN: 256	HYB_THRES: 0.950000
[0;36m0th run	init_time: 0.007489029	symb_time: 1.028297880	mgmt_time: 0.009531770	numc_time: 1.810134270	total_time: 2.855452949
[0m
[0;36m1th run	init_time: 0.007503523	symb_time: 1.026925071	mgmt_time: 0.010163836	numc_time: 1.800814504	total_time: 2.845406934
[0m
[0;32mdataset: er_19_32	num_trials: 1	thread_num: 32	numa_mask: 1	init_time: 0.007503523	symb_time: 1.026925071	mgmt_time: 0.010163836	numc_time: 1.800814504	total_time: 2.845406934	flop_cnt: 2181162866	numc_perf: 1211209072.980678320	perf: 766555686.618004084
[0mCONFIGURATION:	USE_HYPERTHREADING	HASH_CONSTANT: 2654435761	THREAD_NUM: 32	AB_HIGH_THREAD_NUM: 22	AB_SIZE: 524288	AB_MIN_NUM: 32768	AB_PRT: 0.850000	AB_DNR	DN_MIN: 256	GUD_ALPHA: 0.500000	GUD_MIN: 256	HYB_THRES: 0.950000
[0;36m0th run	init_time: 0.006233531	symb_time: 0.008208156	mgmt_time: 0.000795875	numc_time: 0.022150651	total_time: 0.037388213
[0m
[0;36m1th run	init_time: 0.006335606	symb_time: 0.007660481	mgmt_time: 0.000150851	numc_time: 0.022000493	total_time: 0.036147431
[0m
[0;32mdataset: er_20_1	num_trials: 1	thread_num: 32	numa_mask: 1	init_time: 0.006335606	symb_time: 0.007660481	mgmt_time: 0.000150851	numc_time: 0.022000493	total_time: 0.036147431	flop_cnt: 6290748	numc_perf: 285936683.327959955	perf: 174030292.775162876
[0mCONFIGURATION:	USE_HYPERTHREADING	HASH_CONSTANT: 2654435761	THREAD_NUM: 32	AB_HIGH_THREAD_NUM: 22	AB_SIZE: 524288	AB_MIN_NUM: 32768	AB_PRT: 0.850000	AB_DNR	DN_MIN: 256	GUD_ALPHA: 0.500000	GUD_MIN: 256	HYB_THRES: 0.950000
[0;36m0th run	init_time: 0.006669489	symb_time: 0.017432753	mgmt_time: 0.000860392	numc_time: 0.036920908	total_time: 0.061883542
[0m
[0;36m1th run	init_time: 0.007065800	symb_time: 0.016942456	mgmt_time: 0.000227934	numc_time: 0.037230873	total_time: 0.061467063
[0m
[0;32mdataset: er_20_2	num_trials: 1	thread_num: 32	numa_mask: 1	init_time: 0.007065800	symb_time: 0.016942456	mgmt_time: 0.000227934	numc_time: 0.037230873	total_time: 0.061467063	flop_cnt: 20968558	numc_perf: 563203500.492722750	perf: 341134861.120662272
[0mCONFIGURATION:	USE_HYPERTHREADING	HASH_CONSTANT: 2654435761	THREAD_NUM: 32	AB_HIGH_THREAD_NUM: 22	AB_SIZE: 524288	AB_MIN_NUM: 32768	AB_PRT: 0.850000	AB_DNR	DN_MIN: 256	GUD_ALPHA: 0.500000	GUD_MIN: 256	HYB_THRES: 0.950000
[0;36m0th run	init_time: 0.007016906	symb_time: 0.050605988	mgmt_time: 0.008269814	numc_time: 0.082795177	total_time: 0.148687885
[0m
[0;36m1th run	init_time: 0.006801736	symb_time: 0.049956933	mgmt_time: 0.007508115	numc_time: 0.084397162	total_time: 0.148663946
[0m
[0;32mdataset: er_20_4	num_trials: 1	thread_num: 32	numa_mask: 1	init_time: 0.006801736	symb_time: 0.049956933	mgmt_time: 0.007508115	numc_time: 0.084397162	total_time: 0.148663946	flop_cnt: 75507866	numc_perf: 894673045.996499896	perf: 507909738.922173023
[0mCONFIGURATION:	USE_HYPERTHREADING	HASH_CONSTANT: 2654435761	THREAD_NUM: 32	AB_HIGH_THREAD_NUM: 22	AB_SIZE: 524288	AB_MIN_NUM: 32768	AB_PRT: 0.850000	AB_DNR	DN_MIN: 256	GUD_ALPHA: 0.500000	GUD_MIN: 256	HYB_THRES: 0.950000
[0;36m0th run	init_time: 0.008273821	symb_time: 0.179609174	mgmt_time: 0.008476850	numc_time: 0.260443355	total_time: 0.456803200
[0m
[0;36m1th run	init_time: 0.007966786	symb_time: 0.179210974	mgmt_time: 0.007741833	numc_time: 0.258299231	total_time: 0.453218824
[0m
[0;32mdataset: er_20_8	num_trials: 1	thread_num: 32	numa_mask: 1	init_time: 0.007966786	symb_time: 0.179210974	mgmt_time: 0.007741833	numc_time: 0.258299231	total_time: 0.453218824	flop_cnt: 285424684	numc_perf: 1105015616.558300972	perf: 629772350.320559502
[0mCONFIGURATION:	USE_HYPERTHREADING	HASH_CONSTANT: 2654435761	THREAD_NUM: 32	AB_HIGH_THREAD_NUM: 22	AB_SIZE: 524288	AB_MIN_NUM: 32768	AB_PRT: 0.850000	AB_DNR	DN_MIN: 256	GUD_ALPHA: 0.500000	GUD_MIN: 256	HYB_THRES: 0.950000
[0;36m0th run	init_time: 0.010279167	symb_time: 0.631705186	mgmt_time: 0.009380788	numc_time: 0.966363451	total_time: 1.617728592
[0m
[0;36m1th run	init_time: 0.013709263	symb_time: 0.631430062	mgmt_time: 0.008762647	numc_time: 0.972225529	total_time: 1.626127501
[0m
[0;32mdataset: er_20_16	num_trials: 1	thread_num: 32	numa_mask: 1	init_time: 0.013709263	symb_time: 0.631430062	mgmt_time: 0.008762647	numc_time: 0.972225529	total_time: 1.626127501	flop_cnt: 1107231140	numc_perf: 1138862441.864556313	perf: 680900568.571098804
[0mCONFIGURATION:	USE_HYPERTHREADING	HASH_CONSTANT: 2654435761	THREAD_NUM: 32	AB_HIGH_THREAD_NUM: 22	AB_SIZE: 524288	AB_MIN_NUM: 32768	AB_PRT: 0.850000	AB_DNR	DN_MIN: 256	GUD_ALPHA: 0.500000	GUD_MIN: 256	HYB_THRES: 0.950000
[0;36m0th run	init_time: 0.015847862	symb_time: 2.150185675	mgmt_time: 0.014042554	numc_time: 3.761328658	total_time: 5.941404749
[0m
[0;36m1th run	init_time: 0.015788619	symb_time: 2.149098494	mgmt_time: 0.012691818	numc_time: 3.754910324	total_time: 5.932489255
[0m
[0;32mdataset: er_20_32	num_trials: 1	thread_num: 32	numa_mask: 1	init_time: 0.015788619	symb_time: 2.149098494	mgmt_time: 0.012691818	numc_time: 3.754910324	total_time: 5.932489255	flop_cnt: 4366158894	numc_perf: 1162786462.859878540	perf: 735974176.492629766
[0mCONFIGURATION:	USE_HYPERTHREADING	HASH_CONSTANT: 2654435761	THREAD_NUM: 32	AB_HIGH_THREAD_NUM: 22	AB_SIZE: 524288	AB_MIN_NUM: 32768	AB_PRT: 0.850000	AB_DNR	DN_MIN: 256	GUD_ALPHA: 0.500000	GUD_MIN: 256	HYB_THRES: 0.950000
[0;36m0th run	init_time: 0.010314514	symb_time: 0.015648339	mgmt_time: 0.000871149	numc_time: 0.048132711	total_time: 0.074966713
[0m
[0;36m1th run	init_time: 0.010327756	symb_time: 0.015214210	mgmt_time: 0.000268558	numc_time: 0.048019221	total_time: 0.073829745
[0m
[0;32mdataset: er_21_1	num_trials: 1	thread_num: 32	numa_mask: 1	init_time: 0.010327756	symb_time: 0.015214210	mgmt_time: 0.000268558	numc_time: 0.048019221	total_time: 0.073829745	flop_cnt: 12586608	numc_perf: 262116038.908669502	perf: 170481531.529060543
[0mCONFIGURATION:	USE_HYPERTHREADING	HASH_CONSTANT: 2654435761	THREAD_NUM: 32	AB_HIGH_THREAD_NUM: 22	AB_SIZE: 524288	AB_MIN_NUM: 32768	AB_PRT: 0.850000	AB_DNR	DN_MIN: 256	GUD_ALPHA: 0.500000	GUD_MIN: 256	HYB_THRES: 0.950000
[0;36m0th run	init_time: 0.010993571	symb_time: 0.039357984	mgmt_time: 0.008474008	numc_time: 0.078610777	total_time: 0.137436340
[0m
[0;36m1th run	init_time: 0.010983823	symb_time: 0.038946932	mgmt_time: 0.007718542	numc_time: 0.080852589	total_time: 0.138501886
[0m
[0;32mdataset: er_21_2	num_trials: 1	thread_num: 32	numa_mask: 1	init_time: 0.010983823	symb_time: 0.038946932	mgmt_time: 0.007718542	numc_time: 0.080852589	total_time: 0.138501886	flop_cnt: 41963140	numc_perf: 519007993.671049893	perf: 302978834.526484311
[0mCONFIGURATION:	USE_HYPERTHREADING	HASH_CONSTANT: 2654435761	THREAD_NUM: 32	AB_HIGH_THREAD_NUM: 22	AB_SIZE: 524288	AB_MIN_NUM: 32768	AB_PRT: 0.850000	AB_DNR	DN_MIN: 256	GUD_ALPHA: 0.500000	GUD_MIN: 256	HYB_THRES: 0.950000
[0;36m0th run	init_time: 0.012265154	symb_time: 0.122955597	mgmt_time: 0.008730114	numc_time: 0.168777410	total_time: 0.312728275
[0m
[0;36m1th run	init_time: 0.012410311	symb_time: 0.122418269	mgmt_time: 0.008018476	numc_time: 0.177828173	total_time: 0.320675229
[0m
[0;32mdataset: er_21_4	num_trials: 1	thread_num: 32	numa_mask: 1	init_time: 0.012410311	symb_time: 0.122418269	mgmt_time: 0.008018476	numc_time: 0.177828173	total_time: 0.320675229	flop_cnt: 150998738	numc_perf: 849127196.510082722	perf: 470877462.131632268
[0mCONFIGURATION:	USE_HYPERTHREADING	HASH_CONSTANT: 2654435761	THREAD_NUM: 32	AB_HIGH_THREAD_NUM: 22	AB_SIZE: 524288	AB_MIN_NUM: 32768	AB_PRT: 0.850000	AB_DNR	DN_MIN: 256	GUD_ALPHA: 0.500000	GUD_MIN: 256	HYB_THRES: 0.950000
[0;36m0th run	init_time: 0.014860763	symb_time: 0.405360128	mgmt_time: 0.008976260	numc_time: 0.545316660	total_time: 0.974513811
[0m
[0;36m1th run	init_time: 0.015429610	symb_time: 0.403606266	mgmt_time: 0.008319038	numc_time: 0.559779792	total_time: 0.987134706
[0m
[0;32mdataset: er_21_8	num_trials: 1	thread_num: 32	numa_mask: 1	init_time: 0.015429610	symb_time: 0.403606266	mgmt_time: 0.008319038	numc_time: 0.559779792	total_time: 0.987134706	flop_cnt: 570627534	numc_perf: 1019378588.071646690	perf: 578064503.792251468
[0mCONFIGURATION:	USE_HYPERTHREADING	HASH_CONSTANT: 2654435761	THREAD_NUM: 32	AB_HIGH_THREAD_NUM: 22	AB_SIZE: 524288	AB_MIN_NUM: 32768	AB_PRT: 0.850000	AB_DNR	DN_MIN: 256	GUD_ALPHA: 0.500000	GUD_MIN: 256	HYB_THRES: 0.950000
[0;36m0th run	init_time: 0.021111390	symb_time: 1.351233137	mgmt_time: 0.010618790	numc_time: 2.008268425	total_time: 3.391231742
[0m
[0;36m1th run	init_time: 0.020159622	symb_time: 1.351552147	mgmt_time: 0.010397280	numc_time: 2.004852692	total_time: 3.386961741
[0m
[0;32mdataset: er_21_16	num_trials: 1	thread_num: 32	numa_mask: 1	init_time: 0.020159622	symb_time: 1.351552147	mgmt_time: 0.010397280	numc_time: 2.004852692	total_time: 3.386961741	flop_cnt: 2214794322	numc_perf: 1104716735.966554403	perf: 653917726.672070980
[0mCONFIGURATION:	USE_HYPERTHREADING	HASH_CONSTANT: 2654435761	THREAD_NUM: 32	AB_HIGH_THREAD_NUM: 22	AB_SIZE: 524288	AB_MIN_NUM: 32768	AB_PRT: 0.850000	AB_DNR	DN_MIN: 256	GUD_ALPHA: 0.500000	GUD_MIN: 256	HYB_THRES: 0.950000
[0;36m0th run	init_time: 0.031732239	symb_time: 4.468304776	mgmt_time: 0.020839651	numc_time: 7.780033360	total_time: 12.300910026
[0m
[0;36m1th run	init_time: 0.031461667	symb_time: 4.468140610	mgmt_time: 0.018061503	numc_time: 7.771504847	total_time: 12.289168627
[0m
[0;32mdataset: er_21_32	num_trials: 1	thread_num: 32	numa_mask: 1	init_time: 0.031461667	symb_time: 4.468140610	mgmt_time: 0.018061503	numc_time: 7.771504847	total_time: 12.289168627	flop_cnt: 8724487282	numc_perf: 1122625212.717698574	perf: 709933075.768185496
[0m