CONFIGURATION:	USE_HYPERTHREADING	USE_WEIGHTED_INTERLEAVING	HASH_CONSTANT: 2654435761	THREAD_NUM: 64	AB_HIGH_THREAD_NUM: 16	AB_SIZE: 524288	AB_MIN_NUM: 32768	AB_PRT: 0.900000	AB_DNR	DN_MIN: 256	GUD_ALPHA: 0.500000	GUD_MIN: 256	HYB_THRES: 0.950000
[0;36m0th run	init_time: 0.005311711	symb_time: 0.004488832	mgmt_time: 0.001579835	numc_time: 0.005636450	total_time: 0.017016828
[0m
[0;36m1th run	init_time: 0.007861747	symb_time: 0.003622618	mgmt_time: 0.000152946	numc_time: 0.005647708	total_time: 0.017285019
[0m
[0;32mdataset: er_18_1	num_trials: 1	thread_num: 64	numa_mask: 6	init_time: 0.007861747	symb_time: 0.003622618	mgmt_time: 0.000152946	numc_time: 0.005647708	total_time: 0.017285019	flop_cnt: 1573868	numc_perf: 278673755.796156585	perf: 91053877.348934367
[0mCONFIGURATION:	USE_HYPERTHREADING	USE_WEIGHTED_INTERLEAVING	HASH_CONSTANT: 2654435761	THREAD_NUM: 64	AB_HIGH_THREAD_NUM: 16	AB_SIZE: 524288	AB_MIN_NUM: 32768	AB_PRT: 0.900000	AB_DNR	DN_MIN: 256	GUD_ALPHA: 0.500000	GUD_MIN: 256	HYB_THRES: 0.950000
[0;36m0th run	init_time: 0.005703768	symb_time: 0.005732762	mgmt_time: 0.001606299	numc_time: 0.007205862	total_time: 0.020248691
[0m
[0;36m1th run	init_time: 0.005182606	symb_time: 0.004943997	mgmt_time: 0.000172660	numc_time: 0.007236710	total_time: 0.017535973
[0m
[0;32mdataset: er_18_2	num_trials: 1	thread_num: 64	numa_mask: 6	init_time: 0.005182606	symb_time: 0.004943997	mgmt_time: 0.000172660	numc_time: 0.007236710	total_time: 0.017535973	flop_cnt: 5237284	numc_perf: 723710636.463254690	perf: 298659447.069175959
[0mCONFIGURATION:	USE_HYPERTHREADING	USE_WEIGHTED_INTERLEAVING	HASH_CONSTANT: 2654435761	THREAD_NUM: 64	AB_HIGH_THREAD_NUM: 16	AB_SIZE: 524288	AB_MIN_NUM: 32768	AB_PRT: 0.900000	AB_DNR	DN_MIN: 256	GUD_ALPHA: 0.500000	GUD_MIN: 256	HYB_THRES: 0.950000
[0;36m0th run	init_time: 0.005681178	symb_time: 0.010051512	mgmt_time: 0.001738299	numc_time: 0.017512119	total_time: 0.034983108
[0m
[0;36m1th run	init_time: 0.004958738	symb_time: 0.009214510	mgmt_time: 0.000248426	numc_time: 0.017230428	total_time: 0.031652102
[0m
[0;32mdataset: er_18_4	num_trials: 1	thread_num: 64	numa_mask: 6	init_time: 0.004958738	symb_time: 0.009214510	mgmt_time: 0.000248426	numc_time: 0.017230428	total_time: 0.031652102	flop_cnt: 18879238	numc_perf: 1095691761.110054731	perf: 596460797.453515053
[0mCONFIGURATION:	USE_HYPERTHREADING	USE_WEIGHTED_INTERLEAVING	HASH_CONSTANT: 2654435761	THREAD_NUM: 64	AB_HIGH_THREAD_NUM: 16	AB_SIZE: 524288	AB_MIN_NUM: 32768	AB_PRT: 0.900000	AB_DNR	DN_MIN: 256	GUD_ALPHA: 0.500000	GUD_MIN: 256	HYB_THRES: 0.950000
[0;36m0th run	init_time: 0.006179479	symb_time: 0.025507910	mgmt_time: 0.012232277	numc_time: 0.069076357	total_time: 0.112996023
[0m
[0;36m1th run	init_time: 0.005180171	symb_time: 0.024697029	mgmt_time: 0.010675289	numc_time: 0.068901277	total_time: 0.109453766
[0m
[0;32mdataset: er_18_8	num_trials: 1	thread_num: 64	numa_mask: 6	init_time: 0.005180171	symb_time: 0.024697029	mgmt_time: 0.010675289	numc_time: 0.068901277	total_time: 0.109453766	flop_cnt: 71328054	numc_perf: 1035221074.349608779	perf: 651672908.175676584
[0mCONFIGURATION:	USE_HYPERTHREADING	USE_WEIGHTED_INTERLEAVING	HASH_CONSTANT: 2654435761	THREAD_NUM: 64	AB_HIGH_THREAD_NUM: 16	AB_SIZE: 524288	AB_MIN_NUM: 32768	AB_PRT: 0.900000	AB_DNR	DN_MIN: 256	GUD_ALPHA: 0.500000	GUD_MIN: 256	HYB_THRES: 0.950000
[0;36m0th run	init_time: 0.006843054	symb_time: 0.083323941	mgmt_time: 0.012855813	numc_time: 0.345148127	total_time: 0.448170935
[0m
[0;36m1th run	init_time: 0.006375121	symb_time: 0.082882932	mgmt_time: 0.011336924	numc_time: 0.339848007	total_time: 0.440442984
[0m
[0;32mdataset: er_18_16	num_trials: 1	thread_num: 64	numa_mask: 6	init_time: 0.006375121	symb_time: 0.082882932	mgmt_time: 0.011336924	numc_time: 0.339848007	total_time: 0.440442984	flop_cnt: 277105556	numc_perf: 815380847.591670752	perf: 629151935.815601587
[0mCONFIGURATION:	USE_HYPERTHREADING	USE_WEIGHTED_INTERLEAVING	HASH_CONSTANT: 2654435761	THREAD_NUM: 64	AB_HIGH_THREAD_NUM: 16	AB_SIZE: 524288	AB_MIN_NUM: 32768	AB_PRT: 0.900000	AB_DNR	DN_MIN: 256	GUD_ALPHA: 0.500000	GUD_MIN: 256	HYB_THRES: 0.950000
[0;36m0th run	init_time: 0.008018732	symb_time: 0.340242974	mgmt_time: 0.013874429	numc_time: 1.450783313	total_time: 1.812919448
[0m
[0;36m1th run	init_time: 0.008377817	symb_time: 0.341238710	mgmt_time: 0.012416188	numc_time: 1.446658213	total_time: 1.808690928
[0m
[0;32mdataset: er_18_32	num_trials: 1	thread_num: 64	numa_mask: 6	init_time: 0.008377817	symb_time: 0.341238710	mgmt_time: 0.012416188	numc_time: 1.446658213	total_time: 1.808690928	flop_cnt: 1090559662	numc_perf: 753847489.476078510	perf: 602955234.151536584
[0mCONFIGURATION:	USE_HYPERTHREADING	USE_WEIGHTED_INTERLEAVING	HASH_CONSTANT: 2654435761	THREAD_NUM: 64	AB_HIGH_THREAD_NUM: 16	AB_SIZE: 524288	AB_MIN_NUM: 32768	AB_PRT: 0.900000	AB_DNR	DN_MIN: 256	GUD_ALPHA: 0.500000	GUD_MIN: 256	HYB_THRES: 0.950000
[0;36m0th run	init_time: 0.006666033	symb_time: 0.005563352	mgmt_time: 0.001571468	numc_time: 0.007038461	total_time: 0.020839314
[0m
[0;36m1th run	init_time: 0.006103999	symb_time: 0.004719271	mgmt_time: 0.000189930	numc_time: 0.006554297	total_time: 0.017567497
[0m
[0;32mdataset: er_19_1	num_trials: 1	thread_num: 64	numa_mask: 6	init_time: 0.006103999	symb_time: 0.004719271	mgmt_time: 0.000189930	numc_time: 0.006554297	total_time: 0.017567497	flop_cnt: 3147278	numc_perf: 480185441.703358829	perf: 179153467.338004947
[0mCONFIGURATION:	USE_HYPERTHREADING	USE_WEIGHTED_INTERLEAVING	HASH_CONSTANT: 2654435761	THREAD_NUM: 64	AB_HIGH_THREAD_NUM: 16	AB_SIZE: 524288	AB_MIN_NUM: 32768	AB_PRT: 0.900000	AB_DNR	DN_MIN: 256	GUD_ALPHA: 0.500000	GUD_MIN: 256	HYB_THRES: 0.950000
[0;36m0th run	init_time: 0.006896598	symb_time: 0.008334510	mgmt_time: 0.003644524	numc_time: 0.013238042	total_time: 0.032113674
[0m
[0;36m1th run	init_time: 0.005937664	symb_time: 0.007474319	mgmt_time: 0.000226802	numc_time: 0.013018763	total_time: 0.026657548
[0m
[0;32mdataset: er_19_2	num_trials: 1	thread_num: 64	numa_mask: 6	init_time: 0.005937664	symb_time: 0.007474319	mgmt_time: 0.000226802	numc_time: 0.013018763	total_time: 0.026657548	flop_cnt: 10490794	numc_perf: 805821106.045174837	perf: 393539345.779289186
[0mCONFIGURATION:	USE_HYPERTHREADING	USE_WEIGHTED_INTERLEAVING	HASH_CONSTANT: 2654435761	THREAD_NUM: 64	AB_HIGH_THREAD_NUM: 16	AB_SIZE: 524288	AB_MIN_NUM: 32768	AB_PRT: 0.900000	AB_DNR	DN_MIN: 256	GUD_ALPHA: 0.500000	GUD_MIN: 256	HYB_THRES: 0.950000
[0;36m0th run	init_time: 0.007477239	symb_time: 0.017366494	mgmt_time: 0.020299146	numc_time: 0.043965081	total_time: 0.089107960
[0m
[0;36m1th run	init_time: 0.006471191	symb_time: 0.016494476	mgmt_time: 0.010576341	numc_time: 0.043758009	total_time: 0.077300017
[0m
[0;32mdataset: er_19_4	num_trials: 1	thread_num: 64	numa_mask: 6	init_time: 0.006471191	symb_time: 0.016494476	mgmt_time: 0.010576341	numc_time: 0.043758009	total_time: 0.077300017	flop_cnt: 37757054	numc_perf: 862860419.449157238	perf: 488448197.883320034
[0mCONFIGURATION:	USE_HYPERTHREADING	USE_WEIGHTED_INTERLEAVING	HASH_CONSTANT: 2654435761	THREAD_NUM: 64	AB_HIGH_THREAD_NUM: 16	AB_SIZE: 524288	AB_MIN_NUM: 32768	AB_PRT: 0.900000	AB_DNR	DN_MIN: 256	GUD_ALPHA: 0.500000	GUD_MIN: 256	HYB_THRES: 0.950000
[0;36m0th run	init_time: 0.008337724	symb_time: 0.052576248	mgmt_time: 0.012535086	numc_time: 0.197562943	total_time: 0.271012001
[0m
[0;36m1th run	init_time: 0.007326561	symb_time: 0.052084775	mgmt_time: 0.011063940	numc_time: 0.196717565	total_time: 0.267192841
[0m
[0;32mdataset: er_19_8	num_trials: 1	thread_num: 64	numa_mask: 6	init_time: 0.007326561	symb_time: 0.052084775	mgmt_time: 0.011063940	numc_time: 0.196717565	total_time: 0.267192841	flop_cnt: 142742320	numc_perf: 725620612.475556016	perf: 534229582.895149469
[0mCONFIGURATION:	USE_HYPERTHREADING	USE_WEIGHTED_INTERLEAVING	HASH_CONSTANT: 2654435761	THREAD_NUM: 64	AB_HIGH_THREAD_NUM: 16	AB_SIZE: 524288	AB_MIN_NUM: 32768	AB_PRT: 0.900000	AB_DNR	DN_MIN: 256	GUD_ALPHA: 0.500000	GUD_MIN: 256	HYB_THRES: 0.950000
[0;36m0th run	init_time: 0.009495342	symb_time: 0.208230787	mgmt_time: 0.013372375	numc_time: 0.810787814	total_time: 1.041886318
[0m
[0;36m1th run	init_time: 0.010455971	symb_time: 0.208079346	mgmt_time: 0.011880009	numc_time: 0.811936952	total_time: 1.042352278
[0m
[0;32mdataset: er_19_16	num_trials: 1	thread_num: 64	numa_mask: 6	init_time: 0.010455971	symb_time: 0.208079346	mgmt_time: 0.011880009	numc_time: 0.811936952	total_time: 1.042352278	flop_cnt: 553733304	numc_perf: 681990519.874750018	perf: 531234320.380120039
[0mCONFIGURATION:	USE_HYPERTHREADING	USE_WEIGHTED_INTERLEAVING	HASH_CONSTANT: 2654435761	THREAD_NUM: 64	AB_HIGH_THREAD_NUM: 16	AB_SIZE: 524288	AB_MIN_NUM: 32768	AB_PRT: 0.900000	AB_DNR	DN_MIN: 256	GUD_ALPHA: 0.500000	GUD_MIN: 256	HYB_THRES: 0.950000
[0;36m0th run	init_time: 0.013232368	symb_time: 0.849997870	mgmt_time: 0.014916706	numc_time: 3.131436955	total_time: 4.009583899
[0m
[0;36m1th run	init_time: 0.013376252	symb_time: 0.847209213	mgmt_time: 0.013541024	numc_time: 3.134054136	total_time: 4.008180625
[0m
[0;32mdataset: er_19_32	num_trials: 1	thread_num: 64	numa_mask: 6	init_time: 0.013376252	symb_time: 0.847209213	mgmt_time: 0.013541024	numc_time: 3.134054136	total_time: 4.008180625	flop_cnt: 2181162866	numc_perf: 695955708.277529240	perf: 544177787.895973325
[0mCONFIGURATION:	USE_HYPERTHREADING	USE_WEIGHTED_INTERLEAVING	HASH_CONSTANT: 2654435761	THREAD_NUM: 64	AB_HIGH_THREAD_NUM: 16	AB_SIZE: 524288	AB_MIN_NUM: 32768	AB_PRT: 0.900000	AB_DNR	DN_MIN: 256	GUD_ALPHA: 0.500000	GUD_MIN: 256	HYB_THRES: 0.950000
[0;36m0th run	init_time: 0.009415046	symb_time: 0.007754327	mgmt_time: 0.001693694	numc_time: 0.012093824	total_time: 0.030956891
[0m
[0;36m1th run	init_time: 0.008442834	symb_time: 0.007093055	mgmt_time: 0.000261227	numc_time: 0.012069908	total_time: 0.027867024
[0m
[0;32mdataset: er_20_1	num_trials: 1	thread_num: 64	numa_mask: 6	init_time: 0.008442834	symb_time: 0.007093055	mgmt_time: 0.000261227	numc_time: 0.012069908	total_time: 0.027867024	flop_cnt: 6290748	numc_perf: 521192705.031388760	perf: 225741650.776918262
[0mCONFIGURATION:	USE_HYPERTHREADING	USE_WEIGHTED_INTERLEAVING	HASH_CONSTANT: 2654435761	THREAD_NUM: 64	AB_HIGH_THREAD_NUM: 16	AB_SIZE: 524288	AB_MIN_NUM: 32768	AB_PRT: 0.900000	AB_DNR	DN_MIN: 256	GUD_ALPHA: 0.500000	GUD_MIN: 256	HYB_THRES: 0.950000
[0;36m0th run	init_time: 0.009991537	symb_time: 0.013984903	mgmt_time: 0.006911646	numc_time: 0.030682707	total_time: 0.061570793
[0m
[0;36m1th run	init_time: 0.008620564	symb_time: 0.013179699	mgmt_time: 0.000360983	numc_time: 0.029773794	total_time: 0.051935040
[0m
[0;32mdataset: er_20_2	num_trials: 1	thread_num: 64	numa_mask: 6	init_time: 0.008620564	symb_time: 0.013179699	mgmt_time: 0.000360983	numc_time: 0.029773794	total_time: 0.051935040	flop_cnt: 20968558	numc_perf: 704262211.258665919	perf: 403745871.765959918
[0mCONFIGURATION:	USE_HYPERTHREADING	USE_WEIGHTED_INTERLEAVING	HASH_CONSTANT: 2654435761	THREAD_NUM: 64	AB_HIGH_THREAD_NUM: 16	AB_SIZE: 524288	AB_MIN_NUM: 32768	AB_PRT: 0.900000	AB_DNR	DN_MIN: 256	GUD_ALPHA: 0.500000	GUD_MIN: 256	HYB_THRES: 0.950000
[0;36m0th run	init_time: 0.010750849	symb_time: 0.037953852	mgmt_time: 0.012489002	numc_time: 0.126578728	total_time: 0.187772431
[0m
[0;36m1th run	init_time: 0.010225048	symb_time: 0.037309266	mgmt_time: 0.011111397	numc_time: 0.125919156	total_time: 0.184564867
[0m
[0;32mdataset: er_20_4	num_trials: 1	thread_num: 64	numa_mask: 6	init_time: 0.010225048	symb_time: 0.037309266	mgmt_time: 0.011111397	numc_time: 0.125919156	total_time: 0.184564867	flop_cnt: 75507866	numc_perf: 599653526.902610660	perf: 409112889.291113079
[0mCONFIGURATION:	USE_HYPERTHREADING	USE_WEIGHTED_INTERLEAVING	HASH_CONSTANT: 2654435761	THREAD_NUM: 64	AB_HIGH_THREAD_NUM: 16	AB_SIZE: 524288	AB_MIN_NUM: 32768	AB_PRT: 0.900000	AB_DNR	DN_MIN: 256	GUD_ALPHA: 0.500000	GUD_MIN: 256	HYB_THRES: 0.950000
[0;36m0th run	init_time: 0.012300036	symb_time: 0.155513036	mgmt_time: 0.012960592	numc_time: 0.476913109	total_time: 0.657686773
[0m
[0;36m1th run	init_time: 0.012217661	symb_time: 0.154392961	mgmt_time: 0.011449850	numc_time: 0.475932655	total_time: 0.653993127
[0m
[0;32mdataset: er_20_8	num_trials: 1	thread_num: 64	numa_mask: 6	init_time: 0.012217661	symb_time: 0.154392961	mgmt_time: 0.011449850	numc_time: 0.475932655	total_time: 0.653993127	flop_cnt: 285424684	numc_perf: 599716537.626526237	perf: 436433766.986667454
[0mCONFIGURATION:	USE_HYPERTHREADING	USE_WEIGHTED_INTERLEAVING	HASH_CONSTANT: 2654435761	THREAD_NUM: 64	AB_HIGH_THREAD_NUM: 16	AB_SIZE: 524288	AB_MIN_NUM: 32768	AB_PRT: 0.900000	AB_DNR	DN_MIN: 256	GUD_ALPHA: 0.500000	GUD_MIN: 256	HYB_THRES: 0.950000
[0;36m0th run	init_time: 0.015719044	symb_time: 0.584501551	mgmt_time: 0.014119606	numc_time: 1.757010911	total_time: 2.371351112
[0m
[0;36m1th run	init_time: 0.015691340	symb_time: 0.584054618	mgmt_time: 0.012488504	numc_time: 1.758213030	total_time: 2.370447492
[0m
[0;32mdataset: er_20_16	num_trials: 1	thread_num: 64	numa_mask: 6	init_time: 0.015691340	symb_time: 0.584054618	mgmt_time: 0.012488504	numc_time: 1.758213030	total_time: 2.370447492	flop_cnt: 1107231140	numc_perf: 629748000.445657015	perf: 467097939.834897578
[0mCONFIGURATION:	USE_HYPERTHREADING	USE_WEIGHTED_INTERLEAVING	HASH_CONSTANT: 2654435761	THREAD_NUM: 64	AB_HIGH_THREAD_NUM: 16	AB_SIZE: 524288	AB_MIN_NUM: 32768	AB_PRT: 0.900000	AB_DNR	DN_MIN: 256	GUD_ALPHA: 0.500000	GUD_MIN: 256	HYB_THRES: 0.950000
[0;36m0th run	init_time: 0.024536491	symb_time: 1.984899843	mgmt_time: 0.018092909	numc_time: 7.175401308	total_time: 9.202930551
[0m
[0;36m1th run	init_time: 0.023623008	symb_time: 1.984680598	mgmt_time: 0.016026455	numc_time: 7.176225424	total_time: 9.200555485
[0m
[0;32mdataset: er_20_32	num_trials: 1	thread_num: 64	numa_mask: 6	init_time: 0.023623008	symb_time: 1.984680598	mgmt_time: 0.016026455	numc_time: 7.176225424	total_time: 9.200555485	flop_cnt: 4366158894	numc_perf: 608419975.130368710	perf: 474553835.485075593
[0mCONFIGURATION:	USE_HYPERTHREADING	USE_WEIGHTED_INTERLEAVING	HASH_CONSTANT: 2654435761	THREAD_NUM: 64	AB_HIGH_THREAD_NUM: 16	AB_SIZE: 524288	AB_MIN_NUM: 32768	AB_PRT: 0.900000	AB_DNR	DN_MIN: 256	GUD_ALPHA: 0.500000	GUD_MIN: 256	HYB_THRES: 0.950000
[0;36m0th run	init_time: 0.014861477	symb_time: 0.013955547	mgmt_time: 0.001910535	numc_time: 0.027960477	total_time: 0.058688036
[0m
[0;36m1th run	init_time: 0.014165973	symb_time: 0.013035809	mgmt_time: 0.000506188	numc_time: 0.027505598	total_time: 0.055213568
[0m
[0;32mdataset: er_21_1	num_trials: 1	thread_num: 64	numa_mask: 6	init_time: 0.014165973	symb_time: 0.013035809	mgmt_time: 0.000506188	numc_time: 0.027505598	total_time: 0.055213568	flop_cnt: 12586608	numc_perf: 457601685.300570428	perf: 227962228.414580971
[0mCONFIGURATION:	USE_HYPERTHREADING	USE_WEIGHTED_INTERLEAVING	HASH_CONSTANT: 2654435761	THREAD_NUM: 64	AB_HIGH_THREAD_NUM: 16	AB_SIZE: 524288	AB_MIN_NUM: 32768	AB_PRT: 0.900000	AB_DNR	DN_MIN: 256	GUD_ALPHA: 0.500000	GUD_MIN: 256	HYB_THRES: 0.950000
[0;36m0th run	init_time: 0.015400479	symb_time: 0.032743265	mgmt_time: 0.012842975	numc_time: 0.082964376	total_time: 0.143951095
[0m
[0;36m1th run	init_time: 0.015083430	symb_time: 0.031934051	mgmt_time: 0.011232101	numc_time: 0.082151363	total_time: 0.140400945
[0m
[0;32mdataset: er_21_2	num_trials: 1	thread_num: 64	numa_mask: 6	init_time: 0.015083430	symb_time: 0.031934051	mgmt_time: 0.011232101	numc_time: 0.082151363	total_time: 0.140400945	flop_cnt: 41963140	numc_perf: 510802723.991323173	perf: 298880751.835395515
[0mCONFIGURATION:	USE_HYPERTHREADING	USE_WEIGHTED_INTERLEAVING	HASH_CONSTANT: 2654435761	THREAD_NUM: 64	AB_HIGH_THREAD_NUM: 16	AB_SIZE: 524288	AB_MIN_NUM: 32768	AB_PRT: 0.900000	AB_DNR	DN_MIN: 256	GUD_ALPHA: 0.500000	GUD_MIN: 256	HYB_THRES: 0.950000
[0;36m0th run	init_time: 0.017491424	symb_time: 0.124334007	mgmt_time: 0.012950522	numc_time: 0.321727145	total_time: 0.476503098
[0m
[0;36m1th run	init_time: 0.016695424	symb_time: 0.123386571	mgmt_time: 0.011427707	numc_time: 0.320604999	total_time: 0.472114701
[0m
[0;32mdataset: er_21_4	num_trials: 1	thread_num: 64	numa_mask: 6	init_time: 0.016695424	symb_time: 0.123386571	mgmt_time: 0.011427707	numc_time: 0.320604999	total_time: 0.472114701	flop_cnt: 150998738	numc_perf: 470980610.006021798	perf: 319834857.250081658
[0mCONFIGURATION:	USE_HYPERTHREADING	USE_WEIGHTED_INTERLEAVING	HASH_CONSTANT: 2654435761	THREAD_NUM: 64	AB_HIGH_THREAD_NUM: 16	AB_SIZE: 524288	AB_MIN_NUM: 32768	AB_PRT: 0.900000	AB_DNR	DN_MIN: 256	GUD_ALPHA: 0.500000	GUD_MIN: 256	HYB_THRES: 0.950000
[0;36m0th run	init_time: 0.021035586	symb_time: 0.440267995	mgmt_time: 0.013766824	numc_time: 1.066382150	total_time: 1.541452555
[0m
[0;36m1th run	init_time: 0.021033745	symb_time: 0.439223261	mgmt_time: 0.012311209	numc_time: 1.066531594	total_time: 1.539099809
[0m
[0;32mdataset: er_21_8	num_trials: 1	thread_num: 64	numa_mask: 6	init_time: 0.021033745	symb_time: 0.439223261	mgmt_time: 0.012311209	numc_time: 1.066531594	total_time: 1.539099809	flop_cnt: 570627534	numc_perf: 535031064.443084836	perf: 370754080.185841918
[0mCONFIGURATION:	USE_HYPERTHREADING	USE_WEIGHTED_INTERLEAVING	HASH_CONSTANT: 2654435761	THREAD_NUM: 64	AB_HIGH_THREAD_NUM: 16	AB_SIZE: 524288	AB_MIN_NUM: 32768	AB_PRT: 0.900000	AB_DNR	DN_MIN: 256	GUD_ALPHA: 0.500000	GUD_MIN: 256	HYB_THRES: 0.950000
[0;36m0th run	init_time: 0.028109790	symb_time: 1.394079478	mgmt_time: 0.015830285	numc_time: 3.785009012	total_time: 5.223028565
[0m
[0;36m1th run	init_time: 0.027512586	symb_time: 1.395341037	mgmt_time: 0.014080144	numc_time: 3.784479227	total_time: 5.221412994
[0m
[0;32mdataset: er_21_16	num_trials: 1	thread_num: 64	numa_mask: 6	init_time: 0.027512586	symb_time: 1.395341037	mgmt_time: 0.014080144	numc_time: 3.784479227	total_time: 5.221412994	flop_cnt: 2214794322	numc_perf: 585230936.451907277	perf: 424175280.627112210
[0mCONFIGURATION:	USE_HYPERTHREADING	USE_WEIGHTED_INTERLEAVING	HASH_CONSTANT: 2654435761	THREAD_NUM: 64	AB_HIGH_THREAD_NUM: 16	AB_SIZE: 524288	AB_MIN_NUM: 32768	AB_PRT: 0.900000	AB_DNR	DN_MIN: 256	GUD_ALPHA: 0.500000	GUD_MIN: 256	HYB_THRES: 0.950000
[0;36m0th run	init_time: 0.044064967	symb_time: 4.374096461	mgmt_time: 0.023017907	numc_time: 13.580327547	total_time: 18.021506882
[0m
[0;36m1th run	init_time: 0.043312565	symb_time: 4.372290303	mgmt_time: 0.022510308	numc_time: 13.582566669	total_time: 18.020679845
[0m
[0;32mdataset: er_21_32	num_trials: 1	thread_num: 64	numa_mask: 6	init_time: 0.043312565	symb_time: 4.372290303	mgmt_time: 0.022510308	numc_time: 13.582566669	total_time: 18.020679845	flop_cnt: 8724487282	numc_perf: 642329796.319882870	perf: 484137521.838316619
[0m