CONFIGURATION:	USE_HYPERTHREADING	USE_WEIGHTED_INTERLEAVING	HASH_CONSTANT: 2654435761	THREAD_NUM: 32	AB_HIGH_THREAD_NUM: 22	AB_SIZE: 524288	AB_MIN_NUM: 32768	AB_PRT: 0.850000	AB_DNR	DN_MIN: 256	GUD_ALPHA: 0.500000	GUD_MIN: 256	HYB_THRES: 0.950000
[0;36m0th run	init_time: 0.003184878	symb_time: 0.003222627	mgmt_time: 0.000750770	numc_time: 0.008599582	total_time: 0.015757857
[0m
[0;36m1th run	init_time: 0.005700523	symb_time: 0.002806077	mgmt_time: 0.000090588	numc_time: 0.008609522	total_time: 0.017206710
[0m
[0;32mdataset: er_18_1	num_trials: 1	thread_num: 32	numa_mask: 6	init_time: 0.005700523	symb_time: 0.002806077	mgmt_time: 0.000090588	numc_time: 0.008609522	total_time: 0.017206710	flop_cnt: 1573868	numc_perf: 182805503.023280472	perf: 91468270.227138117
[0mCONFIGURATION:	USE_HYPERTHREADING	USE_WEIGHTED_INTERLEAVING	HASH_CONSTANT: 2654435761	THREAD_NUM: 32	AB_HIGH_THREAD_NUM: 22	AB_SIZE: 524288	AB_MIN_NUM: 32768	AB_PRT: 0.850000	AB_DNR	DN_MIN: 256	GUD_ALPHA: 0.500000	GUD_MIN: 256	HYB_THRES: 0.950000
[0;36m0th run	init_time: 0.003337919	symb_time: 0.005302011	mgmt_time: 0.000775075	numc_time: 0.010065812	total_time: 0.019480817
[0m
[0;36m1th run	init_time: 0.003569589	symb_time: 0.004953055	mgmt_time: 0.000118188	numc_time: 0.009823281	total_time: 0.018464113
[0m
[0;32mdataset: er_18_2	num_trials: 1	thread_num: 32	numa_mask: 6	init_time: 0.003569589	symb_time: 0.004953055	mgmt_time: 0.000118188	numc_time: 0.009823281	total_time: 0.018464113	flop_cnt: 5237284	numc_perf: 533150176.605962813	perf: 283646660.957934916
[0mCONFIGURATION:	USE_HYPERTHREADING	USE_WEIGHTED_INTERLEAVING	HASH_CONSTANT: 2654435761	THREAD_NUM: 32	AB_HIGH_THREAD_NUM: 22	AB_SIZE: 524288	AB_MIN_NUM: 32768	AB_PRT: 0.850000	AB_DNR	DN_MIN: 256	GUD_ALPHA: 0.500000	GUD_MIN: 256	HYB_THRES: 0.950000
[0;36m0th run	init_time: 0.003593132	symb_time: 0.012389659	mgmt_time: 0.000829806	numc_time: 0.020290858	total_time: 0.037103455
[0m
[0;36m1th run	init_time: 0.003394556	symb_time: 0.011920117	mgmt_time: 0.000189136	numc_time: 0.020024906	total_time: 0.035528715
[0m
[0;32mdataset: er_18_4	num_trials: 1	thread_num: 32	numa_mask: 6	init_time: 0.003394556	symb_time: 0.011920117	mgmt_time: 0.000189136	numc_time: 0.020024906	total_time: 0.035528715	flop_cnt: 18879238	numc_perf: 942787846.295008779	perf: 531379702.305585742
[0mCONFIGURATION:	USE_HYPERTHREADING	USE_WEIGHTED_INTERLEAVING	HASH_CONSTANT: 2654435761	THREAD_NUM: 32	AB_HIGH_THREAD_NUM: 22	AB_SIZE: 524288	AB_MIN_NUM: 32768	AB_PRT: 0.850000	AB_DNR	DN_MIN: 256	GUD_ALPHA: 0.500000	GUD_MIN: 256	HYB_THRES: 0.950000
[0;36m0th run	init_time: 0.003991081	symb_time: 0.037085714	mgmt_time: 0.008248984	numc_time: 0.075348568	total_time: 0.124674347
[0m
[0;36m1th run	init_time: 0.003666443	symb_time: 0.036637417	mgmt_time: 0.007372450	numc_time: 0.074762659	total_time: 0.122438969
[0m
[0;32mdataset: er_18_8	num_trials: 1	thread_num: 32	numa_mask: 6	init_time: 0.003666443	symb_time: 0.036637417	mgmt_time: 0.007372450	numc_time: 0.074762659	total_time: 0.122438969	flop_cnt: 71328054	numc_perf: 954059887.035317898	perf: 582560067.130261421
[0mCONFIGURATION:	USE_HYPERTHREADING	USE_WEIGHTED_INTERLEAVING	HASH_CONSTANT: 2654435761	THREAD_NUM: 32	AB_HIGH_THREAD_NUM: 22	AB_SIZE: 524288	AB_MIN_NUM: 32768	AB_PRT: 0.850000	AB_DNR	DN_MIN: 256	GUD_ALPHA: 0.500000	GUD_MIN: 256	HYB_THRES: 0.950000
[0;36m0th run	init_time: 0.004844388	symb_time: 0.131805816	mgmt_time: 0.008465873	numc_time: 0.354970404	total_time: 0.500086481
[0m
[0;36m1th run	init_time: 0.004917316	symb_time: 0.131741320	mgmt_time: 0.007855747	numc_time: 0.356408702	total_time: 0.500923085
[0m
[0;32mdataset: er_18_16	num_trials: 1	thread_num: 32	numa_mask: 6	init_time: 0.004917316	symb_time: 0.131741320	mgmt_time: 0.007855747	numc_time: 0.356408702	total_time: 0.500923085	flop_cnt: 277105556	numc_perf: 777493799.800656915	perf: 553189829.532412052
[0mCONFIGURATION:	USE_HYPERTHREADING	USE_WEIGHTED_INTERLEAVING	HASH_CONSTANT: 2654435761	THREAD_NUM: 32	AB_HIGH_THREAD_NUM: 22	AB_SIZE: 524288	AB_MIN_NUM: 32768	AB_PRT: 0.850000	AB_DNR	DN_MIN: 256	GUD_ALPHA: 0.500000	GUD_MIN: 256	HYB_THRES: 0.950000
[0;36m0th run	init_time: 0.006688753	symb_time: 0.518900728	mgmt_time: 0.009262324	numc_time: 1.534477626	total_time: 2.069329431
[0m
[0;36m1th run	init_time: 0.006717432	symb_time: 0.518154587	mgmt_time: 0.008782205	numc_time: 1.534051747	total_time: 2.067705971
[0m
[0;32mdataset: er_18_32	num_trials: 1	thread_num: 32	numa_mask: 6	init_time: 0.006717432	symb_time: 0.518154587	mgmt_time: 0.008782205	numc_time: 1.534051747	total_time: 2.067705971	flop_cnt: 1090559662	numc_perf: 710901483.038433671	perf: 527424922.738205016
[0mCONFIGURATION:	USE_HYPERTHREADING	USE_WEIGHTED_INTERLEAVING	HASH_CONSTANT: 2654435761	THREAD_NUM: 32	AB_HIGH_THREAD_NUM: 22	AB_SIZE: 524288	AB_MIN_NUM: 32768	AB_PRT: 0.850000	AB_DNR	DN_MIN: 256	GUD_ALPHA: 0.500000	GUD_MIN: 256	HYB_THRES: 0.950000
[0;36m0th run	init_time: 0.004493606	symb_time: 0.004996307	mgmt_time: 0.000757840	numc_time: 0.014496769	total_time: 0.024744522
[0m
[0;36m1th run	init_time: 0.004552552	symb_time: 0.004347758	mgmt_time: 0.000117407	numc_time: 0.014424061	total_time: 0.023441778
[0m
[0;32mdataset: er_19_1	num_trials: 1	thread_num: 32	numa_mask: 6	init_time: 0.004552552	symb_time: 0.004347758	mgmt_time: 0.000117407	numc_time: 0.014424061	total_time: 0.023441778	flop_cnt: 3147278	numc_perf: 218196387.272627324	perf: 134259355.241739750
[0mCONFIGURATION:	USE_HYPERTHREADING	USE_WEIGHTED_INTERLEAVING	HASH_CONSTANT: 2654435761	THREAD_NUM: 32	AB_HIGH_THREAD_NUM: 22	AB_SIZE: 524288	AB_MIN_NUM: 32768	AB_PRT: 0.850000	AB_DNR	DN_MIN: 256	GUD_ALPHA: 0.500000	GUD_MIN: 256	HYB_THRES: 0.950000
[0;36m0th run	init_time: 0.004833047	symb_time: 0.009469597	mgmt_time: 0.000820907	numc_time: 0.018559862	total_time: 0.033683413
[0m
[0;36m1th run	init_time: 0.004464484	symb_time: 0.008840040	mgmt_time: 0.000165845	numc_time: 0.018127658	total_time: 0.031598027
[0m
[0;32mdataset: er_19_2	num_trials: 1	thread_num: 32	numa_mask: 6	init_time: 0.004464484	symb_time: 0.008840040	mgmt_time: 0.000165845	numc_time: 0.018127658	total_time: 0.031598027	flop_cnt: 10490794	numc_perf: 578717559.653872490	perf: 332007881.378163278
[0mCONFIGURATION:	USE_HYPERTHREADING	USE_WEIGHTED_INTERLEAVING	HASH_CONSTANT: 2654435761	THREAD_NUM: 32	AB_HIGH_THREAD_NUM: 22	AB_SIZE: 524288	AB_MIN_NUM: 32768	AB_PRT: 0.850000	AB_DNR	DN_MIN: 256	GUD_ALPHA: 0.500000	GUD_MIN: 256	HYB_THRES: 0.950000
[0;36m0th run	init_time: 0.005407317	symb_time: 0.024002046	mgmt_time: 0.007973443	numc_time: 0.048830527	total_time: 0.086213333
[0m
[0;36m1th run	init_time: 0.004857550	symb_time: 0.023502402	mgmt_time: 0.007406454	numc_time: 0.048994430	total_time: 0.084760836
[0m
[0;32mdataset: er_19_4	num_trials: 1	thread_num: 32	numa_mask: 6	init_time: 0.004857550	symb_time: 0.023502402	mgmt_time: 0.007406454	numc_time: 0.048994430	total_time: 0.084760836	flop_cnt: 37757054	numc_perf: 770639723.740025043	perf: 445454006.612204671
[0mCONFIGURATION:	USE_HYPERTHREADING	USE_WEIGHTED_INTERLEAVING	HASH_CONSTANT: 2654435761	THREAD_NUM: 32	AB_HIGH_THREAD_NUM: 22	AB_SIZE: 524288	AB_MIN_NUM: 32768	AB_PRT: 0.850000	AB_DNR	DN_MIN: 256	GUD_ALPHA: 0.500000	GUD_MIN: 256	HYB_THRES: 0.950000
[0;36m0th run	init_time: 0.006248347	symb_time: 0.081041813	mgmt_time: 0.008432279	numc_time: 0.192024333	total_time: 0.287746772
[0m
[0;36m1th run	init_time: 0.005975198	symb_time: 0.080785260	mgmt_time: 0.007679806	numc_time: 0.191984227	total_time: 0.286424491
[0m
[0;32mdataset: er_19_8	num_trials: 1	thread_num: 32	numa_mask: 6	init_time: 0.005975198	symb_time: 0.080785260	mgmt_time: 0.007679806	numc_time: 0.191984227	total_time: 0.286424491	flop_cnt: 142742320	numc_perf: 743510663.508830786	perf: 498359338.971470833
[0mCONFIGURATION:	USE_HYPERTHREADING	USE_WEIGHTED_INTERLEAVING	HASH_CONSTANT: 2654435761	THREAD_NUM: 32	AB_HIGH_THREAD_NUM: 22	AB_SIZE: 524288	AB_MIN_NUM: 32768	AB_PRT: 0.850000	AB_DNR	DN_MIN: 256	GUD_ALPHA: 0.500000	GUD_MIN: 256	HYB_THRES: 0.950000
[0;36m0th run	init_time: 0.008004949	symb_time: 0.316658263	mgmt_time: 0.008575644	numc_time: 0.842760676	total_time: 1.175999532
[0m
[0;36m1th run	init_time: 0.008301185	symb_time: 0.316276308	mgmt_time: 0.008014215	numc_time: 0.843502785	total_time: 1.176094493
[0m
[0;32mdataset: er_19_16	num_trials: 1	thread_num: 32	numa_mask: 6	init_time: 0.008301185	symb_time: 0.316276308	mgmt_time: 0.008014215	numc_time: 0.843502785	total_time: 1.176094493	flop_cnt: 553733304	numc_perf: 656468850.900118828	perf: 470823821.806637824
[0mCONFIGURATION:	USE_HYPERTHREADING	USE_WEIGHTED_INTERLEAVING	HASH_CONSTANT: 2654435761	THREAD_NUM: 32	AB_HIGH_THREAD_NUM: 22	AB_SIZE: 524288	AB_MIN_NUM: 32768	AB_PRT: 0.850000	AB_DNR	DN_MIN: 256	GUD_ALPHA: 0.500000	GUD_MIN: 256	HYB_THRES: 0.950000
[0;36m0th run	init_time: 0.011534920	symb_time: 1.137153153	mgmt_time: 0.011019983	numc_time: 3.356456670	total_time: 4.516164726
[0m
[0;36m1th run	init_time: 0.011543216	symb_time: 1.137265911	mgmt_time: 0.010080787	numc_time: 3.353427096	total_time: 4.512317010
[0m
[0;32mdataset: er_19_32	num_trials: 1	thread_num: 32	numa_mask: 6	init_time: 0.011543216	symb_time: 1.137265911	mgmt_time: 0.010080787	numc_time: 3.353427096	total_time: 4.512317010	flop_cnt: 2181162866	numc_perf: 650427996.064596772	perf: 483379793.832348645
[0mCONFIGURATION:	USE_HYPERTHREADING	USE_WEIGHTED_INTERLEAVING	HASH_CONSTANT: 2654435761	THREAD_NUM: 32	AB_HIGH_THREAD_NUM: 22	AB_SIZE: 524288	AB_MIN_NUM: 32768	AB_PRT: 0.850000	AB_DNR	DN_MIN: 256	GUD_ALPHA: 0.500000	GUD_MIN: 256	HYB_THRES: 0.950000
[0;36m0th run	init_time: 0.007388337	symb_time: 0.008615030	mgmt_time: 0.000866065	numc_time: 0.023343128	total_time: 0.040212560
[0m
[0;36m1th run	init_time: 0.006702130	symb_time: 0.007887130	mgmt_time: 0.000195105	numc_time: 0.023554499	total_time: 0.038338864
[0m
[0;32mdataset: er_20_1	num_trials: 1	thread_num: 32	numa_mask: 6	init_time: 0.006702130	symb_time: 0.007887130	mgmt_time: 0.000195105	numc_time: 0.023554499	total_time: 0.038338864	flop_cnt: 6290748	numc_perf: 267072035.792397857	perf: 164082795.984774083
[0mCONFIGURATION:	USE_HYPERTHREADING	USE_WEIGHTED_INTERLEAVING	HASH_CONSTANT: 2654435761	THREAD_NUM: 32	AB_HIGH_THREAD_NUM: 22	AB_SIZE: 524288	AB_MIN_NUM: 32768	AB_PRT: 0.850000	AB_DNR	DN_MIN: 256	GUD_ALPHA: 0.500000	GUD_MIN: 256	HYB_THRES: 0.950000
[0;36m0th run	init_time: 0.007972920	symb_time: 0.017976628	mgmt_time: 0.000934409	numc_time: 0.043107614	total_time: 0.069991571
[0m
[0;36m1th run	init_time: 0.007297346	symb_time: 0.017383320	mgmt_time: 0.000301389	numc_time: 0.043089702	total_time: 0.068071757
[0m
[0;32mdataset: er_20_2	num_trials: 1	thread_num: 32	numa_mask: 6	init_time: 0.007297346	symb_time: 0.017383320	mgmt_time: 0.000301389	numc_time: 0.043089702	total_time: 0.068071757	flop_cnt: 20968558	numc_perf: 486625737.165692151	perf: 308036091.972769260
[0mCONFIGURATION:	USE_HYPERTHREADING	USE_WEIGHTED_INTERLEAVING	HASH_CONSTANT: 2654435761	THREAD_NUM: 32	AB_HIGH_THREAD_NUM: 22	AB_SIZE: 524288	AB_MIN_NUM: 32768	AB_PRT: 0.850000	AB_DNR	DN_MIN: 256	GUD_ALPHA: 0.500000	GUD_MIN: 256	HYB_THRES: 0.950000
[0;36m0th run	init_time: 0.009763096	symb_time: 0.056423051	mgmt_time: 0.008256894	numc_time: 0.115992365	total_time: 0.190435406
[0m
[0;36m1th run	init_time: 0.008262932	symb_time: 0.055699985	mgmt_time: 0.007624909	numc_time: 0.116222004	total_time: 0.187809830
[0m
[0;32mdataset: er_20_4	num_trials: 1	thread_num: 32	numa_mask: 6	init_time: 0.008262932	symb_time: 0.055699985	mgmt_time: 0.007624909	numc_time: 0.116222004	total_time: 0.187809830	flop_cnt: 75507866	numc_perf: 649686491.380754352	perf: 402044269.993748426
[0mCONFIGURATION:	USE_HYPERTHREADING	USE_WEIGHTED_INTERLEAVING	HASH_CONSTANT: 2654435761	THREAD_NUM: 32	AB_HIGH_THREAD_NUM: 22	AB_SIZE: 524288	AB_MIN_NUM: 32768	AB_PRT: 0.850000	AB_DNR	DN_MIN: 256	GUD_ALPHA: 0.500000	GUD_MIN: 256	HYB_THRES: 0.950000
[0;36m0th run	init_time: 0.010919780	symb_time: 0.212513495	mgmt_time: 0.008621216	numc_time: 0.455271789	total_time: 0.687326280
[0m
[0;36m1th run	init_time: 0.010701197	symb_time: 0.212176282	mgmt_time: 0.008005090	numc_time: 0.455292031	total_time: 0.686174600
[0m
[0;32mdataset: er_20_8	num_trials: 1	thread_num: 32	numa_mask: 6	init_time: 0.010701197	symb_time: 0.212176282	mgmt_time: 0.008005090	numc_time: 0.455292031	total_time: 0.686174600	flop_cnt: 285424684	numc_perf: 626904633.874428511	perf: 415965096.930139959
[0mCONFIGURATION:	USE_HYPERTHREADING	USE_WEIGHTED_INTERLEAVING	HASH_CONSTANT: 2654435761	THREAD_NUM: 32	AB_HIGH_THREAD_NUM: 22	AB_SIZE: 524288	AB_MIN_NUM: 32768	AB_PRT: 0.850000	AB_DNR	DN_MIN: 256	GUD_ALPHA: 0.500000	GUD_MIN: 256	HYB_THRES: 0.950000
[0;36m0th run	init_time: 0.014383253	symb_time: 0.768003390	mgmt_time: 0.009253587	numc_time: 1.856622444	total_time: 2.648262674
[0m
[0;36m1th run	init_time: 0.014661996	symb_time: 0.767055480	mgmt_time: 0.008643797	numc_time: 1.854853269	total_time: 2.645214542
[0m
[0;32mdataset: er_20_16	num_trials: 1	thread_num: 32	numa_mask: 6	init_time: 0.014661996	symb_time: 0.767055480	mgmt_time: 0.008643797	numc_time: 1.854853269	total_time: 2.645214542	flop_cnt: 1107231140	numc_perf: 596937320.328813553	perf: 418578955.475892007
[0mCONFIGURATION:	USE_HYPERTHREADING	USE_WEIGHTED_INTERLEAVING	HASH_CONSTANT: 2654435761	THREAD_NUM: 32	AB_HIGH_THREAD_NUM: 22	AB_SIZE: 524288	AB_MIN_NUM: 32768	AB_PRT: 0.850000	AB_DNR	DN_MIN: 256	GUD_ALPHA: 0.500000	GUD_MIN: 256	HYB_THRES: 0.950000
[0;36m0th run	init_time: 0.023787962	symb_time: 2.531759488	mgmt_time: 0.014039391	numc_time: 7.672427917	total_time: 10.242014758
[0m
[0;36m1th run	init_time: 0.022373677	symb_time: 2.531597308	mgmt_time: 0.013670631	numc_time: 7.668532548	total_time: 10.236174164
[0m
[0;32mdataset: er_20_32	num_trials: 1	thread_num: 32	numa_mask: 6	init_time: 0.022373677	symb_time: 2.531597308	mgmt_time: 0.013670631	numc_time: 7.668532548	total_time: 10.236174164	flop_cnt: 4366158894	numc_perf: 569360417.611935496	perf: 426542067.773281395
[0mCONFIGURATION:	USE_HYPERTHREADING	USE_WEIGHTED_INTERLEAVING	HASH_CONSTANT: 2654435761	THREAD_NUM: 32	AB_HIGH_THREAD_NUM: 22	AB_SIZE: 524288	AB_MIN_NUM: 32768	AB_PRT: 0.850000	AB_DNR	DN_MIN: 256	GUD_ALPHA: 0.500000	GUD_MIN: 256	HYB_THRES: 0.950000
[0;36m0th run	init_time: 0.013038650	symb_time: 0.016824398	mgmt_time: 0.001153655	numc_time: 0.052828941	total_time: 0.083845644
[0m
[0;36m1th run	init_time: 0.013568548	symb_time: 0.016294159	mgmt_time: 0.000501298	numc_time: 0.052731769	total_time: 0.083095774
[0m
[0;32mdataset: er_21_1	num_trials: 1	thread_num: 32	numa_mask: 6	init_time: 0.013568548	symb_time: 0.016294159	mgmt_time: 0.000501298	numc_time: 0.052731769	total_time: 0.083095774	flop_cnt: 12586608	numc_perf: 238691176.850145102	perf: 151471096.472366899
[0mCONFIGURATION:	USE_HYPERTHREADING	USE_WEIGHTED_INTERLEAVING	HASH_CONSTANT: 2654435761	THREAD_NUM: 32	AB_HIGH_THREAD_NUM: 22	AB_SIZE: 524288	AB_MIN_NUM: 32768	AB_PRT: 0.850000	AB_DNR	DN_MIN: 256	GUD_ALPHA: 0.500000	GUD_MIN: 256	HYB_THRES: 0.950000
[0;36m0th run	init_time: 0.014125788	symb_time: 0.046560117	mgmt_time: 0.008496278	numc_time: 0.099721294	total_time: 0.168903477
[0m
[0;36m1th run	init_time: 0.013256336	symb_time: 0.045889035	mgmt_time: 0.007927169	numc_time: 0.101087419	total_time: 0.168159959
[0m
[0;32mdataset: er_21_2	num_trials: 1	thread_num: 32	numa_mask: 6	init_time: 0.013256336	symb_time: 0.045889035	mgmt_time: 0.007927169	numc_time: 0.101087419	total_time: 0.168159959	flop_cnt: 41963140	numc_perf: 415117335.224475324	perf: 249542996.142143399
[0mCONFIGURATION:	USE_HYPERTHREADING	USE_WEIGHTED_INTERLEAVING	HASH_CONSTANT: 2654435761	THREAD_NUM: 32	AB_HIGH_THREAD_NUM: 22	AB_SIZE: 524288	AB_MIN_NUM: 32768	AB_PRT: 0.850000	AB_DNR	DN_MIN: 256	GUD_ALPHA: 0.500000	GUD_MIN: 256	HYB_THRES: 0.950000
[0;36m0th run	init_time: 0.015997607	symb_time: 0.167932496	mgmt_time: 0.008906251	numc_time: 0.264301563	total_time: 0.457137917
[0m
[0;36m1th run	init_time: 0.015733129	symb_time: 0.167608395	mgmt_time: 0.008168947	numc_time: 0.267096443	total_time: 0.458606914
[0m
[0;32mdataset: er_21_4	num_trials: 1	thread_num: 32	numa_mask: 6	init_time: 0.015733129	symb_time: 0.167608395	mgmt_time: 0.008168947	numc_time: 0.267096443	total_time: 0.458606914	flop_cnt: 150998738	numc_perf: 565334140.372659326	perf: 329255258.458663285
[0mCONFIGURATION:	USE_HYPERTHREADING	USE_WEIGHTED_INTERLEAVING	HASH_CONSTANT: 2654435761	THREAD_NUM: 32	AB_HIGH_THREAD_NUM: 22	AB_SIZE: 524288	AB_MIN_NUM: 32768	AB_PRT: 0.850000	AB_DNR	DN_MIN: 256	GUD_ALPHA: 0.500000	GUD_MIN: 256	HYB_THRES: 0.950000
[0;36m0th run	init_time: 0.020431136	symb_time: 0.577772467	mgmt_time: 0.009094941	numc_time: 1.002334371	total_time: 1.609632915
[0m
[0;36m1th run	init_time: 0.021647682	symb_time: 0.577476094	mgmt_time: 0.008623993	numc_time: 1.006801038	total_time: 1.614548807
[0m
[0;32mdataset: er_21_8	num_trials: 1	thread_num: 32	numa_mask: 6	init_time: 0.021647682	symb_time: 0.577476094	mgmt_time: 0.008623993	numc_time: 1.006801038	total_time: 1.614548807	flop_cnt: 570627534	numc_perf: 566772890.037485242	perf: 353428482.016771853
[0mCONFIGURATION:	USE_HYPERTHREADING	USE_WEIGHTED_INTERLEAVING	HASH_CONSTANT: 2654435761	THREAD_NUM: 32	AB_HIGH_THREAD_NUM: 22	AB_SIZE: 524288	AB_MIN_NUM: 32768	AB_PRT: 0.850000	AB_DNR	DN_MIN: 256	GUD_ALPHA: 0.500000	GUD_MIN: 256	HYB_THRES: 0.950000
[0;36m0th run	init_time: 0.027375801	symb_time: 1.828909686	mgmt_time: 0.011682912	numc_time: 4.003972964	total_time: 5.871941363
[0m
[0;36m1th run	init_time: 0.026932448	symb_time: 1.826253316	mgmt_time: 0.010981203	numc_time: 4.010876051	total_time: 5.875043018
[0m
[0;32mdataset: er_21_16	num_trials: 1	thread_num: 32	numa_mask: 6	init_time: 0.026932448	symb_time: 1.826253316	mgmt_time: 0.010981203	numc_time: 4.010876051	total_time: 5.875043018	flop_cnt: 2214794322	numc_perf: 552197149.410239816	perf: 376983507.221018910
[0mCONFIGURATION:	USE_HYPERTHREADING	USE_WEIGHTED_INTERLEAVING	HASH_CONSTANT: 2654435761	THREAD_NUM: 32	AB_HIGH_THREAD_NUM: 22	AB_SIZE: 524288	AB_MIN_NUM: 32768	AB_PRT: 0.850000	AB_DNR	DN_MIN: 256	GUD_ALPHA: 0.500000	GUD_MIN: 256	HYB_THRES: 0.950000
[0;36m0th run	init_time: 0.043378167	symb_time: 5.493425626	mgmt_time: 0.020900352	numc_time: 14.479083178	total_time: 20.036787323
[0m
[0;36m1th run	init_time: 0.042213795	symb_time: 5.492680654	mgmt_time: 0.018452872	numc_time: 14.478339848	total_time: 20.031687169
[0m
[0;32mdataset: er_21_32	num_trials: 1	thread_num: 32	numa_mask: 6	init_time: 0.042213795	symb_time: 5.492680654	mgmt_time: 0.018452872	numc_time: 14.478339848	total_time: 20.031687169	flop_cnt: 8724487282	numc_perf: 602588927.569978118	perf: 435534321.617280602
[0m