CONFIGURATION:	USE_HYPERTHREADING	USE_WEIGHTED_INTERLEAVING	HASH_CONSTANT: 2654435761	THREAD_NUM: 32	AB_HIGH_THREAD_NUM: 16	AB_SIZE: 524288	AB_MIN_NUM: 32768	AB_PRT: 0.900000	AB_DNR	DN_MIN: 256	GUD_ALPHA: 0.500000	GUD_MIN: 256	HYB_THRES: 0.950000
[0;36m0th run	init_time: 0.003239650	symb_time: 0.003232915	mgmt_time: 0.000772216	numc_time: 0.004914793	total_time: 0.012159574
[0m
[0;36m1th run	init_time: 0.005694521	symb_time: 0.002809390	mgmt_time: 0.000096380	numc_time: 0.004705555	total_time: 0.013305846
[0m
[0;32mdataset: er_18_1	num_trials: 1	thread_num: 32	numa_mask: 6	init_time: 0.005694521	symb_time: 0.002809390	mgmt_time: 0.000096380	numc_time: 0.004705555	total_time: 0.013305846	flop_cnt: 1573868	numc_perf: 334470216.584441125	perf: 118283948.273563370
[0mCONFIGURATION:	USE_HYPERTHREADING	USE_WEIGHTED_INTERLEAVING	HASH_CONSTANT: 2654435761	THREAD_NUM: 32	AB_HIGH_THREAD_NUM: 16	AB_SIZE: 524288	AB_MIN_NUM: 32768	AB_PRT: 0.900000	AB_DNR	DN_MIN: 256	GUD_ALPHA: 0.500000	GUD_MIN: 256	HYB_THRES: 0.950000
[0;36m0th run	init_time: 0.003378367	symb_time: 0.005518505	mgmt_time: 0.000762620	numc_time: 0.008913140	total_time: 0.018572632
[0m
[0;36m1th run	init_time: 0.003268656	symb_time: 0.004922769	mgmt_time: 0.000115448	numc_time: 0.008762178	total_time: 0.017069051
[0m
[0;32mdataset: er_18_2	num_trials: 1	thread_num: 32	numa_mask: 6	init_time: 0.003268656	symb_time: 0.004922769	mgmt_time: 0.000115448	numc_time: 0.008762178	total_time: 0.017069051	flop_cnt: 5237284	numc_perf: 597714860.392016649	perf: 306829243.172335684
[0mCONFIGURATION:	USE_HYPERTHREADING	USE_WEIGHTED_INTERLEAVING	HASH_CONSTANT: 2654435761	THREAD_NUM: 32	AB_HIGH_THREAD_NUM: 16	AB_SIZE: 524288	AB_MIN_NUM: 32768	AB_PRT: 0.900000	AB_DNR	DN_MIN: 256	GUD_ALPHA: 0.500000	GUD_MIN: 256	HYB_THRES: 0.950000
[0;36m0th run	init_time: 0.003674100	symb_time: 0.012404771	mgmt_time: 0.000810680	numc_time: 0.024612008	total_time: 0.041501559
[0m
[0;36m1th run	init_time: 0.003317638	symb_time: 0.011861175	mgmt_time: 0.000174548	numc_time: 0.024779849	total_time: 0.040133210
[0m
[0;32mdataset: er_18_4	num_trials: 1	thread_num: 32	numa_mask: 6	init_time: 0.003317638	symb_time: 0.011861175	mgmt_time: 0.000174548	numc_time: 0.024779849	total_time: 0.040133210	flop_cnt: 18879238	numc_perf: 761878653.901401758	perf: 470414352.602246344
[0mCONFIGURATION:	USE_HYPERTHREADING	USE_WEIGHTED_INTERLEAVING	HASH_CONSTANT: 2654435761	THREAD_NUM: 32	AB_HIGH_THREAD_NUM: 16	AB_SIZE: 524288	AB_MIN_NUM: 32768	AB_PRT: 0.900000	AB_DNR	DN_MIN: 256	GUD_ALPHA: 0.500000	GUD_MIN: 256	HYB_THRES: 0.950000
[0;36m0th run	init_time: 0.003928589	symb_time: 0.037091391	mgmt_time: 0.007947254	numc_time: 0.090606496	total_time: 0.139573730
[0m
[0;36m1th run	init_time: 0.003755100	symb_time: 0.036728000	mgmt_time: 0.007234661	numc_time: 0.091110290	total_time: 0.138828051
[0m
[0;32mdataset: er_18_8	num_trials: 1	thread_num: 32	numa_mask: 6	init_time: 0.003755100	symb_time: 0.036728000	mgmt_time: 0.007234661	numc_time: 0.091110290	total_time: 0.138828051	flop_cnt: 71328054	numc_perf: 782875940.796588302	perf: 513787044.377652466
[0mCONFIGURATION:	USE_HYPERTHREADING	USE_WEIGHTED_INTERLEAVING	HASH_CONSTANT: 2654435761	THREAD_NUM: 32	AB_HIGH_THREAD_NUM: 16	AB_SIZE: 524288	AB_MIN_NUM: 32768	AB_PRT: 0.900000	AB_DNR	DN_MIN: 256	GUD_ALPHA: 0.500000	GUD_MIN: 256	HYB_THRES: 0.950000
[0;36m0th run	init_time: 0.004808860	symb_time: 0.132090830	mgmt_time: 0.008555526	numc_time: 0.411160905	total_time: 0.556616121
[0m
[0;36m1th run	init_time: 0.004923813	symb_time: 0.131651764	mgmt_time: 0.007774873	numc_time: 0.411601665	total_time: 0.555952115
[0m
[0;32mdataset: er_18_16	num_trials: 1	thread_num: 32	numa_mask: 6	init_time: 0.004923813	symb_time: 0.131651764	mgmt_time: 0.007774873	numc_time: 0.411601665	total_time: 0.555952115	flop_cnt: 277105556	numc_perf: 673237208.600699067	perf: 498434214.968316138
[0mCONFIGURATION:	USE_HYPERTHREADING	USE_WEIGHTED_INTERLEAVING	HASH_CONSTANT: 2654435761	THREAD_NUM: 32	AB_HIGH_THREAD_NUM: 16	AB_SIZE: 524288	AB_MIN_NUM: 32768	AB_PRT: 0.900000	AB_DNR	DN_MIN: 256	GUD_ALPHA: 0.500000	GUD_MIN: 256	HYB_THRES: 0.950000
[0;36m0th run	init_time: 0.006697022	symb_time: 0.518889726	mgmt_time: 0.009367829	numc_time: 1.687658350	total_time: 2.222612927
[0m
[0;36m1th run	init_time: 0.006952866	symb_time: 0.518906259	mgmt_time: 0.008543501	numc_time: 1.689109008	total_time: 2.223511634
[0m
[0;32mdataset: er_18_32	num_trials: 1	thread_num: 32	numa_mask: 6	init_time: 0.006952866	symb_time: 0.518906259	mgmt_time: 0.008543501	numc_time: 1.689109008	total_time: 2.223511634	flop_cnt: 1090559662	numc_perf: 645641966.761685729	perf: 490467261.481394172
[0mCONFIGURATION:	USE_HYPERTHREADING	USE_WEIGHTED_INTERLEAVING	HASH_CONSTANT: 2654435761	THREAD_NUM: 32	AB_HIGH_THREAD_NUM: 16	AB_SIZE: 524288	AB_MIN_NUM: 32768	AB_PRT: 0.900000	AB_DNR	DN_MIN: 256	GUD_ALPHA: 0.500000	GUD_MIN: 256	HYB_THRES: 0.950000
[0;36m0th run	init_time: 0.004531710	symb_time: 0.004959437	mgmt_time: 0.000763315	numc_time: 0.007736732	total_time: 0.017991194
[0m
[0;36m1th run	init_time: 0.004445649	symb_time: 0.004391958	mgmt_time: 0.000114056	numc_time: 0.007464137	total_time: 0.016415800
[0m
[0;32mdataset: er_19_1	num_trials: 1	thread_num: 32	numa_mask: 6	init_time: 0.004445649	symb_time: 0.004391958	mgmt_time: 0.000114056	numc_time: 0.007464137	total_time: 0.016415800	flop_cnt: 3147278	numc_perf: 421653300.307858706	perf: 191722486.872403413
[0mCONFIGURATION:	USE_HYPERTHREADING	USE_WEIGHTED_INTERLEAVING	HASH_CONSTANT: 2654435761	THREAD_NUM: 32	AB_HIGH_THREAD_NUM: 16	AB_SIZE: 524288	AB_MIN_NUM: 32768	AB_PRT: 0.900000	AB_DNR	DN_MIN: 256	GUD_ALPHA: 0.500000	GUD_MIN: 256	HYB_THRES: 0.950000
[0;36m0th run	init_time: 0.004756688	symb_time: 0.009348934	mgmt_time: 0.000806676	numc_time: 0.016906906	total_time: 0.031819204
[0m
[0;36m1th run	init_time: 0.004376047	symb_time: 0.008891216	mgmt_time: 0.000164102	numc_time: 0.016593685	total_time: 0.030025050
[0m
[0;32mdataset: er_19_2	num_trials: 1	thread_num: 32	numa_mask: 6	init_time: 0.004376047	symb_time: 0.008891216	mgmt_time: 0.000164102	numc_time: 0.016593685	total_time: 0.030025050	flop_cnt: 10490794	numc_perf: 632216050.865133286	perf: 349401383.178379357
[0mCONFIGURATION:	USE_HYPERTHREADING	USE_WEIGHTED_INTERLEAVING	HASH_CONSTANT: 2654435761	THREAD_NUM: 32	AB_HIGH_THREAD_NUM: 16	AB_SIZE: 524288	AB_MIN_NUM: 32768	AB_PRT: 0.900000	AB_DNR	DN_MIN: 256	GUD_ALPHA: 0.500000	GUD_MIN: 256	HYB_THRES: 0.950000
[0;36m0th run	init_time: 0.005458567	symb_time: 0.024084733	mgmt_time: 0.008058575	numc_time: 0.056428342	total_time: 0.094030217
[0m
[0;36m1th run	init_time: 0.004818790	symb_time: 0.023326473	mgmt_time: 0.007333159	numc_time: 0.056516504	total_time: 0.091994926
[0m
[0;32mdataset: er_19_4	num_trials: 1	thread_num: 32	numa_mask: 6	init_time: 0.004818790	symb_time: 0.023326473	mgmt_time: 0.007333159	numc_time: 0.056516504	total_time: 0.091994926	flop_cnt: 37757054	numc_perf: 668071294.714195371	perf: 410425396.722423553
[0mCONFIGURATION:	USE_HYPERTHREADING	USE_WEIGHTED_INTERLEAVING	HASH_CONSTANT: 2654435761	THREAD_NUM: 32	AB_HIGH_THREAD_NUM: 16	AB_SIZE: 524288	AB_MIN_NUM: 32768	AB_PRT: 0.900000	AB_DNR	DN_MIN: 256	GUD_ALPHA: 0.500000	GUD_MIN: 256	HYB_THRES: 0.950000
[0;36m0th run	init_time: 0.006406923	symb_time: 0.081511010	mgmt_time: 0.008292857	numc_time: 0.246186675	total_time: 0.342397465
[0m
[0;36m1th run	init_time: 0.006962934	symb_time: 0.081035721	mgmt_time: 0.007674244	numc_time: 0.246496794	total_time: 0.342169693
[0m
[0;32mdataset: er_19_8	num_trials: 1	thread_num: 32	numa_mask: 6	init_time: 0.006962934	symb_time: 0.081035721	mgmt_time: 0.007674244	numc_time: 0.246496794	total_time: 0.342169693	flop_cnt: 142742320	numc_perf: 579083880.498664737	perf: 417168214.836607397
[0mCONFIGURATION:	USE_HYPERTHREADING	USE_WEIGHTED_INTERLEAVING	HASH_CONSTANT: 2654435761	THREAD_NUM: 32	AB_HIGH_THREAD_NUM: 16	AB_SIZE: 524288	AB_MIN_NUM: 32768	AB_PRT: 0.900000	AB_DNR	DN_MIN: 256	GUD_ALPHA: 0.500000	GUD_MIN: 256	HYB_THRES: 0.950000
[0;36m0th run	init_time: 0.008049645	symb_time: 0.315871355	mgmt_time: 0.008862649	numc_time: 1.001283444	total_time: 1.334067093
[0m
[0;36m1th run	init_time: 0.008318421	symb_time: 0.315804248	mgmt_time: 0.008099839	numc_time: 1.002548716	total_time: 1.334771224
[0m
[0;32mdataset: er_19_16	num_trials: 1	thread_num: 32	numa_mask: 6	init_time: 0.008318421	symb_time: 0.315804248	mgmt_time: 0.008099839	numc_time: 1.002548716	total_time: 1.334771224	flop_cnt: 553733304	numc_perf: 552325582.949527264	perf: 414852593.495827377
[0mCONFIGURATION:	USE_HYPERTHREADING	USE_WEIGHTED_INTERLEAVING	HASH_CONSTANT: 2654435761	THREAD_NUM: 32	AB_HIGH_THREAD_NUM: 16	AB_SIZE: 524288	AB_MIN_NUM: 32768	AB_PRT: 0.900000	AB_DNR	DN_MIN: 256	GUD_ALPHA: 0.500000	GUD_MIN: 256	HYB_THRES: 0.950000
[0;36m0th run	init_time: 0.011704143	symb_time: 1.137173104	mgmt_time: 0.010660108	numc_time: 3.709220668	total_time: 4.868758023
[0m
[0;36m1th run	init_time: 0.011730046	symb_time: 1.137136078	mgmt_time: 0.010118230	numc_time: 3.710021198	total_time: 4.869005552
[0m
[0;32mdataset: er_19_32	num_trials: 1	thread_num: 32	numa_mask: 6	init_time: 0.011730046	symb_time: 1.137136078	mgmt_time: 0.010118230	numc_time: 3.710021198	total_time: 4.869005552	flop_cnt: 2181162866	numc_perf: 587911159.962056875	perf: 447968859.904886007
[0mCONFIGURATION:	USE_HYPERTHREADING	USE_WEIGHTED_INTERLEAVING	HASH_CONSTANT: 2654435761	THREAD_NUM: 32	AB_HIGH_THREAD_NUM: 16	AB_SIZE: 524288	AB_MIN_NUM: 32768	AB_PRT: 0.900000	AB_DNR	DN_MIN: 256	GUD_ALPHA: 0.500000	GUD_MIN: 256	HYB_THRES: 0.950000
[0;36m0th run	init_time: 0.007439557	symb_time: 0.008583803	mgmt_time: 0.000844923	numc_time: 0.014578329	total_time: 0.031446612
[0m
[0;36m1th run	init_time: 0.006704028	symb_time: 0.007853438	mgmt_time: 0.000190162	numc_time: 0.014428496	total_time: 0.029176124
[0m
[0;32mdataset: er_20_1	num_trials: 1	thread_num: 32	numa_mask: 6	init_time: 0.006704028	symb_time: 0.007853438	mgmt_time: 0.000190162	numc_time: 0.014428496	total_time: 0.029176124	flop_cnt: 6290748	numc_perf: 435994714.903064013	perf: 215612875.788435757
[0mCONFIGURATION:	USE_HYPERTHREADING	USE_WEIGHTED_INTERLEAVING	HASH_CONSTANT: 2654435761	THREAD_NUM: 32	AB_HIGH_THREAD_NUM: 16	AB_SIZE: 524288	AB_MIN_NUM: 32768	AB_PRT: 0.900000	AB_DNR	DN_MIN: 256	GUD_ALPHA: 0.500000	GUD_MIN: 256	HYB_THRES: 0.950000
[0;36m0th run	init_time: 0.007870515	symb_time: 0.018060730	mgmt_time: 0.000945387	numc_time: 0.040203167	total_time: 0.067079799
[0m
[0;36m1th run	init_time: 0.007292542	symb_time: 0.017513075	mgmt_time: 0.000297813	numc_time: 0.040199744	total_time: 0.065303174
[0m
[0;32mdataset: er_20_2	num_trials: 1	thread_num: 32	numa_mask: 6	init_time: 0.007292542	symb_time: 0.017513075	mgmt_time: 0.000297813	numc_time: 0.040199744	total_time: 0.065303174	flop_cnt: 20968558	numc_perf: 521609242.088706613	perf: 321095541.236633003
[0mCONFIGURATION:	USE_HYPERTHREADING	USE_WEIGHTED_INTERLEAVING	HASH_CONSTANT: 2654435761	THREAD_NUM: 32	AB_HIGH_THREAD_NUM: 16	AB_SIZE: 524288	AB_MIN_NUM: 32768	AB_PRT: 0.900000	AB_DNR	DN_MIN: 256	GUD_ALPHA: 0.500000	GUD_MIN: 256	HYB_THRES: 0.950000
[0;36m0th run	init_time: 0.008915299	symb_time: 0.056065661	mgmt_time: 0.008288603	numc_time: 0.159880165	total_time: 0.233149728
[0m
[0;36m1th run	init_time: 0.008286477	symb_time: 0.055720383	mgmt_time: 0.007675542	numc_time: 0.159893330	total_time: 0.231575732
[0m
[0;32mdataset: er_20_4	num_trials: 1	thread_num: 32	numa_mask: 6	init_time: 0.008286477	symb_time: 0.055720383	mgmt_time: 0.007675542	numc_time: 0.159893330	total_time: 0.231575732	flop_cnt: 75507866	numc_perf: 472238998.337203920	perf: 326061221.302757204
[0mCONFIGURATION:	USE_HYPERTHREADING	USE_WEIGHTED_INTERLEAVING	HASH_CONSTANT: 2654435761	THREAD_NUM: 32	AB_HIGH_THREAD_NUM: 16	AB_SIZE: 524288	AB_MIN_NUM: 32768	AB_PRT: 0.900000	AB_DNR	DN_MIN: 256	GUD_ALPHA: 0.500000	GUD_MIN: 256	HYB_THRES: 0.950000
[0;36m0th run	init_time: 0.010907531	symb_time: 0.213660845	mgmt_time: 0.008538321	numc_time: 0.620323192	total_time: 0.853429889
[0m
[0;36m1th run	init_time: 0.010634613	symb_time: 0.212735336	mgmt_time: 0.007891637	numc_time: 0.620327883	total_time: 0.851589469
[0m
[0;32mdataset: er_20_8	num_trials: 1	thread_num: 32	numa_mask: 6	init_time: 0.010634613	symb_time: 0.212735336	mgmt_time: 0.007891637	numc_time: 0.620327883	total_time: 0.851589469	flop_cnt: 285424684	numc_perf: 460119062.550667286	perf: 335166995.823899746
[0mCONFIGURATION:	USE_HYPERTHREADING	USE_WEIGHTED_INTERLEAVING	HASH_CONSTANT: 2654435761	THREAD_NUM: 32	AB_HIGH_THREAD_NUM: 16	AB_SIZE: 524288	AB_MIN_NUM: 32768	AB_PRT: 0.900000	AB_DNR	DN_MIN: 256	GUD_ALPHA: 0.500000	GUD_MIN: 256	HYB_THRES: 0.950000
[0;36m0th run	init_time: 0.014467074	symb_time: 0.766746503	mgmt_time: 0.009519004	numc_time: 2.275555072	total_time: 3.066287653
[0m
[0;36m1th run	init_time: 0.014297413	symb_time: 0.768012248	mgmt_time: 0.008796260	numc_time: 2.275847390	total_time: 3.066953311
[0m
[0;32mdataset: er_20_16	num_trials: 1	thread_num: 32	numa_mask: 6	init_time: 0.014297413	symb_time: 0.768012248	mgmt_time: 0.008796260	numc_time: 2.275847390	total_time: 3.066953311	flop_cnt: 1107231140	numc_perf: 486513790.364476085	perf: 361019887.726618230
[0mCONFIGURATION:	USE_HYPERTHREADING	USE_WEIGHTED_INTERLEAVING	HASH_CONSTANT: 2654435761	THREAD_NUM: 32	AB_HIGH_THREAD_NUM: 16	AB_SIZE: 524288	AB_MIN_NUM: 32768	AB_PRT: 0.900000	AB_DNR	DN_MIN: 256	GUD_ALPHA: 0.500000	GUD_MIN: 256	HYB_THRES: 0.950000
[0;36m0th run	init_time: 0.022681964	symb_time: 2.533293766	mgmt_time: 0.013260150	numc_time: 8.246941652	total_time: 10.816177532
[0m
[0;36m1th run	init_time: 0.022695503	symb_time: 2.532309461	mgmt_time: 0.012526246	numc_time: 8.248046360	total_time: 10.815577570
[0m
[0;32mdataset: er_20_32	num_trials: 1	thread_num: 32	numa_mask: 6	init_time: 0.022695503	symb_time: 2.532309461	mgmt_time: 0.012526246	numc_time: 8.248046360	total_time: 10.815577570	flop_cnt: 4366158894	numc_perf: 529356735.332413912	perf: 403691699.841416776
[0mCONFIGURATION:	USE_HYPERTHREADING	USE_WEIGHTED_INTERLEAVING	HASH_CONSTANT: 2654435761	THREAD_NUM: 32	AB_HIGH_THREAD_NUM: 16	AB_SIZE: 524288	AB_MIN_NUM: 32768	AB_PRT: 0.900000	AB_DNR	DN_MIN: 256	GUD_ALPHA: 0.500000	GUD_MIN: 256	HYB_THRES: 0.950000
[0;36m0th run	init_time: 0.013117448	symb_time: 0.016706609	mgmt_time: 0.001131746	numc_time: 0.037209756	total_time: 0.068165559
[0m
[0;36m1th run	init_time: 0.013358354	symb_time: 0.016263635	mgmt_time: 0.000502340	numc_time: 0.036934808	total_time: 0.067059137
[0m
[0;32mdataset: er_21_1	num_trials: 1	thread_num: 32	numa_mask: 6	init_time: 0.013358354	symb_time: 0.016263635	mgmt_time: 0.000502340	numc_time: 0.036934808	total_time: 0.067059137	flop_cnt: 12586608	numc_perf: 340779028.822892487	perf: 187694154.191098511
[0mCONFIGURATION:	USE_HYPERTHREADING	USE_WEIGHTED_INTERLEAVING	HASH_CONSTANT: 2654435761	THREAD_NUM: 32	AB_HIGH_THREAD_NUM: 16	AB_SIZE: 524288	AB_MIN_NUM: 32768	AB_PRT: 0.900000	AB_DNR	DN_MIN: 256	GUD_ALPHA: 0.500000	GUD_MIN: 256	HYB_THRES: 0.950000
[0;36m0th run	init_time: 0.013988084	symb_time: 0.046395023	mgmt_time: 0.008733321	numc_time: 0.105615716	total_time: 0.174732144
[0m
[0;36m1th run	init_time: 0.013288727	symb_time: 0.045785402	mgmt_time: 0.007949493	numc_time: 0.105988347	total_time: 0.173011969
[0m
[0;32mdataset: er_21_2	num_trials: 1	thread_num: 32	numa_mask: 6	init_time: 0.013288727	symb_time: 0.045785402	mgmt_time: 0.007949493	numc_time: 0.105988347	total_time: 0.173011969	flop_cnt: 41963140	numc_perf: 395922204.541976631	perf: 242544722.440561295
[0mCONFIGURATION:	USE_HYPERTHREADING	USE_WEIGHTED_INTERLEAVING	HASH_CONSTANT: 2654435761	THREAD_NUM: 32	AB_HIGH_THREAD_NUM: 16	AB_SIZE: 524288	AB_MIN_NUM: 32768	AB_PRT: 0.900000	AB_DNR	DN_MIN: 256	GUD_ALPHA: 0.500000	GUD_MIN: 256	HYB_THRES: 0.950000
[0;36m0th run	init_time: 0.016225231	symb_time: 0.167866474	mgmt_time: 0.008823357	numc_time: 0.411432461	total_time: 0.604347523
[0m
[0;36m1th run	init_time: 0.015676862	symb_time: 0.167142874	mgmt_time: 0.008302391	numc_time: 0.411418327	total_time: 0.602540454
[0m
[0;32mdataset: er_21_4	num_trials: 1	thread_num: 32	numa_mask: 6	init_time: 0.015676862	symb_time: 0.167142874	mgmt_time: 0.008302391	numc_time: 0.411418327	total_time: 0.602540454	flop_cnt: 150998738	numc_perf: 367019960.197349250	perf: 250603485.620900720
[0mCONFIGURATION:	USE_HYPERTHREADING	USE_WEIGHTED_INTERLEAVING	HASH_CONSTANT: 2654435761	THREAD_NUM: 32	AB_HIGH_THREAD_NUM: 16	AB_SIZE: 524288	AB_MIN_NUM: 32768	AB_PRT: 0.900000	AB_DNR	DN_MIN: 256	GUD_ALPHA: 0.500000	GUD_MIN: 256	HYB_THRES: 0.950000
[0;36m0th run	init_time: 0.020536775	symb_time: 0.577682054	mgmt_time: 0.009269174	numc_time: 1.445525053	total_time: 2.053013056
[0m
[0;36m1th run	init_time: 0.020362831	symb_time: 0.576561901	mgmt_time: 0.008554034	numc_time: 1.445691933	total_time: 2.051170699
[0m
[0;32mdataset: er_21_8	num_trials: 1	thread_num: 32	numa_mask: 6	init_time: 0.020362831	symb_time: 0.576561901	mgmt_time: 0.008554034	numc_time: 1.445691933	total_time: 2.051170699	flop_cnt: 570627534	numc_perf: 394708942.461810112	perf: 278196024.484064639
[0mCONFIGURATION:	USE_HYPERTHREADING	USE_WEIGHTED_INTERLEAVING	HASH_CONSTANT: 2654435761	THREAD_NUM: 32	AB_HIGH_THREAD_NUM: 16	AB_SIZE: 524288	AB_MIN_NUM: 32768	AB_PRT: 0.900000	AB_DNR	DN_MIN: 256	GUD_ALPHA: 0.500000	GUD_MIN: 256	HYB_THRES: 0.950000
[0;36m0th run	init_time: 0.027256937	symb_time: 1.827075376	mgmt_time: 0.011622200	numc_time: 4.930786770	total_time: 6.796741283
[0m
[0;36m1th run	init_time: 0.027929241	symb_time: 1.827105658	mgmt_time: 0.011016821	numc_time: 4.931669843	total_time: 6.797721563
[0m
[0;32mdataset: er_21_16	num_trials: 1	thread_num: 32	numa_mask: 6	init_time: 0.027929241	symb_time: 1.827105658	mgmt_time: 0.011016821	numc_time: 4.931669843	total_time: 6.797721563	flop_cnt: 2214794322	numc_perf: 449096227.547282696	perf: 325814216.053673923
[0mCONFIGURATION:	USE_HYPERTHREADING	USE_WEIGHTED_INTERLEAVING	HASH_CONSTANT: 2654435761	THREAD_NUM: 32	AB_HIGH_THREAD_NUM: 16	AB_SIZE: 524288	AB_MIN_NUM: 32768	AB_PRT: 0.900000	AB_DNR	DN_MIN: 256	GUD_ALPHA: 0.500000	GUD_MIN: 256	HYB_THRES: 0.950000
[0;36m0th run	init_time: 0.042636992	symb_time: 5.491544861	mgmt_time: 0.020532608	numc_time: 15.803838364	total_time: 21.358552825
[0m
[0;36m1th run	init_time: 0.041702665	symb_time: 5.492897077	mgmt_time: 0.020104330	numc_time: 15.803343088	total_time: 21.358047160
[0m
[0;32mdataset: er_21_32	num_trials: 1	thread_num: 32	numa_mask: 6	init_time: 0.041702665	symb_time: 5.492897077	mgmt_time: 0.020104330	numc_time: 15.803343088	total_time: 21.358047160	flop_cnt: 8724487282	numc_perf: 552065928.925177336	perf: 408487125.093509734
[0m