CONFIGURATION:	USE_HYPERTHREADING	USE_WEIGHTED_INTERLEAVING	HASH_CONSTANT: 2654435761	THREAD_NUM: 64	AB_HIGH_THREAD_NUM: 22	AB_SIZE: 524288	AB_MIN_NUM: 32768	AB_PRT: 0.850000	AB_DNR	DN_MIN: 256	GUD_ALPHA: 0.500000	GUD_MIN: 256	HYB_THRES: 0.950000
[0;36m0th run	init_time: 0.005532369	symb_time: 0.004302701	mgmt_time: 0.001531921	numc_time: 0.011641948	total_time: 0.023008939
[0m
[0;36m1th run	init_time: 0.008039147	symb_time: 0.003575579	mgmt_time: 0.000146220	numc_time: 0.011226757	total_time: 0.022987703
[0m
[0;32mdataset: er_18_1	num_trials: 1	thread_num: 64	numa_mask: 6	init_time: 0.008039147	symb_time: 0.003575579	mgmt_time: 0.000146220	numc_time: 0.011226757	total_time: 0.022987703	flop_cnt: 1573868	numc_perf: 140189014.512383223	perf: 68465648.786222786
[0mCONFIGURATION:	USE_HYPERTHREADING	USE_WEIGHTED_INTERLEAVING	HASH_CONSTANT: 2654435761	THREAD_NUM: 64	AB_HIGH_THREAD_NUM: 22	AB_SIZE: 524288	AB_MIN_NUM: 32768	AB_PRT: 0.850000	AB_DNR	DN_MIN: 256	GUD_ALPHA: 0.500000	GUD_MIN: 256	HYB_THRES: 0.950000
[0;36m0th run	init_time: 0.005581599	symb_time: 0.005727019	mgmt_time: 0.001567752	numc_time: 0.008809499	total_time: 0.021685869
[0m
[0;36m1th run	init_time: 0.005156180	symb_time: 0.006341960	mgmt_time: 0.000170233	numc_time: 0.008794577	total_time: 0.020462950
[0m
[0;32mdataset: er_18_2	num_trials: 1	thread_num: 64	numa_mask: 6	init_time: 0.005156180	symb_time: 0.006341960	mgmt_time: 0.000170233	numc_time: 0.008794577	total_time: 0.020462950	flop_cnt: 5237284	numc_perf: 595512893.911782146	perf: 255939832.722065985
[0mCONFIGURATION:	USE_HYPERTHREADING	USE_WEIGHTED_INTERLEAVING	HASH_CONSTANT: 2654435761	THREAD_NUM: 64	AB_HIGH_THREAD_NUM: 22	AB_SIZE: 524288	AB_MIN_NUM: 32768	AB_PRT: 0.850000	AB_DNR	DN_MIN: 256	GUD_ALPHA: 0.500000	GUD_MIN: 256	HYB_THRES: 0.950000
[0;36m0th run	init_time: 0.005723361	symb_time: 0.010115663	mgmt_time: 0.001627379	numc_time: 0.017128273	total_time: 0.034594676
[0m
[0;36m1th run	init_time: 0.004878667	symb_time: 0.009081286	mgmt_time: 0.000252300	numc_time: 0.016727250	total_time: 0.030939503
[0m
[0;32mdataset: er_18_4	num_trials: 1	thread_num: 64	numa_mask: 6	init_time: 0.004878667	symb_time: 0.009081286	mgmt_time: 0.000252300	numc_time: 0.016727250	total_time: 0.030939503	flop_cnt: 18879238	numc_perf: 1128651631.320151091	perf: 610198489.613747120
[0mCONFIGURATION:	USE_HYPERTHREADING	USE_WEIGHTED_INTERLEAVING	HASH_CONSTANT: 2654435761	THREAD_NUM: 64	AB_HIGH_THREAD_NUM: 22	AB_SIZE: 524288	AB_MIN_NUM: 32768	AB_PRT: 0.850000	AB_DNR	DN_MIN: 256	GUD_ALPHA: 0.500000	GUD_MIN: 256	HYB_THRES: 0.950000
[0;36m0th run	init_time: 0.006120783	symb_time: 0.025400875	mgmt_time: 0.012072000	numc_time: 0.066090509	total_time: 0.109684167
[0m
[0;36m1th run	init_time: 0.005128059	symb_time: 0.024945685	mgmt_time: 0.010810016	numc_time: 0.064845870	total_time: 0.105729630
[0m
[0;32mdataset: er_18_8	num_trials: 1	thread_num: 64	numa_mask: 6	init_time: 0.005128059	symb_time: 0.024945685	mgmt_time: 0.010810016	numc_time: 0.064845870	total_time: 0.105729630	flop_cnt: 71328054	numc_perf: 1099962942.898290873	perf: 674626913.950233221
[0mCONFIGURATION:	USE_HYPERTHREADING	USE_WEIGHTED_INTERLEAVING	HASH_CONSTANT: 2654435761	THREAD_NUM: 64	AB_HIGH_THREAD_NUM: 22	AB_SIZE: 524288	AB_MIN_NUM: 32768	AB_PRT: 0.850000	AB_DNR	DN_MIN: 256	GUD_ALPHA: 0.500000	GUD_MIN: 256	HYB_THRES: 0.950000
[0;36m0th run	init_time: 0.006521730	symb_time: 0.083339029	mgmt_time: 0.012655687	numc_time: 0.322463414	total_time: 0.424979860
[0m
[0;36m1th run	init_time: 0.006372863	symb_time: 0.082718591	mgmt_time: 0.011175463	numc_time: 0.322126144	total_time: 0.422393061
[0m
[0;32mdataset: er_18_16	num_trials: 1	thread_num: 64	numa_mask: 6	init_time: 0.006372863	symb_time: 0.082718591	mgmt_time: 0.011175463	numc_time: 0.322126144	total_time: 0.422393061	flop_cnt: 277105556	numc_perf: 860239260.803370357	perf: 656037188.073030472
[0mCONFIGURATION:	USE_HYPERTHREADING	USE_WEIGHTED_INTERLEAVING	HASH_CONSTANT: 2654435761	THREAD_NUM: 64	AB_HIGH_THREAD_NUM: 22	AB_SIZE: 524288	AB_MIN_NUM: 32768	AB_PRT: 0.850000	AB_DNR	DN_MIN: 256	GUD_ALPHA: 0.500000	GUD_MIN: 256	HYB_THRES: 0.950000
[0;36m0th run	init_time: 0.007953362	symb_time: 0.340956746	mgmt_time: 0.013621080	numc_time: 1.348199840	total_time: 1.710731028
[0m
[0;36m1th run	init_time: 0.008107799	symb_time: 0.340870156	mgmt_time: 0.012221391	numc_time: 1.348819556	total_time: 1.710018902
[0m
[0;32mdataset: er_18_32	num_trials: 1	thread_num: 64	numa_mask: 6	init_time: 0.008107799	symb_time: 0.340870156	mgmt_time: 0.012221391	numc_time: 1.348819556	total_time: 1.710018902	flop_cnt: 1090559662	numc_perf: 808528951.963089705	perf: 637747138.774025083
[0mCONFIGURATION:	USE_HYPERTHREADING	USE_WEIGHTED_INTERLEAVING	HASH_CONSTANT: 2654435761	THREAD_NUM: 64	AB_HIGH_THREAD_NUM: 22	AB_SIZE: 524288	AB_MIN_NUM: 32768	AB_PRT: 0.850000	AB_DNR	DN_MIN: 256	GUD_ALPHA: 0.500000	GUD_MIN: 256	HYB_THRES: 0.950000
[0;36m0th run	init_time: 0.006755922	symb_time: 0.005592462	mgmt_time: 0.001504137	numc_time: 0.014567383	total_time: 0.028419904
[0m
[0;36m1th run	init_time: 0.006294406	symb_time: 0.004744439	mgmt_time: 0.000172537	numc_time: 0.014272693	total_time: 0.025484075
[0m
[0;32mdataset: er_19_1	num_trials: 1	thread_num: 64	numa_mask: 6	init_time: 0.006294406	symb_time: 0.004744439	mgmt_time: 0.000172537	numc_time: 0.014272693	total_time: 0.025484075	flop_cnt: 3147278	numc_perf: 220510453.072871387	perf: 123499793.498488754
[0mCONFIGURATION:	USE_HYPERTHREADING	USE_WEIGHTED_INTERLEAVING	HASH_CONSTANT: 2654435761	THREAD_NUM: 64	AB_HIGH_THREAD_NUM: 22	AB_SIZE: 524288	AB_MIN_NUM: 32768	AB_PRT: 0.850000	AB_DNR	DN_MIN: 256	GUD_ALPHA: 0.500000	GUD_MIN: 256	HYB_THRES: 0.950000
[0;36m0th run	init_time: 0.006930514	symb_time: 0.008295534	mgmt_time: 0.001587769	numc_time: 0.016307497	total_time: 0.033121314
[0m
[0;36m1th run	init_time: 0.006050223	symb_time: 0.008277216	mgmt_time: 0.000238316	numc_time: 0.015932621	total_time: 0.030498376
[0m
[0;32mdataset: er_19_2	num_trials: 1	thread_num: 64	numa_mask: 6	init_time: 0.006050223	symb_time: 0.008277216	mgmt_time: 0.000238316	numc_time: 0.015932621	total_time: 0.030498376	flop_cnt: 10490794	numc_perf: 658447470.758263826	perf: 343978774.476385236
[0mCONFIGURATION:	USE_HYPERTHREADING	USE_WEIGHTED_INTERLEAVING	HASH_CONSTANT: 2654435761	THREAD_NUM: 64	AB_HIGH_THREAD_NUM: 22	AB_SIZE: 524288	AB_MIN_NUM: 32768	AB_PRT: 0.850000	AB_DNR	DN_MIN: 256	GUD_ALPHA: 0.500000	GUD_MIN: 256	HYB_THRES: 0.950000
[0;36m0th run	init_time: 0.007625035	symb_time: 0.017383009	mgmt_time: 0.012011225	numc_time: 0.040878271	total_time: 0.077897540
[0m
[0;36m1th run	init_time: 0.006442787	symb_time: 0.016517419	mgmt_time: 0.010466962	numc_time: 0.041057276	total_time: 0.074484444
[0m
[0;32mdataset: er_19_4	num_trials: 1	thread_num: 64	numa_mask: 6	init_time: 0.006442787	symb_time: 0.016517419	mgmt_time: 0.010466962	numc_time: 0.041057276	total_time: 0.074484444	flop_cnt: 37757054	numc_perf: 919619070.685546637	perf: 506911939.894456744
[0mCONFIGURATION:	USE_HYPERTHREADING	USE_WEIGHTED_INTERLEAVING	HASH_CONSTANT: 2654435761	THREAD_NUM: 64	AB_HIGH_THREAD_NUM: 22	AB_SIZE: 524288	AB_MIN_NUM: 32768	AB_PRT: 0.850000	AB_DNR	DN_MIN: 256	GUD_ALPHA: 0.500000	GUD_MIN: 256	HYB_THRES: 0.950000
[0;36m0th run	init_time: 0.008403774	symb_time: 0.053109647	mgmt_time: 0.012441599	numc_time: 0.178885402	total_time: 0.252840422
[0m
[0;36m1th run	init_time: 0.007936846	symb_time: 0.052669760	mgmt_time: 0.010884380	numc_time: 0.178259609	total_time: 0.249750595
[0m
[0;32mdataset: er_19_8	num_trials: 1	thread_num: 64	numa_mask: 6	init_time: 0.007936846	symb_time: 0.052669760	mgmt_time: 0.010884380	numc_time: 0.178259609	total_time: 0.249750595	flop_cnt: 142742320	numc_perf: 800755262.511542916	perf: 571539459.195282340
[0mCONFIGURATION:	USE_HYPERTHREADING	USE_WEIGHTED_INTERLEAVING	HASH_CONSTANT: 2654435761	THREAD_NUM: 64	AB_HIGH_THREAD_NUM: 22	AB_SIZE: 524288	AB_MIN_NUM: 32768	AB_PRT: 0.850000	AB_DNR	DN_MIN: 256	GUD_ALPHA: 0.500000	GUD_MIN: 256	HYB_THRES: 0.950000
[0;36m0th run	init_time: 0.009632353	symb_time: 0.208089309	mgmt_time: 0.013344268	numc_time: 0.733564520	total_time: 0.964630450
[0m
[0;36m1th run	init_time: 0.009758031	symb_time: 0.208121793	mgmt_time: 0.011784147	numc_time: 0.733509009	total_time: 0.963172980
[0m
[0;32mdataset: er_19_16	num_trials: 1	thread_num: 64	numa_mask: 6	init_time: 0.009758031	symb_time: 0.208121793	mgmt_time: 0.011784147	numc_time: 0.733509009	total_time: 0.963172980	flop_cnt: 553733304	numc_perf: 754910024.561129808	perf: 574905355.006947994
[0mCONFIGURATION:	USE_HYPERTHREADING	USE_WEIGHTED_INTERLEAVING	HASH_CONSTANT: 2654435761	THREAD_NUM: 64	AB_HIGH_THREAD_NUM: 22	AB_SIZE: 524288	AB_MIN_NUM: 32768	AB_PRT: 0.850000	AB_DNR	DN_MIN: 256	GUD_ALPHA: 0.500000	GUD_MIN: 256	HYB_THRES: 0.950000
[0;36m0th run	init_time: 0.013444152	symb_time: 0.851067770	mgmt_time: 0.014869463	numc_time: 2.840442912	total_time: 3.719824297
[0m
[0;36m1th run	init_time: 0.013406454	symb_time: 0.847214795	mgmt_time: 0.013426617	numc_time: 2.841476143	total_time: 3.715524009
[0m
[0;32mdataset: er_19_32	num_trials: 1	thread_num: 64	numa_mask: 6	init_time: 0.013406454	symb_time: 0.847214795	mgmt_time: 0.013426617	numc_time: 2.841476143	total_time: 3.715524009	flop_cnt: 2181162866	numc_perf: 767616110.863120556	perf: 587040444.555501699
[0mCONFIGURATION:	USE_HYPERTHREADING	USE_WEIGHTED_INTERLEAVING	HASH_CONSTANT: 2654435761	THREAD_NUM: 64	AB_HIGH_THREAD_NUM: 22	AB_SIZE: 524288	AB_MIN_NUM: 32768	AB_PRT: 0.850000	AB_DNR	DN_MIN: 256	GUD_ALPHA: 0.500000	GUD_MIN: 256	HYB_THRES: 0.950000
[0;36m0th run	init_time: 0.009741653	symb_time: 0.007777343	mgmt_time: 0.001644420	numc_time: 0.022927405	total_time: 0.042090821
[0m
[0;36m1th run	init_time: 0.008313292	symb_time: 0.007004980	mgmt_time: 0.000250103	numc_time: 0.022556201	total_time: 0.038124576
[0m
[0;32mdataset: er_20_1	num_trials: 1	thread_num: 64	numa_mask: 6	init_time: 0.008313292	symb_time: 0.007004980	mgmt_time: 0.000250103	numc_time: 0.022556201	total_time: 0.038124576	flop_cnt: 6290748	numc_perf: 278892176.922878087	perf: 165005061.302189946
[0mCONFIGURATION:	USE_HYPERTHREADING	USE_WEIGHTED_INTERLEAVING	HASH_CONSTANT: 2654435761	THREAD_NUM: 64	AB_HIGH_THREAD_NUM: 22	AB_SIZE: 524288	AB_MIN_NUM: 32768	AB_PRT: 0.850000	AB_DNR	DN_MIN: 256	GUD_ALPHA: 0.500000	GUD_MIN: 256	HYB_THRES: 0.950000
[0;36m0th run	init_time: 0.009954866	symb_time: 0.013978896	mgmt_time: 0.001733695	numc_time: 0.034906713	total_time: 0.060574170
[0m
[0;36m1th run	init_time: 0.009083334	symb_time: 0.013126279	mgmt_time: 0.000356179	numc_time: 0.034316921	total_time: 0.056882713
[0m
[0;32mdataset: er_20_2	num_trials: 1	thread_num: 64	numa_mask: 6	init_time: 0.009083334	symb_time: 0.013126279	mgmt_time: 0.000356179	numc_time: 0.034316921	total_time: 0.056882713	flop_cnt: 20968558	numc_perf: 611026787.630510330	perf: 368627952.045817494
[0mCONFIGURATION:	USE_HYPERTHREADING	USE_WEIGHTED_INTERLEAVING	HASH_CONSTANT: 2654435761	THREAD_NUM: 64	AB_HIGH_THREAD_NUM: 22	AB_SIZE: 524288	AB_MIN_NUM: 32768	AB_PRT: 0.850000	AB_DNR	DN_MIN: 256	GUD_ALPHA: 0.500000	GUD_MIN: 256	HYB_THRES: 0.950000
[0;36m0th run	init_time: 0.010686637	symb_time: 0.039812119	mgmt_time: 0.012376711	numc_time: 0.104423874	total_time: 0.167299341
[0m
[0;36m1th run	init_time: 0.010271931	symb_time: 0.039091088	mgmt_time: 0.010862716	numc_time: 0.104090103	total_time: 0.164315838
[0m
[0;32mdataset: er_20_4	num_trials: 1	thread_num: 64	numa_mask: 6	init_time: 0.010271931	symb_time: 0.039091088	mgmt_time: 0.010862716	numc_time: 0.104090103	total_time: 0.164315838	flop_cnt: 75507866	numc_perf: 725408697.116958380	perf: 459528837.384500861
[0mCONFIGURATION:	USE_HYPERTHREADING	USE_WEIGHTED_INTERLEAVING	HASH_CONSTANT: 2654435761	THREAD_NUM: 64	AB_HIGH_THREAD_NUM: 22	AB_SIZE: 524288	AB_MIN_NUM: 32768	AB_PRT: 0.850000	AB_DNR	DN_MIN: 256	GUD_ALPHA: 0.500000	GUD_MIN: 256	HYB_THRES: 0.950000
[0;36m0th run	init_time: 0.011982786	symb_time: 0.155009527	mgmt_time: 0.012951995	numc_time: 0.420763456	total_time: 0.600707764
[0m
[0;36m1th run	init_time: 0.013164671	symb_time: 0.154390801	mgmt_time: 0.011492900	numc_time: 0.421504398	total_time: 0.600552770
[0m
[0;32mdataset: er_20_8	num_trials: 1	thread_num: 64	numa_mask: 6	init_time: 0.013164671	symb_time: 0.154390801	mgmt_time: 0.011492900	numc_time: 0.421504398	total_time: 0.600552770	flop_cnt: 285424684	numc_perf: 677157072.036055088	perf: 475269948.384385943
[0mCONFIGURATION:	USE_HYPERTHREADING	USE_WEIGHTED_INTERLEAVING	HASH_CONSTANT: 2654435761	THREAD_NUM: 64	AB_HIGH_THREAD_NUM: 22	AB_SIZE: 524288	AB_MIN_NUM: 32768	AB_PRT: 0.850000	AB_DNR	DN_MIN: 256	GUD_ALPHA: 0.500000	GUD_MIN: 256	HYB_THRES: 0.950000
[0;36m0th run	init_time: 0.015810459	symb_time: 0.584715672	mgmt_time: 0.013630266	numc_time: 1.566451037	total_time: 2.180607434
[0m
[0;36m1th run	init_time: 0.017007769	symb_time: 0.584485429	mgmt_time: 0.012369823	numc_time: 1.564165155	total_time: 2.178028176
[0m
[0;32mdataset: er_20_16	num_trials: 1	thread_num: 64	numa_mask: 6	init_time: 0.017007769	symb_time: 0.584485429	mgmt_time: 0.012369823	numc_time: 1.564165155	total_time: 2.178028176	flop_cnt: 1107231140	numc_perf: 707873549.324783444	perf: 508364011.173379838
[0mCONFIGURATION:	USE_HYPERTHREADING	USE_WEIGHTED_INTERLEAVING	HASH_CONSTANT: 2654435761	THREAD_NUM: 64	AB_HIGH_THREAD_NUM: 22	AB_SIZE: 524288	AB_MIN_NUM: 32768	AB_PRT: 0.850000	AB_DNR	DN_MIN: 256	GUD_ALPHA: 0.500000	GUD_MIN: 256	HYB_THRES: 0.950000
[0;36m0th run	init_time: 0.023875029	symb_time: 1.985723235	mgmt_time: 0.017963181	numc_time: 6.666044500	total_time: 8.693605945
[0m
[0;36m1th run	init_time: 0.024035177	symb_time: 1.983401036	mgmt_time: 0.016093494	numc_time: 6.663743452	total_time: 8.687273159
[0m
[0;32mdataset: er_20_32	num_trials: 1	thread_num: 64	numa_mask: 6	init_time: 0.024035177	symb_time: 1.983401036	mgmt_time: 0.016093494	numc_time: 6.663743452	total_time: 8.687273159	flop_cnt: 4366158894	numc_perf: 655211132.518851280	perf: 502592564.328044295
[0mCONFIGURATION:	USE_HYPERTHREADING	USE_WEIGHTED_INTERLEAVING	HASH_CONSTANT: 2654435761	THREAD_NUM: 64	AB_HIGH_THREAD_NUM: 22	AB_SIZE: 524288	AB_MIN_NUM: 32768	AB_PRT: 0.850000	AB_DNR	DN_MIN: 256	GUD_ALPHA: 0.500000	GUD_MIN: 256	HYB_THRES: 0.950000
[0;36m0th run	init_time: 0.015016271	symb_time: 0.013803231	mgmt_time: 0.001926284	numc_time: 0.042255490	total_time: 0.073001276
[0m
[0;36m1th run	init_time: 0.014122963	symb_time: 0.013015207	mgmt_time: 0.000506380	numc_time: 0.042399456	total_time: 0.070044006
[0m
[0;32mdataset: er_21_1	num_trials: 1	thread_num: 64	numa_mask: 6	init_time: 0.014122963	symb_time: 0.013015207	mgmt_time: 0.000506380	numc_time: 0.042399456	total_time: 0.070044006	flop_cnt: 12586608	numc_perf: 296857771.005363822	perf: 179695718.717173308
[0mCONFIGURATION:	USE_HYPERTHREADING	USE_WEIGHTED_INTERLEAVING	HASH_CONSTANT: 2654435761	THREAD_NUM: 64	AB_HIGH_THREAD_NUM: 22	AB_SIZE: 524288	AB_MIN_NUM: 32768	AB_PRT: 0.850000	AB_DNR	DN_MIN: 256	GUD_ALPHA: 0.500000	GUD_MIN: 256	HYB_THRES: 0.950000
[0;36m0th run	init_time: 0.015459014	symb_time: 0.033156834	mgmt_time: 0.012730878	numc_time: 0.083300019	total_time: 0.144646745
[0m
[0;36m1th run	init_time: 0.015134856	symb_time: 0.032241905	mgmt_time: 0.011341371	numc_time: 0.082607364	total_time: 0.141325496
[0m
[0;32mdataset: er_21_2	num_trials: 1	thread_num: 64	numa_mask: 6	init_time: 0.015134856	symb_time: 0.032241905	mgmt_time: 0.011341371	numc_time: 0.082607364	total_time: 0.141325496	flop_cnt: 41963140	numc_perf: 507983041.318204999	perf: 296925474.791894615
[0mCONFIGURATION:	USE_HYPERTHREADING	USE_WEIGHTED_INTERLEAVING	HASH_CONSTANT: 2654435761	THREAD_NUM: 64	AB_HIGH_THREAD_NUM: 22	AB_SIZE: 524288	AB_MIN_NUM: 32768	AB_PRT: 0.850000	AB_DNR	DN_MIN: 256	GUD_ALPHA: 0.500000	GUD_MIN: 256	HYB_THRES: 0.950000
[0;36m0th run	init_time: 0.017246620	symb_time: 0.124126180	mgmt_time: 0.013047008	numc_time: 0.251198026	total_time: 0.405617834
[0m
[0;36m1th run	init_time: 0.016607477	symb_time: 0.123236455	mgmt_time: 0.011784040	numc_time: 0.251501256	total_time: 0.403129228
[0m
[0;32mdataset: er_21_4	num_trials: 1	thread_num: 64	numa_mask: 6	init_time: 0.016607477	symb_time: 0.123236455	mgmt_time: 0.011784040	numc_time: 0.251501256	total_time: 0.403129228	flop_cnt: 150998738	numc_perf: 600389598.054333329	perf: 374566584.390651047
[0mCONFIGURATION:	USE_HYPERTHREADING	USE_WEIGHTED_INTERLEAVING	HASH_CONSTANT: 2654435761	THREAD_NUM: 64	AB_HIGH_THREAD_NUM: 22	AB_SIZE: 524288	AB_MIN_NUM: 32768	AB_PRT: 0.850000	AB_DNR	DN_MIN: 256	GUD_ALPHA: 0.500000	GUD_MIN: 256	HYB_THRES: 0.950000
[0;36m0th run	init_time: 0.020768978	symb_time: 0.439988452	mgmt_time: 0.013348772	numc_time: 0.924054981	total_time: 1.398161183
[0m
[0;36m1th run	init_time: 0.021008230	symb_time: 0.439330608	mgmt_time: 0.011989518	numc_time: 0.925843378	total_time: 1.398171734
[0m
[0;32mdataset: er_21_8	num_trials: 1	thread_num: 64	numa_mask: 6	init_time: 0.021008230	symb_time: 0.439330608	mgmt_time: 0.011989518	numc_time: 0.925843378	total_time: 1.398171734	flop_cnt: 570627534	numc_perf: 616332683.863511920	perf: 408124066.682069004
[0mCONFIGURATION:	USE_HYPERTHREADING	USE_WEIGHTED_INTERLEAVING	HASH_CONSTANT: 2654435761	THREAD_NUM: 64	AB_HIGH_THREAD_NUM: 22	AB_SIZE: 524288	AB_MIN_NUM: 32768	AB_PRT: 0.850000	AB_DNR	DN_MIN: 256	GUD_ALPHA: 0.500000	GUD_MIN: 256	HYB_THRES: 0.950000
[0;36m0th run	init_time: 0.028532095	symb_time: 1.395719968	mgmt_time: 0.015566474	numc_time: 3.371193821	total_time: 4.811012358
[0m
[0;36m1th run	init_time: 0.029304703	symb_time: 1.395195047	mgmt_time: 0.013906493	numc_time: 3.371435664	total_time: 4.809841907
[0m
[0;32mdataset: er_21_16	num_trials: 1	thread_num: 64	numa_mask: 6	init_time: 0.029304703	symb_time: 1.395195047	mgmt_time: 0.013906493	numc_time: 3.371435664	total_time: 4.809841907	flop_cnt: 2214794322	numc_perf: 656929137.236533642	perf: 460471334.572702050
[0mCONFIGURATION:	USE_HYPERTHREADING	USE_WEIGHTED_INTERLEAVING	HASH_CONSTANT: 2654435761	THREAD_NUM: 64	AB_HIGH_THREAD_NUM: 22	AB_SIZE: 524288	AB_MIN_NUM: 32768	AB_PRT: 0.850000	AB_DNR	DN_MIN: 256	GUD_ALPHA: 0.500000	GUD_MIN: 256	HYB_THRES: 0.950000
[0;36m0th run	init_time: 0.044013477	symb_time: 4.379754266	mgmt_time: 0.028568536	numc_time: 12.821503778	total_time: 17.273840057
[0m
[0;36m1th run	init_time: 0.042109024	symb_time: 4.378179513	mgmt_time: 0.022078835	numc_time: 12.828339122	total_time: 17.270706494
[0m
[0;32mdataset: er_21_32	num_trials: 1	thread_num: 64	numa_mask: 6	init_time: 0.042109024	symb_time: 4.378179513	mgmt_time: 0.022078835	numc_time: 12.828339122	total_time: 17.270706494	flop_cnt: 8724487282	numc_perf: 680094843.068025351	perf: 505160995.297497928
[0m