CONFIGURATION:	USE_HYPERTHREADING	USE_WEIGHTED_INTERLEAVING	HASH_CONSTANT: 2654435761	THREAD_NUM: 64	AB_HIGH_THREAD_NUM: 22	AB_SIZE: 524288	AB_MIN_NUM: 32768	AB_PRT: 0.850000	AB_DNR	DN_MIN: 256	GUD_ALPHA: 0.500000	GUD_MIN: 256	HYB_THRES: 0.950000
[0;36m0th run	init_time: 0.004488344	symb_time: 0.029743327	mgmt_time: 0.001626426	numc_time: 0.021451671	total_time: 0.057309768
[0m
[0;36m1th run	init_time: 0.004140043	symb_time: 0.029849292	mgmt_time: 0.000268002	numc_time: 0.021998789	total_time: 0.056256126
[0m
[0;32mdataset: g500_17_1	num_trials: 1	thread_num: 64	numa_mask: 6	init_time: 0.004140043	symb_time: 0.029849292	mgmt_time: 0.000268002	numc_time: 0.021998789	total_time: 0.056256126	flop_cnt: 26545040	numc_perf: 1206659148.374030828	perf: 471860433.475280523
[0mCONFIGURATION:	USE_HYPERTHREADING	USE_WEIGHTED_INTERLEAVING	HASH_CONSTANT: 2654435761	THREAD_NUM: 64	AB_HIGH_THREAD_NUM: 22	AB_SIZE: 524288	AB_MIN_NUM: 32768	AB_PRT: 0.850000	AB_DNR	DN_MIN: 256	GUD_ALPHA: 0.500000	GUD_MIN: 256	HYB_THRES: 0.950000
[0;36m0th run	init_time: 0.004680049	symb_time: 0.065963128	mgmt_time: 0.012230281	numc_time: 0.078198916	total_time: 0.161072374
[0m
[0;36m1th run	init_time: 0.004351238	symb_time: 0.069690585	mgmt_time: 0.010660359	numc_time: 0.078928745	total_time: 0.163630927
[0m
[0;32mdataset: g500_17_2	num_trials: 1	thread_num: 64	numa_mask: 6	init_time: 0.004351238	symb_time: 0.069690585	mgmt_time: 0.010660359	numc_time: 0.078928745	total_time: 0.163630927	flop_cnt: 99289164	numc_perf: 1257959492.451070786	perf: 606787273.166276097
[0mCONFIGURATION:	USE_HYPERTHREADING	USE_WEIGHTED_INTERLEAVING	HASH_CONSTANT: 2654435761	THREAD_NUM: 64	AB_HIGH_THREAD_NUM: 22	AB_SIZE: 524288	AB_MIN_NUM: 32768	AB_PRT: 0.850000	AB_DNR	DN_MIN: 256	GUD_ALPHA: 0.500000	GUD_MIN: 256	HYB_THRES: 0.950000
[0;36m0th run	init_time: 0.004952017	symb_time: 0.131713286	mgmt_time: 0.012688206	numc_time: 0.516375858	total_time: 0.665729367
[0m
[0;36m1th run	init_time: 0.004730053	symb_time: 0.135517943	mgmt_time: 0.010882792	numc_time: 0.516921901	total_time: 0.668052689
[0m
[0;32mdataset: g500_17_4	num_trials: 1	thread_num: 64	numa_mask: 6	init_time: 0.004730053	symb_time: 0.135517943	mgmt_time: 0.010882792	numc_time: 0.516921901	total_time: 0.668052689	flop_cnt: 358726446	numc_perf: 693966429.563215613	perf: 536973283.554884315
[0mCONFIGURATION:	USE_HYPERTHREADING	USE_WEIGHTED_INTERLEAVING	HASH_CONSTANT: 2654435761	THREAD_NUM: 64	AB_HIGH_THREAD_NUM: 22	AB_SIZE: 524288	AB_MIN_NUM: 32768	AB_PRT: 0.850000	AB_DNR	DN_MIN: 256	GUD_ALPHA: 0.500000	GUD_MIN: 256	HYB_THRES: 0.950000
[0;36m0th run	init_time: 0.004849857	symb_time: 0.279079289	mgmt_time: 0.013159050	numc_time: 3.169799396	total_time: 3.466887592
[0m
[0;36m1th run	init_time: 0.005146774	symb_time: 0.280314731	mgmt_time: 0.011477913	numc_time: 3.167935870	total_time: 3.464875288
[0m
[0;32mdataset: g500_17_8	num_trials: 1	thread_num: 64	numa_mask: 6	init_time: 0.005146774	symb_time: 0.280314731	mgmt_time: 0.011477913	numc_time: 3.167935870	total_time: 3.464875288	flop_cnt: 1245326524	numc_perf: 393103451.301872492	perf: 359414530.246723294
[0mCONFIGURATION:	USE_HYPERTHREADING	USE_WEIGHTED_INTERLEAVING	HASH_CONSTANT: 2654435761	THREAD_NUM: 64	AB_HIGH_THREAD_NUM: 22	AB_SIZE: 524288	AB_MIN_NUM: 32768	AB_PRT: 0.850000	AB_DNR	DN_MIN: 256	GUD_ALPHA: 0.500000	GUD_MIN: 256	HYB_THRES: 0.950000
[0;36m0th run	init_time: 0.004991236	symb_time: 0.613800927	mgmt_time: 0.013784828	numc_time: 15.837734900	total_time: 16.470311891
[0m
[0;36m1th run	init_time: 0.006502023	symb_time: 0.623545961	mgmt_time: 0.012190064	numc_time: 15.839111685	total_time: 16.481349733
[0m
[0;32mdataset: g500_17_16	num_trials: 1	thread_num: 64	numa_mask: 6	init_time: 0.006502023	symb_time: 0.623545961	mgmt_time: 0.012190064	numc_time: 15.839111685	total_time: 16.481349733	flop_cnt: 4189732618	numc_perf: 264518156.151886493	perf: 254210528.013433993
[0mCONFIGURATION:	USE_HYPERTHREADING	USE_WEIGHTED_INTERLEAVING	HASH_CONSTANT: 2654435761	THREAD_NUM: 64	AB_HIGH_THREAD_NUM: 22	AB_SIZE: 524288	AB_MIN_NUM: 32768	AB_PRT: 0.850000	AB_DNR	DN_MIN: 256	GUD_ALPHA: 0.500000	GUD_MIN: 256	HYB_THRES: 0.950000
[0;36m0th run	init_time: 0.006423303	symb_time: 1.514507084	mgmt_time: 0.015117612	numc_time: 64.823807751	total_time: 66.359855750
[0m
[0;36m1th run	init_time: 0.007737632	symb_time: 1.486893122	mgmt_time: 0.013297313	numc_time: 64.807395113	total_time: 66.315323180
[0m
[0;32mdataset: g500_17_32	num_trials: 1	thread_num: 64	numa_mask: 6	init_time: 0.007737632	symb_time: 1.486893122	mgmt_time: 0.013297313	numc_time: 64.807395113	total_time: 66.315323180	flop_cnt: 13705485276	numc_perf: 211480267.832131356	perf: 206671469.259060025
[0mCONFIGURATION:	USE_HYPERTHREADING	USE_WEIGHTED_INTERLEAVING	HASH_CONSTANT: 2654435761	THREAD_NUM: 64	AB_HIGH_THREAD_NUM: 22	AB_SIZE: 524288	AB_MIN_NUM: 32768	AB_PRT: 0.850000	AB_DNR	DN_MIN: 256	GUD_ALPHA: 0.500000	GUD_MIN: 256	HYB_THRES: 0.950000
[0;36m0th run	init_time: 0.005186245	symb_time: 0.055018929	mgmt_time: 0.012095632	numc_time: 0.057019120	total_time: 0.129319926
[0m
[0;36m1th run	init_time: 0.004821662	symb_time: 0.054814855	mgmt_time: 0.010619453	numc_time: 0.057218276	total_time: 0.127474246
[0m
[0;32mdataset: g500_18_1	num_trials: 1	thread_num: 64	numa_mask: 6	init_time: 0.004821662	symb_time: 0.054814855	mgmt_time: 0.010619453	numc_time: 0.057218276	total_time: 0.127474246	flop_cnt: 63713390	numc_perf: 1113514674.926591635	perf: 499813821.216875374
[0mCONFIGURATION:	USE_HYPERTHREADING	USE_WEIGHTED_INTERLEAVING	HASH_CONSTANT: 2654435761	THREAD_NUM: 64	AB_HIGH_THREAD_NUM: 22	AB_SIZE: 524288	AB_MIN_NUM: 32768	AB_PRT: 0.850000	AB_DNR	DN_MIN: 256	GUD_ALPHA: 0.500000	GUD_MIN: 256	HYB_THRES: 0.950000
[0;36m0th run	init_time: 0.005327521	symb_time: 0.135145838	mgmt_time: 0.012641487	numc_time: 0.237703378	total_time: 0.390818224
[0m
[0;36m1th run	init_time: 0.005503085	symb_time: 0.135693674	mgmt_time: 0.010964108	numc_time: 0.236543014	total_time: 0.388703881
[0m
[0;32mdataset: g500_18_2	num_trials: 1	thread_num: 64	numa_mask: 6	init_time: 0.005503085	symb_time: 0.135693674	mgmt_time: 0.010964108	numc_time: 0.236543014	total_time: 0.388703881	flop_cnt: 231404130	numc_perf: 978275054.870147109	perf: 595322406.878669620
[0mCONFIGURATION:	USE_HYPERTHREADING	USE_WEIGHTED_INTERLEAVING	HASH_CONSTANT: 2654435761	THREAD_NUM: 64	AB_HIGH_THREAD_NUM: 22	AB_SIZE: 524288	AB_MIN_NUM: 32768	AB_PRT: 0.850000	AB_DNR	DN_MIN: 256	GUD_ALPHA: 0.500000	GUD_MIN: 256	HYB_THRES: 0.950000
[0;36m0th run	init_time: 0.005415486	symb_time: 0.297776775	mgmt_time: 0.013179231	numc_time: 1.605434591	total_time: 1.921806083
[0m
[0;36m1th run	init_time: 0.006124147	symb_time: 0.297711077	mgmt_time: 0.011688335	numc_time: 1.595038660	total_time: 1.910562219
[0m
[0;32mdataset: g500_18_4	num_trials: 1	thread_num: 64	numa_mask: 6	init_time: 0.006124147	symb_time: 0.297711077	mgmt_time: 0.011688335	numc_time: 1.595038660	total_time: 1.910562219	flop_cnt: 866259112	numc_perf: 543095997.434946179	perf: 453405339.739945948
[0mCONFIGURATION:	USE_HYPERTHREADING	USE_WEIGHTED_INTERLEAVING	HASH_CONSTANT: 2654435761	THREAD_NUM: 64	AB_HIGH_THREAD_NUM: 22	AB_SIZE: 524288	AB_MIN_NUM: 32768	AB_PRT: 0.850000	AB_DNR	DN_MIN: 256	GUD_ALPHA: 0.500000	GUD_MIN: 256	HYB_THRES: 0.950000
[0;36m0th run	init_time: 0.005882651	symb_time: 0.790991254	mgmt_time: 0.014113518	numc_time: 10.064113191	total_time: 10.875100614
[0m
[0;36m1th run	init_time: 0.007453134	symb_time: 0.805420697	mgmt_time: 0.012763554	numc_time: 10.081030586	total_time: 10.906667971
[0m
[0;32mdataset: g500_18_8	num_trials: 1	thread_num: 64	numa_mask: 6	init_time: 0.007453134	symb_time: 0.805420697	mgmt_time: 0.012763554	numc_time: 10.081030586	total_time: 10.906667971	flop_cnt: 3197249132	numc_perf: 317154987.748987675	perf: 293146279.001179993
[0mCONFIGURATION:	USE_HYPERTHREADING	USE_WEIGHTED_INTERLEAVING	HASH_CONSTANT: 2654435761	THREAD_NUM: 64	AB_HIGH_THREAD_NUM: 22	AB_SIZE: 524288	AB_MIN_NUM: 32768	AB_PRT: 0.850000	AB_DNR	DN_MIN: 256	GUD_ALPHA: 0.500000	GUD_MIN: 256	HYB_THRES: 0.950000
[0;36m0th run	init_time: 0.008367273	symb_time: 3.243985454	mgmt_time: 0.016082724	numc_time: 49.765337893	total_time: 53.033773344
[0m
[0;36m1th run	init_time: 0.011011784	symb_time: 3.186594582	mgmt_time: 0.014576618	numc_time: 49.850291039	total_time: 53.062474023
[0m
[0;32mdataset: g500_18_16	num_trials: 1	thread_num: 64	numa_mask: 6	init_time: 0.011011784	symb_time: 3.186594582	mgmt_time: 0.014576618	numc_time: 49.850291039	total_time: 53.062474023	flop_cnt: 11359799604	numc_perf: 227878300.552202314	perf: 214083489.568844438
[0mCONFIGURATION:	USE_HYPERTHREADING	USE_WEIGHTED_INTERLEAVING	HASH_CONSTANT: 2654435761	THREAD_NUM: 64	AB_HIGH_THREAD_NUM: 22	AB_SIZE: 524288	AB_MIN_NUM: 32768	AB_PRT: 0.850000	AB_DNR	DN_MIN: 256	GUD_ALPHA: 0.500000	GUD_MIN: 256	HYB_THRES: 0.950000
[0;36m0th run	init_time: 0.012526805	symb_time: 12.275417441	mgmt_time: 0.019617120	numc_time: 192.883239573	total_time: 205.190800939
[0m
[0;36m1th run	init_time: 0.017269261	symb_time: 12.172663450	mgmt_time: 0.017846199	numc_time: 193.276848958	total_time: 205.484627868
[0m
[0;32mdataset: g500_18_32	num_trials: 1	thread_num: 64	numa_mask: 6	init_time: 0.017269261	symb_time: 12.172663450	mgmt_time: 0.017846199	numc_time: 193.276848958	total_time: 205.484627868	flop_cnt: 36733901550	numc_perf: 190058466.640163720	perf: 178767151.251806855
[0mCONFIGURATION:	USE_HYPERTHREADING	USE_WEIGHTED_INTERLEAVING	HASH_CONSTANT: 2654435761	THREAD_NUM: 64	AB_HIGH_THREAD_NUM: 22	AB_SIZE: 524288	AB_MIN_NUM: 32768	AB_PRT: 0.850000	AB_DNR	DN_MIN: 256	GUD_ALPHA: 0.500000	GUD_MIN: 256	HYB_THRES: 0.950000
[0;36m0th run	init_time: 0.006533488	symb_time: 0.111863089	mgmt_time: 0.012403953	numc_time: 0.132160112	total_time: 0.262960642
[0m
[0;36m1th run	init_time: 0.006804067	symb_time: 0.112088787	mgmt_time: 0.011105340	numc_time: 0.133122227	total_time: 0.263120421
[0m
[0;32mdataset: g500_19_1	num_trials: 1	thread_num: 64	numa_mask: 6	init_time: 0.006804067	symb_time: 0.112088787	mgmt_time: 0.011105340	numc_time: 0.133122227	total_time: 0.263120421	flop_cnt: 166344542	numc_perf: 1249562494.173117876	perf: 632199284.904610276
[0mCONFIGURATION:	USE_HYPERTHREADING	USE_WEIGHTED_INTERLEAVING	HASH_CONSTANT: 2654435761	THREAD_NUM: 64	AB_HIGH_THREAD_NUM: 22	AB_SIZE: 524288	AB_MIN_NUM: 32768	AB_PRT: 0.850000	AB_DNR	DN_MIN: 256	GUD_ALPHA: 0.500000	GUD_MIN: 256	HYB_THRES: 0.950000
[0;36m0th run	init_time: 0.006656652	symb_time: 0.311575562	mgmt_time: 0.013363713	numc_time: 0.900433070	total_time: 1.232028997
[0m
[0;36m1th run	init_time: 0.007760409	symb_time: 0.302133655	mgmt_time: 0.011889425	numc_time: 0.900237153	total_time: 1.222020642
[0m
[0;32mdataset: g500_19_2	num_trials: 1	thread_num: 64	numa_mask: 6	init_time: 0.007760409	symb_time: 0.302133655	mgmt_time: 0.011889425	numc_time: 0.900237153	total_time: 1.222020642	flop_cnt: 633825774	numc_perf: 704065336.436964393	perf: 518670268.091919899
[0mCONFIGURATION:	USE_HYPERTHREADING	USE_WEIGHTED_INTERLEAVING	HASH_CONSTANT: 2654435761	THREAD_NUM: 64	AB_HIGH_THREAD_NUM: 22	AB_SIZE: 524288	AB_MIN_NUM: 32768	AB_PRT: 0.850000	AB_DNR	DN_MIN: 256	GUD_ALPHA: 0.500000	GUD_MIN: 256	HYB_THRES: 0.950000
[0;36m0th run	init_time: 0.007455651	symb_time: 0.849075929	mgmt_time: 0.014072284	numc_time: 5.272529832	total_time: 6.143133696
[0m
[0;36m1th run	init_time: 0.009276301	symb_time: 0.847757132	mgmt_time: 0.012775445	numc_time: 5.278312233	total_time: 6.148121111
[0m
[0;32mdataset: g500_19_4	num_trials: 1	thread_num: 64	numa_mask: 6	init_time: 0.009276301	symb_time: 0.847757132	mgmt_time: 0.012775445	numc_time: 5.278312233	total_time: 6.148121111	flop_cnt: 2214702680	numc_perf: 419585386.812413633	perf: 360224309.185701072
[0mCONFIGURATION:	USE_HYPERTHREADING	USE_WEIGHTED_INTERLEAVING	HASH_CONSTANT: 2654435761	THREAD_NUM: 64	AB_HIGH_THREAD_NUM: 22	AB_SIZE: 524288	AB_MIN_NUM: 32768	AB_PRT: 0.850000	AB_DNR	DN_MIN: 256	GUD_ALPHA: 0.500000	GUD_MIN: 256	HYB_THRES: 0.950000
[0;36m0th run	init_time: 0.010280263	symb_time: 4.284180581	mgmt_time: 0.016558269	numc_time: 30.271255819	total_time: 34.582274932
[0m
[0;36m1th run	init_time: 0.012329711	symb_time: 4.242748609	mgmt_time: 0.014923064	numc_time: 30.299716810	total_time: 34.569718194
[0m
[0;32mdataset: g500_19_8	num_trials: 1	thread_num: 64	numa_mask: 6	init_time: 0.012329711	symb_time: 4.242748609	mgmt_time: 0.014923064	numc_time: 30.299716810	total_time: 34.569718194	flop_cnt: 8006120556	numc_perf: 264230870.743903846	perf: 231593457.345265836
[0mCONFIGURATION:	USE_HYPERTHREADING	USE_WEIGHTED_INTERLEAVING	HASH_CONSTANT: 2654435761	THREAD_NUM: 64	AB_HIGH_THREAD_NUM: 22	AB_SIZE: 524288	AB_MIN_NUM: 32768	AB_PRT: 0.850000	AB_DNR	DN_MIN: 256	GUD_ALPHA: 0.500000	GUD_MIN: 256	HYB_THRES: 0.950000
[0;36m0th run	init_time: 0.015688213	symb_time: 21.225012728	mgmt_time: 0.021316132	numc_time: 102.269244522	total_time: 123.531261595
[0m
[0;36m1th run	init_time: 0.019107734	symb_time: 21.156249675	mgmt_time: 0.020366579	numc_time: 101.993663500	total_time: 123.189387488
[0m
[0;32mdataset: g500_19_16	num_trials: 1	thread_num: 64	numa_mask: 6	init_time: 0.019107734	symb_time: 21.156249675	mgmt_time: 0.020366579	numc_time: 101.993663500	total_time: 123.189387488	flop_cnt: 28930196662	numc_perf: 283646999.913872123	perf: 234843254.373824358
[0mCONFIGURATION:	USE_HYPERTHREADING	USE_WEIGHTED_INTERLEAVING	HASH_CONSTANT: 2654435761	THREAD_NUM: 64	AB_HIGH_THREAD_NUM: 22	AB_SIZE: 524288	AB_MIN_NUM: 32768	AB_PRT: 0.850000	AB_DNR	DN_MIN: 256	GUD_ALPHA: 0.500000	GUD_MIN: 256	HYB_THRES: 0.950000
[0;36m0th run	init_time: 0.009008587	symb_time: 0.227823962	mgmt_time: 0.013325145	numc_time: 0.413390880	total_time: 0.663548574
[0m
[0;36m1th run	init_time: 0.010718761	symb_time: 0.228030865	mgmt_time: 0.011777680	numc_time: 0.410812411	total_time: 0.661339717
[0m
[0;32mdataset: g500_20_1	num_trials: 1	thread_num: 64	numa_mask: 6	init_time: 0.010718761	symb_time: 0.228030865	mgmt_time: 0.011777680	numc_time: 0.410812411	total_time: 0.661339717	flop_cnt: 405457504	numc_perf: 986965079.786744714	perf: 613085065.931402445
[0mCONFIGURATION:	USE_HYPERTHREADING	USE_WEIGHTED_INTERLEAVING	HASH_CONSTANT: 2654435761	THREAD_NUM: 64	AB_HIGH_THREAD_NUM: 22	AB_SIZE: 524288	AB_MIN_NUM: 32768	AB_PRT: 0.850000	AB_DNR	DN_MIN: 256	GUD_ALPHA: 0.500000	GUD_MIN: 256	HYB_THRES: 0.950000
[0;36m0th run	init_time: 0.010722263	symb_time: 0.754603356	mgmt_time: 0.013963106	numc_time: 2.904088270	total_time: 3.683376995
[0m
[0;36m1th run	init_time: 0.012596356	symb_time: 0.751011552	mgmt_time: 0.012493906	numc_time: 2.894410457	total_time: 3.670512271
[0m
[0;32mdataset: g500_20_2	num_trials: 1	thread_num: 64	numa_mask: 6	init_time: 0.012596356	symb_time: 0.751011552	mgmt_time: 0.012493906	numc_time: 2.894410457	total_time: 3.670512271	flop_cnt: 1621860284	numc_perf: 560342186.464122415	perf: 441862106.500501573
[0mCONFIGURATION:	USE_HYPERTHREADING	USE_WEIGHTED_INTERLEAVING	HASH_CONSTANT: 2654435761	THREAD_NUM: 64	AB_HIGH_THREAD_NUM: 22	AB_SIZE: 524288	AB_MIN_NUM: 32768	AB_PRT: 0.850000	AB_DNR	DN_MIN: 256	GUD_ALPHA: 0.500000	GUD_MIN: 256	HYB_THRES: 0.950000
[0;36m0th run	init_time: 0.014579972	symb_time: 3.267073451	mgmt_time: 0.016454639	numc_time: 19.239141775	total_time: 22.537249837
[0m
[0;36m1th run	init_time: 0.015820862	symb_time: 3.227777902	mgmt_time: 0.014874748	numc_time: 19.239267137	total_time: 22.497740649
[0m
[0;32mdataset: g500_20_4	num_trials: 1	thread_num: 64	numa_mask: 6	init_time: 0.015820862	symb_time: 3.227777902	mgmt_time: 0.014874748	numc_time: 19.239267137	total_time: 22.497740649	flop_cnt: 6063756842	numc_perf: 315176082.270747483	perf: 269527368.841347516
[0mCONFIGURATION:	USE_HYPERTHREADING	USE_WEIGHTED_INTERLEAVING	HASH_CONSTANT: 2654435761	THREAD_NUM: 64	AB_HIGH_THREAD_NUM: 22	AB_SIZE: 524288	AB_MIN_NUM: 32768	AB_PRT: 0.850000	AB_DNR	DN_MIN: 256	GUD_ALPHA: 0.500000	GUD_MIN: 256	HYB_THRES: 0.950000
[0;36m0th run	init_time: 0.021314801	symb_time: 17.955698587	mgmt_time: 0.023019747	numc_time: 65.127246005	total_time: 83.127279140
[0m
[0;36m1th run	init_time: 0.022539039	symb_time: 17.989493268	mgmt_time: 0.021288200	numc_time: 64.670355451	total_time: 82.703675958
[0m
[0;32mdataset: g500_20_8	num_trials: 1	thread_num: 64	numa_mask: 6	init_time: 0.022539039	symb_time: 17.989493268	mgmt_time: 0.021288200	numc_time: 64.670355451	total_time: 82.703675958	flop_cnt: 21344490376	numc_perf: 330050611.708365798	perf: 258083937.971989602
[0mmmap: Cannot allocate memory
CONFIGURATION:	USE_HYPERTHREADING	USE_WEIGHTED_INTERLEAVING	HASH_CONSTANT: 2654435761	THREAD_NUM: 64	AB_HIGH_THREAD_NUM: 22	AB_SIZE: 524288	AB_MIN_NUM: 32768	AB_PRT: 0.850000	AB_DNR	DN_MIN: 256	GUD_ALPHA: 0.500000	GUD_MIN: 256	HYB_THRES: 0.950000
errno: 22
buffer_size: 455719517040
