CONFIGURATION:	USE_HYPERTHREADING	HASH_CONSTANT: 2654435761	THREAD_NUM: 32	AB_HIGH_THREAD_NUM: 16	AB_SIZE: 524288	AB_MIN_NUM: 32768	AB_PRT: 0.900000	AB_DNR	DN_MIN: 256	GUD_ALPHA: 0.500000	GUD_MIN: 256	HYB_THRES: 0.950000
[0;36m0th run	init_time: 0.002431945	symb_time: 0.025880992	mgmt_time: 0.000835340	numc_time: 0.027692923	total_time: 0.056841200
[0m
[0;36m1th run	init_time: 0.002284264	symb_time: 0.025620971	mgmt_time: 0.000184851	numc_time: 0.027508233	total_time: 0.055598319
[0m
[0;32mdataset: g500_17_1	num_trials: 1	thread_num: 32	numa_mask: 1	init_time: 0.002284264	symb_time: 0.025620971	mgmt_time: 0.000184851	numc_time: 0.027508233	total_time: 0.055598319	flop_cnt: 26545040	numc_perf: 964985282.769707561	perf: 477443211.907180071
[0mCONFIGURATION:	USE_HYPERTHREADING	HASH_CONSTANT: 2654435761	THREAD_NUM: 32	AB_HIGH_THREAD_NUM: 16	AB_SIZE: 524288	AB_MIN_NUM: 32768	AB_PRT: 0.900000	AB_DNR	DN_MIN: 256	GUD_ALPHA: 0.500000	GUD_MIN: 256	HYB_THRES: 0.950000
[0;36m0th run	init_time: 0.002453856	symb_time: 0.062608803	mgmt_time: 0.008089499	numc_time: 0.090394714	total_time: 0.163546872
[0m
[0;36m1th run	init_time: 0.002391480	symb_time: 0.062658830	mgmt_time: 0.007220242	numc_time: 0.090000409	total_time: 0.162270961
[0m
[0;32mdataset: g500_17_2	num_trials: 1	thread_num: 32	numa_mask: 1	init_time: 0.002391480	symb_time: 0.062658830	mgmt_time: 0.007220242	numc_time: 0.090000409	total_time: 0.162270961	flop_cnt: 99289164	numc_perf: 1103207919.866230726	perf: 611872656.624003172
[0mCONFIGURATION:	USE_HYPERTHREADING	HASH_CONSTANT: 2654435761	THREAD_NUM: 32	AB_HIGH_THREAD_NUM: 16	AB_SIZE: 524288	AB_MIN_NUM: 32768	AB_PRT: 0.900000	AB_DNR	DN_MIN: 256	GUD_ALPHA: 0.500000	GUD_MIN: 256	HYB_THRES: 0.950000
[0;36m0th run	init_time: 0.002424984	symb_time: 0.152020588	mgmt_time: 0.008207361	numc_time: 0.267123925	total_time: 0.429776858
[0m
[0;36m1th run	init_time: 0.002647060	symb_time: 0.151779484	mgmt_time: 0.007565877	numc_time: 0.267552603	total_time: 0.429545024
[0m
[0;32mdataset: g500_17_4	num_trials: 1	thread_num: 32	numa_mask: 1	init_time: 0.002647060	symb_time: 0.151779484	mgmt_time: 0.007565877	numc_time: 0.267552603	total_time: 0.429545024	flop_cnt: 358726446	numc_perf: 1340769784.998130083	perf: 835131187.551598907
[0mCONFIGURATION:	USE_HYPERTHREADING	HASH_CONSTANT: 2654435761	THREAD_NUM: 32	AB_HIGH_THREAD_NUM: 16	AB_SIZE: 524288	AB_MIN_NUM: 32768	AB_PRT: 0.900000	AB_DNR	DN_MIN: 256	GUD_ALPHA: 0.500000	GUD_MIN: 256	HYB_THRES: 0.950000
[0;36m0th run	init_time: 0.002461599	symb_time: 0.341539376	mgmt_time: 0.008605276	numc_time: 0.722634999	total_time: 1.075241250
[0m
[0;36m1th run	init_time: 0.003047669	symb_time: 0.339811703	mgmt_time: 0.007779252	numc_time: 0.720678249	total_time: 1.071316873
[0m
[0;32mdataset: g500_17_8	num_trials: 1	thread_num: 32	numa_mask: 1	init_time: 0.003047669	symb_time: 0.339811703	mgmt_time: 0.007779252	numc_time: 0.720678249	total_time: 1.071316873	flop_cnt: 1245326524	numc_perf: 1727992381.798663139	perf: 1162425940.807524204
[0mCONFIGURATION:	USE_HYPERTHREADING	HASH_CONSTANT: 2654435761	THREAD_NUM: 32	AB_HIGH_THREAD_NUM: 16	AB_SIZE: 524288	AB_MIN_NUM: 32768	AB_PRT: 0.900000	AB_DNR	DN_MIN: 256	GUD_ALPHA: 0.500000	GUD_MIN: 256	HYB_THRES: 0.950000
[0;36m0th run	init_time: 0.003144105	symb_time: 0.715287663	mgmt_time: 0.009312270	numc_time: 1.791680978	total_time: 2.519425016
[0m
[0;36m1th run	init_time: 0.003666410	symb_time: 0.707059234	mgmt_time: 0.008345539	numc_time: 1.773244828	total_time: 2.492316011
[0m
[0;32mdataset: g500_17_16	num_trials: 1	thread_num: 32	numa_mask: 1	init_time: 0.003666410	symb_time: 0.707059234	mgmt_time: 0.008345539	numc_time: 1.773244828	total_time: 2.492316011	flop_cnt: 4189732618	numc_perf: 2362749098.061940193	perf: 1681059945.652293205
[0mCONFIGURATION:	USE_HYPERTHREADING	HASH_CONSTANT: 2654435761	THREAD_NUM: 32	AB_HIGH_THREAD_NUM: 16	AB_SIZE: 524288	AB_MIN_NUM: 32768	AB_PRT: 0.900000	AB_DNR	DN_MIN: 256	GUD_ALPHA: 0.500000	GUD_MIN: 256	HYB_THRES: 0.950000
[0;36m0th run	init_time: 0.004408683	symb_time: 1.445777991	mgmt_time: 0.010635911	numc_time: 4.260533913	total_time: 5.721356498
[0m
[0;36m1th run	init_time: 0.004965394	symb_time: 1.455415103	mgmt_time: 0.009807930	numc_time: 4.252295923	total_time: 5.722484350
[0m
[0;32mdataset: g500_17_32	num_trials: 1	thread_num: 32	numa_mask: 1	init_time: 0.004965394	symb_time: 1.455415103	mgmt_time: 0.009807930	numc_time: 4.252295923	total_time: 5.722484350	flop_cnt: 13705485276	numc_perf: 3223078902.357003212	perf: 2395023636.193954945
[0mCONFIGURATION:	USE_HYPERTHREADING	HASH_CONSTANT: 2654435761	THREAD_NUM: 32	AB_HIGH_THREAD_NUM: 16	AB_SIZE: 524288	AB_MIN_NUM: 32768	AB_PRT: 0.900000	AB_DNR	DN_MIN: 256	GUD_ALPHA: 0.500000	GUD_MIN: 256	HYB_THRES: 0.950000
[0;36m0th run	init_time: 0.002969223	symb_time: 0.047812568	mgmt_time: 0.008029797	numc_time: 0.066142610	total_time: 0.124954198
[0m
[0;36m1th run	init_time: 0.002851950	symb_time: 0.048504133	mgmt_time: 0.007297682	numc_time: 0.066611115	total_time: 0.125264880
[0m
[0;32mdataset: g500_18_1	num_trials: 1	thread_num: 32	numa_mask: 1	init_time: 0.002851950	symb_time: 0.048504133	mgmt_time: 0.007297682	numc_time: 0.066611115	total_time: 0.125264880	flop_cnt: 63713390	numc_perf: 956497875.767430067	perf: 508629314.138168693
[0mCONFIGURATION:	USE_HYPERTHREADING	HASH_CONSTANT: 2654435761	THREAD_NUM: 32	AB_HIGH_THREAD_NUM: 16	AB_SIZE: 524288	AB_MIN_NUM: 32768	AB_PRT: 0.900000	AB_DNR	DN_MIN: 256	GUD_ALPHA: 0.500000	GUD_MIN: 256	HYB_THRES: 0.950000
[0;36m0th run	init_time: 0.002866426	symb_time: 0.139581401	mgmt_time: 0.008233906	numc_time: 0.219234849	total_time: 0.369916582
[0m
[0;36m1th run	init_time: 0.003219120	symb_time: 0.139383774	mgmt_time: 0.007700995	numc_time: 0.218674086	total_time: 0.368977975
[0m
[0;32mdataset: g500_18_2	num_trials: 1	thread_num: 32	numa_mask: 1	init_time: 0.003219120	symb_time: 0.139383774	mgmt_time: 0.007700995	numc_time: 0.218674086	total_time: 0.368977975	flop_cnt: 231404130	numc_perf: 1058214689.416833639	perf: 627148896.895539641
[0mCONFIGURATION:	USE_HYPERTHREADING	HASH_CONSTANT: 2654435761	THREAD_NUM: 32	AB_HIGH_THREAD_NUM: 16	AB_SIZE: 524288	AB_MIN_NUM: 32768	AB_PRT: 0.900000	AB_DNR	DN_MIN: 256	GUD_ALPHA: 0.500000	GUD_MIN: 256	HYB_THRES: 0.950000
[0;36m0th run	init_time: 0.003164206	symb_time: 0.382449650	mgmt_time: 0.008375686	numc_time: 0.701756196	total_time: 1.095745738
[0m
[0;36m1th run	init_time: 0.003749724	symb_time: 0.380882692	mgmt_time: 0.007903924	numc_time: 0.701559459	total_time: 1.094095799
[0m
[0;32mdataset: g500_18_4	num_trials: 1	thread_num: 32	numa_mask: 1	init_time: 0.003749724	symb_time: 0.380882692	mgmt_time: 0.007903924	numc_time: 0.701559459	total_time: 1.094095799	flop_cnt: 866259112	numc_perf: 1234762215.642794371	perf: 791758009.483043432
[0mCONFIGURATION:	USE_HYPERTHREADING	HASH_CONSTANT: 2654435761	THREAD_NUM: 32	AB_HIGH_THREAD_NUM: 16	AB_SIZE: 524288	AB_MIN_NUM: 32768	AB_PRT: 0.900000	AB_DNR	DN_MIN: 256	GUD_ALPHA: 0.500000	GUD_MIN: 256	HYB_THRES: 0.950000
[0;36m0th run	init_time: 0.004135581	symb_time: 0.966424109	mgmt_time: 0.009765726	numc_time: 2.114455397	total_time: 3.094780813
[0m
[0;36m1th run	init_time: 0.004682646	symb_time: 0.961417308	mgmt_time: 0.008966928	numc_time: 2.113513341	total_time: 3.088580223
[0m
[0;32mdataset: g500_18_8	num_trials: 1	thread_num: 32	numa_mask: 1	init_time: 0.004682646	symb_time: 0.961417308	mgmt_time: 0.008966928	numc_time: 2.113513341	total_time: 3.088580223	flop_cnt: 3197249132	numc_perf: 1512765058.056002140	perf: 1035184097.920062304
[0mCONFIGURATION:	USE_HYPERTHREADING	HASH_CONSTANT: 2654435761	THREAD_NUM: 32	AB_HIGH_THREAD_NUM: 16	AB_SIZE: 524288	AB_MIN_NUM: 32768	AB_PRT: 0.900000	AB_DNR	DN_MIN: 256	GUD_ALPHA: 0.500000	GUD_MIN: 256	HYB_THRES: 0.950000
[0;36m0th run	init_time: 0.006052160	symb_time: 2.274373741	mgmt_time: 0.012005235	numc_time: 6.411077844	total_time: 8.703508980
[0m
[0;36m1th run	init_time: 0.006485372	symb_time: 2.258207348	mgmt_time: 0.010943000	numc_time: 6.370642206	total_time: 8.646277926
[0m
[0;32mdataset: g500_18_16	num_trials: 1	thread_num: 32	numa_mask: 1	init_time: 0.006485372	symb_time: 2.258207348	mgmt_time: 0.010943000	numc_time: 6.370642206	total_time: 8.646277926	flop_cnt: 11359799604	numc_perf: 1783148266.167123556	perf: 1313836971.379353762
[0mCONFIGURATION:	USE_HYPERTHREADING	HASH_CONSTANT: 2654435761	THREAD_NUM: 32	AB_HIGH_THREAD_NUM: 16	AB_SIZE: 524288	AB_MIN_NUM: 32768	AB_PRT: 0.900000	AB_DNR	DN_MIN: 256	GUD_ALPHA: 0.500000	GUD_MIN: 256	HYB_THRES: 0.950000
[0;36m0th run	init_time: 0.009549050	symb_time: 5.069295510	mgmt_time: 0.015839466	numc_time: 18.878637843	total_time: 23.973321869
[0m
[0;36m1th run	init_time: 0.009626116	symb_time: 5.075646020	mgmt_time: 0.015311960	numc_time: 18.938132163	total_time: 24.038716259
[0m
[0;32mdataset: g500_18_32	num_trials: 1	thread_num: 32	numa_mask: 1	init_time: 0.009626116	symb_time: 5.075646020	mgmt_time: 0.015311960	numc_time: 18.938132163	total_time: 24.038716259	flop_cnt: 36733901550	numc_perf: 1939679226.749094725	perf: 1528114112.010743380
[0mCONFIGURATION:	USE_HYPERTHREADING	HASH_CONSTANT: 2654435761	THREAD_NUM: 32	AB_HIGH_THREAD_NUM: 16	AB_SIZE: 524288	AB_MIN_NUM: 32768	AB_PRT: 0.900000	AB_DNR	DN_MIN: 256	GUD_ALPHA: 0.500000	GUD_MIN: 256	HYB_THRES: 0.950000
[0;36m0th run	init_time: 0.003895003	symb_time: 0.111815101	mgmt_time: 0.008360113	numc_time: 0.174563076	total_time: 0.298633293
[0m
[0;36m1th run	init_time: 0.004369722	symb_time: 0.111693163	mgmt_time: 0.007579490	numc_time: 0.174193175	total_time: 0.297835550
[0m
[0;32mdataset: g500_19_1	num_trials: 1	thread_num: 32	numa_mask: 1	init_time: 0.004369722	symb_time: 0.111693163	mgmt_time: 0.007579490	numc_time: 0.174193175	total_time: 0.297835550	flop_cnt: 166344542	numc_perf: 954942936.197127104	perf: 558511373.138633013
[0mCONFIGURATION:	USE_HYPERTHREADING	HASH_CONSTANT: 2654435761	THREAD_NUM: 32	AB_HIGH_THREAD_NUM: 16	AB_SIZE: 524288	AB_MIN_NUM: 32768	AB_PRT: 0.900000	AB_DNR	DN_MIN: 256	GUD_ALPHA: 0.500000	GUD_MIN: 256	HYB_THRES: 0.950000
[0;36m0th run	init_time: 0.004364160	symb_time: 0.367355391	mgmt_time: 0.008266109	numc_time: 0.618719517	total_time: 0.998705177
[0m
[0;36m1th run	init_time: 0.004967636	symb_time: 0.365922210	mgmt_time: 0.007901216	numc_time: 0.615366365	total_time: 0.994157427
[0m
[0;32mdataset: g500_19_2	num_trials: 1	thread_num: 32	numa_mask: 1	init_time: 0.004967636	symb_time: 0.365922210	mgmt_time: 0.007901216	numc_time: 0.615366365	total_time: 0.994157427	flop_cnt: 633825774	numc_perf: 1029997429.255009651	perf: 637550710.567693591
[0mCONFIGURATION:	USE_HYPERTHREADING	HASH_CONSTANT: 2654435761	THREAD_NUM: 32	AB_HIGH_THREAD_NUM: 16	AB_SIZE: 524288	AB_MIN_NUM: 32768	AB_PRT: 0.900000	AB_DNR	DN_MIN: 256	GUD_ALPHA: 0.500000	GUD_MIN: 256	HYB_THRES: 0.950000
[0;36m0th run	init_time: 0.005401300	symb_time: 1.049132949	mgmt_time: 0.009411767	numc_time: 1.973760494	total_time: 3.037706510
[0m
[0;36m1th run	init_time: 0.005876272	symb_time: 1.047424604	mgmt_time: 0.008729421	numc_time: 1.967653855	total_time: 3.029684152
[0m
[0;32mdataset: g500_19_4	num_trials: 1	thread_num: 32	numa_mask: 1	init_time: 0.005876272	symb_time: 1.047424604	mgmt_time: 0.008729421	numc_time: 1.967653855	total_time: 3.029684152	flop_cnt: 2214702680	numc_perf: 1125555022.989549160	perf: 731001176.653347731
[0mCONFIGURATION:	USE_HYPERTHREADING	HASH_CONSTANT: 2654435761	THREAD_NUM: 32	AB_HIGH_THREAD_NUM: 16	AB_SIZE: 524288	AB_MIN_NUM: 32768	AB_PRT: 0.900000	AB_DNR	DN_MIN: 256	GUD_ALPHA: 0.500000	GUD_MIN: 256	HYB_THRES: 0.950000
[0;36m0th run	init_time: 0.007930108	symb_time: 2.860739343	mgmt_time: 0.011931886	numc_time: 6.618118218	total_time: 9.498719555
[0m
[0;36m1th run	init_time: 0.008446821	symb_time: 2.857386307	mgmt_time: 0.011312316	numc_time: 6.611302549	total_time: 9.488447993
[0m
[0;32mdataset: g500_19_8	num_trials: 1	thread_num: 32	numa_mask: 1	init_time: 0.008446821	symb_time: 2.857386307	mgmt_time: 0.011312316	numc_time: 6.611302549	total_time: 9.488447993	flop_cnt: 8006120556	numc_perf: 1210974765.813882589	perf: 843775563.917979836
[0mCONFIGURATION:	USE_HYPERTHREADING	HASH_CONSTANT: 2654435761	THREAD_NUM: 32	AB_HIGH_THREAD_NUM: 16	AB_SIZE: 524288	AB_MIN_NUM: 32768	AB_PRT: 0.900000	AB_DNR	DN_MIN: 256	GUD_ALPHA: 0.500000	GUD_MIN: 256	HYB_THRES: 0.950000
[0;36m0th run	init_time: 0.012874785	symb_time: 7.674221536	mgmt_time: 0.017663609	numc_time: 24.283103820	total_time: 31.987863750
[0m
[0;36m1th run	init_time: 0.013383172	symb_time: 7.638726255	mgmt_time: 0.016904918	numc_time: 24.357178473	total_time: 32.026192818
[0m
[0;32mdataset: g500_19_16	num_trials: 1	thread_num: 32	numa_mask: 1	init_time: 0.013383172	symb_time: 7.638726255	mgmt_time: 0.016904918	numc_time: 24.357178473	total_time: 32.026192818	flop_cnt: 28930196662	numc_perf: 1187748272.816952229	perf: 903329247.606979847
[0mCONFIGURATION:	USE_HYPERTHREADING	HASH_CONSTANT: 2654435761	THREAD_NUM: 32	AB_HIGH_THREAD_NUM: 16	AB_SIZE: 524288	AB_MIN_NUM: 32768	AB_PRT: 0.900000	AB_DNR	DN_MIN: 256	GUD_ALPHA: 0.500000	GUD_MIN: 256	HYB_THRES: 0.950000
[0;36m0th run	init_time: 0.006597659	symb_time: 0.268841082	mgmt_time: 0.008709857	numc_time: 0.437612834	total_time: 0.721761432
[0m
[0;36m1th run	init_time: 0.007264814	symb_time: 0.268715799	mgmt_time: 0.007817959	numc_time: 0.437134292	total_time: 0.720932864
[0m
[0;32mdataset: g500_20_1	num_trials: 1	thread_num: 32	numa_mask: 1	init_time: 0.007264814	symb_time: 0.268715799	mgmt_time: 0.007817959	numc_time: 0.437134292	total_time: 0.720932864	flop_cnt: 405457504	numc_perf: 927535339.643406391	perf: 562406743.050071239
[0mCONFIGURATION:	USE_HYPERTHREADING	HASH_CONSTANT: 2654435761	THREAD_NUM: 32	AB_HIGH_THREAD_NUM: 16	AB_SIZE: 524288	AB_MIN_NUM: 32768	AB_PRT: 0.900000	AB_DNR	DN_MIN: 256	GUD_ALPHA: 0.500000	GUD_MIN: 256	HYB_THRES: 0.950000
[0;36m0th run	init_time: 0.008075131	symb_time: 0.981957904	mgmt_time: 0.009615763	numc_time: 1.676608620	total_time: 2.676257418
[0m
[0;36m1th run	init_time: 0.008897546	symb_time: 0.980835444	mgmt_time: 0.008955444	numc_time: 1.676822858	total_time: 2.675511292
[0m
[0;32mdataset: g500_20_2	num_trials: 1	thread_num: 32	numa_mask: 1	init_time: 0.008897546	symb_time: 0.980835444	mgmt_time: 0.008955444	numc_time: 1.676822858	total_time: 2.675511292	flop_cnt: 1621860284	numc_perf: 967222194.200313091	perf: 606187045.014347911
[0mCONFIGURATION:	USE_HYPERTHREADING	HASH_CONSTANT: 2654435761	THREAD_NUM: 32	AB_HIGH_THREAD_NUM: 16	AB_SIZE: 524288	AB_MIN_NUM: 32768	AB_PRT: 0.900000	AB_DNR	DN_MIN: 256	GUD_ALPHA: 0.500000	GUD_MIN: 256	HYB_THRES: 0.950000
[0;36m0th run	init_time: 0.011049912	symb_time: 3.091975835	mgmt_time: 0.012494631	numc_time: 5.950016225	total_time: 9.065536603
[0m
[0;36m1th run	init_time: 0.011990309	symb_time: 3.084646737	mgmt_time: 0.011449196	numc_time: 5.957149061	total_time: 9.065235303
[0m
[0;32mdataset: g500_20_4	num_trials: 1	thread_num: 32	numa_mask: 1	init_time: 0.011990309	symb_time: 3.084646737	mgmt_time: 0.011449196	numc_time: 5.957149061	total_time: 9.065235303	flop_cnt: 6063756842	numc_perf: 1017895771.938616633	perf: 668902310.786493659
[0mCONFIGURATION:	USE_HYPERTHREADING	HASH_CONSTANT: 2654435761	THREAD_NUM: 32	AB_HIGH_THREAD_NUM: 16	AB_SIZE: 524288	AB_MIN_NUM: 32768	AB_PRT: 0.900000	AB_DNR	DN_MIN: 256	GUD_ALPHA: 0.500000	GUD_MIN: 256	HYB_THRES: 0.950000
[0;36m0th run	init_time: 0.018246172	symb_time: 9.147038301	mgmt_time: 0.020126173	numc_time: 21.669910741	total_time: 30.855321387
[0m
[0;36m1th run	init_time: 0.018826138	symb_time: 9.105208324	mgmt_time: 0.019321581	numc_time: 21.697382403	total_time: 30.840738446
[0m
[0;32mdataset: g500_20_8	num_trials: 1	thread_num: 32	numa_mask: 1	init_time: 0.018826138	symb_time: 9.105208324	mgmt_time: 0.019321581	numc_time: 21.697382403	total_time: 30.840738446	flop_cnt: 21344490376	numc_perf: 983735732.705194592	perf: 692087526.158711433
[0mmmap: Cannot allocate memory
CONFIGURATION:	USE_HYPERTHREADING	HASH_CONSTANT: 2654435761	THREAD_NUM: 32	AB_HIGH_THREAD_NUM: 16	AB_SIZE: 524288	AB_MIN_NUM: 32768	AB_PRT: 0.900000	AB_DNR	DN_MIN: 256	GUD_ALPHA: 0.500000	GUD_MIN: 256	HYB_THRES: 0.950000
errno: 22
buffer_size: 455719517040
