CONFIGURATION:	USE_HYPERTHREADING	HASH_CONSTANT: 2654435761	THREAD_NUM: 32	AB_HIGH_THREAD_NUM: 22	AB_SIZE: 524288	AB_MIN_NUM: 32768	AB_PRT: 0.850000	AB_DNR	DN_MIN: 256	GUD_ALPHA: 0.500000	GUD_MIN: 256	HYB_THRES: 0.950000
[0;36m0th run	init_time: 0.002611606	symb_time: 0.026112134	mgmt_time: 0.000811950	numc_time: 0.019793734	total_time: 0.049329424
[0m
[0;36m1th run	init_time: 0.002300836	symb_time: 0.025524107	mgmt_time: 0.000176078	numc_time: 0.019601166	total_time: 0.047602187
[0m
[0;32mdataset: g500_17_1	num_trials: 1	thread_num: 32	numa_mask: 1	init_time: 0.002300836	symb_time: 0.025524107	mgmt_time: 0.000176078	numc_time: 0.019601166	total_time: 0.047602187	flop_cnt: 26545040	numc_perf: 1354258210.965612888	perf: 557643286.431356549
[0mCONFIGURATION:	USE_HYPERTHREADING	HASH_CONSTANT: 2654435761	THREAD_NUM: 32	AB_HIGH_THREAD_NUM: 22	AB_SIZE: 524288	AB_MIN_NUM: 32768	AB_PRT: 0.850000	AB_DNR	DN_MIN: 256	GUD_ALPHA: 0.500000	GUD_MIN: 256	HYB_THRES: 0.950000
[0;36m0th run	init_time: 0.002486831	symb_time: 0.062502096	mgmt_time: 0.008186786	numc_time: 0.067831980	total_time: 0.141007693
[0m
[0;36m1th run	init_time: 0.002435138	symb_time: 0.062543440	mgmt_time: 0.007386453	numc_time: 0.067510071	total_time: 0.139875102
[0m
[0;32mdataset: g500_17_2	num_trials: 1	thread_num: 32	numa_mask: 1	init_time: 0.002435138	symb_time: 0.062543440	mgmt_time: 0.007386453	numc_time: 0.067510071	total_time: 0.139875102	flop_cnt: 99289164	numc_perf: 1470731144.690989733	perf: 709841584.244206548
[0mCONFIGURATION:	USE_HYPERTHREADING	HASH_CONSTANT: 2654435761	THREAD_NUM: 32	AB_HIGH_THREAD_NUM: 22	AB_SIZE: 524288	AB_MIN_NUM: 32768	AB_PRT: 0.850000	AB_DNR	DN_MIN: 256	GUD_ALPHA: 0.500000	GUD_MIN: 256	HYB_THRES: 0.950000
[0;36m0th run	init_time: 0.002653263	symb_time: 0.152104203	mgmt_time: 0.008341141	numc_time: 0.255437732	total_time: 0.418536339
[0m
[0;36m1th run	init_time: 0.002627225	symb_time: 0.152017338	mgmt_time: 0.007648527	numc_time: 0.255732533	total_time: 0.418025623
[0m
[0;32mdataset: g500_17_4	num_trials: 1	thread_num: 32	numa_mask: 1	init_time: 0.002627225	symb_time: 0.152017338	mgmt_time: 0.007648527	numc_time: 0.255732533	total_time: 0.418025623	flop_cnt: 358726446	numc_perf: 1402740753.363593102	perf: 858144635.789466858
[0mCONFIGURATION:	USE_HYPERTHREADING	HASH_CONSTANT: 2654435761	THREAD_NUM: 32	AB_HIGH_THREAD_NUM: 22	AB_SIZE: 524288	AB_MIN_NUM: 32768	AB_PRT: 0.850000	AB_DNR	DN_MIN: 256	GUD_ALPHA: 0.500000	GUD_MIN: 256	HYB_THRES: 0.950000
[0;36m0th run	init_time: 0.002451935	symb_time: 0.342072240	mgmt_time: 0.008571942	numc_time: 1.122180154	total_time: 1.475276271
[0m
[0;36m1th run	init_time: 0.002934226	symb_time: 0.340181673	mgmt_time: 0.008057254	numc_time: 1.117953233	total_time: 1.469126386
[0m
[0;32mdataset: g500_17_8	num_trials: 1	thread_num: 32	numa_mask: 1	init_time: 0.002934226	symb_time: 0.340181673	mgmt_time: 0.008057254	numc_time: 1.117953233	total_time: 1.469126386	flop_cnt: 1245326524	numc_perf: 1113934364.372467518	perf: 847664663.753442407
[0mCONFIGURATION:	USE_HYPERTHREADING	HASH_CONSTANT: 2654435761	THREAD_NUM: 32	AB_HIGH_THREAD_NUM: 22	AB_SIZE: 524288	AB_MIN_NUM: 32768	AB_PRT: 0.850000	AB_DNR	DN_MIN: 256	GUD_ALPHA: 0.500000	GUD_MIN: 256	HYB_THRES: 0.950000
[0;36m0th run	init_time: 0.003112703	symb_time: 0.711506213	mgmt_time: 0.009378096	numc_time: 5.132739777	total_time: 5.856736789
[0m
[0;36m1th run	init_time: 0.003728651	symb_time: 0.707096693	mgmt_time: 0.008757916	numc_time: 5.131554320	total_time: 5.851137580
[0m
[0;32mdataset: g500_17_16	num_trials: 1	thread_num: 32	numa_mask: 1	init_time: 0.003728651	symb_time: 0.707096693	mgmt_time: 0.008757916	numc_time: 5.131554320	total_time: 5.851137580	flop_cnt: 4189732618	numc_perf: 816464633.662885904	perf: 716054367.328686118
[0mCONFIGURATION:	USE_HYPERTHREADING	HASH_CONSTANT: 2654435761	THREAD_NUM: 32	AB_HIGH_THREAD_NUM: 22	AB_SIZE: 524288	AB_MIN_NUM: 32768	AB_PRT: 0.850000	AB_DNR	DN_MIN: 256	GUD_ALPHA: 0.500000	GUD_MIN: 256	HYB_THRES: 0.950000
[0;36m0th run	init_time: 0.004388631	symb_time: 1.443092972	mgmt_time: 0.010406618	numc_time: 21.282828382	total_time: 22.740716603
[0m
[0;36m1th run	init_time: 0.005038989	symb_time: 1.447486392	mgmt_time: 0.009884994	numc_time: 21.306468777	total_time: 22.768879152
[0m
[0;32mdataset: g500_17_32	num_trials: 1	thread_num: 32	numa_mask: 1	init_time: 0.005038989	symb_time: 1.447486392	mgmt_time: 0.009884994	numc_time: 21.306468777	total_time: 22.768879152	flop_cnt: 13705485276	numc_perf: 643254657.514850974	perf: 601939392.119621396
[0mCONFIGURATION:	USE_HYPERTHREADING	HASH_CONSTANT: 2654435761	THREAD_NUM: 32	AB_HIGH_THREAD_NUM: 22	AB_SIZE: 524288	AB_MIN_NUM: 32768	AB_PRT: 0.850000	AB_DNR	DN_MIN: 256	GUD_ALPHA: 0.500000	GUD_MIN: 256	HYB_THRES: 0.950000
[0;36m0th run	init_time: 0.002896364	symb_time: 0.047384744	mgmt_time: 0.007983813	numc_time: 0.043655902	total_time: 0.101920823
[0m
[0;36m1th run	init_time: 0.003275950	symb_time: 0.047923316	mgmt_time: 0.007319692	numc_time: 0.044429326	total_time: 0.102948284
[0m
[0;32mdataset: g500_18_1	num_trials: 1	thread_num: 32	numa_mask: 1	init_time: 0.003275950	symb_time: 0.047923316	mgmt_time: 0.007319692	numc_time: 0.044429326	total_time: 0.102948284	flop_cnt: 63713390	numc_perf: 1434039084.905316591	perf: 618887343.474321485
[0mCONFIGURATION:	USE_HYPERTHREADING	HASH_CONSTANT: 2654435761	THREAD_NUM: 32	AB_HIGH_THREAD_NUM: 22	AB_SIZE: 524288	AB_MIN_NUM: 32768	AB_PRT: 0.850000	AB_DNR	DN_MIN: 256	GUD_ALPHA: 0.500000	GUD_MIN: 256	HYB_THRES: 0.950000
[0;36m0th run	init_time: 0.002899142	symb_time: 0.139367288	mgmt_time: 0.008331329	numc_time: 0.152658999	total_time: 0.303256758
[0m
[0;36m1th run	init_time: 0.003277060	symb_time: 0.140004183	mgmt_time: 0.007612387	numc_time: 0.154064009	total_time: 0.304957639
[0m
[0;32mdataset: g500_18_2	num_trials: 1	thread_num: 32	numa_mask: 1	init_time: 0.003277060	symb_time: 0.140004183	mgmt_time: 0.007612387	numc_time: 0.154064009	total_time: 0.304957639	flop_cnt: 231404130	numc_perf: 1501999925.238866091	perf: 758807455.221674204
[0mCONFIGURATION:	USE_HYPERTHREADING	HASH_CONSTANT: 2654435761	THREAD_NUM: 32	AB_HIGH_THREAD_NUM: 22	AB_SIZE: 524288	AB_MIN_NUM: 32768	AB_PRT: 0.850000	AB_DNR	DN_MIN: 256	GUD_ALPHA: 0.500000	GUD_MIN: 256	HYB_THRES: 0.950000
[0;36m0th run	init_time: 0.003436709	symb_time: 0.382632960	mgmt_time: 0.008756387	numc_time: 0.677492638	total_time: 1.072318694
[0m
[0;36m1th run	init_time: 0.003702779	symb_time: 0.381055215	mgmt_time: 0.007965552	numc_time: 0.676345140	total_time: 1.069068686
[0m
[0;32mdataset: g500_18_4	num_trials: 1	thread_num: 32	numa_mask: 1	init_time: 0.003702779	symb_time: 0.381055215	mgmt_time: 0.007965552	numc_time: 0.676345140	total_time: 1.069068686	flop_cnt: 866259112	numc_perf: 1280794465.381979465	perf: 810293223.760180354
[0mCONFIGURATION:	USE_HYPERTHREADING	HASH_CONSTANT: 2654435761	THREAD_NUM: 32	AB_HIGH_THREAD_NUM: 22	AB_SIZE: 524288	AB_MIN_NUM: 32768	AB_PRT: 0.850000	AB_DNR	DN_MIN: 256	GUD_ALPHA: 0.500000	GUD_MIN: 256	HYB_THRES: 0.950000
[0;36m0th run	init_time: 0.004130694	symb_time: 0.964595769	mgmt_time: 0.009298587	numc_time: 3.331011852	total_time: 4.309036902
[0m
[0;36m1th run	init_time: 0.004573572	symb_time: 0.962808615	mgmt_time: 0.008857158	numc_time: 3.329627328	total_time: 4.305866673
[0m
[0;32mdataset: g500_18_8	num_trials: 1	thread_num: 32	numa_mask: 1	init_time: 0.004573572	symb_time: 0.962808615	mgmt_time: 0.008857158	numc_time: 3.329627328	total_time: 4.305866673	flop_cnt: 3197249132	numc_perf: 960242338.568408132	perf: 742533240.067185044
[0mCONFIGURATION:	USE_HYPERTHREADING	HASH_CONSTANT: 2654435761	THREAD_NUM: 32	AB_HIGH_THREAD_NUM: 22	AB_SIZE: 524288	AB_MIN_NUM: 32768	AB_PRT: 0.850000	AB_DNR	DN_MIN: 256	GUD_ALPHA: 0.500000	GUD_MIN: 256	HYB_THRES: 0.950000
[0;36m0th run	init_time: 0.006226294	symb_time: 2.279048968	mgmt_time: 0.011973815	numc_time: 15.700553252	total_time: 17.997802329
[0m
[0;36m1th run	init_time: 0.006597797	symb_time: 2.260314032	mgmt_time: 0.010806855	numc_time: 15.701167945	total_time: 17.978886629
[0m
[0;32mdataset: g500_18_16	num_trials: 1	thread_num: 32	numa_mask: 1	init_time: 0.006597797	symb_time: 2.260314032	mgmt_time: 0.010806855	numc_time: 15.701167945	total_time: 17.978886629	flop_cnt: 11359799604	numc_perf: 723500292.703862309	perf: 631841105.537459016
[0mCONFIGURATION:	USE_HYPERTHREADING	HASH_CONSTANT: 2654435761	THREAD_NUM: 32	AB_HIGH_THREAD_NUM: 22	AB_SIZE: 524288	AB_MIN_NUM: 32768	AB_PRT: 0.850000	AB_DNR	DN_MIN: 256	GUD_ALPHA: 0.500000	GUD_MIN: 256	HYB_THRES: 0.950000
[0;36m0th run	init_time: 0.009279592	symb_time: 5.099224513	mgmt_time: 0.015117681	numc_time: 60.435188060	total_time: 65.558809846
[0m
[0;36m1th run	init_time: 0.009689710	symb_time: 5.061351137	mgmt_time: 0.014563434	numc_time: 60.459475858	total_time: 65.545080139
[0m
[0;32mdataset: g500_18_32	num_trials: 1	thread_num: 32	numa_mask: 1	init_time: 0.009689710	symb_time: 5.061351137	mgmt_time: 0.014563434	numc_time: 60.459475858	total_time: 65.545080139	flop_cnt: 36733901550	numc_perf: 607578895.263270259	perf: 560437205.540053248
[0mCONFIGURATION:	USE_HYPERTHREADING	HASH_CONSTANT: 2654435761	THREAD_NUM: 32	AB_HIGH_THREAD_NUM: 22	AB_SIZE: 524288	AB_MIN_NUM: 32768	AB_PRT: 0.850000	AB_DNR	DN_MIN: 256	GUD_ALPHA: 0.500000	GUD_MIN: 256	HYB_THRES: 0.950000
[0;36m0th run	init_time: 0.003795538	symb_time: 0.111635772	mgmt_time: 0.008098556	numc_time: 0.110234779	total_time: 0.233764645
[0m
[0;36m1th run	init_time: 0.004375276	symb_time: 0.111417497	mgmt_time: 0.007564554	numc_time: 0.111020027	total_time: 0.234377354
[0m
[0;32mdataset: g500_19_1	num_trials: 1	thread_num: 32	numa_mask: 1	init_time: 0.004375276	symb_time: 0.111417497	mgmt_time: 0.007564554	numc_time: 0.111020027	total_time: 0.234377354	flop_cnt: 166344542	numc_perf: 1498329143.803937197	perf: 709729584.198650837
[0mCONFIGURATION:	USE_HYPERTHREADING	HASH_CONSTANT: 2654435761	THREAD_NUM: 32	AB_HIGH_THREAD_NUM: 22	AB_SIZE: 524288	AB_MIN_NUM: 32768	AB_PRT: 0.850000	AB_DNR	DN_MIN: 256	GUD_ALPHA: 0.500000	GUD_MIN: 256	HYB_THRES: 0.950000
[0;36m0th run	init_time: 0.004286338	symb_time: 0.367660341	mgmt_time: 0.008485050	numc_time: 0.450296769	total_time: 0.830728498
[0m
[0;36m1th run	init_time: 0.005128175	symb_time: 0.366734149	mgmt_time: 0.008033954	numc_time: 0.451031549	total_time: 0.830927827
[0m
[0;32mdataset: g500_19_2	num_trials: 1	thread_num: 32	numa_mask: 1	init_time: 0.005128175	symb_time: 0.366734149	mgmt_time: 0.008033954	numc_time: 0.451031549	total_time: 0.830927827	flop_cnt: 633825774	numc_perf: 1405280352.128981352	perf: 762792812.329295158
[0mCONFIGURATION:	USE_HYPERTHREADING	HASH_CONSTANT: 2654435761	THREAD_NUM: 32	AB_HIGH_THREAD_NUM: 22	AB_SIZE: 524288	AB_MIN_NUM: 32768	AB_PRT: 0.850000	AB_DNR	DN_MIN: 256	GUD_ALPHA: 0.500000	GUD_MIN: 256	HYB_THRES: 0.950000
[0;36m0th run	init_time: 0.005364778	symb_time: 1.048809239	mgmt_time: 0.009728612	numc_time: 1.933874249	total_time: 2.997776878
[0m
[0;36m1th run	init_time: 0.006030355	symb_time: 1.047410691	mgmt_time: 0.009019565	numc_time: 1.931868992	total_time: 2.994329603
[0m
[0;32mdataset: g500_19_4	num_trials: 1	thread_num: 32	numa_mask: 1	init_time: 0.006030355	symb_time: 1.047410691	mgmt_time: 0.009019565	numc_time: 1.931868992	total_time: 2.994329603	flop_cnt: 2214702680	numc_perf: 1146404176.044666290	perf: 739632229.458341241
[0mCONFIGURATION:	USE_HYPERTHREADING	HASH_CONSTANT: 2654435761	THREAD_NUM: 32	AB_HIGH_THREAD_NUM: 22	AB_SIZE: 524288	AB_MIN_NUM: 32768	AB_PRT: 0.850000	AB_DNR	DN_MIN: 256	GUD_ALPHA: 0.500000	GUD_MIN: 256	HYB_THRES: 0.950000
[0;36m0th run	init_time: 0.007807753	symb_time: 2.863140382	mgmt_time: 0.012070907	numc_time: 9.325463713	total_time: 12.208482755
[0m
[0;36m1th run	init_time: 0.008335569	symb_time: 2.857881088	mgmt_time: 0.011469659	numc_time: 9.533041107	total_time: 12.410727423
[0m
[0;32mdataset: g500_19_8	num_trials: 1	thread_num: 32	numa_mask: 1	init_time: 0.008335569	symb_time: 2.857881088	mgmt_time: 0.011469659	numc_time: 9.533041107	total_time: 12.410727423	flop_cnt: 8006120556	numc_perf: 839828598.884483933	perf: 645096800.785647154
[0mCONFIGURATION:	USE_HYPERTHREADING	HASH_CONSTANT: 2654435761	THREAD_NUM: 32	AB_HIGH_THREAD_NUM: 22	AB_SIZE: 524288	AB_MIN_NUM: 32768	AB_PRT: 0.850000	AB_DNR	DN_MIN: 256	GUD_ALPHA: 0.500000	GUD_MIN: 256	HYB_THRES: 0.950000
[0;36m0th run	init_time: 0.012980902	symb_time: 7.656041669	mgmt_time: 0.018584854	numc_time: 43.475829019	total_time: 51.163436444
[0m
[0;36m1th run	init_time: 0.013410811	symb_time: 7.655507393	mgmt_time: 0.016682132	numc_time: 43.512952567	total_time: 51.198552903
[0m
[0;32mdataset: g500_19_16	num_trials: 1	thread_num: 32	numa_mask: 1	init_time: 0.013410811	symb_time: 7.655507393	mgmt_time: 0.016682132	numc_time: 43.512952567	total_time: 51.198552903	flop_cnt: 28930196662	numc_perf: 664864022.211641669	perf: 565058874.160187960
[0mCONFIGURATION:	USE_HYPERTHREADING	HASH_CONSTANT: 2654435761	THREAD_NUM: 32	AB_HIGH_THREAD_NUM: 22	AB_SIZE: 524288	AB_MIN_NUM: 32768	AB_PRT: 0.850000	AB_DNR	DN_MIN: 256	GUD_ALPHA: 0.500000	GUD_MIN: 256	HYB_THRES: 0.950000
[0;36m0th run	init_time: 0.006521205	symb_time: 0.268737992	mgmt_time: 0.008524652	numc_time: 0.272768610	total_time: 0.556552459
[0m
[0;36m1th run	init_time: 0.007234037	symb_time: 0.269006599	mgmt_time: 0.008080017	numc_time: 0.273537505	total_time: 0.557858158
[0m
[0;32mdataset: g500_20_1	num_trials: 1	thread_num: 32	numa_mask: 1	init_time: 0.007234037	symb_time: 0.269006599	mgmt_time: 0.008080017	numc_time: 0.273537505	total_time: 0.557858158	flop_cnt: 405457504	numc_perf: 1482273898.784008026	perf: 726811104.553211570
[0mCONFIGURATION:	USE_HYPERTHREADING	HASH_CONSTANT: 2654435761	THREAD_NUM: 32	AB_HIGH_THREAD_NUM: 22	AB_SIZE: 524288	AB_MIN_NUM: 32768	AB_PRT: 0.850000	AB_DNR	DN_MIN: 256	GUD_ALPHA: 0.500000	GUD_MIN: 256	HYB_THRES: 0.950000
[0;36m0th run	init_time: 0.008007775	symb_time: 0.980262618	mgmt_time: 0.009404573	numc_time: 1.277394424	total_time: 2.275069390
[0m
[0;36m1th run	init_time: 0.008870509	symb_time: 0.977830306	mgmt_time: 0.008944015	numc_time: 1.290946303	total_time: 2.286591133
[0m
[0;32mdataset: g500_20_2	num_trials: 1	thread_num: 32	numa_mask: 1	init_time: 0.008870509	symb_time: 0.977830306	mgmt_time: 0.008944015	numc_time: 1.290946303	total_time: 2.286591133	flop_cnt: 1621860284	numc_perf: 1256334427.102813244	perf: 709291775.251539946
[0mCONFIGURATION:	USE_HYPERTHREADING	HASH_CONSTANT: 2654435761	THREAD_NUM: 32	AB_HIGH_THREAD_NUM: 22	AB_SIZE: 524288	AB_MIN_NUM: 32768	AB_PRT: 0.850000	AB_DNR	DN_MIN: 256	GUD_ALPHA: 0.500000	GUD_MIN: 256	HYB_THRES: 0.950000
[0;36m0th run	init_time: 0.011593045	symb_time: 3.088774653	mgmt_time: 0.012218639	numc_time: 6.163428522	total_time: 9.276014859
[0m
[0;36m1th run	init_time: 0.012356806	symb_time: 3.090633382	mgmt_time: 0.011719505	numc_time: 6.194939691	total_time: 9.309649384
[0m
[0;32mdataset: g500_20_4	num_trials: 1	thread_num: 32	numa_mask: 1	init_time: 0.012356806	symb_time: 3.090633382	mgmt_time: 0.011719505	numc_time: 6.194939691	total_time: 9.309649384	flop_cnt: 6063756842	numc_perf: 978824192.721265316	perf: 651341053.984423637
[0mCONFIGURATION:	USE_HYPERTHREADING	HASH_CONSTANT: 2654435761	THREAD_NUM: 32	AB_HIGH_THREAD_NUM: 22	AB_SIZE: 524288	AB_MIN_NUM: 32768	AB_PRT: 0.850000	AB_DNR	DN_MIN: 256	GUD_ALPHA: 0.500000	GUD_MIN: 256	HYB_THRES: 0.950000
[0;36m0th run	init_time: 0.018272966	symb_time: 9.123179677	mgmt_time: 0.019804101	numc_time: 28.226767903	total_time: 37.388024647
[0m
[0;36m1th run	init_time: 0.018947147	symb_time: 9.134687100	mgmt_time: 0.016838919	numc_time: 28.343060960	total_time: 37.513534126
[0m
[0;32mdataset: g500_20_8	num_trials: 1	thread_num: 32	numa_mask: 1	init_time: 0.018947147	symb_time: 9.134687100	mgmt_time: 0.016838919	numc_time: 28.343060960	total_time: 37.513534126	flop_cnt: 21344490376	numc_perf: 753076402.232033372	perf: 568981059.057469487
[0mmmap: Cannot allocate memory
CONFIGURATION:	USE_HYPERTHREADING	HASH_CONSTANT: 2654435761	THREAD_NUM: 32	AB_HIGH_THREAD_NUM: 22	AB_SIZE: 524288	AB_MIN_NUM: 32768	AB_PRT: 0.850000	AB_DNR	DN_MIN: 256	GUD_ALPHA: 0.500000	GUD_MIN: 256	HYB_THRES: 0.950000
errno: 22
buffer_size: 455719517040
