CONFIGURATION:	USE_HYPERTHREADING	USE_WEIGHTED_INTERLEAVING	HASH_CONSTANT: 2654435761	THREAD_NUM: 64	AB_HIGH_THREAD_NUM: 16	AB_SIZE: 524288	AB_MIN_NUM: 32768	AB_PRT: 0.900000	AB_DNR	DN_MIN: 256	GUD_ALPHA: 0.500000	GUD_MIN: 256	HYB_THRES: 0.950000
[0;36m0th run	init_time: 0.004642955	symb_time: 0.029757967	mgmt_time: 0.001648326	numc_time: 0.022524382	total_time: 0.058573630
[0m
[0;36m1th run	init_time: 0.004079374	symb_time: 0.029391380	mgmt_time: 0.000248699	numc_time: 0.022524712	total_time: 0.056244165
[0m
[0;32mdataset: g500_17_1	num_trials: 1	thread_num: 64	numa_mask: 6	init_time: 0.004079374	symb_time: 0.029391380	mgmt_time: 0.000248699	numc_time: 0.022524712	total_time: 0.056244165	flop_cnt: 26545040	numc_perf: 1178485212.152767897	perf: 471960780.287163973
[0mCONFIGURATION:	USE_HYPERTHREADING	USE_WEIGHTED_INTERLEAVING	HASH_CONSTANT: 2654435761	THREAD_NUM: 64	AB_HIGH_THREAD_NUM: 16	AB_SIZE: 524288	AB_MIN_NUM: 32768	AB_PRT: 0.900000	AB_DNR	DN_MIN: 256	GUD_ALPHA: 0.500000	GUD_MIN: 256	HYB_THRES: 0.950000
[0;36m0th run	init_time: 0.004669480	symb_time: 0.066685168	mgmt_time: 0.012271102	numc_time: 0.070306666	total_time: 0.153932416
[0m
[0;36m1th run	init_time: 0.004284061	symb_time: 0.069321441	mgmt_time: 0.010782207	numc_time: 0.069545834	total_time: 0.153933543
[0m
[0;32mdataset: g500_17_2	num_trials: 1	thread_num: 64	numa_mask: 6	init_time: 0.004284061	symb_time: 0.069321441	mgmt_time: 0.010782207	numc_time: 0.069545834	total_time: 0.153933543	flop_cnt: 99289164	numc_perf: 1427679535.772049189	perf: 645013179.486163020
[0mCONFIGURATION:	USE_HYPERTHREADING	USE_WEIGHTED_INTERLEAVING	HASH_CONSTANT: 2654435761	THREAD_NUM: 64	AB_HIGH_THREAD_NUM: 16	AB_SIZE: 524288	AB_MIN_NUM: 32768	AB_PRT: 0.900000	AB_DNR	DN_MIN: 256	GUD_ALPHA: 0.500000	GUD_MIN: 256	HYB_THRES: 0.950000
[0;36m0th run	init_time: 0.004876565	symb_time: 0.134938269	mgmt_time: 0.013086326	numc_time: 0.225220092	total_time: 0.378121252
[0m
[0;36m1th run	init_time: 0.004736556	symb_time: 0.136346180	mgmt_time: 0.010960830	numc_time: 0.215972604	total_time: 0.368016170
[0m
[0;32mdataset: g500_17_4	num_trials: 1	thread_num: 64	numa_mask: 6	init_time: 0.004736556	symb_time: 0.136346180	mgmt_time: 0.010960830	numc_time: 0.215972604	total_time: 0.368016170	flop_cnt: 358726446	numc_perf: 1660981251.122017145	perf: 974757293.952599883
[0mCONFIGURATION:	USE_HYPERTHREADING	USE_WEIGHTED_INTERLEAVING	HASH_CONSTANT: 2654435761	THREAD_NUM: 64	AB_HIGH_THREAD_NUM: 16	AB_SIZE: 524288	AB_MIN_NUM: 32768	AB_PRT: 0.900000	AB_DNR	DN_MIN: 256	GUD_ALPHA: 0.500000	GUD_MIN: 256	HYB_THRES: 0.950000
[0;36m0th run	init_time: 0.004963578	symb_time: 0.277698383	mgmt_time: 0.013059959	numc_time: 0.864638446	total_time: 1.160360366
[0m
[0;36m1th run	init_time: 0.005149509	symb_time: 0.291970982	mgmt_time: 0.011661322	numc_time: 0.871166648	total_time: 1.179948461
[0m
[0;32mdataset: g500_17_8	num_trials: 1	thread_num: 64	numa_mask: 6	init_time: 0.005149509	symb_time: 0.291970982	mgmt_time: 0.011661322	numc_time: 0.871166648	total_time: 1.179948461	flop_cnt: 1245326524	numc_perf: 1429492883.891946316	perf: 1055407558.178085566
[0mCONFIGURATION:	USE_HYPERTHREADING	USE_WEIGHTED_INTERLEAVING	HASH_CONSTANT: 2654435761	THREAD_NUM: 64	AB_HIGH_THREAD_NUM: 16	AB_SIZE: 524288	AB_MIN_NUM: 32768	AB_PRT: 0.900000	AB_DNR	DN_MIN: 256	GUD_ALPHA: 0.500000	GUD_MIN: 256	HYB_THRES: 0.950000
[0;36m0th run	init_time: 0.005034808	symb_time: 0.660334860	mgmt_time: 0.013738136	numc_time: 3.466218351	total_time: 4.145326155
[0m
[0;36m1th run	init_time: 0.006156417	symb_time: 0.613473649	mgmt_time: 0.012292572	numc_time: 3.538783910	total_time: 4.170706548
[0m
[0;32mdataset: g500_17_16	num_trials: 1	thread_num: 64	numa_mask: 6	init_time: 0.006156417	symb_time: 0.613473649	mgmt_time: 0.012292572	numc_time: 3.538783910	total_time: 4.170706548	flop_cnt: 4189732618	numc_perf: 1183947006.812292337	perf: 1004561833.775891900
[0mCONFIGURATION:	USE_HYPERTHREADING	USE_WEIGHTED_INTERLEAVING	HASH_CONSTANT: 2654435761	THREAD_NUM: 64	AB_HIGH_THREAD_NUM: 16	AB_SIZE: 524288	AB_MIN_NUM: 32768	AB_PRT: 0.900000	AB_DNR	DN_MIN: 256	GUD_ALPHA: 0.500000	GUD_MIN: 256	HYB_THRES: 0.950000
[0;36m0th run	init_time: 0.006480403	symb_time: 1.521789370	mgmt_time: 0.015306230	numc_time: 11.970512746	total_time: 13.514088749
[0m
[0;36m1th run	init_time: 0.007997553	symb_time: 1.503555995	mgmt_time: 0.013313426	numc_time: 12.048793340	total_time: 13.573660314
[0m
[0;32mdataset: g500_17_32	num_trials: 1	thread_num: 64	numa_mask: 6	init_time: 0.007997553	symb_time: 1.503555995	mgmt_time: 0.013313426	numc_time: 12.048793340	total_time: 13.573660314	flop_cnt: 13705485276	numc_perf: 1137498576.766194344	perf: 1009711821.200066090
[0mCONFIGURATION:	USE_HYPERTHREADING	USE_WEIGHTED_INTERLEAVING	HASH_CONSTANT: 2654435761	THREAD_NUM: 64	AB_HIGH_THREAD_NUM: 16	AB_SIZE: 524288	AB_MIN_NUM: 32768	AB_PRT: 0.900000	AB_DNR	DN_MIN: 256	GUD_ALPHA: 0.500000	GUD_MIN: 256	HYB_THRES: 0.950000
[0;36m0th run	init_time: 0.005159447	symb_time: 0.054955908	mgmt_time: 0.012282219	numc_time: 0.053028246	total_time: 0.125425820
[0m
[0;36m1th run	init_time: 0.004866939	symb_time: 0.054818691	mgmt_time: 0.010861075	numc_time: 0.053362290	total_time: 0.123908995
[0m
[0;32mdataset: g500_18_1	num_trials: 1	thread_num: 64	numa_mask: 6	init_time: 0.004866939	symb_time: 0.054818691	mgmt_time: 0.010861075	numc_time: 0.053362290	total_time: 0.123908995	flop_cnt: 63713390	numc_perf: 1193977807.174317122	perf: 514195034.831813455
[0mCONFIGURATION:	USE_HYPERTHREADING	USE_WEIGHTED_INTERLEAVING	HASH_CONSTANT: 2654435761	THREAD_NUM: 64	AB_HIGH_THREAD_NUM: 16	AB_SIZE: 524288	AB_MIN_NUM: 32768	AB_PRT: 0.900000	AB_DNR	DN_MIN: 256	GUD_ALPHA: 0.500000	GUD_MIN: 256	HYB_THRES: 0.950000
[0;36m0th run	init_time: 0.005542190	symb_time: 0.132706020	mgmt_time: 0.012536401	numc_time: 0.180223714	total_time: 0.331008325
[0m
[0;36m1th run	init_time: 0.005371176	symb_time: 0.135469562	mgmt_time: 0.011178018	numc_time: 0.168607152	total_time: 0.320625908
[0m
[0;32mdataset: g500_18_2	num_trials: 1	thread_num: 64	numa_mask: 6	init_time: 0.005371176	symb_time: 0.135469562	mgmt_time: 0.011178018	numc_time: 0.168607152	total_time: 0.320625908	flop_cnt: 231404130	numc_perf: 1372445517.613630056	perf: 721726236.795561671
[0mCONFIGURATION:	USE_HYPERTHREADING	USE_WEIGHTED_INTERLEAVING	HASH_CONSTANT: 2654435761	THREAD_NUM: 64	AB_HIGH_THREAD_NUM: 16	AB_SIZE: 524288	AB_MIN_NUM: 32768	AB_PRT: 0.900000	AB_DNR	DN_MIN: 256	GUD_ALPHA: 0.500000	GUD_MIN: 256	HYB_THRES: 0.950000
[0;36m0th run	init_time: 0.005462641	symb_time: 0.301191022	mgmt_time: 0.013129503	numc_time: 0.880140102	total_time: 1.199923268
[0m
[0;36m1th run	init_time: 0.006034531	symb_time: 0.303054663	mgmt_time: 0.011434063	numc_time: 0.889263948	total_time: 1.209787205
[0m
[0;32mdataset: g500_18_4	num_trials: 1	thread_num: 64	numa_mask: 6	init_time: 0.006034531	symb_time: 0.303054663	mgmt_time: 0.011434063	numc_time: 0.889263948	total_time: 1.209787205	flop_cnt: 866259112	numc_perf: 974130474.926213980	perf: 716042547.333768487
[0mCONFIGURATION:	USE_HYPERTHREADING	USE_WEIGHTED_INTERLEAVING	HASH_CONSTANT: 2654435761	THREAD_NUM: 64	AB_HIGH_THREAD_NUM: 16	AB_SIZE: 524288	AB_MIN_NUM: 32768	AB_PRT: 0.900000	AB_DNR	DN_MIN: 256	GUD_ALPHA: 0.500000	GUD_MIN: 256	HYB_THRES: 0.950000
[0;36m0th run	init_time: 0.005885999	symb_time: 0.801078104	mgmt_time: 0.014124320	numc_time: 5.104957360	total_time: 5.926045783
[0m
[0;36m1th run	init_time: 0.007213133	symb_time: 0.791477997	mgmt_time: 0.012138602	numc_time: 5.111505289	total_time: 5.922335021
[0m
[0;32mdataset: g500_18_8	num_trials: 1	thread_num: 64	numa_mask: 6	init_time: 0.007213133	symb_time: 0.791477997	mgmt_time: 0.012138602	numc_time: 5.111505289	total_time: 5.922335021	flop_cnt: 3197249132	numc_perf: 625500503.517135262	perf: 539862929.176224947
[0mCONFIGURATION:	USE_HYPERTHREADING	USE_WEIGHTED_INTERLEAVING	HASH_CONSTANT: 2654435761	THREAD_NUM: 64	AB_HIGH_THREAD_NUM: 16	AB_SIZE: 524288	AB_MIN_NUM: 32768	AB_PRT: 0.900000	AB_DNR	DN_MIN: 256	GUD_ALPHA: 0.500000	GUD_MIN: 256	HYB_THRES: 0.950000
[0;36m0th run	init_time: 0.008270875	symb_time: 3.171484067	mgmt_time: 0.016488532	numc_time: 24.097295596	total_time: 27.293539070
[0m
[0;36m1th run	init_time: 0.009969054	symb_time: 3.169403816	mgmt_time: 0.014437341	numc_time: 24.129467111	total_time: 27.323277322
[0m
[0;32mdataset: g500_18_16	num_trials: 1	thread_num: 64	numa_mask: 6	init_time: 0.009969054	symb_time: 3.169403816	mgmt_time: 0.014437341	numc_time: 24.129467111	total_time: 27.323277322	flop_cnt: 11359799604	numc_perf: 470785349.371489465	perf: 415755382.128094196
[0mCONFIGURATION:	USE_HYPERTHREADING	USE_WEIGHTED_INTERLEAVING	HASH_CONSTANT: 2654435761	THREAD_NUM: 64	AB_HIGH_THREAD_NUM: 16	AB_SIZE: 524288	AB_MIN_NUM: 32768	AB_PRT: 0.900000	AB_DNR	DN_MIN: 256	GUD_ALPHA: 0.500000	GUD_MIN: 256	HYB_THRES: 0.950000
[0;36m0th run	init_time: 0.012475131	symb_time: 12.352462931	mgmt_time: 0.019224384	numc_time: 87.701338586	total_time: 100.085501032
[0m
[0;36m1th run	init_time: 0.013707831	symb_time: 12.226966266	mgmt_time: 0.018723886	numc_time: 87.740002074	total_time: 99.999400057
[0m
[0;32mdataset: g500_18_32	num_trials: 1	thread_num: 64	numa_mask: 6	init_time: 0.013707831	symb_time: 12.226966266	mgmt_time: 0.018723886	numc_time: 87.740002074	total_time: 99.999400057	flop_cnt: 36733901550	numc_perf: 418667662.202909350	perf: 367341219.337931514
[0mCONFIGURATION:	USE_HYPERTHREADING	USE_WEIGHTED_INTERLEAVING	HASH_CONSTANT: 2654435761	THREAD_NUM: 64	AB_HIGH_THREAD_NUM: 16	AB_SIZE: 524288	AB_MIN_NUM: 32768	AB_PRT: 0.900000	AB_DNR	DN_MIN: 256	GUD_ALPHA: 0.500000	GUD_MIN: 256	HYB_THRES: 0.950000
[0;36m0th run	init_time: 0.006539505	symb_time: 0.112142536	mgmt_time: 0.012668186	numc_time: 0.134578541	total_time: 0.265928768
[0m
[0;36m1th run	init_time: 0.006755364	symb_time: 0.112284790	mgmt_time: 0.010985872	numc_time: 0.133496795	total_time: 0.263522821
[0m
[0;32mdataset: g500_19_1	num_trials: 1	thread_num: 64	numa_mask: 6	init_time: 0.006755364	symb_time: 0.112284790	mgmt_time: 0.010985872	numc_time: 0.133496795	total_time: 0.263522821	flop_cnt: 166344542	numc_perf: 1246056446.523678780	perf: 631233915.031594157
[0mCONFIGURATION:	USE_HYPERTHREADING	USE_WEIGHTED_INTERLEAVING	HASH_CONSTANT: 2654435761	THREAD_NUM: 64	AB_HIGH_THREAD_NUM: 16	AB_SIZE: 524288	AB_MIN_NUM: 32768	AB_PRT: 0.900000	AB_DNR	DN_MIN: 256	GUD_ALPHA: 0.500000	GUD_MIN: 256	HYB_THRES: 0.950000
[0;36m0th run	init_time: 0.006552782	symb_time: 0.303472263	mgmt_time: 0.013007142	numc_time: 0.544148200	total_time: 0.867180387
[0m
[0;36m1th run	init_time: 0.007886742	symb_time: 0.302126074	mgmt_time: 0.011753666	numc_time: 0.539919250	total_time: 0.861685732
[0m
[0;32mdataset: g500_19_2	num_trials: 1	thread_num: 64	numa_mask: 6	init_time: 0.007886742	symb_time: 0.302126074	mgmt_time: 0.011753666	numc_time: 0.539919250	total_time: 0.861685732	flop_cnt: 633825774	numc_perf: 1173926978.895455122	perf: 735564893.860862851
[0mCONFIGURATION:	USE_HYPERTHREADING	USE_WEIGHTED_INTERLEAVING	HASH_CONSTANT: 2654435761	THREAD_NUM: 64	AB_HIGH_THREAD_NUM: 16	AB_SIZE: 524288	AB_MIN_NUM: 32768	AB_PRT: 0.900000	AB_DNR	DN_MIN: 256	GUD_ALPHA: 0.500000	GUD_MIN: 256	HYB_THRES: 0.950000
[0;36m0th run	init_time: 0.007445938	symb_time: 0.876061367	mgmt_time: 0.014363044	numc_time: 3.437535083	total_time: 4.335405432
[0m
[0;36m1th run	init_time: 0.008682141	symb_time: 0.848918302	mgmt_time: 0.012489137	numc_time: 3.423942393	total_time: 4.294031973
[0m
[0;32mdataset: g500_19_4	num_trials: 1	thread_num: 64	numa_mask: 6	init_time: 0.008682141	symb_time: 0.848918302	mgmt_time: 0.012489137	numc_time: 3.423942393	total_time: 4.294031973	flop_cnt: 2214702680	numc_perf: 646828254.040663123	perf: 515762969.145455837
[0mCONFIGURATION:	USE_HYPERTHREADING	USE_WEIGHTED_INTERLEAVING	HASH_CONSTANT: 2654435761	THREAD_NUM: 64	AB_HIGH_THREAD_NUM: 16	AB_SIZE: 524288	AB_MIN_NUM: 32768	AB_PRT: 0.900000	AB_DNR	DN_MIN: 256	GUD_ALPHA: 0.500000	GUD_MIN: 256	HYB_THRES: 0.950000
[0;36m0th run	init_time: 0.010311458	symb_time: 4.186042166	mgmt_time: 0.016597552	numc_time: 19.436714345	total_time: 23.649665521
[0m
[0;36m1th run	init_time: 0.011272787	symb_time: 4.235023190	mgmt_time: 0.015801255	numc_time: 19.437094457	total_time: 23.699191689
[0m
[0;32mdataset: g500_19_8	num_trials: 1	thread_num: 64	numa_mask: 6	init_time: 0.011272787	symb_time: 4.235023190	mgmt_time: 0.015801255	numc_time: 19.437094457	total_time: 23.699191689	flop_cnt: 8006120556	numc_perf: 411899040.451321483	perf: 337822515.681665480
[0mCONFIGURATION:	USE_HYPERTHREADING	USE_WEIGHTED_INTERLEAVING	HASH_CONSTANT: 2654435761	THREAD_NUM: 64	AB_HIGH_THREAD_NUM: 16	AB_SIZE: 524288	AB_MIN_NUM: 32768	AB_PRT: 0.900000	AB_DNR	DN_MIN: 256	GUD_ALPHA: 0.500000	GUD_MIN: 256	HYB_THRES: 0.950000
[0;36m0th run	init_time: 0.015575953	symb_time: 21.352103740	mgmt_time: 0.021872171	numc_time: 95.228909933	total_time: 116.618461797
[0m
[0;36m1th run	init_time: 0.018878316	symb_time: 21.178409865	mgmt_time: 0.020418271	numc_time: 91.177478611	total_time: 112.395185063
[0m
[0;32mdataset: g500_19_16	num_trials: 1	thread_num: 64	numa_mask: 6	init_time: 0.018878316	symb_time: 21.178409865	mgmt_time: 0.020418271	numc_time: 91.177478611	total_time: 112.395185063	flop_cnt: 28930196662	numc_perf: 317295423.197957933	perf: 257397117.552535564
[0mCONFIGURATION:	USE_HYPERTHREADING	USE_WEIGHTED_INTERLEAVING	HASH_CONSTANT: 2654435761	THREAD_NUM: 64	AB_HIGH_THREAD_NUM: 16	AB_SIZE: 524288	AB_MIN_NUM: 32768	AB_PRT: 0.900000	AB_DNR	DN_MIN: 256	GUD_ALPHA: 0.500000	GUD_MIN: 256	HYB_THRES: 0.950000
[0;36m0th run	init_time: 0.009037184	symb_time: 0.225268263	mgmt_time: 0.013115231	numc_time: 0.349281407	total_time: 0.596702085
[0m
[0;36m1th run	init_time: 0.010515549	symb_time: 0.226569283	mgmt_time: 0.011858475	numc_time: 0.347362713	total_time: 0.596306020
[0m
[0;32mdataset: g500_20_1	num_trials: 1	thread_num: 64	numa_mask: 6	init_time: 0.010515549	symb_time: 0.226569283	mgmt_time: 0.011858475	numc_time: 0.347362713	total_time: 0.596306020	flop_cnt: 405457504	numc_perf: 1167245328.372363567	perf: 679948701.507323384
[0mCONFIGURATION:	USE_HYPERTHREADING	USE_WEIGHTED_INTERLEAVING	HASH_CONSTANT: 2654435761	THREAD_NUM: 64	AB_HIGH_THREAD_NUM: 16	AB_SIZE: 524288	AB_MIN_NUM: 32768	AB_PRT: 0.900000	AB_DNR	DN_MIN: 256	GUD_ALPHA: 0.500000	GUD_MIN: 256	HYB_THRES: 0.950000
[0;36m0th run	init_time: 0.010839932	symb_time: 0.752734257	mgmt_time: 0.014385717	numc_time: 2.201283825	total_time: 2.979243731
[0m
[0;36m1th run	init_time: 0.012372889	symb_time: 0.753444317	mgmt_time: 0.012646315	numc_time: 2.199293436	total_time: 2.977756957
[0m
[0;32mdataset: g500_20_2	num_trials: 1	thread_num: 64	numa_mask: 6	init_time: 0.012372889	symb_time: 0.753444317	mgmt_time: 0.012646315	numc_time: 2.199293436	total_time: 2.977756957	flop_cnt: 1621860284	numc_perf: 737446062.199769139	perf: 544658381.264928699
[0mCONFIGURATION:	USE_HYPERTHREADING	USE_WEIGHTED_INTERLEAVING	HASH_CONSTANT: 2654435761	THREAD_NUM: 64	AB_HIGH_THREAD_NUM: 16	AB_SIZE: 524288	AB_MIN_NUM: 32768	AB_PRT: 0.900000	AB_DNR	DN_MIN: 256	GUD_ALPHA: 0.500000	GUD_MIN: 256	HYB_THRES: 0.950000
[0;36m0th run	init_time: 0.014494202	symb_time: 3.197531396	mgmt_time: 0.017130436	numc_time: 13.974404609	total_time: 17.203560643
[0m
[0;36m1th run	init_time: 0.015653588	symb_time: 3.226628023	mgmt_time: 0.015126145	numc_time: 13.879255707	total_time: 17.136663463
[0m
[0;32mdataset: g500_20_4	num_trials: 1	thread_num: 64	numa_mask: 6	init_time: 0.015653588	symb_time: 3.226628023	mgmt_time: 0.015126145	numc_time: 13.879255707	total_time: 17.136663463	flop_cnt: 6063756842	numc_perf: 436893517.203645527	perf: 353846993.324712157
[0mCONFIGURATION:	USE_HYPERTHREADING	USE_WEIGHTED_INTERLEAVING	HASH_CONSTANT: 2654435761	THREAD_NUM: 64	AB_HIGH_THREAD_NUM: 16	AB_SIZE: 524288	AB_MIN_NUM: 32768	AB_PRT: 0.900000	AB_DNR	DN_MIN: 256	GUD_ALPHA: 0.500000	GUD_MIN: 256	HYB_THRES: 0.950000
[0;36m0th run	init_time: 0.021257801	symb_time: 18.076519750	mgmt_time: 0.022853190	numc_time: 56.445408513	total_time: 74.566039254
[0m
[0;36m1th run	init_time: 0.023020903	symb_time: 18.166869090	mgmt_time: 0.021620122	numc_time: 56.416874791	total_time: 74.628384906
[0m
[0;32mdataset: g500_20_8	num_trials: 1	thread_num: 64	numa_mask: 6	init_time: 0.023020903	symb_time: 18.166869090	mgmt_time: 0.021620122	numc_time: 56.416874791	total_time: 74.628384906	flop_cnt: 21344490376	numc_perf: 378335213.623088121	perf: 286010348.513973236
[0mmmap: Cannot allocate memory
CONFIGURATION:	USE_HYPERTHREADING	USE_WEIGHTED_INTERLEAVING	HASH_CONSTANT: 2654435761	THREAD_NUM: 64	AB_HIGH_THREAD_NUM: 16	AB_SIZE: 524288	AB_MIN_NUM: 32768	AB_PRT: 0.900000	AB_DNR	DN_MIN: 256	GUD_ALPHA: 0.500000	GUD_MIN: 256	HYB_THRES: 0.950000
errno: 22
buffer_size: 455719517040
