CONFIGURATION:	USE_HYPERTHREADING	USE_WEIGHTED_INTERLEAVING	HASH_CONSTANT: 2654435761	THREAD_NUM: 32	AB_HIGH_THREAD_NUM: 16	AB_SIZE: 524288	AB_MIN_NUM: 32768	AB_PRT: 0.900000	AB_DNR	DN_MIN: 256	GUD_ALPHA: 0.500000	GUD_MIN: 256	HYB_THRES: 0.950000
[0;36m0th run	init_time: 0.002624436	symb_time: 0.025573225	mgmt_time: 0.000779069	numc_time: 0.029397588	total_time: 0.058374318
[0m
[0;36m1th run	init_time: 0.002302708	symb_time: 0.025748032	mgmt_time: 0.000194554	numc_time: 0.030405518	total_time: 0.058650812
[0m
[0;32mdataset: g500_17_1	num_trials: 1	thread_num: 32	numa_mask: 6	init_time: 0.002302708	symb_time: 0.025748032	mgmt_time: 0.000194554	numc_time: 0.030405518	total_time: 0.058650812	flop_cnt: 26545040	numc_perf: 873033638.170545101	perf: 452594586.414251149
[0mCONFIGURATION:	USE_HYPERTHREADING	USE_WEIGHTED_INTERLEAVING	HASH_CONSTANT: 2654435761	THREAD_NUM: 32	AB_HIGH_THREAD_NUM: 16	AB_SIZE: 524288	AB_MIN_NUM: 32768	AB_PRT: 0.900000	AB_DNR	DN_MIN: 256	GUD_ALPHA: 0.500000	GUD_MIN: 256	HYB_THRES: 0.950000
[0;36m0th run	init_time: 0.002581945	symb_time: 0.062786330	mgmt_time: 0.008199601	numc_time: 0.094968407	total_time: 0.168536283
[0m
[0;36m1th run	init_time: 0.002537275	symb_time: 0.062583341	mgmt_time: 0.007460532	numc_time: 0.096997132	total_time: 0.169578280
[0m
[0;32mdataset: g500_17_2	num_trials: 1	thread_num: 32	numa_mask: 6	init_time: 0.002537275	symb_time: 0.062583341	mgmt_time: 0.007460532	numc_time: 0.096997132	total_time: 0.169578280	flop_cnt: 99289164	numc_perf: 1023629894.541624188	perf: 585506374.990948081
[0mCONFIGURATION:	USE_HYPERTHREADING	USE_WEIGHTED_INTERLEAVING	HASH_CONSTANT: 2654435761	THREAD_NUM: 32	AB_HIGH_THREAD_NUM: 16	AB_SIZE: 524288	AB_MIN_NUM: 32768	AB_PRT: 0.900000	AB_DNR	DN_MIN: 256	GUD_ALPHA: 0.500000	GUD_MIN: 256	HYB_THRES: 0.950000
[0;36m0th run	init_time: 0.002641071	symb_time: 0.152168751	mgmt_time: 0.008261180	numc_time: 0.285153367	total_time: 0.448224369
[0m
[0;36m1th run	init_time: 0.002968449	symb_time: 0.152266866	mgmt_time: 0.007757685	numc_time: 0.285147961	total_time: 0.448140961
[0m
[0;32mdataset: g500_17_4	num_trials: 1	thread_num: 32	numa_mask: 6	init_time: 0.002968449	symb_time: 0.152266866	mgmt_time: 0.007757685	numc_time: 0.285147961	total_time: 0.448140961	flop_cnt: 358726446	numc_perf: 1258036160.391832590	perf: 800476808.010415316
[0mCONFIGURATION:	USE_HYPERTHREADING	USE_WEIGHTED_INTERLEAVING	HASH_CONSTANT: 2654435761	THREAD_NUM: 32	AB_HIGH_THREAD_NUM: 16	AB_SIZE: 524288	AB_MIN_NUM: 32768	AB_PRT: 0.900000	AB_DNR	DN_MIN: 256	GUD_ALPHA: 0.500000	GUD_MIN: 256	HYB_THRES: 0.950000
[0;36m0th run	init_time: 0.002886737	symb_time: 0.340693144	mgmt_time: 0.008647508	numc_time: 0.757982280	total_time: 1.110209669
[0m
[0;36m1th run	init_time: 0.003833933	symb_time: 0.340437036	mgmt_time: 0.007713958	numc_time: 0.752389389	total_time: 1.104374316
[0m
[0;32mdataset: g500_17_8	num_trials: 1	thread_num: 32	numa_mask: 6	init_time: 0.003833933	symb_time: 0.340437036	mgmt_time: 0.007713958	numc_time: 0.752389389	total_time: 1.104374316	flop_cnt: 1245326524	numc_perf: 1655162263.326390505	perf: 1127630827.662240028
[0mCONFIGURATION:	USE_HYPERTHREADING	USE_WEIGHTED_INTERLEAVING	HASH_CONSTANT: 2654435761	THREAD_NUM: 32	AB_HIGH_THREAD_NUM: 16	AB_SIZE: 524288	AB_MIN_NUM: 32768	AB_PRT: 0.900000	AB_DNR	DN_MIN: 256	GUD_ALPHA: 0.500000	GUD_MIN: 256	HYB_THRES: 0.950000
[0;36m0th run	init_time: 0.004148160	symb_time: 0.708484210	mgmt_time: 0.009091125	numc_time: 1.909147028	total_time: 2.630870523
[0m
[0;36m1th run	init_time: 0.004992383	symb_time: 0.708066865	mgmt_time: 0.008952268	numc_time: 1.908536451	total_time: 2.630547967
[0m
[0;32mdataset: g500_17_16	num_trials: 1	thread_num: 32	numa_mask: 6	init_time: 0.004992383	symb_time: 0.708066865	mgmt_time: 0.008952268	numc_time: 1.908536451	total_time: 2.630547967	flop_cnt: 4189732618	numc_perf: 2195259417.657305241	perf: 1592722379.732222557
[0mCONFIGURATION:	USE_HYPERTHREADING	USE_WEIGHTED_INTERLEAVING	HASH_CONSTANT: 2654435761	THREAD_NUM: 32	AB_HIGH_THREAD_NUM: 16	AB_SIZE: 524288	AB_MIN_NUM: 32768	AB_PRT: 0.900000	AB_DNR	DN_MIN: 256	GUD_ALPHA: 0.500000	GUD_MIN: 256	HYB_THRES: 0.950000
[0;36m0th run	init_time: 0.005908810	symb_time: 1.451590514	mgmt_time: 0.010572198	numc_time: 4.632655041	total_time: 6.100726563
[0m
[0;36m1th run	init_time: 0.007079991	symb_time: 1.448459038	mgmt_time: 0.009895046	numc_time: 4.658973377	total_time: 6.124407452
[0m
[0;32mdataset: g500_17_32	num_trials: 1	thread_num: 32	numa_mask: 6	init_time: 0.007079991	symb_time: 1.448459038	mgmt_time: 0.009895046	numc_time: 4.658973377	total_time: 6.124407452	flop_cnt: 13705485276	numc_perf: 2941739341.903090954	perf: 2237846744.100003719
[0mCONFIGURATION:	USE_HYPERTHREADING	USE_WEIGHTED_INTERLEAVING	HASH_CONSTANT: 2654435761	THREAD_NUM: 32	AB_HIGH_THREAD_NUM: 16	AB_SIZE: 524288	AB_MIN_NUM: 32768	AB_PRT: 0.900000	AB_DNR	DN_MIN: 256	GUD_ALPHA: 0.500000	GUD_MIN: 256	HYB_THRES: 0.950000
[0;36m0th run	init_time: 0.003236177	symb_time: 0.048120877	mgmt_time: 0.007884382	numc_time: 0.070258419	total_time: 0.129499855
[0m
[0;36m1th run	init_time: 0.003212551	symb_time: 0.047879329	mgmt_time: 0.007401032	numc_time: 0.070340043	total_time: 0.128832955
[0m
[0;32mdataset: g500_18_1	num_trials: 1	thread_num: 32	numa_mask: 6	init_time: 0.003212551	symb_time: 0.047879329	mgmt_time: 0.007401032	numc_time: 0.070340043	total_time: 0.128832955	flop_cnt: 63713390	numc_perf: 905791172.177703381	perf: 494542642.447346091
[0mCONFIGURATION:	USE_HYPERTHREADING	USE_WEIGHTED_INTERLEAVING	HASH_CONSTANT: 2654435761	THREAD_NUM: 32	AB_HIGH_THREAD_NUM: 16	AB_SIZE: 524288	AB_MIN_NUM: 32768	AB_PRT: 0.900000	AB_DNR	DN_MIN: 256	GUD_ALPHA: 0.500000	GUD_MIN: 256	HYB_THRES: 0.950000
[0;36m0th run	init_time: 0.003056941	symb_time: 0.139989252	mgmt_time: 0.008235351	numc_time: 0.234992616	total_time: 0.386274160
[0m
[0;36m1th run	init_time: 0.003693448	symb_time: 0.139900457	mgmt_time: 0.007579840	numc_time: 0.235784792	total_time: 0.386958537
[0m
[0;32mdataset: g500_18_2	num_trials: 1	thread_num: 32	numa_mask: 6	init_time: 0.003693448	symb_time: 0.139900457	mgmt_time: 0.007579840	numc_time: 0.235784792	total_time: 0.386958537	flop_cnt: 231404130	numc_perf: 981420930.659514189	perf: 598007558.623780966
[0mCONFIGURATION:	USE_HYPERTHREADING	USE_WEIGHTED_INTERLEAVING	HASH_CONSTANT: 2654435761	THREAD_NUM: 32	AB_HIGH_THREAD_NUM: 16	AB_SIZE: 524288	AB_MIN_NUM: 32768	AB_PRT: 0.900000	AB_DNR	DN_MIN: 256	GUD_ALPHA: 0.500000	GUD_MIN: 256	HYB_THRES: 0.950000
[0;36m0th run	init_time: 0.003705430	symb_time: 0.382397494	mgmt_time: 0.008696709	numc_time: 0.771521731	total_time: 1.166321364
[0m
[0;36m1th run	init_time: 0.004911777	symb_time: 0.382138966	mgmt_time: 0.008042826	numc_time: 0.757903291	total_time: 1.152996860
[0m
[0;32mdataset: g500_18_4	num_trials: 1	thread_num: 32	numa_mask: 6	init_time: 0.004911777	symb_time: 0.382138966	mgmt_time: 0.008042826	numc_time: 0.757903291	total_time: 1.152996860	flop_cnt: 866259112	numc_perf: 1142967872.401018381	perf: 751310902.962910056
[0mCONFIGURATION:	USE_HYPERTHREADING	USE_WEIGHTED_INTERLEAVING	HASH_CONSTANT: 2654435761	THREAD_NUM: 32	AB_HIGH_THREAD_NUM: 16	AB_SIZE: 524288	AB_MIN_NUM: 32768	AB_PRT: 0.900000	AB_DNR	DN_MIN: 256	GUD_ALPHA: 0.500000	GUD_MIN: 256	HYB_THRES: 0.950000
[0;36m0th run	init_time: 0.005201037	symb_time: 0.966613119	mgmt_time: 0.009840044	numc_time: 2.539503861	total_time: 3.521158061
[0m
[0;36m1th run	init_time: 0.006109927	symb_time: 0.965786003	mgmt_time: 0.008836381	numc_time: 2.536631390	total_time: 3.517363701
[0m
[0;32mdataset: g500_18_8	num_trials: 1	thread_num: 32	numa_mask: 6	init_time: 0.006109927	symb_time: 0.965786003	mgmt_time: 0.008836381	numc_time: 2.536631390	total_time: 3.517363701	flop_cnt: 3197249132	numc_perf: 1260431115.298939705	perf: 908990199.418675423
[0mCONFIGURATION:	USE_HYPERTHREADING	USE_WEIGHTED_INTERLEAVING	HASH_CONSTANT: 2654435761	THREAD_NUM: 32	AB_HIGH_THREAD_NUM: 16	AB_SIZE: 524288	AB_MIN_NUM: 32768	AB_PRT: 0.900000	AB_DNR	DN_MIN: 256	GUD_ALPHA: 0.500000	GUD_MIN: 256	HYB_THRES: 0.950000
[0;36m0th run	init_time: 0.007958124	symb_time: 2.287114118	mgmt_time: 0.011737076	numc_time: 9.682028852	total_time: 11.988838170
[0m
[0;36m1th run	init_time: 0.008706043	symb_time: 2.296185098	mgmt_time: 0.011101692	numc_time: 9.843442071	total_time: 12.159434904
[0m
[0;32mdataset: g500_18_16	num_trials: 1	thread_num: 32	numa_mask: 6	init_time: 0.008706043	symb_time: 2.296185098	mgmt_time: 0.011101692	numc_time: 9.843442071	total_time: 12.159434904	flop_cnt: 11359799604	numc_perf: 1154047488.882712841	perf: 934237461.994475484
[0mCONFIGURATION:	USE_HYPERTHREADING	USE_WEIGHTED_INTERLEAVING	HASH_CONSTANT: 2654435761	THREAD_NUM: 32	AB_HIGH_THREAD_NUM: 16	AB_SIZE: 524288	AB_MIN_NUM: 32768	AB_PRT: 0.900000	AB_DNR	DN_MIN: 256	GUD_ALPHA: 0.500000	GUD_MIN: 256	HYB_THRES: 0.950000
[0;36m0th run	init_time: 0.012833306	symb_time: 5.261134501	mgmt_time: 0.016375686	numc_time: 33.599590789	total_time: 38.889934282
[0m
[0;36m1th run	init_time: 0.013531023	symb_time: 5.309092900	mgmt_time: 0.015049523	numc_time: 33.495913120	total_time: 38.833586566
[0m
[0;32mdataset: g500_18_32	num_trials: 1	thread_num: 32	numa_mask: 6	init_time: 0.013531023	symb_time: 5.309092900	mgmt_time: 0.015049523	numc_time: 33.495913120	total_time: 38.833586566	flop_cnt: 36733901550	numc_perf: 1096668164.214536428	perf: 945931210.540353894
[0mCONFIGURATION:	USE_HYPERTHREADING	USE_WEIGHTED_INTERLEAVING	HASH_CONSTANT: 2654435761	THREAD_NUM: 32	AB_HIGH_THREAD_NUM: 16	AB_SIZE: 524288	AB_MIN_NUM: 32768	AB_PRT: 0.900000	AB_DNR	DN_MIN: 256	GUD_ALPHA: 0.500000	GUD_MIN: 256	HYB_THRES: 0.950000
[0;36m0th run	init_time: 0.004383625	symb_time: 0.112052876	mgmt_time: 0.008019555	numc_time: 0.183803272	total_time: 0.308259328
[0m
[0;36m1th run	init_time: 0.005048084	symb_time: 0.112078189	mgmt_time: 0.007526996	numc_time: 0.183363879	total_time: 0.308017148
[0m
[0;32mdataset: g500_19_1	num_trials: 1	thread_num: 32	numa_mask: 6	init_time: 0.005048084	symb_time: 0.112078189	mgmt_time: 0.007526996	numc_time: 0.183363879	total_time: 0.308017148	flop_cnt: 166344542	numc_perf: 907182717.267886996	perf: 540049614.380560517
[0mCONFIGURATION:	USE_HYPERTHREADING	USE_WEIGHTED_INTERLEAVING	HASH_CONSTANT: 2654435761	THREAD_NUM: 32	AB_HIGH_THREAD_NUM: 16	AB_SIZE: 524288	AB_MIN_NUM: 32768	AB_PRT: 0.900000	AB_DNR	DN_MIN: 256	GUD_ALPHA: 0.500000	GUD_MIN: 256	HYB_THRES: 0.950000
[0;36m0th run	init_time: 0.005159320	symb_time: 0.368386442	mgmt_time: 0.008625063	numc_time: 0.670112012	total_time: 1.052282837
[0m
[0;36m1th run	init_time: 0.006329644	symb_time: 0.367165320	mgmt_time: 0.008142284	numc_time: 0.658430581	total_time: 1.040067829
[0m
[0;32mdataset: g500_19_2	num_trials: 1	thread_num: 32	numa_mask: 6	init_time: 0.006329644	symb_time: 0.367165320	mgmt_time: 0.008142284	numc_time: 0.658430581	total_time: 1.040067829	flop_cnt: 633825774	numc_perf: 962631129.674093962	perf: 609408113.901002049
[0mCONFIGURATION:	USE_HYPERTHREADING	USE_WEIGHTED_INTERLEAVING	HASH_CONSTANT: 2654435761	THREAD_NUM: 32	AB_HIGH_THREAD_NUM: 16	AB_SIZE: 524288	AB_MIN_NUM: 32768	AB_PRT: 0.900000	AB_DNR	DN_MIN: 256	GUD_ALPHA: 0.500000	GUD_MIN: 256	HYB_THRES: 0.950000
[0;36m0th run	init_time: 0.006603095	symb_time: 1.061830128	mgmt_time: 0.009997370	numc_time: 2.428689338	total_time: 3.507119931
[0m
[0;36m1th run	init_time: 0.008210694	symb_time: 1.062984115	mgmt_time: 0.009175371	numc_time: 2.413926560	total_time: 3.494296740
[0m
[0;32mdataset: g500_19_4	num_trials: 1	thread_num: 32	numa_mask: 6	init_time: 0.008210694	symb_time: 1.062984115	mgmt_time: 0.009175371	numc_time: 2.413926560	total_time: 3.494296740	flop_cnt: 2214702680	numc_perf: 917468955.642130136	perf: 633804981.313636184
[0mCONFIGURATION:	USE_HYPERTHREADING	USE_WEIGHTED_INTERLEAVING	HASH_CONSTANT: 2654435761	THREAD_NUM: 32	AB_HIGH_THREAD_NUM: 16	AB_SIZE: 524288	AB_MIN_NUM: 32768	AB_PRT: 0.900000	AB_DNR	DN_MIN: 256	GUD_ALPHA: 0.500000	GUD_MIN: 256	HYB_THRES: 0.950000
[0;36m0th run	init_time: 0.009411818	symb_time: 3.043106553	mgmt_time: 0.012899069	numc_time: 11.362522208	total_time: 14.427939648
[0m
[0;36m1th run	init_time: 0.009975134	symb_time: 3.030853584	mgmt_time: 0.011905720	numc_time: 11.372747825	total_time: 14.425482263
[0m
[0;32mdataset: g500_19_8	num_trials: 1	thread_num: 32	numa_mask: 6	init_time: 0.009975134	symb_time: 3.030853584	mgmt_time: 0.011905720	numc_time: 11.372747825	total_time: 14.425482263	flop_cnt: 8006120556	numc_perf: 703974156.395224571	perf: 554998467.991253495
[0mCONFIGURATION:	USE_HYPERTHREADING	USE_WEIGHTED_INTERLEAVING	HASH_CONSTANT: 2654435761	THREAD_NUM: 32	AB_HIGH_THREAD_NUM: 16	AB_SIZE: 524288	AB_MIN_NUM: 32768	AB_PRT: 0.900000	AB_DNR	DN_MIN: 256	GUD_ALPHA: 0.500000	GUD_MIN: 256	HYB_THRES: 0.950000
[0;36m0th run	init_time: 0.015451488	symb_time: 9.689747066	mgmt_time: 0.017025289	numc_time: 49.806056323	total_time: 59.528280166
[0m
[0;36m1th run	init_time: 0.015339092	symb_time: 9.818947423	mgmt_time: 0.017496537	numc_time: 49.851104974	total_time: 59.702888026
[0m
[0;32mdataset: g500_19_16	num_trials: 1	thread_num: 32	numa_mask: 6	init_time: 0.015339092	symb_time: 9.818947423	mgmt_time: 0.017496537	numc_time: 49.851104974	total_time: 59.702888026	flop_cnt: 28930196662	numc_perf: 580332104.515810251	perf: 484569467.550735474
[0mCONFIGURATION:	USE_HYPERTHREADING	USE_WEIGHTED_INTERLEAVING	HASH_CONSTANT: 2654435761	THREAD_NUM: 32	AB_HIGH_THREAD_NUM: 16	AB_SIZE: 524288	AB_MIN_NUM: 32768	AB_PRT: 0.900000	AB_DNR	DN_MIN: 256	GUD_ALPHA: 0.500000	GUD_MIN: 256	HYB_THRES: 0.950000
[0;36m0th run	init_time: 0.007894393	symb_time: 0.269766999	mgmt_time: 0.008590427	numc_time: 0.467482127	total_time: 0.753733946
[0m
[0;36m1th run	init_time: 0.009163529	symb_time: 0.269360996	mgmt_time: 0.007975934	numc_time: 0.467268131	total_time: 0.753768590
[0m
[0;32mdataset: g500_20_1	num_trials: 1	thread_num: 32	numa_mask: 6	init_time: 0.009163529	symb_time: 0.269360996	mgmt_time: 0.007975934	numc_time: 0.467268131	total_time: 0.753768590	flop_cnt: 405457504	numc_perf: 867719146.889561772	perf: 537907136.724813700
[0mCONFIGURATION:	USE_HYPERTHREADING	USE_WEIGHTED_INTERLEAVING	HASH_CONSTANT: 2654435761	THREAD_NUM: 32	AB_HIGH_THREAD_NUM: 16	AB_SIZE: 524288	AB_MIN_NUM: 32768	AB_PRT: 0.900000	AB_DNR	DN_MIN: 256	GUD_ALPHA: 0.500000	GUD_MIN: 256	HYB_THRES: 0.950000
[0;36m0th run	init_time: 0.009843201	symb_time: 0.987447847	mgmt_time: 0.009726476	numc_time: 1.865840504	total_time: 2.872858028
[0m
[0;36m1th run	init_time: 0.011608041	symb_time: 0.986442297	mgmt_time: 0.009049481	numc_time: 1.863740886	total_time: 2.870840705
[0m
[0;32mdataset: g500_20_2	num_trials: 1	thread_num: 32	numa_mask: 6	init_time: 0.011608041	symb_time: 0.986442297	mgmt_time: 0.009049481	numc_time: 1.863740886	total_time: 2.870840705	flop_cnt: 1621860284	numc_perf: 870217687.546078801	perf: 564942625.055889368
[0mCONFIGURATION:	USE_HYPERTHREADING	USE_WEIGHTED_INTERLEAVING	HASH_CONSTANT: 2654435761	THREAD_NUM: 32	AB_HIGH_THREAD_NUM: 16	AB_SIZE: 524288	AB_MIN_NUM: 32768	AB_PRT: 0.900000	AB_DNR	DN_MIN: 256	GUD_ALPHA: 0.500000	GUD_MIN: 256	HYB_THRES: 0.950000
[0;36m0th run	init_time: 0.013645399	symb_time: 3.303590246	mgmt_time: 0.012156325	numc_time: 8.598608553	total_time: 11.928000523
[0m
[0;36m1th run	init_time: 0.014922232	symb_time: 3.303267257	mgmt_time: 0.012038835	numc_time: 8.590015727	total_time: 11.920244051
[0m
[0;32mdataset: g500_20_4	num_trials: 1	thread_num: 32	numa_mask: 6	init_time: 0.014922232	symb_time: 3.303267257	mgmt_time: 0.012038835	numc_time: 8.590015727	total_time: 11.920244051	flop_cnt: 6063756842	numc_perf: 705907536.692918539	perf: 508694018.013104796
[0mCONFIGURATION:	USE_HYPERTHREADING	USE_WEIGHTED_INTERLEAVING	HASH_CONSTANT: 2654435761	THREAD_NUM: 32	AB_HIGH_THREAD_NUM: 16	AB_SIZE: 524288	AB_MIN_NUM: 32768	AB_PRT: 0.900000	AB_DNR	DN_MIN: 256	GUD_ALPHA: 0.500000	GUD_MIN: 256	HYB_THRES: 0.950000
[0;36m0th run	init_time: 0.021011571	symb_time: 12.238387554	mgmt_time: 0.019413891	numc_time: 40.878142818	total_time: 53.156955834
[0m
[0;36m1th run	init_time: 0.021177232	symb_time: 12.271056223	mgmt_time: 0.019337097	numc_time: 40.696020679	total_time: 53.007591231
[0m
[0;32mdataset: g500_20_8	num_trials: 1	thread_num: 32	numa_mask: 6	init_time: 0.021177232	symb_time: 12.271056223	mgmt_time: 0.019337097	numc_time: 40.696020679	total_time: 53.007591231	flop_cnt: 21344490376	numc_perf: 524485933.019348145	perf: 402668558.980232894
[0mmmap: Cannot allocate memory
CONFIGURATION:	USE_HYPERTHREADING	USE_WEIGHTED_INTERLEAVING	HASH_CONSTANT: 2654435761	THREAD_NUM: 32	AB_HIGH_THREAD_NUM: 16	AB_SIZE: 524288	AB_MIN_NUM: 32768	AB_PRT: 0.900000	AB_DNR	DN_MIN: 256	GUD_ALPHA: 0.500000	GUD_MIN: 256	HYB_THRES: 0.950000
errno: 22
buffer_size: 455719517040
