CONFIGURATION:	USE_HYPERTHREADING	HASH_CONSTANT: 2654435761	THREAD_NUM: 64	AB_HIGH_THREAD_NUM: 16	AB_SIZE: 524288	AB_MIN_NUM: 32768	AB_PRT: 0.900000	AB_DNR	DN_MIN: 256	GUD_ALPHA: 0.500000	GUD_MIN: 256	HYB_THRES: 0.950000
[0;36m0th run	init_time: 0.004560844	symb_time: 0.028550555	mgmt_time: 0.001592813	numc_time: 0.020120046	total_time: 0.054824258
[0m
[0;36m1th run	init_time: 0.003901793	symb_time: 0.029464952	mgmt_time: 0.000259499	numc_time: 0.020072095	total_time: 0.053698339
[0m
[0;32mdataset: g500_17_1	num_trials: 1	thread_num: 64	numa_mask: 1	init_time: 0.003901793	symb_time: 0.029464952	mgmt_time: 0.000259499	numc_time: 0.020072095	total_time: 0.053698339	flop_cnt: 26545040	numc_perf: 1322484773.014476061	perf: 494336333.196451306
[0mCONFIGURATION:	USE_HYPERTHREADING	HASH_CONSTANT: 2654435761	THREAD_NUM: 64	AB_HIGH_THREAD_NUM: 16	AB_SIZE: 524288	AB_MIN_NUM: 32768	AB_PRT: 0.900000	AB_DNR	DN_MIN: 256	GUD_ALPHA: 0.500000	GUD_MIN: 256	HYB_THRES: 0.950000
[0;36m0th run	init_time: 0.004741470	symb_time: 0.065617909	mgmt_time: 0.011968361	numc_time: 0.062673988	total_time: 0.145001728
[0m
[0;36m1th run	init_time: 0.004005080	symb_time: 0.068449080	mgmt_time: 0.010749404	numc_time: 0.062456481	total_time: 0.145660045
[0m
[0;32mdataset: g500_17_2	num_trials: 1	thread_num: 64	numa_mask: 1	init_time: 0.004005080	symb_time: 0.068449080	mgmt_time: 0.010749404	numc_time: 0.062456481	total_time: 0.145660045	flop_cnt: 99289164	numc_perf: 1589733561.838042021	perf: 681649961.044568181
[0mCONFIGURATION:	USE_HYPERTHREADING	HASH_CONSTANT: 2654435761	THREAD_NUM: 64	AB_HIGH_THREAD_NUM: 16	AB_SIZE: 524288	AB_MIN_NUM: 32768	AB_PRT: 0.900000	AB_DNR	DN_MIN: 256	GUD_ALPHA: 0.500000	GUD_MIN: 256	HYB_THRES: 0.950000
[0;36m0th run	init_time: 0.004456199	symb_time: 0.136474532	mgmt_time: 0.012554707	numc_time: 0.184718994	total_time: 0.338204432
[0m
[0;36m1th run	init_time: 0.004240416	symb_time: 0.135950663	mgmt_time: 0.011128443	numc_time: 0.184735692	total_time: 0.336055214
[0m
[0;32mdataset: g500_17_4	num_trials: 1	thread_num: 64	numa_mask: 1	init_time: 0.004240416	symb_time: 0.135950663	mgmt_time: 0.011128443	numc_time: 0.184735692	total_time: 0.336055214	flop_cnt: 358726446	numc_perf: 1941836155.841503382	perf: 1067462818.773584247
[0mCONFIGURATION:	USE_HYPERTHREADING	HASH_CONSTANT: 2654435761	THREAD_NUM: 64	AB_HIGH_THREAD_NUM: 16	AB_SIZE: 524288	AB_MIN_NUM: 32768	AB_PRT: 0.900000	AB_DNR	DN_MIN: 256	GUD_ALPHA: 0.500000	GUD_MIN: 256	HYB_THRES: 0.950000
[0;36m0th run	init_time: 0.004750768	symb_time: 0.276991815	mgmt_time: 0.012870070	numc_time: 0.563681787	total_time: 0.858294440
[0m
[0;36m1th run	init_time: 0.004464524	symb_time: 0.280877154	mgmt_time: 0.011558505	numc_time: 0.561226221	total_time: 0.858126404
[0m
[0;32mdataset: g500_17_8	num_trials: 1	thread_num: 64	numa_mask: 1	init_time: 0.004464524	symb_time: 0.280877154	mgmt_time: 0.011558505	numc_time: 0.561226221	total_time: 0.858126404	flop_cnt: 1245326524	numc_perf: 2218938598.023915291	perf: 1451215716.233805418
[0mCONFIGURATION:	USE_HYPERTHREADING	HASH_CONSTANT: 2654435761	THREAD_NUM: 64	AB_HIGH_THREAD_NUM: 16	AB_SIZE: 524288	AB_MIN_NUM: 32768	AB_PRT: 0.900000	AB_DNR	DN_MIN: 256	GUD_ALPHA: 0.500000	GUD_MIN: 256	HYB_THRES: 0.950000
[0;36m0th run	init_time: 0.004809988	symb_time: 0.622360902	mgmt_time: 0.013539421	numc_time: 1.827167343	total_time: 2.467877654
[0m
[0;36m1th run	init_time: 0.005275429	symb_time: 0.636617662	mgmt_time: 0.012107676	numc_time: 1.829832597	total_time: 2.483833364
[0m
[0;32mdataset: g500_17_16	num_trials: 1	thread_num: 64	numa_mask: 1	init_time: 0.005275429	symb_time: 0.636617662	mgmt_time: 0.012107676	numc_time: 1.829832597	total_time: 2.483833364	flop_cnt: 4189732618	numc_perf: 2289680829.202104092	perf: 1686801006.349635124
[0mCONFIGURATION:	USE_HYPERTHREADING	HASH_CONSTANT: 2654435761	THREAD_NUM: 64	AB_HIGH_THREAD_NUM: 16	AB_SIZE: 524288	AB_MIN_NUM: 32768	AB_PRT: 0.900000	AB_DNR	DN_MIN: 256	GUD_ALPHA: 0.500000	GUD_MIN: 256	HYB_THRES: 0.950000
[0;36m0th run	init_time: 0.005224506	symb_time: 1.503286317	mgmt_time: 0.014645811	numc_time: 5.811259350	total_time: 7.334415984
[0m
[0;36m1th run	init_time: 0.007774420	symb_time: 1.464598091	mgmt_time: 0.013648986	numc_time: 5.818157597	total_time: 7.304179094
[0m
[0;32mdataset: g500_17_32	num_trials: 1	thread_num: 64	numa_mask: 1	init_time: 0.007774420	symb_time: 1.464598091	mgmt_time: 0.013648986	numc_time: 5.818157597	total_time: 7.304179094	flop_cnt: 13705485276	numc_perf: 2355640088.378994942	perf: 1876389543.522876740
[0mCONFIGURATION:	USE_HYPERTHREADING	HASH_CONSTANT: 2654435761	THREAD_NUM: 64	AB_HIGH_THREAD_NUM: 16	AB_SIZE: 524288	AB_MIN_NUM: 32768	AB_PRT: 0.900000	AB_DNR	DN_MIN: 256	GUD_ALPHA: 0.500000	GUD_MIN: 256	HYB_THRES: 0.950000
[0;36m0th run	init_time: 0.005089076	symb_time: 0.053334224	mgmt_time: 0.012068209	numc_time: 0.045737037	total_time: 0.116228546
[0m
[0;36m1th run	init_time: 0.004646639	symb_time: 0.054214568	mgmt_time: 0.010710513	numc_time: 0.046316866	total_time: 0.115888586
[0m
[0;32mdataset: g500_18_1	num_trials: 1	thread_num: 64	numa_mask: 1	init_time: 0.004646639	symb_time: 0.054214568	mgmt_time: 0.010710513	numc_time: 0.046316866	total_time: 0.115888586	flop_cnt: 63713390	numc_perf: 1375598038.088328123	perf: 549781408.153517246
[0mCONFIGURATION:	USE_HYPERTHREADING	HASH_CONSTANT: 2654435761	THREAD_NUM: 64	AB_HIGH_THREAD_NUM: 16	AB_SIZE: 524288	AB_MIN_NUM: 32768	AB_PRT: 0.900000	AB_DNR	DN_MIN: 256	GUD_ALPHA: 0.500000	GUD_MIN: 256	HYB_THRES: 0.950000
[0;36m0th run	init_time: 0.005096903	symb_time: 0.134468999	mgmt_time: 0.012658752	numc_time: 0.149452756	total_time: 0.301677410
[0m
[0;36m1th run	init_time: 0.004960645	symb_time: 0.133887878	mgmt_time: 0.010819740	numc_time: 0.147946969	total_time: 0.297615232
[0m
[0;32mdataset: g500_18_2	num_trials: 1	thread_num: 64	numa_mask: 1	init_time: 0.004960645	symb_time: 0.133887878	mgmt_time: 0.010819740	numc_time: 0.147946969	total_time: 0.297615232	flop_cnt: 231404130	numc_perf: 1564101864.094289064	perf: 777527845.080187082
[0mCONFIGURATION:	USE_HYPERTHREADING	HASH_CONSTANT: 2654435761	THREAD_NUM: 64	AB_HIGH_THREAD_NUM: 16	AB_SIZE: 524288	AB_MIN_NUM: 32768	AB_PRT: 0.900000	AB_DNR	DN_MIN: 256	GUD_ALPHA: 0.500000	GUD_MIN: 256	HYB_THRES: 0.950000
[0;36m0th run	init_time: 0.005241295	symb_time: 0.296045650	mgmt_time: 0.012796938	numc_time: 0.502917247	total_time: 0.817001130
[0m
[0;36m1th run	init_time: 0.005313603	symb_time: 0.295795761	mgmt_time: 0.011434293	numc_time: 0.499935831	total_time: 0.812479488
[0m
[0;32mdataset: g500_18_4	num_trials: 1	thread_num: 64	numa_mask: 1	init_time: 0.005313603	symb_time: 0.295795761	mgmt_time: 0.011434293	numc_time: 0.499935831	total_time: 0.812479488	flop_cnt: 866259112	numc_perf: 1732740600.463182449	perf: 1066191977.513652682
[0mCONFIGURATION:	USE_HYPERTHREADING	HASH_CONSTANT: 2654435761	THREAD_NUM: 64	AB_HIGH_THREAD_NUM: 16	AB_SIZE: 524288	AB_MIN_NUM: 32768	AB_PRT: 0.900000	AB_DNR	DN_MIN: 256	GUD_ALPHA: 0.500000	GUD_MIN: 256	HYB_THRES: 0.950000
[0;36m0th run	init_time: 0.005042760	symb_time: 0.743278881	mgmt_time: 0.013658627	numc_time: 2.101134205	total_time: 2.863114473
[0m
[0;36m1th run	init_time: 0.006163475	symb_time: 0.745156501	mgmt_time: 0.012145389	numc_time: 2.108969554	total_time: 2.872434919
[0m
[0;32mdataset: g500_18_8	num_trials: 1	thread_num: 64	numa_mask: 1	init_time: 0.006163475	symb_time: 0.745156501	mgmt_time: 0.012145389	numc_time: 2.108969554	total_time: 2.872434919	flop_cnt: 3197249132	numc_perf: 1516024319.049984694	perf: 1113079746.681633949
[0mCONFIGURATION:	USE_HYPERTHREADING	HASH_CONSTANT: 2654435761	THREAD_NUM: 64	AB_HIGH_THREAD_NUM: 16	AB_SIZE: 524288	AB_MIN_NUM: 32768	AB_PRT: 0.900000	AB_DNR	DN_MIN: 256	GUD_ALPHA: 0.500000	GUD_MIN: 256	HYB_THRES: 0.950000
[0;36m0th run	init_time: 0.006740338	symb_time: 2.054533221	mgmt_time: 0.015668651	numc_time: 8.828026979	total_time: 10.904969189
[0m
[0;36m1th run	init_time: 0.008972878	symb_time: 2.039411894	mgmt_time: 0.013748826	numc_time: 8.847763561	total_time: 10.909897159
[0m
[0;32mdataset: g500_18_16	num_trials: 1	thread_num: 64	numa_mask: 1	init_time: 0.008972878	symb_time: 2.039411894	mgmt_time: 0.013748826	numc_time: 8.847763561	total_time: 10.909897159	flop_cnt: 11359799604	numc_perf: 1283917627.961125374	perf: 1041238009.712021708
[0mCONFIGURATION:	USE_HYPERTHREADING	HASH_CONSTANT: 2654435761	THREAD_NUM: 64	AB_HIGH_THREAD_NUM: 16	AB_SIZE: 524288	AB_MIN_NUM: 32768	AB_PRT: 0.900000	AB_DNR	DN_MIN: 256	GUD_ALPHA: 0.500000	GUD_MIN: 256	HYB_THRES: 0.950000
[0;36m0th run	init_time: 0.009469937	symb_time: 6.531043344	mgmt_time: 0.019020195	numc_time: 31.048476470	total_time: 37.608009946
[0m
[0;36m1th run	init_time: 0.010329061	symb_time: 6.802126563	mgmt_time: 0.017442337	numc_time: 31.112733736	total_time: 37.942631697
[0m
[0;32mdataset: g500_18_32	num_trials: 1	thread_num: 64	numa_mask: 1	init_time: 0.010329061	symb_time: 6.802126563	mgmt_time: 0.017442337	numc_time: 31.112733736	total_time: 37.942631697	flop_cnt: 36733901550	numc_perf: 1180670970.982400179	perf: 968143217.986232400
[0mCONFIGURATION:	USE_HYPERTHREADING	HASH_CONSTANT: 2654435761	THREAD_NUM: 64	AB_HIGH_THREAD_NUM: 16	AB_SIZE: 524288	AB_MIN_NUM: 32768	AB_PRT: 0.900000	AB_DNR	DN_MIN: 256	GUD_ALPHA: 0.500000	GUD_MIN: 256	HYB_THRES: 0.950000
[0;36m0th run	init_time: 0.005973948	symb_time: 0.111072919	mgmt_time: 0.012398852	numc_time: 0.118751273	total_time: 0.248196992
[0m
[0;36m1th run	init_time: 0.005740704	symb_time: 0.110836564	mgmt_time: 0.010762435	numc_time: 0.118212724	total_time: 0.245552427
[0m
[0;32mdataset: g500_19_1	num_trials: 1	thread_num: 64	numa_mask: 1	init_time: 0.005740704	symb_time: 0.110836564	mgmt_time: 0.010762435	numc_time: 0.118212724	total_time: 0.245552427	flop_cnt: 166344542	numc_perf: 1407162751.786347389	perf: 677429842.711349130
[0mCONFIGURATION:	USE_HYPERTHREADING	HASH_CONSTANT: 2654435761	THREAD_NUM: 64	AB_HIGH_THREAD_NUM: 16	AB_SIZE: 524288	AB_MIN_NUM: 32768	AB_PRT: 0.900000	AB_DNR	DN_MIN: 256	GUD_ALPHA: 0.500000	GUD_MIN: 256	HYB_THRES: 0.950000
[0;36m0th run	init_time: 0.006005402	symb_time: 0.298108437	mgmt_time: 0.018121298	numc_time: 0.416089226	total_time: 0.738324363
[0m
[0;36m1th run	init_time: 0.006427535	symb_time: 0.296785940	mgmt_time: 0.011481031	numc_time: 0.416316508	total_time: 0.731011014
[0m
[0;32mdataset: g500_19_2	num_trials: 1	thread_num: 64	numa_mask: 1	init_time: 0.006427535	symb_time: 0.296785940	mgmt_time: 0.011481031	numc_time: 0.416316508	total_time: 0.731011014	flop_cnt: 633825774	numc_perf: 1522461304.849338293	perf: 867053658.373470306
[0mCONFIGURATION:	USE_HYPERTHREADING	HASH_CONSTANT: 2654435761	THREAD_NUM: 64	AB_HIGH_THREAD_NUM: 16	AB_SIZE: 524288	AB_MIN_NUM: 32768	AB_PRT: 0.900000	AB_DNR	DN_MIN: 256	GUD_ALPHA: 0.500000	GUD_MIN: 256	HYB_THRES: 0.950000
[0;36m0th run	init_time: 0.006637544	symb_time: 0.777898512	mgmt_time: 0.013879018	numc_time: 1.613667899	total_time: 2.412082973
[0m
[0;36m1th run	init_time: 0.007646817	symb_time: 0.778233049	mgmt_time: 0.012393595	numc_time: 1.618532251	total_time: 2.416805712
[0m
[0;32mdataset: g500_19_4	num_trials: 1	thread_num: 64	numa_mask: 1	init_time: 0.007646817	symb_time: 0.778233049	mgmt_time: 0.012393595	numc_time: 1.618532251	total_time: 2.416805712	flop_cnt: 2214702680	numc_perf: 1368340160.433417320	perf: 916375970.564571381
[0mCONFIGURATION:	USE_HYPERTHREADING	HASH_CONSTANT: 2654435761	THREAD_NUM: 64	AB_HIGH_THREAD_NUM: 16	AB_SIZE: 524288	AB_MIN_NUM: 32768	AB_PRT: 0.900000	AB_DNR	DN_MIN: 256	GUD_ALPHA: 0.500000	GUD_MIN: 256	HYB_THRES: 0.950000
[0;36m0th run	init_time: 0.008466140	symb_time: 2.297975276	mgmt_time: 0.015978518	numc_time: 7.421575776	total_time: 9.743995710
[0m
[0;36m1th run	init_time: 0.009338630	symb_time: 2.322808254	mgmt_time: 0.014376677	numc_time: 7.424994843	total_time: 9.771518404
[0m
[0;32mdataset: g500_19_8	num_trials: 1	thread_num: 64	numa_mask: 1	init_time: 0.009338630	symb_time: 2.322808254	mgmt_time: 0.014376677	numc_time: 7.424994843	total_time: 9.771518404	flop_cnt: 8006120556	numc_perf: 1078266143.652323484	perf: 819332290.539684296
[0mCONFIGURATION:	USE_HYPERTHREADING	HASH_CONSTANT: 2654435761	THREAD_NUM: 64	AB_HIGH_THREAD_NUM: 16	AB_SIZE: 524288	AB_MIN_NUM: 32768	AB_PRT: 0.900000	AB_DNR	DN_MIN: 256	GUD_ALPHA: 0.500000	GUD_MIN: 256	HYB_THRES: 0.950000
[0;36m0th run	init_time: 0.013327253	symb_time: 8.483592887	mgmt_time: 0.021060877	numc_time: 31.925537500	total_time: 40.443518517
[0m
[0;36m1th run	init_time: 0.013971905	symb_time: 8.612872213	mgmt_time: 0.018924316	numc_time: 31.916048752	total_time: 40.561817186
[0m
[0;32mdataset: g500_19_16	num_trials: 1	thread_num: 64	numa_mask: 1	init_time: 0.013971905	symb_time: 8.612872213	mgmt_time: 0.018924316	numc_time: 31.916048752	total_time: 40.561817186	flop_cnt: 28930196662	numc_perf: 906446687.270055890	perf: 713237193.721816778
[0mCONFIGURATION:	USE_HYPERTHREADING	HASH_CONSTANT: 2654435761	THREAD_NUM: 64	AB_HIGH_THREAD_NUM: 16	AB_SIZE: 524288	AB_MIN_NUM: 32768	AB_PRT: 0.900000	AB_DNR	DN_MIN: 256	GUD_ALPHA: 0.500000	GUD_MIN: 256	HYB_THRES: 0.950000
[0;36m0th run	init_time: 0.007971752	symb_time: 0.222098404	mgmt_time: 0.013237264	numc_time: 0.294100779	total_time: 0.537408199
[0m
[0;36m1th run	init_time: 0.008716317	symb_time: 0.224358764	mgmt_time: 0.011778177	numc_time: 0.294395344	total_time: 0.539248602
[0m
[0;32mdataset: g500_20_1	num_trials: 1	thread_num: 64	numa_mask: 1	init_time: 0.008716317	symb_time: 0.224358764	mgmt_time: 0.011778177	numc_time: 0.294395344	total_time: 0.539248602	flop_cnt: 405457504	numc_perf: 1377255151.154836178	perf: 751893472.688131332
[0mCONFIGURATION:	USE_HYPERTHREADING	HASH_CONSTANT: 2654435761	THREAD_NUM: 64	AB_HIGH_THREAD_NUM: 16	AB_SIZE: 524288	AB_MIN_NUM: 32768	AB_PRT: 0.900000	AB_DNR	DN_MIN: 256	GUD_ALPHA: 0.500000	GUD_MIN: 256	HYB_THRES: 0.950000
[0;36m0th run	init_time: 0.009002838	symb_time: 0.736791194	mgmt_time: 0.013598006	numc_time: 1.211598651	total_time: 1.970990689
[0m
[0;36m1th run	init_time: 0.009946132	symb_time: 0.740061508	mgmt_time: 0.012034331	numc_time: 1.218653790	total_time: 1.980695761
[0m
[0;32mdataset: g500_20_2	num_trials: 1	thread_num: 64	numa_mask: 1	init_time: 0.009946132	symb_time: 0.740061508	mgmt_time: 0.012034331	numc_time: 1.218653790	total_time: 1.980695761	flop_cnt: 1621860284	numc_perf: 1330862216.413408041	perf: 818833621.969870925
[0mCONFIGURATION:	USE_HYPERTHREADING	HASH_CONSTANT: 2654435761	THREAD_NUM: 64	AB_HIGH_THREAD_NUM: 16	AB_SIZE: 524288	AB_MIN_NUM: 32768	AB_PRT: 0.900000	AB_DNR	DN_MIN: 256	GUD_ALPHA: 0.500000	GUD_MIN: 256	HYB_THRES: 0.950000
[0;36m0th run	init_time: 0.012109578	symb_time: 2.271118248	mgmt_time: 0.016552315	numc_time: 5.629712340	total_time: 7.929492481
[0m
[0;36m1th run	init_time: 0.012927927	symb_time: 2.271427522	mgmt_time: 0.014611864	numc_time: 5.632728614	total_time: 7.931695927
[0m
[0;32mdataset: g500_20_4	num_trials: 1	thread_num: 64	numa_mask: 1	init_time: 0.012927927	symb_time: 2.271427522	mgmt_time: 0.014611864	numc_time: 5.632728614	total_time: 7.931695927	flop_cnt: 6063756842	numc_perf: 1076522101.016670704	perf: 764496886.644202352
[0mCONFIGURATION:	USE_HYPERTHREADING	HASH_CONSTANT: 2654435761	THREAD_NUM: 64	AB_HIGH_THREAD_NUM: 16	AB_SIZE: 524288	AB_MIN_NUM: 32768	AB_PRT: 0.900000	AB_DNR	DN_MIN: 256	GUD_ALPHA: 0.500000	GUD_MIN: 256	HYB_THRES: 0.950000
[0;36m0th run	init_time: 0.018508684	symb_time: 8.013028841	mgmt_time: 0.021990371	numc_time: 25.275189028	total_time: 33.328716924
[0m
[0;36m1th run	init_time: 0.018986495	symb_time: 7.998806422	mgmt_time: 0.020949334	numc_time: 25.259836178	total_time: 33.298578429
[0m
[0;32mdataset: g500_20_8	num_trials: 1	thread_num: 64	numa_mask: 1	init_time: 0.018986495	symb_time: 7.998806422	mgmt_time: 0.020949334	numc_time: 25.259836178	total_time: 33.298578429	flop_cnt: 21344490376	numc_perf: 844997181.517350316	perf: 641003051.271729708
[0mmmap: Cannot allocate memory
CONFIGURATION:	USE_HYPERTHREADING	HASH_CONSTANT: 2654435761	THREAD_NUM: 64	AB_HIGH_THREAD_NUM: 16	AB_SIZE: 524288	AB_MIN_NUM: 32768	AB_PRT: 0.900000	AB_DNR	DN_MIN: 256	GUD_ALPHA: 0.500000	GUD_MIN: 256	HYB_THRES: 0.950000
errno: 22
buffer_size: 455719517040
