CONFIGURATION:	USE_HYPERTHREADING	USE_WEIGHTED_INTERLEAVING	HASH_CONSTANT: 2654435761	THREAD_NUM: 32	AB_HIGH_THREAD_NUM: 22	AB_SIZE: 524288	AB_MIN_NUM: 32768	AB_PRT: 0.850000	AB_DNR	DN_MIN: 256	GUD_ALPHA: 0.500000	GUD_MIN: 256	HYB_THRES: 0.950000
[0;36m0th run	init_time: 0.002562845	symb_time: 0.025629512	mgmt_time: 0.000799125	numc_time: 0.022711519	total_time: 0.051703001
[0m
[0;36m1th run	init_time: 0.002336869	symb_time: 0.026125168	mgmt_time: 0.000182508	numc_time: 0.022927919	total_time: 0.051572464
[0m
[0;32mdataset: g500_17_1	num_trials: 1	thread_num: 32	numa_mask: 6	init_time: 0.002336869	symb_time: 0.026125168	mgmt_time: 0.000182508	numc_time: 0.022927919	total_time: 0.051572464	flop_cnt: 26545040	numc_perf: 1157760545.124047279	perf: 514713433.121985376
[0mCONFIGURATION:	USE_HYPERTHREADING	USE_WEIGHTED_INTERLEAVING	HASH_CONSTANT: 2654435761	THREAD_NUM: 32	AB_HIGH_THREAD_NUM: 22	AB_SIZE: 524288	AB_MIN_NUM: 32768	AB_PRT: 0.850000	AB_DNR	DN_MIN: 256	GUD_ALPHA: 0.500000	GUD_MIN: 256	HYB_THRES: 0.950000
[0;36m0th run	init_time: 0.002539042	symb_time: 0.063037715	mgmt_time: 0.008030069	numc_time: 0.077499716	total_time: 0.151106542
[0m
[0;36m1th run	init_time: 0.002685766	symb_time: 0.062614328	mgmt_time: 0.007434913	numc_time: 0.077825121	total_time: 0.150560128
[0m
[0;32mdataset: g500_17_2	num_trials: 1	thread_num: 32	numa_mask: 6	init_time: 0.002685766	symb_time: 0.062614328	mgmt_time: 0.007434913	numc_time: 0.077825121	total_time: 0.150560128	flop_cnt: 99289164	numc_perf: 1275798389.057436466	perf: 659465193.865935206
[0mCONFIGURATION:	USE_HYPERTHREADING	USE_WEIGHTED_INTERLEAVING	HASH_CONSTANT: 2654435761	THREAD_NUM: 32	AB_HIGH_THREAD_NUM: 22	AB_SIZE: 524288	AB_MIN_NUM: 32768	AB_PRT: 0.850000	AB_DNR	DN_MIN: 256	GUD_ALPHA: 0.500000	GUD_MIN: 256	HYB_THRES: 0.950000
[0;36m0th run	init_time: 0.002643810	symb_time: 0.152023370	mgmt_time: 0.008420178	numc_time: 0.351159279	total_time: 0.514246637
[0m
[0;36m1th run	init_time: 0.003209596	symb_time: 0.151781327	mgmt_time: 0.007642961	numc_time: 0.350067311	total_time: 0.512701195
[0m
[0;32mdataset: g500_17_4	num_trials: 1	thread_num: 32	numa_mask: 6	init_time: 0.003209596	symb_time: 0.151781327	mgmt_time: 0.007642961	numc_time: 0.350067311	total_time: 0.512701195	flop_cnt: 358726446	numc_perf: 1024735628.628860950	perf: 699679363.922683954
[0mCONFIGURATION:	USE_HYPERTHREADING	USE_WEIGHTED_INTERLEAVING	HASH_CONSTANT: 2654435761	THREAD_NUM: 32	AB_HIGH_THREAD_NUM: 22	AB_SIZE: 524288	AB_MIN_NUM: 32768	AB_PRT: 0.850000	AB_DNR	DN_MIN: 256	GUD_ALPHA: 0.500000	GUD_MIN: 256	HYB_THRES: 0.950000
[0;36m0th run	init_time: 0.002871145	symb_time: 0.340695281	mgmt_time: 0.008560136	numc_time: 2.066986609	total_time: 2.419113171
[0m
[0;36m1th run	init_time: 0.003829539	symb_time: 0.340886639	mgmt_time: 0.007967409	numc_time: 2.060366753	total_time: 2.413050340
[0m
[0;32mdataset: g500_17_8	num_trials: 1	thread_num: 32	numa_mask: 6	init_time: 0.003829539	symb_time: 0.340886639	mgmt_time: 0.007967409	numc_time: 2.060366753	total_time: 2.413050340	flop_cnt: 1245326524	numc_perf: 604419830.686328292	perf: 516079794.671834350
[0mCONFIGURATION:	USE_HYPERTHREADING	USE_WEIGHTED_INTERLEAVING	HASH_CONSTANT: 2654435761	THREAD_NUM: 32	AB_HIGH_THREAD_NUM: 22	AB_SIZE: 524288	AB_MIN_NUM: 32768	AB_PRT: 0.850000	AB_DNR	DN_MIN: 256	GUD_ALPHA: 0.500000	GUD_MIN: 256	HYB_THRES: 0.950000
[0;36m0th run	init_time: 0.003850180	symb_time: 0.708572440	mgmt_time: 0.009510132	numc_time: 12.432513985	total_time: 13.154446737
[0m
[0;36m1th run	init_time: 0.004734901	symb_time: 0.707369438	mgmt_time: 0.008689534	numc_time: 12.352372417	total_time: 13.073166290
[0m
[0;32mdataset: g500_17_16	num_trials: 1	thread_num: 32	numa_mask: 6	init_time: 0.004734901	symb_time: 0.707369438	mgmt_time: 0.008689534	numc_time: 12.352372417	total_time: 13.073166290	flop_cnt: 4189732618	numc_perf: 339184447.858280599	perf: 320483387.502294242
[0mCONFIGURATION:	USE_HYPERTHREADING	USE_WEIGHTED_INTERLEAVING	HASH_CONSTANT: 2654435761	THREAD_NUM: 32	AB_HIGH_THREAD_NUM: 22	AB_SIZE: 524288	AB_MIN_NUM: 32768	AB_PRT: 0.850000	AB_DNR	DN_MIN: 256	GUD_ALPHA: 0.500000	GUD_MIN: 256	HYB_THRES: 0.950000
[0;36m0th run	init_time: 0.005927284	symb_time: 1.456390562	mgmt_time: 0.010701002	numc_time: 56.887258181	total_time: 58.360277029
[0m
[0;36m1th run	init_time: 0.007927720	symb_time: 1.449961602	mgmt_time: 0.009920261	numc_time: 56.873335000	total_time: 58.341144583
[0m
[0;32mdataset: g500_17_32	num_trials: 1	thread_num: 32	numa_mask: 6	init_time: 0.007927720	symb_time: 1.449961602	mgmt_time: 0.009920261	numc_time: 56.873335000	total_time: 58.341144583	flop_cnt: 13705485276	numc_perf: 240982619.992303967	perf: 234919718.733006090
[0mCONFIGURATION:	USE_HYPERTHREADING	USE_WEIGHTED_INTERLEAVING	HASH_CONSTANT: 2654435761	THREAD_NUM: 32	AB_HIGH_THREAD_NUM: 22	AB_SIZE: 524288	AB_MIN_NUM: 32768	AB_PRT: 0.850000	AB_DNR	DN_MIN: 256	GUD_ALPHA: 0.500000	GUD_MIN: 256	HYB_THRES: 0.950000
[0;36m0th run	init_time: 0.003136211	symb_time: 0.048168474	mgmt_time: 0.008033972	numc_time: 0.052596760	total_time: 0.111935417
[0m
[0;36m1th run	init_time: 0.003196278	symb_time: 0.048443254	mgmt_time: 0.007285944	numc_time: 0.053079199	total_time: 0.112004675
[0m
[0;32mdataset: g500_18_1	num_trials: 1	thread_num: 32	numa_mask: 6	init_time: 0.003196278	symb_time: 0.048443254	mgmt_time: 0.007285944	numc_time: 0.053079199	total_time: 0.112004675	flop_cnt: 63713390	numc_perf: 1200345732.421470881	perf: 568845809.337869167
[0mCONFIGURATION:	USE_HYPERTHREADING	USE_WEIGHTED_INTERLEAVING	HASH_CONSTANT: 2654435761	THREAD_NUM: 32	AB_HIGH_THREAD_NUM: 22	AB_SIZE: 524288	AB_MIN_NUM: 32768	AB_PRT: 0.850000	AB_DNR	DN_MIN: 256	GUD_ALPHA: 0.500000	GUD_MIN: 256	HYB_THRES: 0.950000
[0;36m0th run	init_time: 0.003082079	symb_time: 0.140631409	mgmt_time: 0.008296744	numc_time: 0.196369632	total_time: 0.348379864
[0m
[0;36m1th run	init_time: 0.003700885	symb_time: 0.139837718	mgmt_time: 0.007512446	numc_time: 0.197422910	total_time: 0.348473959
[0m
[0;32mdataset: g500_18_2	num_trials: 1	thread_num: 32	numa_mask: 6	init_time: 0.003700885	symb_time: 0.139837718	mgmt_time: 0.007512446	numc_time: 0.197422910	total_time: 0.348473959	flop_cnt: 231404130	numc_perf: 1172123995.133087635	perf: 664049992.900617242
[0mCONFIGURATION:	USE_HYPERTHREADING	USE_WEIGHTED_INTERLEAVING	HASH_CONSTANT: 2654435761	THREAD_NUM: 32	AB_HIGH_THREAD_NUM: 22	AB_SIZE: 524288	AB_MIN_NUM: 32768	AB_PRT: 0.850000	AB_DNR	DN_MIN: 256	GUD_ALPHA: 0.500000	GUD_MIN: 256	HYB_THRES: 0.950000
[0;36m0th run	init_time: 0.003733652	symb_time: 0.382187722	mgmt_time: 0.008609619	numc_time: 1.110628817	total_time: 1.505159810
[0m
[0;36m1th run	init_time: 0.004823687	symb_time: 0.381542991	mgmt_time: 0.007991253	numc_time: 1.109368944	total_time: 1.503726875
[0m
[0;32mdataset: g500_18_4	num_trials: 1	thread_num: 32	numa_mask: 6	init_time: 0.004823687	symb_time: 0.381542991	mgmt_time: 0.007991253	numc_time: 1.109368944	total_time: 1.503726875	flop_cnt: 866259112	numc_perf: 780857546.702695489	perf: 576074768.897111058
[0mCONFIGURATION:	USE_HYPERTHREADING	USE_WEIGHTED_INTERLEAVING	HASH_CONSTANT: 2654435761	THREAD_NUM: 32	AB_HIGH_THREAD_NUM: 22	AB_SIZE: 524288	AB_MIN_NUM: 32768	AB_PRT: 0.850000	AB_DNR	DN_MIN: 256	GUD_ALPHA: 0.500000	GUD_MIN: 256	HYB_THRES: 0.950000
[0;36m0th run	init_time: 0.005447605	symb_time: 0.967119194	mgmt_time: 0.009828040	numc_time: 7.394004036	total_time: 8.376398875
[0m
[0;36m1th run	init_time: 0.006244108	symb_time: 0.965782655	mgmt_time: 0.008986745	numc_time: 7.402146144	total_time: 8.383159652
[0m
[0;32mdataset: g500_18_8	num_trials: 1	thread_num: 32	numa_mask: 6	init_time: 0.006244108	symb_time: 0.965782655	mgmt_time: 0.008986745	numc_time: 7.402146144	total_time: 8.383159652	flop_cnt: 3197249132	numc_perf: 431935423.835371435	perf: 381389507.622847319
[0mCONFIGURATION:	USE_HYPERTHREADING	USE_WEIGHTED_INTERLEAVING	HASH_CONSTANT: 2654435761	THREAD_NUM: 32	AB_HIGH_THREAD_NUM: 22	AB_SIZE: 524288	AB_MIN_NUM: 32768	AB_PRT: 0.850000	AB_DNR	DN_MIN: 256	GUD_ALPHA: 0.500000	GUD_MIN: 256	HYB_THRES: 0.950000
[0;36m0th run	init_time: 0.007962351	symb_time: 2.286327261	mgmt_time: 0.011746433	numc_time: 40.587849109	total_time: 42.893885154
[0m
[0;36m1th run	init_time: 0.009252500	symb_time: 2.292800461	mgmt_time: 0.011283594	numc_time: 40.537143034	total_time: 42.850479589
[0m
[0;32mdataset: g500_18_16	num_trials: 1	thread_num: 32	numa_mask: 6	init_time: 0.009252500	symb_time: 2.292800461	mgmt_time: 0.011283594	numc_time: 40.537143034	total_time: 42.850479589	flop_cnt: 11359799604	numc_perf: 280231875.109504282	perf: 265103208.014412403
[0mCONFIGURATION:	USE_HYPERTHREADING	USE_WEIGHTED_INTERLEAVING	HASH_CONSTANT: 2654435761	THREAD_NUM: 32	AB_HIGH_THREAD_NUM: 22	AB_SIZE: 524288	AB_MIN_NUM: 32768	AB_PRT: 0.850000	AB_DNR	DN_MIN: 256	GUD_ALPHA: 0.500000	GUD_MIN: 256	HYB_THRES: 0.950000
[0;36m0th run	init_time: 0.012786114	symb_time: 5.279755381	mgmt_time: 0.014775143	numc_time: 161.763315004	total_time: 167.070631642
[0m
[0;36m1th run	init_time: 0.012718422	symb_time: 5.282378613	mgmt_time: 0.014828327	numc_time: 161.693532022	total_time: 167.003457384
[0m
[0;32mdataset: g500_18_32	num_trials: 1	thread_num: 32	numa_mask: 6	init_time: 0.012718422	symb_time: 5.282378613	mgmt_time: 0.014828327	numc_time: 161.693532022	total_time: 167.003457384	flop_cnt: 36733901550	numc_perf: 227182257.018184185	perf: 219958928.548022628
[0mCONFIGURATION:	USE_HYPERTHREADING	USE_WEIGHTED_INTERLEAVING	HASH_CONSTANT: 2654435761	THREAD_NUM: 32	AB_HIGH_THREAD_NUM: 22	AB_SIZE: 524288	AB_MIN_NUM: 32768	AB_PRT: 0.850000	AB_DNR	DN_MIN: 256	GUD_ALPHA: 0.500000	GUD_MIN: 256	HYB_THRES: 0.950000
[0;36m0th run	init_time: 0.004323298	symb_time: 0.111934030	mgmt_time: 0.008362394	numc_time: 0.134568606	total_time: 0.259188328
[0m
[0;36m1th run	init_time: 0.005070975	symb_time: 0.111859780	mgmt_time: 0.007611757	numc_time: 0.134225317	total_time: 0.258767829
[0m
[0;32mdataset: g500_19_1	num_trials: 1	thread_num: 32	numa_mask: 6	init_time: 0.005070975	symb_time: 0.111859780	mgmt_time: 0.007611757	numc_time: 0.134225317	total_time: 0.258767829	flop_cnt: 166344542	numc_perf: 1239293344.339801311	perf: 642833163.004973054
[0mCONFIGURATION:	USE_HYPERTHREADING	USE_WEIGHTED_INTERLEAVING	HASH_CONSTANT: 2654435761	THREAD_NUM: 32	AB_HIGH_THREAD_NUM: 22	AB_SIZE: 524288	AB_MIN_NUM: 32768	AB_PRT: 0.850000	AB_DNR	DN_MIN: 256	GUD_ALPHA: 0.500000	GUD_MIN: 256	HYB_THRES: 0.950000
[0;36m0th run	init_time: 0.005097984	symb_time: 0.368614252	mgmt_time: 0.008530987	numc_time: 0.667028111	total_time: 1.049271334
[0m
[0;36m1th run	init_time: 0.006317468	symb_time: 0.367605358	mgmt_time: 0.008105666	numc_time: 0.667069514	total_time: 1.049098006
[0m
[0;32mdataset: g500_19_2	num_trials: 1	thread_num: 32	numa_mask: 6	init_time: 0.006317468	symb_time: 0.367605358	mgmt_time: 0.008105666	numc_time: 0.667069514	total_time: 1.049098006	flop_cnt: 633825774	numc_perf: 950164504.144915819	perf: 604162595.272342801
[0mCONFIGURATION:	USE_HYPERTHREADING	USE_WEIGHTED_INTERLEAVING	HASH_CONSTANT: 2654435761	THREAD_NUM: 32	AB_HIGH_THREAD_NUM: 22	AB_SIZE: 524288	AB_MIN_NUM: 32768	AB_PRT: 0.850000	AB_DNR	DN_MIN: 256	GUD_ALPHA: 0.500000	GUD_MIN: 256	HYB_THRES: 0.950000
[0;36m0th run	init_time: 0.006561633	symb_time: 1.064072993	mgmt_time: 0.009285319	numc_time: 3.653321966	total_time: 4.733241911
[0m
[0;36m1th run	init_time: 0.008062079	symb_time: 1.062916362	mgmt_time: 0.009076551	numc_time: 3.648043063	total_time: 4.728098055
[0m
[0;32mdataset: g500_19_4	num_trials: 1	thread_num: 32	numa_mask: 6	init_time: 0.008062079	symb_time: 1.062916362	mgmt_time: 0.009076551	numc_time: 3.648043063	total_time: 4.728098055	flop_cnt: 2214702680	numc_perf: 607093348.886819363	perf: 468413018.139066577
[0mCONFIGURATION:	USE_HYPERTHREADING	USE_WEIGHTED_INTERLEAVING	HASH_CONSTANT: 2654435761	THREAD_NUM: 32	AB_HIGH_THREAD_NUM: 22	AB_SIZE: 524288	AB_MIN_NUM: 32768	AB_PRT: 0.850000	AB_DNR	DN_MIN: 256	GUD_ALPHA: 0.500000	GUD_MIN: 256	HYB_THRES: 0.950000
[0;36m0th run	init_time: 0.009443831	symb_time: 3.038681385	mgmt_time: 0.012459430	numc_time: 22.868030990	total_time: 25.928615636
[0m
[0;36m1th run	init_time: 0.010233288	symb_time: 3.041580487	mgmt_time: 0.011643083	numc_time: 22.856143457	total_time: 25.919600315
[0m
[0;32mdataset: g500_19_8	num_trials: 1	thread_num: 32	numa_mask: 6	init_time: 0.010233288	symb_time: 3.041580487	mgmt_time: 0.011643083	numc_time: 22.856143457	total_time: 25.919600315	flop_cnt: 8006120556	numc_perf: 350283090.017446399	perf: 308882870.827555060
[0mCONFIGURATION:	USE_HYPERTHREADING	USE_WEIGHTED_INTERLEAVING	HASH_CONSTANT: 2654435761	THREAD_NUM: 32	AB_HIGH_THREAD_NUM: 22	AB_SIZE: 524288	AB_MIN_NUM: 32768	AB_PRT: 0.850000	AB_DNR	DN_MIN: 256	GUD_ALPHA: 0.500000	GUD_MIN: 256	HYB_THRES: 0.950000
[0;36m0th run	init_time: 0.015295864	symb_time: 9.751295244	mgmt_time: 0.019208285	numc_time: 101.285206233	total_time: 111.071005626
[0m
[0;36m1th run	init_time: 0.015485625	symb_time: 9.813592477	mgmt_time: 0.017576192	numc_time: 100.717612440	total_time: 110.564266734
[0m
[0;32mdataset: g500_19_16	num_trials: 1	thread_num: 32	numa_mask: 6	init_time: 0.015485625	symb_time: 9.813592477	mgmt_time: 0.017576192	numc_time: 100.717612440	total_time: 110.564266734	flop_cnt: 28930196662	numc_perf: 287240691.683735490	perf: 261659553.457731873
[0mCONFIGURATION:	USE_HYPERTHREADING	USE_WEIGHTED_INTERLEAVING	HASH_CONSTANT: 2654435761	THREAD_NUM: 32	AB_HIGH_THREAD_NUM: 22	AB_SIZE: 524288	AB_MIN_NUM: 32768	AB_PRT: 0.850000	AB_DNR	DN_MIN: 256	GUD_ALPHA: 0.500000	GUD_MIN: 256	HYB_THRES: 0.950000
[0;36m0th run	init_time: 0.007878109	symb_time: 0.269681660	mgmt_time: 0.008911059	numc_time: 0.355457032	total_time: 0.641927860
[0m
[0;36m1th run	init_time: 0.009342785	symb_time: 0.269992770	mgmt_time: 0.008206392	numc_time: 0.355002616	total_time: 0.642544563
[0m
[0;32mdataset: g500_20_1	num_trials: 1	thread_num: 32	numa_mask: 6	init_time: 0.009342785	symb_time: 0.269992770	mgmt_time: 0.008206392	numc_time: 0.355002616	total_time: 0.642544563	flop_cnt: 405457504	numc_perf: 1142125397.746365070	perf: 631018496.377814651
[0mCONFIGURATION:	USE_HYPERTHREADING	USE_WEIGHTED_INTERLEAVING	HASH_CONSTANT: 2654435761	THREAD_NUM: 32	AB_HIGH_THREAD_NUM: 22	AB_SIZE: 524288	AB_MIN_NUM: 32768	AB_PRT: 0.850000	AB_DNR	DN_MIN: 256	GUD_ALPHA: 0.500000	GUD_MIN: 256	HYB_THRES: 0.950000
[0;36m0th run	init_time: 0.009907645	symb_time: 0.988822265	mgmt_time: 0.009515302	numc_time: 2.174725758	total_time: 3.182970970
[0m
[0;36m1th run	init_time: 0.011784941	symb_time: 0.986645573	mgmt_time: 0.009017596	numc_time: 2.178909363	total_time: 3.186357473
[0m
[0;32mdataset: g500_20_2	num_trials: 1	thread_num: 32	numa_mask: 6	init_time: 0.011784941	symb_time: 0.986645573	mgmt_time: 0.009017596	numc_time: 2.178909363	total_time: 3.186357473	flop_cnt: 1621860284	numc_perf: 744344997.337092161	perf: 509001358.994725645
[0mCONFIGURATION:	USE_HYPERTHREADING	USE_WEIGHTED_INTERLEAVING	HASH_CONSTANT: 2654435761	THREAD_NUM: 32	AB_HIGH_THREAD_NUM: 22	AB_SIZE: 524288	AB_MIN_NUM: 32768	AB_PRT: 0.850000	AB_DNR	DN_MIN: 256	GUD_ALPHA: 0.500000	GUD_MIN: 256	HYB_THRES: 0.950000
[0;36m0th run	init_time: 0.013686474	symb_time: 3.307595476	mgmt_time: 0.012041616	numc_time: 13.780773821	total_time: 17.114097387
[0m
[0;36m1th run	init_time: 0.014516089	symb_time: 3.299929878	mgmt_time: 0.011983476	numc_time: 13.687431884	total_time: 17.013861327
[0m
[0;32mdataset: g500_20_4	num_trials: 1	thread_num: 32	numa_mask: 6	init_time: 0.014516089	symb_time: 3.299929878	mgmt_time: 0.011983476	numc_time: 13.687431884	total_time: 17.013861327	flop_cnt: 6063756842	numc_perf: 443016403.178470790	perf: 356400979.498826265
[0mCONFIGURATION:	USE_HYPERTHREADING	USE_WEIGHTED_INTERLEAVING	HASH_CONSTANT: 2654435761	THREAD_NUM: 32	AB_HIGH_THREAD_NUM: 22	AB_SIZE: 524288	AB_MIN_NUM: 32768	AB_PRT: 0.850000	AB_DNR	DN_MIN: 256	GUD_ALPHA: 0.500000	GUD_MIN: 256	HYB_THRES: 0.950000
[0;36m0th run	init_time: 0.020943730	symb_time: 12.381894760	mgmt_time: 0.021052093	numc_time: 57.942057767	total_time: 70.365948350
[0m
[0;36m1th run	init_time: 0.021543064	symb_time: 12.257683598	mgmt_time: 0.018898217	numc_time: 57.893091250	total_time: 70.191216129
[0m
[0;32mdataset: g500_20_8	num_trials: 1	thread_num: 32	numa_mask: 6	init_time: 0.021543064	symb_time: 12.257683598	mgmt_time: 0.018898217	numc_time: 57.893091250	total_time: 70.191216129	flop_cnt: 21344490376	numc_perf: 368688040.578589797	perf: 304090619.213268936
[0mmmap: Cannot allocate memory
CONFIGURATION:	USE_HYPERTHREADING	USE_WEIGHTED_INTERLEAVING	HASH_CONSTANT: 2654435761	THREAD_NUM: 32	AB_HIGH_THREAD_NUM: 22	AB_SIZE: 524288	AB_MIN_NUM: 32768	AB_PRT: 0.850000	AB_DNR	DN_MIN: 256	GUD_ALPHA: 0.500000	GUD_MIN: 256	HYB_THRES: 0.950000
errno: 22
buffer_size: 455719517040
