CONFIGURATION:	USE_HYPERTHREADING	HASH_CONSTANT: 2654435761	THREAD_NUM: 64	AB_HIGH_THREAD_NUM: 22	AB_SIZE: 524288	AB_MIN_NUM: 32768	AB_PRT: 0.850000	AB_DNR	DN_MIN: 256	GUD_ALPHA: 0.500000	GUD_MIN: 256	HYB_THRES: 0.950000
[0;36m0th run	init_time: 0.004371193	symb_time: 0.029786895	mgmt_time: 0.001615105	numc_time: 0.016689955	total_time: 0.052463148
[0m
[0;36m1th run	init_time: 0.003940833	symb_time: 0.029726530	mgmt_time: 0.000250576	numc_time: 0.017420447	total_time: 0.051338386
[0m
[0;32mdataset: g500_17_1	num_trials: 1	thread_num: 64	numa_mask: 1	init_time: 0.003940833	symb_time: 0.029726530	mgmt_time: 0.000250576	numc_time: 0.017420447	total_time: 0.051338386	flop_cnt: 26545040	numc_perf: 1523786387.341266155	perf: 517060275.326925933
[0mCONFIGURATION:	USE_HYPERTHREADING	HASH_CONSTANT: 2654435761	THREAD_NUM: 64	AB_HIGH_THREAD_NUM: 22	AB_SIZE: 524288	AB_MIN_NUM: 32768	AB_PRT: 0.850000	AB_DNR	DN_MIN: 256	GUD_ALPHA: 0.500000	GUD_MIN: 256	HYB_THRES: 0.950000
[0;36m0th run	init_time: 0.004551984	symb_time: 0.068373584	mgmt_time: 0.011929334	numc_time: 0.057154788	total_time: 0.142009690
[0m
[0;36m1th run	init_time: 0.003977701	symb_time: 0.068210159	mgmt_time: 0.011323607	numc_time: 0.056723815	total_time: 0.140235282
[0m
[0;32mdataset: g500_17_2	num_trials: 1	thread_num: 64	numa_mask: 1	init_time: 0.003977701	symb_time: 0.068210159	mgmt_time: 0.011323607	numc_time: 0.056723815	total_time: 0.140235282	flop_cnt: 99289164	numc_perf: 1750396442.834460258	perf: 708018428.629109144
[0mCONFIGURATION:	USE_HYPERTHREADING	HASH_CONSTANT: 2654435761	THREAD_NUM: 64	AB_HIGH_THREAD_NUM: 22	AB_SIZE: 524288	AB_MIN_NUM: 32768	AB_PRT: 0.850000	AB_DNR	DN_MIN: 256	GUD_ALPHA: 0.500000	GUD_MIN: 256	HYB_THRES: 0.950000
[0;36m0th run	init_time: 0.004483806	symb_time: 0.136800604	mgmt_time: 0.012488736	numc_time: 0.248386403	total_time: 0.402159549
[0m
[0;36m1th run	init_time: 0.004225734	symb_time: 0.135013136	mgmt_time: 0.011025904	numc_time: 0.247377494	total_time: 0.397642268
[0m
[0;32mdataset: g500_17_4	num_trials: 1	thread_num: 64	numa_mask: 1	init_time: 0.004225734	symb_time: 0.135013136	mgmt_time: 0.011025904	numc_time: 0.247377494	total_time: 0.397642268	flop_cnt: 358726446	numc_perf: 1450117551.922488213	perf: 902133588.072181463
[0mCONFIGURATION:	USE_HYPERTHREADING	HASH_CONSTANT: 2654435761	THREAD_NUM: 64	AB_HIGH_THREAD_NUM: 22	AB_SIZE: 524288	AB_MIN_NUM: 32768	AB_PRT: 0.850000	AB_DNR	DN_MIN: 256	GUD_ALPHA: 0.500000	GUD_MIN: 256	HYB_THRES: 0.950000
[0;36m0th run	init_time: 0.004688336	symb_time: 0.286271277	mgmt_time: 0.012901229	numc_time: 1.170936579	total_time: 1.474797421
[0m
[0;36m1th run	init_time: 0.004807081	symb_time: 0.282011819	mgmt_time: 0.011524277	numc_time: 1.171333124	total_time: 1.469676301
[0m
[0;32mdataset: g500_17_8	num_trials: 1	thread_num: 64	numa_mask: 1	init_time: 0.004807081	symb_time: 0.282011819	mgmt_time: 0.011524277	numc_time: 1.171333124	total_time: 1.469676301	flop_cnt: 1245326524	numc_perf: 1063170244.641694307	perf: 847347489.479589820
[0mCONFIGURATION:	USE_HYPERTHREADING	HASH_CONSTANT: 2654435761	THREAD_NUM: 64	AB_HIGH_THREAD_NUM: 22	AB_SIZE: 524288	AB_MIN_NUM: 32768	AB_PRT: 0.850000	AB_DNR	DN_MIN: 256	GUD_ALPHA: 0.500000	GUD_MIN: 256	HYB_THRES: 0.950000
[0;36m0th run	init_time: 0.004771801	symb_time: 0.626490525	mgmt_time: 0.013215317	numc_time: 5.222888394	total_time: 5.867366037
[0m
[0;36m1th run	init_time: 0.006070264	symb_time: 0.611828463	mgmt_time: 0.012101269	numc_time: 5.227205917	total_time: 5.857205913
[0m
[0;32mdataset: g500_17_16	num_trials: 1	thread_num: 64	numa_mask: 1	init_time: 0.006070264	symb_time: 0.611828463	mgmt_time: 0.012101269	numc_time: 5.227205917	total_time: 5.857205913	flop_cnt: 4189732618	numc_perf: 801524310.411052823	perf: 715312502.280470967
[0mCONFIGURATION:	USE_HYPERTHREADING	HASH_CONSTANT: 2654435761	THREAD_NUM: 64	AB_HIGH_THREAD_NUM: 22	AB_SIZE: 524288	AB_MIN_NUM: 32768	AB_PRT: 0.850000	AB_DNR	DN_MIN: 256	GUD_ALPHA: 0.500000	GUD_MIN: 256	HYB_THRES: 0.950000
[0;36m0th run	init_time: 0.005196801	symb_time: 1.467134104	mgmt_time: 0.014470421	numc_time: 20.248484001	total_time: 21.735285327
[0m
[0;36m1th run	init_time: 0.008887900	symb_time: 1.454924649	mgmt_time: 0.013231150	numc_time: 20.256396632	total_time: 21.733440331
[0m
[0;32mdataset: g500_17_32	num_trials: 1	thread_num: 64	numa_mask: 1	init_time: 0.008887900	symb_time: 1.454924649	mgmt_time: 0.013231150	numc_time: 20.256396632	total_time: 21.733440331	flop_cnt: 13705485276	numc_perf: 676600361.110069633	perf: 630617383.500524759
[0mCONFIGURATION:	USE_HYPERTHREADING	HASH_CONSTANT: 2654435761	THREAD_NUM: 64	AB_HIGH_THREAD_NUM: 22	AB_SIZE: 524288	AB_MIN_NUM: 32768	AB_PRT: 0.850000	AB_DNR	DN_MIN: 256	GUD_ALPHA: 0.500000	GUD_MIN: 256	HYB_THRES: 0.950000
[0;36m0th run	init_time: 0.005139272	symb_time: 0.053792989	mgmt_time: 0.011908475	numc_time: 0.036022673	total_time: 0.106863409
[0m
[0;36m1th run	init_time: 0.004572099	symb_time: 0.054326290	mgmt_time: 0.010485949	numc_time: 0.036709311	total_time: 0.106093649
[0m
[0;32mdataset: g500_18_1	num_trials: 1	thread_num: 64	numa_mask: 1	init_time: 0.004572099	symb_time: 0.054326290	mgmt_time: 0.010485949	numc_time: 0.036709311	total_time: 0.106093649	flop_cnt: 63713390	numc_perf: 1735619336.467524529	perf: 600539151.971292734
[0mCONFIGURATION:	USE_HYPERTHREADING	HASH_CONSTANT: 2654435761	THREAD_NUM: 64	AB_HIGH_THREAD_NUM: 22	AB_SIZE: 524288	AB_MIN_NUM: 32768	AB_PRT: 0.850000	AB_DNR	DN_MIN: 256	GUD_ALPHA: 0.500000	GUD_MIN: 256	HYB_THRES: 0.950000
[0;36m0th run	init_time: 0.005004152	symb_time: 0.134770093	mgmt_time: 0.012443528	numc_time: 0.132057061	total_time: 0.284274834
[0m
[0;36m1th run	init_time: 0.004743256	symb_time: 0.133907935	mgmt_time: 0.011091163	numc_time: 0.130894969	total_time: 0.280637323
[0m
[0;32mdataset: g500_18_2	num_trials: 1	thread_num: 64	numa_mask: 1	init_time: 0.004743256	symb_time: 0.133907935	mgmt_time: 0.011091163	numc_time: 0.130894969	total_time: 0.280637323	flop_cnt: 231404130	numc_perf: 1767861146.748886824	perf: 824566481.486854792
[0mCONFIGURATION:	USE_HYPERTHREADING	HASH_CONSTANT: 2654435761	THREAD_NUM: 64	AB_HIGH_THREAD_NUM: 22	AB_SIZE: 524288	AB_MIN_NUM: 32768	AB_PRT: 0.850000	AB_DNR	DN_MIN: 256	GUD_ALPHA: 0.500000	GUD_MIN: 256	HYB_THRES: 0.950000
[0;36m0th run	init_time: 0.005105755	symb_time: 0.295830506	mgmt_time: 0.012842917	numc_time: 0.667605065	total_time: 0.981384243
[0m
[0;36m1th run	init_time: 0.005196953	symb_time: 0.296460853	mgmt_time: 0.011361026	numc_time: 0.668045137	total_time: 0.981063969
[0m
[0;32mdataset: g500_18_4	num_trials: 1	thread_num: 64	numa_mask: 1	init_time: 0.005196953	symb_time: 0.296460853	mgmt_time: 0.011361026	numc_time: 0.668045137	total_time: 0.981063969	flop_cnt: 866259112	numc_perf: 1296707458.855433464	perf: 882979234.150224924
[0mCONFIGURATION:	USE_HYPERTHREADING	HASH_CONSTANT: 2654435761	THREAD_NUM: 64	AB_HIGH_THREAD_NUM: 22	AB_SIZE: 524288	AB_MIN_NUM: 32768	AB_PRT: 0.850000	AB_DNR	DN_MIN: 256	GUD_ALPHA: 0.500000	GUD_MIN: 256	HYB_THRES: 0.950000
[0;36m0th run	init_time: 0.005113536	symb_time: 0.750296977	mgmt_time: 0.013957890	numc_time: 3.461025930	total_time: 4.230394333
[0m
[0;36m1th run	init_time: 0.006009620	symb_time: 0.749292093	mgmt_time: 0.012160582	numc_time: 3.468217391	total_time: 4.235679686
[0m
[0;32mdataset: g500_18_8	num_trials: 1	thread_num: 64	numa_mask: 1	init_time: 0.006009620	symb_time: 0.749292093	mgmt_time: 0.012160582	numc_time: 3.468217391	total_time: 4.235679686	flop_cnt: 3197249132	numc_perf: 921871028.124372840	perf: 754837326.950789571
[0mCONFIGURATION:	USE_HYPERTHREADING	HASH_CONSTANT: 2654435761	THREAD_NUM: 64	AB_HIGH_THREAD_NUM: 22	AB_SIZE: 524288	AB_MIN_NUM: 32768	AB_PRT: 0.850000	AB_DNR	DN_MIN: 256	GUD_ALPHA: 0.500000	GUD_MIN: 256	HYB_THRES: 0.950000
[0;36m0th run	init_time: 0.006751756	symb_time: 2.059944408	mgmt_time: 0.016006517	numc_time: 15.570735171	total_time: 17.653437852
[0m
[0;36m1th run	init_time: 0.008356239	symb_time: 2.056740655	mgmt_time: 0.014463107	numc_time: 15.566061372	total_time: 17.645621373
[0m
[0;32mdataset: g500_18_16	num_trials: 1	thread_num: 64	numa_mask: 1	init_time: 0.008356239	symb_time: 2.056740655	mgmt_time: 0.014463107	numc_time: 15.566061372	total_time: 17.645621373	flop_cnt: 11359799604	numc_perf: 729779957.339358687	perf: 643774416.546300173
[0mCONFIGURATION:	USE_HYPERTHREADING	HASH_CONSTANT: 2654435761	THREAD_NUM: 64	AB_HIGH_THREAD_NUM: 22	AB_SIZE: 524288	AB_MIN_NUM: 32768	AB_PRT: 0.850000	AB_DNR	DN_MIN: 256	GUD_ALPHA: 0.500000	GUD_MIN: 256	HYB_THRES: 0.950000
[0;36m0th run	init_time: 0.009492000	symb_time: 6.602410206	mgmt_time: 0.018491866	numc_time: 56.708116431	total_time: 63.338510503
[0m
[0;36m1th run	init_time: 0.010235318	symb_time: 6.556285917	mgmt_time: 0.017815375	numc_time: 56.745231530	total_time: 63.329568140
[0m
[0;32mdataset: g500_18_32	num_trials: 1	thread_num: 64	numa_mask: 1	init_time: 0.010235318	symb_time: 6.556285917	mgmt_time: 0.017815375	numc_time: 56.745231530	total_time: 63.329568140	flop_cnt: 36733901550	numc_perf: 647347813.367887378	perf: 580043455.669773698
[0mCONFIGURATION:	USE_HYPERTHREADING	HASH_CONSTANT: 2654435761	THREAD_NUM: 64	AB_HIGH_THREAD_NUM: 22	AB_SIZE: 524288	AB_MIN_NUM: 32768	AB_PRT: 0.850000	AB_DNR	DN_MIN: 256	GUD_ALPHA: 0.500000	GUD_MIN: 256	HYB_THRES: 0.950000
[0;36m0th run	init_time: 0.006033813	symb_time: 0.109435780	mgmt_time: 0.012183191	numc_time: 0.089915040	total_time: 0.217567824
[0m
[0;36m1th run	init_time: 0.005763876	symb_time: 0.110421415	mgmt_time: 0.010870459	numc_time: 0.089552324	total_time: 0.216608074
[0m
[0;32mdataset: g500_19_1	num_trials: 1	thread_num: 64	numa_mask: 1	init_time: 0.005763876	symb_time: 0.110421415	mgmt_time: 0.010870459	numc_time: 0.089552324	total_time: 0.216608074	flop_cnt: 166344542	numc_perf: 1857512285.219979286	perf: 767951715.410202026
[0mCONFIGURATION:	USE_HYPERTHREADING	HASH_CONSTANT: 2654435761	THREAD_NUM: 64	AB_HIGH_THREAD_NUM: 22	AB_SIZE: 524288	AB_MIN_NUM: 32768	AB_PRT: 0.850000	AB_DNR	DN_MIN: 256	GUD_ALPHA: 0.500000	GUD_MIN: 256	HYB_THRES: 0.950000
[0;36m0th run	init_time: 0.006151439	symb_time: 0.298500878	mgmt_time: 0.013068905	numc_time: 0.417327231	total_time: 0.735048453
[0m
[0;36m1th run	init_time: 0.006322820	symb_time: 0.296734344	mgmt_time: 0.011586395	numc_time: 0.418392751	total_time: 0.733036310
[0m
[0;32mdataset: g500_19_2	num_trials: 1	thread_num: 64	numa_mask: 1	init_time: 0.006322820	symb_time: 0.296734344	mgmt_time: 0.011586395	numc_time: 0.418392751	total_time: 0.733036310	flop_cnt: 633825774	numc_perf: 1514906203.525500536	perf: 864658087.673719764
[0mCONFIGURATION:	USE_HYPERTHREADING	HASH_CONSTANT: 2654435761	THREAD_NUM: 64	AB_HIGH_THREAD_NUM: 22	AB_SIZE: 524288	AB_MIN_NUM: 32768	AB_PRT: 0.850000	AB_DNR	DN_MIN: 256	GUD_ALPHA: 0.500000	GUD_MIN: 256	HYB_THRES: 0.950000
[0;36m0th run	init_time: 0.006519585	symb_time: 0.783320137	mgmt_time: 0.013518329	numc_time: 1.963282534	total_time: 2.766640585
[0m
[0;36m1th run	init_time: 0.007203385	symb_time: 0.782043944	mgmt_time: 0.012443122	numc_time: 1.968045035	total_time: 2.769735486
[0m
[0;32mdataset: g500_19_4	num_trials: 1	thread_num: 64	numa_mask: 1	init_time: 0.007203385	symb_time: 0.782043944	mgmt_time: 0.012443122	numc_time: 1.968045035	total_time: 2.769735486	flop_cnt: 2214702680	numc_perf: 1125331301.171164513	perf: 799608009.932541251
[0mCONFIGURATION:	USE_HYPERTHREADING	HASH_CONSTANT: 2654435761	THREAD_NUM: 64	AB_HIGH_THREAD_NUM: 22	AB_SIZE: 524288	AB_MIN_NUM: 32768	AB_PRT: 0.850000	AB_DNR	DN_MIN: 256	GUD_ALPHA: 0.500000	GUD_MIN: 256	HYB_THRES: 0.950000
[0;36m0th run	init_time: 0.009007741	symb_time: 2.354213126	mgmt_time: 0.016193729	numc_time: 9.665258610	total_time: 12.044673206
[0m
[0;36m1th run	init_time: 0.009894361	symb_time: 2.306451011	mgmt_time: 0.014807297	numc_time: 9.674999408	total_time: 12.006152077
[0m
[0;32mdataset: g500_19_8	num_trials: 1	thread_num: 64	numa_mask: 1	init_time: 0.009894361	symb_time: 2.306451011	mgmt_time: 0.014807297	numc_time: 9.674999408	total_time: 12.006152077	flop_cnt: 8006120556	numc_perf: 827506051.254117012	perf: 666834844.724081278
[0mCONFIGURATION:	USE_HYPERTHREADING	HASH_CONSTANT: 2654435761	THREAD_NUM: 64	AB_HIGH_THREAD_NUM: 22	AB_SIZE: 524288	AB_MIN_NUM: 32768	AB_PRT: 0.850000	AB_DNR	DN_MIN: 256	GUD_ALPHA: 0.500000	GUD_MIN: 256	HYB_THRES: 0.950000
[0;36m0th run	init_time: 0.014159577	symb_time: 8.545304378	mgmt_time: 0.020234555	numc_time: 42.233591248	total_time: 50.813289758
[0m
[0;36m1th run	init_time: 0.014357759	symb_time: 8.678939808	mgmt_time: 0.018892878	numc_time: 42.269209939	total_time: 50.981400384
[0m
[0;32mdataset: g500_19_16	num_trials: 1	thread_num: 64	numa_mask: 1	init_time: 0.014357759	symb_time: 8.678939808	mgmt_time: 0.018892878	numc_time: 42.269209939	total_time: 50.981400384	flop_cnt: 28930196662	numc_perf: 684427191.890978336	perf: 567465711.888907909
[0mCONFIGURATION:	USE_HYPERTHREADING	HASH_CONSTANT: 2654435761	THREAD_NUM: 64	AB_HIGH_THREAD_NUM: 22	AB_SIZE: 524288	AB_MIN_NUM: 32768	AB_PRT: 0.850000	AB_DNR	DN_MIN: 256	GUD_ALPHA: 0.500000	GUD_MIN: 256	HYB_THRES: 0.950000
[0;36m0th run	init_time: 0.007895729	symb_time: 0.225778290	mgmt_time: 0.013056710	numc_time: 0.223983835	total_time: 0.470714564
[0m
[0;36m1th run	init_time: 0.008871052	symb_time: 0.224290164	mgmt_time: 0.011512661	numc_time: 0.225838314	total_time: 0.470512191
[0m
[0;32mdataset: g500_20_1	num_trials: 1	thread_num: 64	numa_mask: 1	init_time: 0.008871052	symb_time: 0.224290164	mgmt_time: 0.011512661	numc_time: 0.225838314	total_time: 0.470512191	flop_cnt: 405457504	numc_perf: 1795344185.929408312	perf: 861736447.547222018
[0mCONFIGURATION:	USE_HYPERTHREADING	HASH_CONSTANT: 2654435761	THREAD_NUM: 64	AB_HIGH_THREAD_NUM: 22	AB_SIZE: 524288	AB_MIN_NUM: 32768	AB_PRT: 0.850000	AB_DNR	DN_MIN: 256	GUD_ALPHA: 0.500000	GUD_MIN: 256	HYB_THRES: 0.950000
[0;36m0th run	init_time: 0.009294148	symb_time: 0.736522730	mgmt_time: 0.013392896	numc_time: 1.210649102	total_time: 1.969858876
[0m
[0;36m1th run	init_time: 0.010319071	symb_time: 0.737284217	mgmt_time: 0.012143188	numc_time: 1.211543053	total_time: 1.971289529
[0m
[0;32mdataset: g500_20_2	num_trials: 1	thread_num: 64	numa_mask: 1	init_time: 0.010319071	symb_time: 0.737284217	mgmt_time: 0.012143188	numc_time: 1.211543053	total_time: 1.971289529	flop_cnt: 1621860284	numc_perf: 1338673256.376634836	perf: 822740779.647290468
[0mCONFIGURATION:	USE_HYPERTHREADING	HASH_CONSTANT: 2654435761	THREAD_NUM: 64	AB_HIGH_THREAD_NUM: 22	AB_SIZE: 524288	AB_MIN_NUM: 32768	AB_PRT: 0.850000	AB_DNR	DN_MIN: 256	GUD_ALPHA: 0.500000	GUD_MIN: 256	HYB_THRES: 0.950000
[0;36m0th run	init_time: 0.011513999	symb_time: 2.282512510	mgmt_time: 0.016216305	numc_time: 6.391511245	total_time: 8.701754059
[0m
[0;36m1th run	init_time: 0.012567575	symb_time: 2.281178595	mgmt_time: 0.014857766	numc_time: 6.395592109	total_time: 8.704196045
[0m
[0;32mdataset: g500_20_4	num_trials: 1	thread_num: 64	numa_mask: 1	init_time: 0.012567575	symb_time: 2.281178595	mgmt_time: 0.014857766	numc_time: 6.395592109	total_time: 8.704196045	flop_cnt: 6063756842	numc_perf: 948115004.624351382	perf: 696647549.141915083
[0mCONFIGURATION:	USE_HYPERTHREADING	HASH_CONSTANT: 2654435761	THREAD_NUM: 64	AB_HIGH_THREAD_NUM: 22	AB_SIZE: 524288	AB_MIN_NUM: 32768	AB_PRT: 0.850000	AB_DNR	DN_MIN: 256	GUD_ALPHA: 0.500000	GUD_MIN: 256	HYB_THRES: 0.950000
[0;36m0th run	init_time: 0.018070790	symb_time: 8.004396659	mgmt_time: 0.021937130	numc_time: 28.555015873	total_time: 36.599420452
[0m
[0;36m1th run	init_time: 0.018704791	symb_time: 7.997704647	mgmt_time: 0.020338089	numc_time: 28.574531709	total_time: 36.611279236
[0m
[0;32mdataset: g500_20_8	num_trials: 1	thread_num: 64	numa_mask: 1	init_time: 0.018704791	symb_time: 7.997704647	mgmt_time: 0.020338089	numc_time: 28.574531709	total_time: 36.611279236	flop_cnt: 21344490376	numc_perf: 746976034.231112719	perf: 583003129.675181866
[0mmmap: Cannot allocate memory
CONFIGURATION:	USE_HYPERTHREADING	HASH_CONSTANT: 2654435761	THREAD_NUM: 64	AB_HIGH_THREAD_NUM: 22	AB_SIZE: 524288	AB_MIN_NUM: 32768	AB_PRT: 0.850000	AB_DNR	DN_MIN: 256	GUD_ALPHA: 0.500000	GUD_MIN: 256	HYB_THRES: 0.950000
errno: 22
buffer_size: 455719517040
