[huang@xfusion-2288HV7 ujmm-hmem]$  numactl --physcpubind=32-63 ./bin/microbench/hashspgemm_numc_comp g500_19_8
CONFIGURATION:	USE_HYPERTHREADING	USE_WEIGHTED_INTERLEAVING	HASH_CONSTANT: 2654435761	THREAD_NUM: 32	AB_HIGH_THREAD_NUM: 16	AB_SIZE: 524288AB_MIN_NUM: 32768	AB_PRT: 0.900000	AB_DNR	DAHA	DAHA_REAR	DAHA_QUANTILE: 0.990000	DAHA_SYMB_THRES: 6000000	DAHA_NUMC_THRES: 800000DN_MIN: 256	GUD_ALPHA: 0.500000	GUD_MIN: 256	HYB_THRES: 0.950000
	0_intprod: 1656993142
	1_intprod: 636164733
	2_intprod: 633326710
	3_intprod: 227036895
	4_intprod: 633890882
	5_intprod: 226170720
	6_intprod: 226743545
	7_intprod: 80055481
	8_intprod: 635671871
	9_intprod: 226069455
	10_intprod: 226700272
	11_intprod: 78669825
	12_intprod: 225476792
	13_intprod: 77312166
	14_intprod: 77962591
	15_intprod: 28575540
	16_intprod: 633251849
	17_intprod: 226715779
	18_intprod: 225816003
	19_intprod: 77411644
	20_intprod: 223019226
	21_intprod: 77484329
	22_intprod: 77027179
	23_intprod: 27278525
	24_intprod: 224580534
	25_intprod: 77370570
	26_intprod: 76333881
	27_intprod: 25387682
	28_intprod: 77700419
	29_intprod: 25679667
	30_intprod: 25622053
	31_intprod: 8620596

	0_symb_time: 1.576045661
	1_symb_time: 1.842395644
	2_symb_time: 2.057917421
	3_symb_time: 2.126838767
	4_symb_time: 2.335441511
	5_symb_time: 2.363032574
	6_symb_time: 2.426298940
	7_symb_time: 2.566328090
	8_symb_time: 2.970287830
	9_symb_time: 2.263467970
	10_symb_time: 2.836868922
	11_symb_time: 2.948932102
	12_symb_time: 2.755964764
	13_symb_time: 2.582270350
	14_symb_time: 2.974441883
	15_symb_time: 3.264785124
	16_symb_time: 3.265435768
	17_symb_time: 2.516259525
	18_symb_time: 2.754880395
	19_symb_time: 2.986517545
	20_symb_time: 3.182512428
	21_symb_time: 3.490662714
	22_symb_time: 3.388540423
	23_symb_time: 2.926732341
	24_symb_time: 2.557812417
	25_symb_time: 3.012645186
	26_symb_time: 3.308397007
	27_symb_time: 3.245632688
	28_symb_time: 3.317804402
	29_symb_time: 3.575682017
	30_symb_time: 3.531618902
	31_symb_time: 3.977993702

	0_numc_time: 8.945060563
	1_numc_time: 8.775133664
	2_numc_time: 8.740929406
	3_numc_time: 8.667407883
	4_numc_time: 8.505088523
	5_numc_time: 8.665810416
	6_numc_time: 8.453269428
	7_numc_time: 8.513279468
	8_numc_time: 8.101119569
	9_numc_time: 8.510980416
	10_numc_time: 8.260876180
	11_numc_time: 8.078055263
	12_numc_time: 8.049541957
	13_numc_time: 8.513585463
	14_numc_time: 8.127878810
	15_numc_time: 7.710528990
	16_numc_time: 7.761797756
	17_numc_time: 8.453618770
	18_numc_time: 8.338613471
	19_numc_time: 7.975212386
	20_numc_time: 7.845606646
	21_numc_time: 7.433870647
	22_numc_time: 7.560639328
	23_numc_time: 8.012008883
	24_numc_time: 8.364050311
	25_numc_time: 7.968057953
	26_numc_time: 7.695806356
	27_numc_time: 7.720646671
	28_numc_time: 7.619415178
	29_numc_time: 7.328356608
	30_numc_time: 7.321157638
	31_numc_time: 6.775603562

	perf::PERF_COUNT_HW_CACHE_MISSES	perf::PERF_COUNT_HW_CACHE_REFERENCES	PAPI_TOT_INS
	0_numc_perf::PERF_COUNT_HW_CACHE_MISSES: 140911099	_numc_perf::PERF_COUNT_HW_CACHE_REFERENCES: 351757392	_numc_PAPI_TOT_INS: 6788115241
	1_numc_perf::PERF_COUNT_HW_CACHE_MISSES: 135571982	_numc_perf::PERF_COUNT_HW_CACHE_REFERENCES: 352347727	_numc_PAPI_TOT_INS: 7014663636
	2_numc_perf::PERF_COUNT_HW_CACHE_MISSES: 131050258	_numc_perf::PERF_COUNT_HW_CACHE_REFERENCES: 339788473	_numc_PAPI_TOT_INS: 7249175577
	3_numc_perf::PERF_COUNT_HW_CACHE_MISSES: 123919907	_numc_perf::PERF_COUNT_HW_CACHE_REFERENCES: 328353965	_numc_PAPI_TOT_INS: 7440533032
	4_numc_perf::PERF_COUNT_HW_CACHE_MISSES: 118807261	_numc_perf::PERF_COUNT_HW_CACHE_REFERENCES: 311955287	_numc_PAPI_TOT_INS: 7843987035
	5_numc_perf::PERF_COUNT_HW_CACHE_MISSES: 116991540	_numc_perf::PERF_COUNT_HW_CACHE_REFERENCES: 312253873	_numc_PAPI_TOT_INS: 7734123314
	6_numc_perf::PERF_COUNT_HW_CACHE_MISSES: 113943690	_numc_perf::PERF_COUNT_HW_CACHE_REFERENCES: 296028484	_numc_PAPI_TOT_INS: 8179596327
	7_numc_perf::PERF_COUNT_HW_CACHE_MISSES: 110127758	_numc_perf::PERF_COUNT_HW_CACHE_REFERENCES: 296885157	_numc_PAPI_TOT_INS: 8059391322
	8_numc_perf::PERF_COUNT_HW_CACHE_MISSES: 90683978	_numc_perf::PERF_COUNT_HW_CACHE_REFERENCES: 251439080	_numc_PAPI_TOT_INS: 8998916773
	9_numc_perf::PERF_COUNT_HW_CACHE_MISSES: 119560533	_numc_perf::PERF_COUNT_HW_CACHE_REFERENCES: 309907616	_numc_PAPI_TOT_INS: 7900507551
	10_numc_perf::PERF_COUNT_HW_CACHE_MISSES: 96371770	_numc_perf::PERF_COUNT_HW_CACHE_REFERENCES: 263479049	_numc_PAPI_TOT_INS: 8636697774
	11_numc_perf::PERF_COUNT_HW_CACHE_MISSES: 91151141	_numc_perf::PERF_COUNT_HW_CACHE_REFERENCES: 246582114	_numc_PAPI_TOT_INS: 9148233602
	12_numc_perf::PERF_COUNT_HW_CACHE_MISSES: 96190651	_numc_perf::PERF_COUNT_HW_CACHE_REFERENCES: 251532027	_numc_PAPI_TOT_INS: 9378479401
	13_numc_perf::PERF_COUNT_HW_CACHE_MISSES: 109588952	_numc_perf::PERF_COUNT_HW_CACHE_REFERENCES: 293507201	_numc_PAPI_TOT_INS: 8051333370
	14_numc_perf::PERF_COUNT_HW_CACHE_MISSES: 91890187	_numc_perf::PERF_COUNT_HW_CACHE_REFERENCES: 251432348	_numc_PAPI_TOT_INS: 8994113928
	15_numc_perf::PERF_COUNT_HW_CACHE_MISSES: 75683865	_numc_perf::PERF_COUNT_HW_CACHE_REFERENCES: 212441451	_numc_PAPI_TOT_INS: 10099116724
	16_numc_perf::PERF_COUNT_HW_CACHE_MISSES: 77808307	_numc_perf::PERF_COUNT_HW_CACHE_REFERENCES: 215232492	_numc_PAPI_TOT_INS: 10182583296
	17_numc_perf::PERF_COUNT_HW_CACHE_MISSES: 113510345	_numc_perf::PERF_COUNT_HW_CACHE_REFERENCES: 286136106	_numc_PAPI_TOT_INS: 8811991255
	18_numc_perf::PERF_COUNT_HW_CACHE_MISSES: 101575864	_numc_perf::PERF_COUNT_HW_CACHE_REFERENCES: 273876315	_numc_PAPI_TOT_INS: 8395168274
	19_numc_perf::PERF_COUNT_HW_CACHE_MISSES: 87846831	_numc_perf::PERF_COUNT_HW_CACHE_REFERENCES: 245077996	_numc_PAPI_TOT_INS: 9211904463
	20_numc_perf::PERF_COUNT_HW_CACHE_MISSES: 80854731	_numc_perf::PERF_COUNT_HW_CACHE_REFERENCES: 221355719	_numc_PAPI_TOT_INS: 9877858337
	21_numc_perf::PERF_COUNT_HW_CACHE_MISSES: 65282395	_numc_perf::PERF_COUNT_HW_CACHE_REFERENCES: 187026604	_numc_PAPI_TOT_INS: 11179645970
	22_numc_perf::PERF_COUNT_HW_CACHE_MISSES: 70528162	_numc_perf::PERF_COUNT_HW_CACHE_REFERENCES: 200484531	_numc_PAPI_TOT_INS: 10451328331
	23_numc_perf::PERF_COUNT_HW_CACHE_MISSES: 91723231	_numc_perf::PERF_COUNT_HW_CACHE_REFERENCES: 233231021	_numc_PAPI_TOT_INS: 10661138119
	24_numc_perf::PERF_COUNT_HW_CACHE_MISSES: 108302476	_numc_perf::PERF_COUNT_HW_CACHE_REFERENCES: 294056950	_numc_PAPI_TOT_INS: 8056179111
	25_numc_perf::PERF_COUNT_HW_CACHE_MISSES: 87148429	_numc_perf::PERF_COUNT_HW_CACHE_REFERENCES: 244572656	_numc_PAPI_TOT_INS: 9083639885
	26_numc_perf::PERF_COUNT_HW_CACHE_MISSES: 75457329	_numc_perf::PERF_COUNT_HW_CACHE_REFERENCES: 211248144	_numc_PAPI_TOT_INS: 10384264865
	27_numc_perf::PERF_COUNT_HW_CACHE_MISSES: 76857649	_numc_perf::PERF_COUNT_HW_CACHE_REFERENCES: 213983145	_numc_PAPI_TOT_INS: 9968716186
	28_numc_perf::PERF_COUNT_HW_CACHE_MISSES: 73729991	_numc_perf::PERF_COUNT_HW_CACHE_REFERENCES: 208556301	_numc_PAPI_TOT_INS: 10493709071
	29_numc_perf::PERF_COUNT_HW_CACHE_MISSES: 62452594	_numc_perf::PERF_COUNT_HW_CACHE_REFERENCES: 174963078	_numc_PAPI_TOT_INS: 12024995421
	30_numc_perf::PERF_COUNT_HW_CACHE_MISSES: 62315742	_numc_perf::PERF_COUNT_HW_CACHE_REFERENCES: 182030614	_numc_PAPI_TOT_INS: 11018928391
	31_numc_perf::PERF_COUNT_HW_CACHE_MISSES: 44134100	_numc_perf::PERF_COUNT_HW_CACHE_REFERENCES: 135652693	_numc_PAPI_TOT_INS: 13822621959

0th run	init_time: 0.013267687	symb_time: 3.980194881	mgmt_time: 0.000016170	numc_time: 8.957219505	total_time: 12.950698243

	0_intprod: 1656993142
	1_intprod: 636164733
	2_intprod: 633326710
	3_intprod: 227036895
	4_intprod: 633890882
	5_intprod: 226170720
	6_intprod: 226743545
	7_intprod: 80055481
	8_intprod: 635671871
	9_intprod: 226069455
	10_intprod: 226700272
	11_intprod: 78669825
	12_intprod: 225476792
	13_intprod: 77312166
	14_intprod: 77962591
	15_intprod: 28575540
	16_intprod: 633251849
	17_intprod: 226715779
	18_intprod: 225816003
	19_intprod: 77411644
	20_intprod: 223019226
	21_intprod: 77484329
	22_intprod: 77027179
	23_intprod: 27278525
	24_intprod: 224580534
	25_intprod: 77370570
	26_intprod: 76333881
	27_intprod: 25387682
	28_intprod: 77700419
	29_intprod: 25679667
	30_intprod: 25622053
	31_intprod: 8620596

	0_symb_time: 1.542136399
	1_symb_time: 1.804115157
	2_symb_time: 2.018599695
	3_symb_time: 2.157570554
	4_symb_time: 2.293565111
	5_symb_time: 2.395251213
	6_symb_time: 2.416776621
	7_symb_time: 2.558492666
	8_symb_time: 2.962807842
	9_symb_time: 2.270615851
	10_symb_time: 2.847736336
	11_symb_time: 2.972213029
	12_symb_time: 2.762301741
	13_symb_time: 2.587642383
	14_symb_time: 2.974552140
	15_symb_time: 3.276195031
	16_symb_time: 3.262621555
	17_symb_time: 2.496724042
	18_symb_time: 2.757844290
	19_symb_time: 2.984969863
	20_symb_time: 3.179730695
	21_symb_time: 3.484657191
	22_symb_time: 3.383376481
	23_symb_time: 2.918013359
	24_symb_time: 2.550353744
	25_symb_time: 3.007995756
	26_symb_time: 3.308828083
	27_symb_time: 3.251417351
	28_symb_time: 3.363500039
	29_symb_time: 3.570591209
	30_symb_time: 3.527377529
	31_symb_time: 3.978411331

	0_numc_time: 8.936224116
	1_numc_time: 8.722582612
	2_numc_time: 8.728131293
	3_numc_time: 8.683058804
	4_numc_time: 8.448379208
	5_numc_time: 8.656985969
	6_numc_time: 8.442802507
	7_numc_time: 8.524781293
	8_numc_time: 8.109450494
	9_numc_time: 8.511320221
	10_numc_time: 8.287480586
	11_numc_time: 8.115244994
	12_numc_time: 8.080062548
	13_numc_time: 8.521972629
	14_numc_time: 8.125593444
	15_numc_time: 7.730654504
	16_numc_time: 7.794796110
	17_numc_time: 8.425713496
	18_numc_time: 8.327539091
	19_numc_time: 8.051092967
	20_numc_time: 7.830612437
	21_numc_time: 7.418867479
	22_numc_time: 7.563855845
	23_numc_time: 8.011911598
	24_numc_time: 8.406854331
	25_numc_time: 7.987571929
	26_numc_time: 7.713676460
	27_numc_time: 7.719983928
	28_numc_time: 7.691972639
	29_numc_time: 7.314594875
	30_numc_time: 7.290907441
	31_numc_time: 6.729276576

	perf::PERF_COUNT_HW_CACHE_MISSES	perf::PERF_COUNT_HW_CACHE_REFERENCES	PAPI_TOT_INS
	0_numc_perf::PERF_COUNT_HW_CACHE_MISSES: 139240397	_numc_perf::PERF_COUNT_HW_CACHE_REFERENCES: 351979763	_numc_PAPI_TOT_INS: 6788115219
	1_numc_perf::PERF_COUNT_HW_CACHE_MISSES: 133177137	_numc_perf::PERF_COUNT_HW_CACHE_REFERENCES: 352788930	_numc_PAPI_TOT_INS: 7014663596
	2_numc_perf::PERF_COUNT_HW_CACHE_MISSES: 129760689	_numc_perf::PERF_COUNT_HW_CACHE_REFERENCES: 339915139	_numc_PAPI_TOT_INS: 7249175571
	3_numc_perf::PERF_COUNT_HW_CACHE_MISSES: 126229422	_numc_perf::PERF_COUNT_HW_CACHE_REFERENCES: 329494206	_numc_PAPI_TOT_INS: 7440533051
	4_numc_perf::PERF_COUNT_HW_CACHE_MISSES: 115903836	_numc_perf::PERF_COUNT_HW_CACHE_REFERENCES: 311721782	_numc_PAPI_TOT_INS: 7843986965
	5_numc_perf::PERF_COUNT_HW_CACHE_MISSES: 116835774	_numc_perf::PERF_COUNT_HW_CACHE_REFERENCES: 312862581	_numc_PAPI_TOT_INS: 7734123327
	6_numc_perf::PERF_COUNT_HW_CACHE_MISSES: 113270472	_numc_perf::PERF_COUNT_HW_CACHE_REFERENCES: 295882230	_numc_PAPI_TOT_INS: 8179596302
	7_numc_perf::PERF_COUNT_HW_CACHE_MISSES: 110904120	_numc_perf::PERF_COUNT_HW_CACHE_REFERENCES: 297259694	_numc_PAPI_TOT_INS: 8059391349
	8_numc_perf::PERF_COUNT_HW_CACHE_MISSES: 91086959	_numc_perf::PERF_COUNT_HW_CACHE_REFERENCES: 253286297	_numc_PAPI_TOT_INS: 8998916791
	9_numc_perf::PERF_COUNT_HW_CACHE_MISSES: 120541764	_numc_perf::PERF_COUNT_HW_CACHE_REFERENCES: 309600126	_numc_PAPI_TOT_INS: 7900507536
	10_numc_perf::PERF_COUNT_HW_CACHE_MISSES: 97653885	_numc_perf::PERF_COUNT_HW_CACHE_REFERENCES: 263323103	_numc_PAPI_TOT_INS: 8636697781
	11_numc_perf::PERF_COUNT_HW_CACHE_MISSES: 92469654	_numc_perf::PERF_COUNT_HW_CACHE_REFERENCES: 249588811	_numc_PAPI_TOT_INS: 9148233626
	12_numc_perf::PERF_COUNT_HW_CACHE_MISSES: 97508000	_numc_perf::PERF_COUNT_HW_CACHE_REFERENCES: 252557821	_numc_PAPI_TOT_INS: 9378479432
	13_numc_perf::PERF_COUNT_HW_CACHE_MISSES: 110331059	_numc_perf::PERF_COUNT_HW_CACHE_REFERENCES: 294028887	_numc_PAPI_TOT_INS: 8051333358
	14_numc_perf::PERF_COUNT_HW_CACHE_MISSES: 91727589	_numc_perf::PERF_COUNT_HW_CACHE_REFERENCES: 253507597	_numc_PAPI_TOT_INS: 8994113907
	15_numc_perf::PERF_COUNT_HW_CACHE_MISSES: 76194813	_numc_perf::PERF_COUNT_HW_CACHE_REFERENCES: 215213215	_numc_PAPI_TOT_INS: 10099116749
	16_numc_perf::PERF_COUNT_HW_CACHE_MISSES: 78892166	_numc_perf::PERF_COUNT_HW_CACHE_REFERENCES: 216018777	_numc_PAPI_TOT_INS: 10182582547
	17_numc_perf::PERF_COUNT_HW_CACHE_MISSES: 112433637	_numc_perf::PERF_COUNT_HW_CACHE_REFERENCES: 285377520	_numc_PAPI_TOT_INS: 8811991209
	18_numc_perf::PERF_COUNT_HW_CACHE_MISSES: 101738951	_numc_perf::PERF_COUNT_HW_CACHE_REFERENCES: 274322241	_numc_PAPI_TOT_INS: 8395168279
	19_numc_perf::PERF_COUNT_HW_CACHE_MISSES: 89836603	_numc_perf::PERF_COUNT_HW_CACHE_REFERENCES: 247078729	_numc_PAPI_TOT_INS: 9211904542
	20_numc_perf::PERF_COUNT_HW_CACHE_MISSES: 80125021	_numc_perf::PERF_COUNT_HW_CACHE_REFERENCES: 221388003	_numc_PAPI_TOT_INS: 9877858338
	21_numc_perf::PERF_COUNT_HW_CACHE_MISSES: 64986801	_numc_perf::PERF_COUNT_HW_CACHE_REFERENCES: 186415918	_numc_PAPI_TOT_INS: 11179645941
	22_numc_perf::PERF_COUNT_HW_CACHE_MISSES: 70127491	_numc_perf::PERF_COUNT_HW_CACHE_REFERENCES: 204496306	_numc_PAPI_TOT_INS: 10451328350
	23_numc_perf::PERF_COUNT_HW_CACHE_MISSES: 91903408	_numc_perf::PERF_COUNT_HW_CACHE_REFERENCES: 232959456	_numc_PAPI_TOT_INS: 10661138131
	24_numc_perf::PERF_COUNT_HW_CACHE_MISSES: 109270234	_numc_perf::PERF_COUNT_HW_CACHE_REFERENCES: 293062339	_numc_PAPI_TOT_INS: 8056179136
	25_numc_perf::PERF_COUNT_HW_CACHE_MISSES: 87563002	_numc_perf::PERF_COUNT_HW_CACHE_REFERENCES: 245229259	_numc_PAPI_TOT_INS: 9083639889
	26_numc_perf::PERF_COUNT_HW_CACHE_MISSES: 75816382	_numc_perf::PERF_COUNT_HW_CACHE_REFERENCES: 212836338	_numc_PAPI_TOT_INS: 10384264901
	27_numc_perf::PERF_COUNT_HW_CACHE_MISSES: 76806649	_numc_perf::PERF_COUNT_HW_CACHE_REFERENCES: 216231587	_numc_PAPI_TOT_INS: 9968716180
	28_numc_perf::PERF_COUNT_HW_CACHE_MISSES: 75537787	_numc_perf::PERF_COUNT_HW_CACHE_REFERENCES: 229138080	_numc_PAPI_TOT_INS: 10493709128
	29_numc_perf::PERF_COUNT_HW_CACHE_MISSES: 62016128	_numc_perf::PERF_COUNT_HW_CACHE_REFERENCES: 174564842	_numc_PAPI_TOT_INS: 12024995425
	30_numc_perf::PERF_COUNT_HW_CACHE_MISSES: 61810367	_numc_perf::PERF_COUNT_HW_CACHE_REFERENCES: 181272627	_numc_PAPI_TOT_INS: 11018928345
	31_numc_perf::PERF_COUNT_HW_CACHE_MISSES: 43475412	_numc_perf::PERF_COUNT_HW_CACHE_REFERENCES: 133327128	_numc_PAPI_TOT_INS: 13822621268

1th run	init_time: 0.013298192	symb_time: 3.980498931	mgmt_time: 0.000010808	numc_time: 8.949545082	total_time: 12.943353013

	0_intprod: 1656993142
	1_intprod: 636164733
	2_intprod: 633326710
	3_intprod: 227036895
	4_intprod: 633890882
	5_intprod: 226170720
	6_intprod: 226743545
	7_intprod: 80055481
	8_intprod: 635671871
	9_intprod: 226069455
	10_intprod: 226700272
	11_intprod: 78669825
	12_intprod: 225476792
	13_intprod: 77312166
	14_intprod: 77962591
	15_intprod: 28575540
	16_intprod: 633251849
	17_intprod: 226715779
	18_intprod: 225816003
	19_intprod: 77411644
	20_intprod: 223019226
	21_intprod: 77484329
	22_intprod: 77027179
	23_intprod: 27278525
	24_intprod: 224580534
	25_intprod: 77370570
	26_intprod: 76333881
	27_intprod: 25387682
	28_intprod: 77700419
	29_intprod: 25679667
	30_intprod: 25622053
	31_intprod: 8620596

	0_symb_time: 1.603495549
	1_symb_time: 1.833577997
	2_symb_time: 2.020550567
	3_symb_time: 2.143971359
	4_symb_time: 2.318972822
	5_symb_time: 2.407830290
	6_symb_time: 2.414972963
	7_symb_time: 2.557523976
	8_symb_time: 2.962930805
	9_symb_time: 2.283862393
	10_symb_time: 2.847220433
	11_symb_time: 2.967136498
	12_symb_time: 2.767124387
	13_symb_time: 2.590801214
	14_symb_time: 2.983047312
	15_symb_time: 3.259291247
	16_symb_time: 3.273904146
	17_symb_time: 2.497697395
	18_symb_time: 2.751850440
	19_symb_time: 2.977772744
	20_symb_time: 3.183726420
	21_symb_time: 3.489445306
	22_symb_time: 3.405639051
	23_symb_time: 2.929278291
	24_symb_time: 2.570344938
	25_symb_time: 3.015754720
	26_symb_time: 3.318002875
	27_symb_time: 3.252015108
	28_symb_time: 3.322793200
	29_symb_time: 3.574651931
	30_symb_time: 3.535935381
	31_symb_time: 3.978787526

	0_numc_time: 8.933276725
	1_numc_time: 8.759192874
	2_numc_time: 8.710732401
	3_numc_time: 8.665301279
	4_numc_time: 8.456871870
	5_numc_time: 8.662145392
	6_numc_time: 8.442310964
	7_numc_time: 8.495228624
	8_numc_time: 8.101797095
	9_numc_time: 8.513931967
	10_numc_time: 8.259625868
	11_numc_time: 8.053742835
	12_numc_time: 8.052318521
	13_numc_time: 8.493788898
	14_numc_time: 8.087283572
	15_numc_time: 7.722513971
	16_numc_time: 7.777366201
	17_numc_time: 8.442386739
	18_numc_time: 8.341722151
	19_numc_time: 8.027794611
	20_numc_time: 7.809999382
	21_numc_time: 7.419762005
	22_numc_time: 7.583426491
	23_numc_time: 7.995386521
	24_numc_time: 8.387494932
	25_numc_time: 7.987467438
	26_numc_time: 7.711626752
	27_numc_time: 7.736518936
	28_numc_time: 7.673869046
	29_numc_time: 7.331305293
	30_numc_time: 7.293468726
	31_numc_time: 6.731587056

	perf::PERF_COUNT_HW_CACHE_MISSES	perf::PERF_COUNT_HW_CACHE_REFERENCES	PAPI_TOT_INS
	0_numc_perf::PERF_COUNT_HW_CACHE_MISSES: 140005832	_numc_perf::PERF_COUNT_HW_CACHE_REFERENCES: 352406900	_numc_PAPI_TOT_INS: 6788115234
	1_numc_perf::PERF_COUNT_HW_CACHE_MISSES: 134658916	_numc_perf::PERF_COUNT_HW_CACHE_REFERENCES: 353329098	_numc_PAPI_TOT_INS: 7014663636
	2_numc_perf::PERF_COUNT_HW_CACHE_MISSES: 128674646	_numc_perf::PERF_COUNT_HW_CACHE_REFERENCES: 340220490	_numc_PAPI_TOT_INS: 7249175569
	3_numc_perf::PERF_COUNT_HW_CACHE_MISSES: 124292144	_numc_perf::PERF_COUNT_HW_CACHE_REFERENCES: 329984130	_numc_PAPI_TOT_INS: 7440533030
	4_numc_perf::PERF_COUNT_HW_CACHE_MISSES: 116912108	_numc_perf::PERF_COUNT_HW_CACHE_REFERENCES: 313239475	_numc_PAPI_TOT_INS: 7843986993
	5_numc_perf::PERF_COUNT_HW_CACHE_MISSES: 117766985	_numc_perf::PERF_COUNT_HW_CACHE_REFERENCES: 313525568	_numc_PAPI_TOT_INS: 7734123319
	6_numc_perf::PERF_COUNT_HW_CACHE_MISSES: 113758610	_numc_perf::PERF_COUNT_HW_CACHE_REFERENCES: 297085806	_numc_PAPI_TOT_INS: 8179596313
	7_numc_perf::PERF_COUNT_HW_CACHE_MISSES: 109988249	_numc_perf::PERF_COUNT_HW_CACHE_REFERENCES: 295795385	_numc_PAPI_TOT_INS: 8059391326
	8_numc_perf::PERF_COUNT_HW_CACHE_MISSES: 90818100	_numc_perf::PERF_COUNT_HW_CACHE_REFERENCES: 252679904	_numc_PAPI_TOT_INS: 8998916782
	9_numc_perf::PERF_COUNT_HW_CACHE_MISSES: 120009661	_numc_perf::PERF_COUNT_HW_CACHE_REFERENCES: 311317386	_numc_PAPI_TOT_INS: 7900507547
	10_numc_perf::PERF_COUNT_HW_CACHE_MISSES: 97222177	_numc_perf::PERF_COUNT_HW_CACHE_REFERENCES: 263201177	_numc_PAPI_TOT_INS: 8636697773
	11_numc_perf::PERF_COUNT_HW_CACHE_MISSES: 90642421	_numc_perf::PERF_COUNT_HW_CACHE_REFERENCES: 248390012	_numc_PAPI_TOT_INS: 9148233581
	12_numc_perf::PERF_COUNT_HW_CACHE_MISSES: 96663502	_numc_perf::PERF_COUNT_HW_CACHE_REFERENCES: 253255047	_numc_PAPI_TOT_INS: 9378479405
	13_numc_perf::PERF_COUNT_HW_CACHE_MISSES: 109250037	_numc_perf::PERF_COUNT_HW_CACHE_REFERENCES: 295290891	_numc_PAPI_TOT_INS: 8051333346
	14_numc_perf::PERF_COUNT_HW_CACHE_MISSES: 91068581	_numc_perf::PERF_COUNT_HW_CACHE_REFERENCES: 253791829	_numc_PAPI_TOT_INS: 8994113885
	15_numc_perf::PERF_COUNT_HW_CACHE_MISSES: 76219708	_numc_perf::PERF_COUNT_HW_CACHE_REFERENCES: 214469751	_numc_PAPI_TOT_INS: 10099116739
	16_numc_perf::PERF_COUNT_HW_CACHE_MISSES: 77761955	_numc_perf::PERF_COUNT_HW_CACHE_REFERENCES: 219646248	_numc_PAPI_TOT_INS: 10182582530
	17_numc_perf::PERF_COUNT_HW_CACHE_MISSES: 113075582	_numc_perf::PERF_COUNT_HW_CACHE_REFERENCES: 286425841	_numc_PAPI_TOT_INS: 8811991245
	18_numc_perf::PERF_COUNT_HW_CACHE_MISSES: 102070788	_numc_perf::PERF_COUNT_HW_CACHE_REFERENCES: 276551076	_numc_PAPI_TOT_INS: 8395168289
	19_numc_perf::PERF_COUNT_HW_CACHE_MISSES: 89306852	_numc_perf::PERF_COUNT_HW_CACHE_REFERENCES: 247579296	_numc_PAPI_TOT_INS: 9211904519
	20_numc_perf::PERF_COUNT_HW_CACHE_MISSES: 80138553	_numc_perf::PERF_COUNT_HW_CACHE_REFERENCES: 223067164	_numc_PAPI_TOT_INS: 9877858316
	21_numc_perf::PERF_COUNT_HW_CACHE_MISSES: 65462326	_numc_perf::PERF_COUNT_HW_CACHE_REFERENCES: 186682419	_numc_PAPI_TOT_INS: 11179645808
	22_numc_perf::PERF_COUNT_HW_CACHE_MISSES: 71262331	_numc_perf::PERF_COUNT_HW_CACHE_REFERENCES: 204672148	_numc_PAPI_TOT_INS: 10451328354
	23_numc_perf::PERF_COUNT_HW_CACHE_MISSES: 91485145	_numc_perf::PERF_COUNT_HW_CACHE_REFERENCES: 233804859	_numc_PAPI_TOT_INS: 10661138115
	24_numc_perf::PERF_COUNT_HW_CACHE_MISSES: 108682918	_numc_perf::PERF_COUNT_HW_CACHE_REFERENCES: 296619485	_numc_PAPI_TOT_INS: 8056179118
	25_numc_perf::PERF_COUNT_HW_CACHE_MISSES: 87842697	_numc_perf::PERF_COUNT_HW_CACHE_REFERENCES: 247669567	_numc_PAPI_TOT_INS: 9083639822
	26_numc_perf::PERF_COUNT_HW_CACHE_MISSES: 76130303	_numc_perf::PERF_COUNT_HW_CACHE_REFERENCES: 213829885	_numc_PAPI_TOT_INS: 10384264745
	27_numc_perf::PERF_COUNT_HW_CACHE_MISSES: 77581729	_numc_perf::PERF_COUNT_HW_CACHE_REFERENCES: 215317628	_numc_PAPI_TOT_INS: 9968716219
	28_numc_perf::PERF_COUNT_HW_CACHE_MISSES: 74823681	_numc_perf::PERF_COUNT_HW_CACHE_REFERENCES: 207323661	_numc_PAPI_TOT_INS: 10493709129
	29_numc_perf::PERF_COUNT_HW_CACHE_MISSES: 62617803	_numc_perf::PERF_COUNT_HW_CACHE_REFERENCES: 174121225	_numc_PAPI_TOT_INS: 12024995443
	30_numc_perf::PERF_COUNT_HW_CACHE_MISSES: 62088944	_numc_perf::PERF_COUNT_HW_CACHE_REFERENCES: 183069751	_numc_PAPI_TOT_INS: 11018928368
	31_numc_perf::PERF_COUNT_HW_CACHE_MISSES: 43860547	_numc_perf::PERF_COUNT_HW_CACHE_REFERENCES: 133264497	_numc_PAPI_TOT_INS: 13822621283

[PAPI-numc] PAPI_event_name_perf::PERF_COUNT_HW_CACHE_MISSES:	3043097396
[PAPI-numc] PAPI_event_name_perf::PERF_COUNT_HW_CACHE_REFERENCES:	8223844180
[PAPI-numc] PAPI_event_name_PAPI_TOT_INS:	295141656497
2th run	init_time: 0.013470570	symb_time: 3.980843931	mgmt_time: 0.000018602	numc_time: 8.946086066	total_time: 12.940419169

dataset: g500_19_8	num_trials: 2	thread_num: 32	numa_mask: 6	init_time: 0.013384381	symb_time: 3.980671431	mgmt_time: 0.000014705	numc_time: 8.947815574	total_time: 12.941886091	flop_cnt: 8006120556	numc_perf: 894756992.898208857	perf: 618620848.592353821