[huang@xfusion-2288HV7 ujmm-hmem]$  numactl --physcpubind=32-63 ./bin/microbench/hashspgemm_numc_comp g500_19_8
CONFIGURATION:	USE_HYPERTHREADING	USE_WEIGHTED_INTERLEAVING	HASH_CONSTANT: 2654435761	THREAD_NUM: 32	AB_HIGH_THREAD_NUM: 16	AB_SIZE: 524288AB_MIN_NUM: 32768	AB_PRT: 0.900000	AB_DNR	DAHA	DAHA_REAR	DAHA_QUANTILE: 0.990000	DAHA_SYMB_THRES: 6000000	DAHA_NUMC_THRES: 800000DN_MIN: 256	GUD_ALPHA: 0.500000	GUD_MIN: 256	HYB_THRES: 0.950000
	0_intprod: 1656993142
	1_intprod: 636164733
	2_intprod: 633326710
	3_intprod: 227036895
	4_intprod: 633890882
	5_intprod: 226170720
	6_intprod: 226743545
	7_intprod: 80055481
	8_intprod: 635671871
	9_intprod: 226069455
	10_intprod: 226700272
	11_intprod: 78669825
	12_intprod: 225476792
	13_intprod: 77312166
	14_intprod: 77962591
	15_intprod: 28575540
	16_intprod: 633251849
	17_intprod: 226715779
	18_intprod: 225816003
	19_intprod: 77411644
	20_intprod: 223019226
	21_intprod: 77484329
	22_intprod: 77027179
	23_intprod: 27278525
	24_intprod: 224580534
	25_intprod: 77370570
	26_intprod: 76333881
	27_intprod: 25387682
	28_intprod: 77700419
	29_intprod: 25679667
	30_intprod: 25622053
	31_intprod: 8620596

	0_symb_time: 1.587032610
	1_symb_time: 1.824679234
	2_symb_time: 2.032409652
	3_symb_time: 2.144929161
	4_symb_time: 2.310677928
	5_symb_time: 2.408236818
	6_symb_time: 2.388614825
	7_symb_time: 2.568060012
	8_symb_time: 2.956192248
	9_symb_time: 2.281251665
	10_symb_time: 2.860928715
	11_symb_time: 2.953925968
	12_symb_time: 2.753797344
	13_symb_time: 2.582819092
	14_symb_time: 2.978910032
	15_symb_time: 3.260447461
	16_symb_time: 3.262460611
	17_symb_time: 2.491793168
	18_symb_time: 2.747807220
	19_symb_time: 2.978219962
	20_symb_time: 3.186067075
	21_symb_time: 3.489080513
	22_symb_time: 3.389476464
	23_symb_time: 2.935100103
	24_symb_time: 2.556503304
	25_symb_time: 3.025697792
	26_symb_time: 3.304559488
	27_symb_time: 3.239193012
	28_symb_time: 3.322272664
	29_symb_time: 3.570717146
	30_symb_time: 3.528236198
	31_symb_time: 3.988440526

	0_numc_time: 6.380474871
	1_numc_time: 6.380558861
	2_numc_time: 6.390760533
	3_numc_time: 6.385562232
	4_numc_time: 6.382342805
	5_numc_time: 6.385117884
	6_numc_time: 6.385150428
	7_numc_time: 6.382385003
	8_numc_time: 6.386964608
	9_numc_time: 6.383303142
	10_numc_time: 6.385972865
	11_numc_time: 6.380637553
	12_numc_time: 6.380124848
	13_numc_time: 6.384398797
	14_numc_time: 6.384923438
	15_numc_time: 6.382546320
	16_numc_time: 6.379814467
	17_numc_time: 6.381334243
	18_numc_time: 6.384148474
	19_numc_time: 6.381529084
	20_numc_time: 6.382828238
	21_numc_time: 6.383532802
	22_numc_time: 6.384205859
	23_numc_time: 6.388594513
	24_numc_time: 6.385418732
	25_numc_time: 6.390512788
	26_numc_time: 6.382245720
	27_numc_time: 6.385059035
	28_numc_time: 6.386153779
	29_numc_time: 6.381799029
	30_numc_time: 6.380591386
	31_numc_time: 6.382804823

	perf::PERF_COUNT_HW_CACHE_MISSES	perf::PERF_COUNT_HW_CACHE_REFERENCES	PAPI_TOT_INS
	0_numc_perf::PERF_COUNT_HW_CACHE_MISSES: 18871450	_numc_perf::PERF_COUNT_HW_CACHE_REFERENCES: 128084858	_numc_PAPI_TOT_INS: 13822585396
	1_numc_perf::PERF_COUNT_HW_CACHE_MISSES: 18141994	_numc_perf::PERF_COUNT_HW_CACHE_REFERENCES: 131421635	_numc_PAPI_TOT_INS: 13822584784
	2_numc_perf::PERF_COUNT_HW_CACHE_MISSES: 18289081	_numc_perf::PERF_COUNT_HW_CACHE_REFERENCES: 133322045	_numc_PAPI_TOT_INS: 13822584875
	3_numc_perf::PERF_COUNT_HW_CACHE_MISSES: 17780069	_numc_perf::PERF_COUNT_HW_CACHE_REFERENCES: 132782501	_numc_PAPI_TOT_INS: 13822584835
	4_numc_perf::PERF_COUNT_HW_CACHE_MISSES: 18815661	_numc_perf::PERF_COUNT_HW_CACHE_REFERENCES: 131334874	_numc_PAPI_TOT_INS: 13822584785
	5_numc_perf::PERF_COUNT_HW_CACHE_MISSES: 17868399	_numc_perf::PERF_COUNT_HW_CACHE_REFERENCES: 131584734	_numc_PAPI_TOT_INS: 13822585620
	6_numc_perf::PERF_COUNT_HW_CACHE_MISSES: 19078857	_numc_perf::PERF_COUNT_HW_CACHE_REFERENCES: 131324845	_numc_PAPI_TOT_INS: 13822584846
	7_numc_perf::PERF_COUNT_HW_CACHE_MISSES: 18763122	_numc_perf::PERF_COUNT_HW_CACHE_REFERENCES: 132027970	_numc_PAPI_TOT_INS: 13822584789
	8_numc_perf::PERF_COUNT_HW_CACHE_MISSES: 18391325	_numc_perf::PERF_COUNT_HW_CACHE_REFERENCES: 130858004	_numc_PAPI_TOT_INS: 13822584851
	9_numc_perf::PERF_COUNT_HW_CACHE_MISSES: 20047015	_numc_perf::PERF_COUNT_HW_CACHE_REFERENCES: 130626112	_numc_PAPI_TOT_INS: 13822584820
	10_numc_perf::PERF_COUNT_HW_CACHE_MISSES: 18128613	_numc_perf::PERF_COUNT_HW_CACHE_REFERENCES: 131469288	_numc_PAPI_TOT_INS: 13822584859
	11_numc_perf::PERF_COUNT_HW_CACHE_MISSES: 16429838774	_numc_perf::PERF_COUNT_HW_CACHE_REFERENCES: 131198150	_numc_PAPI_TOT_INS: 13822584787
	12_numc_perf::PERF_COUNT_HW_CACHE_MISSES: 19723793	_numc_perf::PERF_COUNT_HW_CACHE_REFERENCES: 130802623	_numc_PAPI_TOT_INS: 13822585408
	13_numc_perf::PERF_COUNT_HW_CACHE_MISSES: 17860537	_numc_perf::PERF_COUNT_HW_CACHE_REFERENCES: 131591029	_numc_PAPI_TOT_INS: 13822584822
	14_numc_perf::PERF_COUNT_HW_CACHE_MISSES: 17866475	_numc_perf::PERF_COUNT_HW_CACHE_REFERENCES: 131061059	_numc_PAPI_TOT_INS: 13822584826
	15_numc_perf::PERF_COUNT_HW_CACHE_MISSES: 19372761	_numc_perf::PERF_COUNT_HW_CACHE_REFERENCES: 130994502	_numc_PAPI_TOT_INS: 13822585593
	16_numc_perf::PERF_COUNT_HW_CACHE_MISSES: 17630279	_numc_perf::PERF_COUNT_HW_CACHE_REFERENCES: 133452721	_numc_PAPI_TOT_INS: 13822585408
	17_numc_perf::PERF_COUNT_HW_CACHE_MISSES: 17607883	_numc_perf::PERF_COUNT_HW_CACHE_REFERENCES: 133684254	_numc_PAPI_TOT_INS: 13822584795
	18_numc_perf::PERF_COUNT_HW_CACHE_MISSES: 17973792	_numc_perf::PERF_COUNT_HW_CACHE_REFERENCES: 136343999	_numc_PAPI_TOT_INS: 13822584831
	19_numc_perf::PERF_COUNT_HW_CACHE_MISSES: 18997398	_numc_perf::PERF_COUNT_HW_CACHE_REFERENCES: 130919200	_numc_PAPI_TOT_INS: 13822584781
	20_numc_perf::PERF_COUNT_HW_CACHE_MISSES: 17884889	_numc_perf::PERF_COUNT_HW_CACHE_REFERENCES: 134053993	_numc_PAPI_TOT_INS: 13822584799
	21_numc_perf::PERF_COUNT_HW_CACHE_MISSES: 18127425	_numc_perf::PERF_COUNT_HW_CACHE_REFERENCES: 133192228	_numc_PAPI_TOT_INS: 13822584811
	22_numc_perf::PERF_COUNT_HW_CACHE_MISSES: 17664578	_numc_perf::PERF_COUNT_HW_CACHE_REFERENCES: 136530609	_numc_PAPI_TOT_INS: 13822584823
	23_numc_perf::PERF_COUNT_HW_CACHE_MISSES: 17701855	_numc_perf::PERF_COUNT_HW_CACHE_REFERENCES: 130834203	_numc_PAPI_TOT_INS: 13822584858
	24_numc_perf::PERF_COUNT_HW_CACHE_MISSES: 18647904	_numc_perf::PERF_COUNT_HW_CACHE_REFERENCES: 130854261	_numc_PAPI_TOT_INS: 13822584842
	25_numc_perf::PERF_COUNT_HW_CACHE_MISSES: 18150592	_numc_perf::PERF_COUNT_HW_CACHE_REFERENCES: 131946483	_numc_PAPI_TOT_INS: 13822584885
	26_numc_perf::PERF_COUNT_HW_CACHE_MISSES: 18649239	_numc_perf::PERF_COUNT_HW_CACHE_REFERENCES: 130727443	_numc_PAPI_TOT_INS: 13822584811
	27_numc_perf::PERF_COUNT_HW_CACHE_MISSES: 18113558	_numc_perf::PERF_COUNT_HW_CACHE_REFERENCES: 130966265	_numc_PAPI_TOT_INS: 13822584836
	28_numc_perf::PERF_COUNT_HW_CACHE_MISSES: 18634584	_numc_perf::PERF_COUNT_HW_CACHE_REFERENCES: 134501322	_numc_PAPI_TOT_INS: 13822584865
	29_numc_perf::PERF_COUNT_HW_CACHE_MISSES: 19721888	_numc_perf::PERF_COUNT_HW_CACHE_REFERENCES: 131094931	_numc_PAPI_TOT_INS: 13822584788
	30_numc_perf::PERF_COUNT_HW_CACHE_MISSES: 19049979	_numc_perf::PERF_COUNT_HW_CACHE_REFERENCES: 132081926	_numc_PAPI_TOT_INS: 13822584790
	31_numc_perf::PERF_COUNT_HW_CACHE_MISSES: 18302120	_numc_perf::PERF_COUNT_HW_CACHE_REFERENCES: 131413645	_numc_PAPI_TOT_INS: 13822584823

0th run	init_time: 0.013455022	symb_time: 3.990721651	mgmt_time: 0.000017518numc_time: 6.403361094	total_time: 10.407555285

	0_intprod: 1656993142
	1_intprod: 636164733
	2_intprod: 633326710
	3_intprod: 227036895
	4_intprod: 633890882
	5_intprod: 226170720
	6_intprod: 226743545
	7_intprod: 80055481
	8_intprod: 635671871
	9_intprod: 226069455
	10_intprod: 226700272
	11_intprod: 78669825
	12_intprod: 225476792
	13_intprod: 77312166
	14_intprod: 77962591
	15_intprod: 28575540
	16_intprod: 633251849
	17_intprod: 226715779
	18_intprod: 225816003
	19_intprod: 77411644
	20_intprod: 223019226
	21_intprod: 77484329
	22_intprod: 77027179
	23_intprod: 27278525
	24_intprod: 224580534
	25_intprod: 77370570
	26_intprod: 76333881
	27_intprod: 25387682
	28_intprod: 77700419
	29_intprod: 25679667
	30_intprod: 25622053
	31_intprod: 8620596

	0_symb_time: 1.557994023
	1_symb_time: 1.821275216
	2_symb_time: 2.016553391
	3_symb_time: 2.153443379
	4_symb_time: 2.307375117
	5_symb_time: 2.387114840
	6_symb_time: 2.409126388
	7_symb_time: 2.544540903
	8_symb_time: 2.963742135
	9_symb_time: 2.259609141
	10_symb_time: 2.874054210
	11_symb_time: 2.958890953
	12_symb_time: 2.758983412
	13_symb_time: 2.590626468
	14_symb_time: 2.988139991
	15_symb_time: 3.260820896
	16_symb_time: 3.266204931
	17_symb_time: 2.512328138
	18_symb_time: 2.744785363
	19_symb_time: 2.989850071
	20_symb_time: 3.181384462
	21_symb_time: 3.494036979
	22_symb_time: 3.397692748
	23_symb_time: 2.925694695
	24_symb_time: 2.553128261
	25_symb_time: 3.006074957
	26_symb_time: 3.310914179
	27_symb_time: 3.245769260
	28_symb_time: 3.312229699
	29_symb_time: 3.575077833
	30_symb_time: 3.536533594
	31_symb_time: 3.981999660

	0_numc_time: 6.375116468
	1_numc_time: 6.371905150
	2_numc_time: 6.370001933
	3_numc_time: 6.370244649
	4_numc_time: 6.371634881
	5_numc_time: 6.370211165
	6_numc_time: 6.376261164
	7_numc_time: 6.376051404
	8_numc_time: 6.369984487
	9_numc_time: 6.374241532
	10_numc_time: 6.374436057
	11_numc_time: 6.378275640
	12_numc_time: 6.375639833
	13_numc_time: 6.373571875
	14_numc_time: 6.371569689
	15_numc_time: 6.374787445
	16_numc_time: 6.371791267
	17_numc_time: 6.371024361
	18_numc_time: 6.369506252
	19_numc_time: 6.372417029
	20_numc_time: 6.371170155
	21_numc_time: 6.373205310
	22_numc_time: 6.374111050
	23_numc_time: 6.374646573
	24_numc_time: 6.372401094
	25_numc_time: 6.370048459
	26_numc_time: 6.375846870
	27_numc_time: 6.369717650
	28_numc_time: 6.371714189
	29_numc_time: 6.374104045
	30_numc_time: 6.372242313
	31_numc_time: 6.378525583

	perf::PERF_COUNT_HW_CACHE_MISSES	perf::PERF_COUNT_HW_CACHE_REFERENCES	PAPI_TOT_INS
	0_numc_perf::PERF_COUNT_HW_CACHE_MISSES: 17289899	_numc_perf::PERF_COUNT_HW_CACHE_REFERENCES: 128122236	_numc_PAPI_TOT_INS: 13822584847
	1_numc_perf::PERF_COUNT_HW_CACHE_MISSES: 18311681	_numc_perf::PERF_COUNT_HW_CACHE_REFERENCES: 132756129	_numc_PAPI_TOT_INS: 13822584806
	2_numc_perf::PERF_COUNT_HW_CACHE_MISSES: 18627353	_numc_perf::PERF_COUNT_HW_CACHE_REFERENCES: 133568707	_numc_PAPI_TOT_INS: 13822584766
	3_numc_perf::PERF_COUNT_HW_CACHE_MISSES: 18095810	_numc_perf::PERF_COUNT_HW_CACHE_REFERENCES: 133431458	_numc_PAPI_TOT_INS: 13822584765
	4_numc_perf::PERF_COUNT_HW_CACHE_MISSES: 20415618	_numc_perf::PERF_COUNT_HW_CACHE_REFERENCES: 131255131	_numc_PAPI_TOT_INS: 13822584780
	5_numc_perf::PERF_COUNT_HW_CACHE_MISSES: 18459953	_numc_perf::PERF_COUNT_HW_CACHE_REFERENCES: 131219593	_numc_PAPI_TOT_INS: 13822584629
	6_numc_perf::PERF_COUNT_HW_CACHE_MISSES: 19677601	_numc_perf::PERF_COUNT_HW_CACHE_REFERENCES: 131272864	_numc_PAPI_TOT_INS: 13822584853
	7_numc_perf::PERF_COUNT_HW_CACHE_MISSES: 18400785	_numc_perf::PERF_COUNT_HW_CACHE_REFERENCES: 132568768	_numc_PAPI_TOT_INS: 13822584848
	8_numc_perf::PERF_COUNT_HW_CACHE_MISSES: 19412113	_numc_perf::PERF_COUNT_HW_CACHE_REFERENCES: 131622848	_numc_PAPI_TOT_INS: 13822584790
	9_numc_perf::PERF_COUNT_HW_CACHE_MISSES: 18759880	_numc_perf::PERF_COUNT_HW_CACHE_REFERENCES: 133380010	_numc_PAPI_TOT_INS: 13822584836
	10_numc_perf::PERF_COUNT_HW_CACHE_MISSES: 17732246	_numc_perf::PERF_COUNT_HW_CACHE_REFERENCES: 133210316	_numc_PAPI_TOT_INS: 13822584820
	11_numc_perf::PERF_COUNT_HW_CACHE_MISSES: 18335815	_numc_perf::PERF_COUNT_HW_CACHE_REFERENCES: 131793459	_numc_PAPI_TOT_INS: 13822584862
	12_numc_perf::PERF_COUNT_HW_CACHE_MISSES: 19999740	_numc_perf::PERF_COUNT_HW_CACHE_REFERENCES: 132167266	_numc_PAPI_TOT_INS: 13822584862
	13_numc_perf::PERF_COUNT_HW_CACHE_MISSES: 17648681	_numc_perf::PERF_COUNT_HW_CACHE_REFERENCES: 133297827	_numc_PAPI_TOT_INS: 13822584828
	14_numc_perf::PERF_COUNT_HW_CACHE_MISSES: 17830850	_numc_perf::PERF_COUNT_HW_CACHE_REFERENCES: 133468463	_numc_PAPI_TOT_INS: 13822584788
	15_numc_perf::PERF_COUNT_HW_CACHE_MISSES: 19374269	_numc_perf::PERF_COUNT_HW_CACHE_REFERENCES: 132998885	_numc_PAPI_TOT_INS: 13822584838
	16_numc_perf::PERF_COUNT_HW_CACHE_MISSES: 18119123	_numc_perf::PERF_COUNT_HW_CACHE_REFERENCES: 134103986	_numc_PAPI_TOT_INS: 13822584793
	17_numc_perf::PERF_COUNT_HW_CACHE_MISSES: 18055688	_numc_perf::PERF_COUNT_HW_CACHE_REFERENCES: 130848238	_numc_PAPI_TOT_INS: 13822584788
	18_numc_perf::PERF_COUNT_HW_CACHE_MISSES: 18219774	_numc_perf::PERF_COUNT_HW_CACHE_REFERENCES: 134534864	_numc_PAPI_TOT_INS: 13822584756
	19_numc_perf::PERF_COUNT_HW_CACHE_MISSES: 17917771	_numc_perf::PERF_COUNT_HW_CACHE_REFERENCES: 134381227	_numc_PAPI_TOT_INS: 13822584801
	20_numc_perf::PERF_COUNT_HW_CACHE_MISSES: 19151366	_numc_perf::PERF_COUNT_HW_CACHE_REFERENCES: 130932795	_numc_PAPI_TOT_INS: 13822584794
	21_numc_perf::PERF_COUNT_HW_CACHE_MISSES: 18793856	_numc_perf::PERF_COUNT_HW_CACHE_REFERENCES: 130911255	_numc_PAPI_TOT_INS: 13822584809
	22_numc_perf::PERF_COUNT_HW_CACHE_MISSES: 18380850	_numc_perf::PERF_COUNT_HW_CACHE_REFERENCES: 132316855	_numc_PAPI_TOT_INS: 13822584837
	23_numc_perf::PERF_COUNT_HW_CACHE_MISSES: 17961654	_numc_perf::PERF_COUNT_HW_CACHE_REFERENCES: 131913336	_numc_PAPI_TOT_INS: 13822584841
	24_numc_perf::PERF_COUNT_HW_CACHE_MISSES: 18836799	_numc_perf::PERF_COUNT_HW_CACHE_REFERENCES: 132595493	_numc_PAPI_TOT_INS: 13822584805
	25_numc_perf::PERF_COUNT_HW_CACHE_MISSES: 18404304	_numc_perf::PERF_COUNT_HW_CACHE_REFERENCES: 131329524	_numc_PAPI_TOT_INS: 13822584771
	26_numc_perf::PERF_COUNT_HW_CACHE_MISSES: 18760616	_numc_perf::PERF_COUNT_HW_CACHE_REFERENCES: 134121059	_numc_PAPI_TOT_INS: 13822584870
	27_numc_perf::PERF_COUNT_HW_CACHE_MISSES: 18497037	_numc_perf::PERF_COUNT_HW_CACHE_REFERENCES: 133079704	_numc_PAPI_TOT_INS: 13822584696
	28_numc_perf::PERF_COUNT_HW_CACHE_MISSES: 18913023	_numc_perf::PERF_COUNT_HW_CACHE_REFERENCES: 131977659	_numc_PAPI_TOT_INS: 13822584795
	29_numc_perf::PERF_COUNT_HW_CACHE_MISSES: 18458325	_numc_perf::PERF_COUNT_HW_CACHE_REFERENCES: 132844174	_numc_PAPI_TOT_INS: 13822584761
	30_numc_perf::PERF_COUNT_HW_CACHE_MISSES: 19267990	_numc_perf::PERF_COUNT_HW_CACHE_REFERENCES: 132885553	_numc_PAPI_TOT_INS: 13822584807
	31_numc_perf::PERF_COUNT_HW_CACHE_MISSES: 17674506	_numc_perf::PERF_COUNT_HW_CACHE_REFERENCES: 132405336	_numc_PAPI_TOT_INS: 13822584886

1th run	init_time: 0.013085823	symb_time: 3.984068771	mgmt_time: 0.000019083numc_time: 6.391855177	total_time: 10.389028854

	0_intprod: 1656993142
	1_intprod: 636164733
	2_intprod: 633326710
	3_intprod: 227036895
	4_intprod: 633890882
	5_intprod: 226170720
	6_intprod: 226743545
	7_intprod: 80055481
	8_intprod: 635671871
	9_intprod: 226069455
	10_intprod: 226700272
	11_intprod: 78669825
	12_intprod: 225476792
	13_intprod: 77312166
	14_intprod: 77962591
	15_intprod: 28575540
	16_intprod: 633251849
	17_intprod: 226715779
	18_intprod: 225816003
	19_intprod: 77411644
	20_intprod: 223019226
	21_intprod: 77484329
	22_intprod: 77027179
	23_intprod: 27278525
	24_intprod: 224580534
	25_intprod: 77370570
	26_intprod: 76333881
	27_intprod: 25387682
	28_intprod: 77700419
	29_intprod: 25679667
	30_intprod: 25622053
	31_intprod: 8620596

	0_symb_time: 1.552285734
	1_symb_time: 1.830720503
	2_symb_time: 2.007843864
	3_symb_time: 2.127890299
	4_symb_time: 2.310306125
	5_symb_time: 2.388055678
	6_symb_time: 2.417869861
	7_symb_time: 2.567492750
	8_symb_time: 2.962352168
	9_symb_time: 2.285794497
	10_symb_time: 2.852074481
	11_symb_time: 2.959354001
	12_symb_time: 2.757391744
	13_symb_time: 2.579847907
	14_symb_time: 2.977663252
	15_symb_time: 3.264869335
	16_symb_time: 3.260911680
	17_symb_time: 2.484673493
	18_symb_time: 2.731261111
	19_symb_time: 2.986314086
	20_symb_time: 3.180558088
	21_symb_time: 3.488152462
	22_symb_time: 3.391869109
	23_symb_time: 2.928210455
	24_symb_time: 2.574966678
	25_symb_time: 2.999635097
	26_symb_time: 3.303231539
	27_symb_time: 3.251669968
	28_symb_time: 3.304756343
	29_symb_time: 3.574002412
	30_symb_time: 3.536945585
	31_symb_time: 3.976591120

	0_numc_time: 6.375714194
	1_numc_time: 6.375119451
	2_numc_time: 6.381077690
	3_numc_time: 6.375318680
	4_numc_time: 6.372289534
	5_numc_time: 6.373240461
	6_numc_time: 6.374736740
	7_numc_time: 6.377331592
	8_numc_time: 6.372236074
	9_numc_time: 6.378902472
	10_numc_time: 6.372848679
	11_numc_time: 6.381420541
	12_numc_time: 6.371995498
	13_numc_time: 6.379170869
	14_numc_time: 6.375029619
	15_numc_time: 6.378528666
	16_numc_time: 6.371962362
	17_numc_time: 6.375020699
	18_numc_time: 6.374495580
	19_numc_time: 6.373984867
	20_numc_time: 6.379981496
	21_numc_time: 6.384254414
	22_numc_time: 6.384582581
	23_numc_time: 6.375745883
	24_numc_time: 6.372056702
	25_numc_time: 6.378182545
	26_numc_time: 6.375790388
	27_numc_time: 6.375594637
	28_numc_time: 6.372167725
	29_numc_time: 6.371587646
	30_numc_time: 6.371622812
	31_numc_time: 6.373815682

	perf::PERF_COUNT_HW_CACHE_MISSES	perf::PERF_COUNT_HW_CACHE_REFERENCES	PAPI_TOT_INS
	0_numc_perf::PERF_COUNT_HW_CACHE_MISSES: 17494902	_numc_perf::PERF_COUNT_HW_CACHE_REFERENCES: 128250688	_numc_PAPI_TOT_INS: 13822584826
	1_numc_perf::PERF_COUNT_HW_CACHE_MISSES: 17868278	_numc_perf::PERF_COUNT_HW_CACHE_REFERENCES: 133044080	_numc_PAPI_TOT_INS: 13822584831
	2_numc_perf::PERF_COUNT_HW_CACHE_MISSES: 18926999	_numc_perf::PERF_COUNT_HW_CACHE_REFERENCES: 133813282	_numc_PAPI_TOT_INS: 13822584786
	3_numc_perf::PERF_COUNT_HW_CACHE_MISSES: 19254041	_numc_perf::PERF_COUNT_HW_CACHE_REFERENCES: 131277024	_numc_PAPI_TOT_INS: 13822584803
	4_numc_perf::PERF_COUNT_HW_CACHE_MISSES: 18687796	_numc_perf::PERF_COUNT_HW_CACHE_REFERENCES: 131163216	_numc_PAPI_TOT_INS: 13822584644
	5_numc_perf::PERF_COUNT_HW_CACHE_MISSES: 17961427	_numc_perf::PERF_COUNT_HW_CACHE_REFERENCES: 132745463	_numc_PAPI_TOT_INS: 13822584803
	6_numc_perf::PERF_COUNT_HW_CACHE_MISSES: 18904783	_numc_perf::PERF_COUNT_HW_CACHE_REFERENCES: 131725673	_numc_PAPI_TOT_INS: 13822584801
	7_numc_perf::PERF_COUNT_HW_CACHE_MISSES: 18988637	_numc_perf::PERF_COUNT_HW_CACHE_REFERENCES: 132592435	_numc_PAPI_TOT_INS: 13822584831
	8_numc_perf::PERF_COUNT_HW_CACHE_MISSES: 17831887	_numc_perf::PERF_COUNT_HW_CACHE_REFERENCES: 134081801	_numc_PAPI_TOT_INS: 13822584767
	9_numc_perf::PERF_COUNT_HW_CACHE_MISSES: 18885252	_numc_perf::PERF_COUNT_HW_CACHE_REFERENCES: 132504709	_numc_PAPI_TOT_INS: 13822584841
	10_numc_perf::PERF_COUNT_HW_CACHE_MISSES: 17839796	_numc_perf::PERF_COUNT_HW_CACHE_REFERENCES: 133872685	_numc_PAPI_TOT_INS: 13822584643
	11_numc_perf::PERF_COUNT_HW_CACHE_MISSES: 17727973	_numc_perf::PERF_COUNT_HW_CACHE_REFERENCES: 136549154	_numc_PAPI_TOT_INS: 13822584882
	12_numc_perf::PERF_COUNT_HW_CACHE_MISSES: 20385643	_numc_perf::PERF_COUNT_HW_CACHE_REFERENCES: 132515752	_numc_PAPI_TOT_INS: 13822584774
	13_numc_perf::PERF_COUNT_HW_CACHE_MISSES: 18852057	_numc_perf::PERF_COUNT_HW_CACHE_REFERENCES: 131722091	_numc_PAPI_TOT_INS: 13822584713
	14_numc_perf::PERF_COUNT_HW_CACHE_MISSES: 18810792	_numc_perf::PERF_COUNT_HW_CACHE_REFERENCES: 132759754	_numc_PAPI_TOT_INS: 13822584772
	15_numc_perf::PERF_COUNT_HW_CACHE_MISSES: 18780997	_numc_perf::PERF_COUNT_HW_CACHE_REFERENCES: 133536141	_numc_PAPI_TOT_INS: 13822584841
	16_numc_perf::PERF_COUNT_HW_CACHE_MISSES: 18542281	_numc_perf::PERF_COUNT_HW_CACHE_REFERENCES: 131643850	_numc_PAPI_TOT_INS: 13822584758
	17_numc_perf::PERF_COUNT_HW_CACHE_MISSES: 18456240	_numc_perf::PERF_COUNT_HW_CACHE_REFERENCES: 130916245	_numc_PAPI_TOT_INS: 13822584806
	18_numc_perf::PERF_COUNT_HW_CACHE_MISSES: 18516917	_numc_perf::PERF_COUNT_HW_CACHE_REFERENCES: 132872000	_numc_PAPI_TOT_INS: 13822584805
	19_numc_perf::PERF_COUNT_HW_CACHE_MISSES: 18514680	_numc_perf::PERF_COUNT_HW_CACHE_REFERENCES: 131529460	_numc_PAPI_TOT_INS: 13822584791
	20_numc_perf::PERF_COUNT_HW_CACHE_MISSES: 19510985	_numc_perf::PERF_COUNT_HW_CACHE_REFERENCES: 134107906	_numc_PAPI_TOT_INS: 13822584782
	21_numc_perf::PERF_COUNT_HW_CACHE_MISSES: 17652136	_numc_perf::PERF_COUNT_HW_CACHE_REFERENCES: 132657077	_numc_PAPI_TOT_INS: 13822584881
	22_numc_perf::PERF_COUNT_HW_CACHE_MISSES: 18536704	_numc_perf::PERF_COUNT_HW_CACHE_REFERENCES: 133781594	_numc_PAPI_TOT_INS: 13822584885
	23_numc_perf::PERF_COUNT_HW_CACHE_MISSES: 17828468	_numc_perf::PERF_COUNT_HW_CACHE_REFERENCES: 132967109	_numc_PAPI_TOT_INS: 13822584826
	24_numc_perf::PERF_COUNT_HW_CACHE_MISSES: 18876012	_numc_perf::PERF_COUNT_HW_CACHE_REFERENCES: 132184046	_numc_PAPI_TOT_INS: 13822584781
	25_numc_perf::PERF_COUNT_HW_CACHE_MISSES: 18058662	_numc_perf::PERF_COUNT_HW_CACHE_REFERENCES: 133816302	_numc_PAPI_TOT_INS: 13822584840
	26_numc_perf::PERF_COUNT_HW_CACHE_MISSES: 18852544	_numc_perf::PERF_COUNT_HW_CACHE_REFERENCES: 132362518	_numc_PAPI_TOT_INS: 13822584788
	27_numc_perf::PERF_COUNT_HW_CACHE_MISSES: 18538818	_numc_perf::PERF_COUNT_HW_CACHE_REFERENCES: 133141621	_numc_PAPI_TOT_INS: 13822584711
	28_numc_perf::PERF_COUNT_HW_CACHE_MISSES: 22666403	_numc_perf::PERF_COUNT_HW_CACHE_REFERENCES: 131269095	_numc_PAPI_TOT_INS: 13822584795
	29_numc_perf::PERF_COUNT_HW_CACHE_MISSES: 18921190	_numc_perf::PERF_COUNT_HW_CACHE_REFERENCES: 131370395	_numc_PAPI_TOT_INS: 13822584643
	30_numc_perf::PERF_COUNT_HW_CACHE_MISSES: 20086606	_numc_perf::PERF_COUNT_HW_CACHE_REFERENCES: 131141308	_numc_PAPI_TOT_INS: 13822584774
	31_numc_perf::PERF_COUNT_HW_CACHE_MISSES: 18211537	_numc_perf::PERF_COUNT_HW_CACHE_REFERENCES: 131601489	_numc_PAPI_TOT_INS: 13822584727

[PAPI-numc] PAPI_event_name_perf::PERF_COUNT_HW_CACHE_MISSES:	6064817436
[PAPI-numc] PAPI_event_name_perf::PERF_COUNT_HW_CACHE_REFERENCES:	4233304231
[PAPI-numc] PAPI_event_name_PAPI_TOT_INS:	442322714840
2th run	init_time: 0.013085494	symb_time: 3.978655550	mgmt_time: 0.000021427numc_time: 6.397888296	total_time: 10.389650767

dataset: g500_19_8	num_trials: 2	thread_num: 32	numa_mask: 6	init_time: 0.013085658	symb_time: 3.981362160	mgmt_time: 0.000020255	numc_time: 6.394871736	total_time: 10.389339810	flop_cnt: 8006120556	numc_perf: 1251959520.986711502	perf: 770609172.674148560