[huang@xfusion-2288HV7 ujmm-hmem]$ numactl --physcpubind=32-63 ./bin/microbench/hashspgemm_numc_comp g500_19_8
CONFIGURATION:	USE_HYPERTHREADING	USE_WEIGHTED_INTERLEAVING	HASH_CONSTANT: 2654435761	THREAD_NUM: 32	AB_HIGH_THREAD_NUM: 16	AB_SIZE: 524288AB_MIN_NUM: 32768	AB_PRT: 0.900000	AB_DNR	DAHA	DAHA_REAR	DAHA_QUANTILE: 0.990000	DAHA_SYMB_THRES: 6000000	DAHA_NUMC_THRES: 800000DN_MIN: 256	GUD_ALPHA: 0.500000	GUD_MIN: 256	HYB_THRES: 0.950000
	0_intprod: 1656993142
	1_intprod: 636164733
	2_intprod: 633326710
	3_intprod: 227036895
	4_intprod: 633890882
	5_intprod: 226170720
	6_intprod: 226743545
	7_intprod: 80055481
	8_intprod: 635671871
	9_intprod: 226069455
	10_intprod: 226700272
	11_intprod: 78669825
	12_intprod: 225476792
	13_intprod: 77312166
	14_intprod: 77962591
	15_intprod: 28575540
	16_intprod: 633251849
	17_intprod: 226715779
	18_intprod: 225816003
	19_intprod: 77411644
	20_intprod: 223019226
	21_intprod: 77484329
	22_intprod: 77027179
	23_intprod: 27278525
	24_intprod: 224580534
	25_intprod: 77370570
	26_intprod: 76333881
	27_intprod: 25387682
	28_intprod: 77700419
	29_intprod: 25679667
	30_intprod: 25622053
	31_intprod: 8620596

	0_symb_time: 1.575868108
	1_symb_time: 1.852653892
	2_symb_time: 2.031748258
	3_symb_time: 2.150105701
	4_symb_time: 2.304522910
	5_symb_time: 2.385100570
	6_symb_time: 2.409691754
	7_symb_time: 2.559805868
	8_symb_time: 2.975268591
	9_symb_time: 2.251612883
	10_symb_time: 2.842659551
	11_symb_time: 2.957354764
	12_symb_time: 2.760829014
	13_symb_time: 2.578923133
	14_symb_time: 2.978017684
	15_symb_time: 3.260172398
	16_symb_time: 3.266947850
	17_symb_time: 2.487959330
	18_symb_time: 2.749863595
	19_symb_time: 2.986318299
	20_symb_time: 3.185364395
	21_symb_time: 3.486000930
	22_symb_time: 3.383060739
	23_symb_time: 2.924810564
	24_symb_time: 2.552755971
	25_symb_time: 3.017682919
	26_symb_time: 3.305939243
	27_symb_time: 3.239965987
	28_symb_time: 3.300434468
	29_symb_time: 3.573987901
	30_symb_time: 3.530229733
	31_symb_time: 3.979676422

	0_numc_time: 2.787384380
	1_numc_time: 0.000000000
	2_numc_time: 0.000000000
	3_numc_time: 0.000000000
	4_numc_time: 0.000000000
	5_numc_time: 0.000000000
	6_numc_time: 0.000000000
	7_numc_time: 0.000000000
	8_numc_time: 0.000000000
	9_numc_time: 0.000000000
	10_numc_time: 0.000000000
	11_numc_time: 0.000000000
	12_numc_time: 0.000000000
	13_numc_time: 0.000000000
	14_numc_time: 0.000000000
	15_numc_time: 0.000000000
	16_numc_time: 0.000000000
	17_numc_time: 0.000000000
	18_numc_time: 0.000000000
	19_numc_time: 0.000000000
	20_numc_time: 0.000000000
	21_numc_time: 0.000000000
	22_numc_time: 0.000000000
	23_numc_time: 0.000000000
	24_numc_time: 0.000000000
	25_numc_time: 0.000000000
	26_numc_time: 0.000000000
	27_numc_time: 0.000000000
	28_numc_time: 0.000000000
	29_numc_time: 0.000000000
	30_numc_time: 0.000000000
	31_numc_time: 0.000000000

	perf::PERF_COUNT_HW_CACHE_MISSES	perf::PERF_COUNT_HW_CACHE_REFERENCES	PAPI_TOT_INS
	0_numc_perf::PERF_COUNT_HW_CACHE_MISSES: 16325533	_numc_perf::PERF_COUNT_HW_CACHE_REFERENCES: 346512931	_numc_PAPI_TOT_INS: 6788110097
	1_numc_perf::PERF_COUNT_HW_CACHE_MISSES: 0	_numc_perf::PERF_COUNT_HW_CACHE_REFERENCES: 0	_numc_PAPI_TOT_INS: 0
	2_numc_perf::PERF_COUNT_HW_CACHE_MISSES: 0	_numc_perf::PERF_COUNT_HW_CACHE_REFERENCES: 0	_numc_PAPI_TOT_INS: 0
	3_numc_perf::PERF_COUNT_HW_CACHE_MISSES: 0	_numc_perf::PERF_COUNT_HW_CACHE_REFERENCES: 0	_numc_PAPI_TOT_INS: 0
	4_numc_perf::PERF_COUNT_HW_CACHE_MISSES: 0	_numc_perf::PERF_COUNT_HW_CACHE_REFERENCES: 0	_numc_PAPI_TOT_INS: 0
	5_numc_perf::PERF_COUNT_HW_CACHE_MISSES: 0	_numc_perf::PERF_COUNT_HW_CACHE_REFERENCES: 0	_numc_PAPI_TOT_INS: 0
	6_numc_perf::PERF_COUNT_HW_CACHE_MISSES: 0	_numc_perf::PERF_COUNT_HW_CACHE_REFERENCES: 0	_numc_PAPI_TOT_INS: 0
	7_numc_perf::PERF_COUNT_HW_CACHE_MISSES: 0	_numc_perf::PERF_COUNT_HW_CACHE_REFERENCES: 0	_numc_PAPI_TOT_INS: 0
	8_numc_perf::PERF_COUNT_HW_CACHE_MISSES: 0	_numc_perf::PERF_COUNT_HW_CACHE_REFERENCES: 0	_numc_PAPI_TOT_INS: 0
	9_numc_perf::PERF_COUNT_HW_CACHE_MISSES: 0	_numc_perf::PERF_COUNT_HW_CACHE_REFERENCES: 0	_numc_PAPI_TOT_INS: 0
	10_numc_perf::PERF_COUNT_HW_CACHE_MISSES: 0	_numc_perf::PERF_COUNT_HW_CACHE_REFERENCES: 0	_numc_PAPI_TOT_INS: 0
	11_numc_perf::PERF_COUNT_HW_CACHE_MISSES: 0	_numc_perf::PERF_COUNT_HW_CACHE_REFERENCES: 0	_numc_PAPI_TOT_INS: 0
	12_numc_perf::PERF_COUNT_HW_CACHE_MISSES: 0	_numc_perf::PERF_COUNT_HW_CACHE_REFERENCES: 0	_numc_PAPI_TOT_INS: 0
	13_numc_perf::PERF_COUNT_HW_CACHE_MISSES: 0	_numc_perf::PERF_COUNT_HW_CACHE_REFERENCES: 0	_numc_PAPI_TOT_INS: 0
	14_numc_perf::PERF_COUNT_HW_CACHE_MISSES: 0	_numc_perf::PERF_COUNT_HW_CACHE_REFERENCES: 0	_numc_PAPI_TOT_INS: 0
	15_numc_perf::PERF_COUNT_HW_CACHE_MISSES: 0	_numc_perf::PERF_COUNT_HW_CACHE_REFERENCES: 0	_numc_PAPI_TOT_INS: 0
	16_numc_perf::PERF_COUNT_HW_CACHE_MISSES: 0	_numc_perf::PERF_COUNT_HW_CACHE_REFERENCES: 0	_numc_PAPI_TOT_INS: 0
	17_numc_perf::PERF_COUNT_HW_CACHE_MISSES: 0	_numc_perf::PERF_COUNT_HW_CACHE_REFERENCES: 0	_numc_PAPI_TOT_INS: 0
	18_numc_perf::PERF_COUNT_HW_CACHE_MISSES: 0	_numc_perf::PERF_COUNT_HW_CACHE_REFERENCES: 0	_numc_PAPI_TOT_INS: 0
	19_numc_perf::PERF_COUNT_HW_CACHE_MISSES: 0	_numc_perf::PERF_COUNT_HW_CACHE_REFERENCES: 0	_numc_PAPI_TOT_INS: 0
	20_numc_perf::PERF_COUNT_HW_CACHE_MISSES: 0	_numc_perf::PERF_COUNT_HW_CACHE_REFERENCES: 0	_numc_PAPI_TOT_INS: 0
	21_numc_perf::PERF_COUNT_HW_CACHE_MISSES: 0	_numc_perf::PERF_COUNT_HW_CACHE_REFERENCES: 0	_numc_PAPI_TOT_INS: 0
	22_numc_perf::PERF_COUNT_HW_CACHE_MISSES: 0	_numc_perf::PERF_COUNT_HW_CACHE_REFERENCES: 0	_numc_PAPI_TOT_INS: 0
	23_numc_perf::PERF_COUNT_HW_CACHE_MISSES: 0	_numc_perf::PERF_COUNT_HW_CACHE_REFERENCES: 0	_numc_PAPI_TOT_INS: 0
	24_numc_perf::PERF_COUNT_HW_CACHE_MISSES: 0	_numc_perf::PERF_COUNT_HW_CACHE_REFERENCES: 0	_numc_PAPI_TOT_INS: 0
	25_numc_perf::PERF_COUNT_HW_CACHE_MISSES: 0	_numc_perf::PERF_COUNT_HW_CACHE_REFERENCES: 0	_numc_PAPI_TOT_INS: 0
	26_numc_perf::PERF_COUNT_HW_CACHE_MISSES: 0	_numc_perf::PERF_COUNT_HW_CACHE_REFERENCES: 0	_numc_PAPI_TOT_INS: 0
	27_numc_perf::PERF_COUNT_HW_CACHE_MISSES: 0	_numc_perf::PERF_COUNT_HW_CACHE_REFERENCES: 0	_numc_PAPI_TOT_INS: 0
	28_numc_perf::PERF_COUNT_HW_CACHE_MISSES: 0	_numc_perf::PERF_COUNT_HW_CACHE_REFERENCES: 0	_numc_PAPI_TOT_INS: 0
	29_numc_perf::PERF_COUNT_HW_CACHE_MISSES: 0	_numc_perf::PERF_COUNT_HW_CACHE_REFERENCES: 0	_numc_PAPI_TOT_INS: 0
	30_numc_perf::PERF_COUNT_HW_CACHE_MISSES: 0	_numc_perf::PERF_COUNT_HW_CACHE_REFERENCES: 0	_numc_PAPI_TOT_INS: 0
	31_numc_perf::PERF_COUNT_HW_CACHE_MISSES: 0	_numc_perf::PERF_COUNT_HW_CACHE_REFERENCES: 0	_numc_PAPI_TOT_INS: 0

0th run	init_time: 0.013448807	symb_time: 3.981838092	mgmt_time: 0.000016669numc_time: 2.793750907	total_time: 6.789054475

	0_intprod: 1656993142
	1_intprod: 636164733
	2_intprod: 633326710
	3_intprod: 227036895
	4_intprod: 633890882
	5_intprod: 226170720
	6_intprod: 226743545
	7_intprod: 80055481
	8_intprod: 635671871
	9_intprod: 226069455
	10_intprod: 226700272
	11_intprod: 78669825
	12_intprod: 225476792
	13_intprod: 77312166
	14_intprod: 77962591
	15_intprod: 28575540
	16_intprod: 633251849
	17_intprod: 226715779
	18_intprod: 225816003
	19_intprod: 77411644
	20_intprod: 223019226
	21_intprod: 77484329
	22_intprod: 77027179
	23_intprod: 27278525
	24_intprod: 224580534
	25_intprod: 77370570
	26_intprod: 76333881
	27_intprod: 25387682
	28_intprod: 77700419
	29_intprod: 25679667
	30_intprod: 25622053
	31_intprod: 8620596

	0_symb_time: 1.564268773
	1_symb_time: 1.815285918
	2_symb_time: 2.022422995
	3_symb_time: 2.127405466
	4_symb_time: 2.313136621
	5_symb_time: 2.383761483
	6_symb_time: 2.425800366
	7_symb_time: 2.556350513
	8_symb_time: 2.976384767
	9_symb_time: 2.257241060
	10_symb_time: 2.850608650
	11_symb_time: 2.965927665
	12_symb_time: 2.759249827
	13_symb_time: 2.583939251
	14_symb_time: 2.970320392
	15_symb_time: 3.257433317
	16_symb_time: 3.276830265
	17_symb_time: 2.488430186
	18_symb_time: 2.741748942
	19_symb_time: 2.983569840
	20_symb_time: 3.190691602
	21_symb_time: 3.490634708
	22_symb_time: 3.394349738
	23_symb_time: 2.928398352
	24_symb_time: 2.570481500
	25_symb_time: 3.016728018
	26_symb_time: 3.310259813
	27_symb_time: 3.248198082
	28_symb_time: 3.311413370
	29_symb_time: 3.572102525
	30_symb_time: 3.533112200
	31_symb_time: 3.979510106

	0_numc_time: 2.759619384
	1_numc_time: 0.000000000
	2_numc_time: 0.000000000
	3_numc_time: 0.000000000
	4_numc_time: 0.000000000
	5_numc_time: 0.000000000
	6_numc_time: 0.000000000
	7_numc_time: 0.000000000
	8_numc_time: 0.000000000
	9_numc_time: 0.000000000
	10_numc_time: 0.000000000
	11_numc_time: 0.000000000
	12_numc_time: 0.000000000
	13_numc_time: 0.000000000
	14_numc_time: 0.000000000
	15_numc_time: 0.000000000
	16_numc_time: 0.000000000
	17_numc_time: 0.000000000
	18_numc_time: 0.000000000
	19_numc_time: 0.000000000
	20_numc_time: 0.000000000
	21_numc_time: 0.000000000
	22_numc_time: 0.000000000
	23_numc_time: 0.000000000
	24_numc_time: 0.000000000
	25_numc_time: 0.000000000
	26_numc_time: 0.000000000
	27_numc_time: 0.000000000
	28_numc_time: 0.000000000
	29_numc_time: 0.000000000
	30_numc_time: 0.000000000
	31_numc_time: 0.000000000

	perf::PERF_COUNT_HW_CACHE_MISSES	perf::PERF_COUNT_HW_CACHE_REFERENCES	PAPI_TOT_INS
	0_numc_perf::PERF_COUNT_HW_CACHE_MISSES: 15957866	_numc_perf::PERF_COUNT_HW_CACHE_REFERENCES: 346494955	_numc_PAPI_TOT_INS: 6788108634
	1_numc_perf::PERF_COUNT_HW_CACHE_MISSES: 0	_numc_perf::PERF_COUNT_HW_CACHE_REFERENCES: 0	_numc_PAPI_TOT_INS: 0
	2_numc_perf::PERF_COUNT_HW_CACHE_MISSES: 0	_numc_perf::PERF_COUNT_HW_CACHE_REFERENCES: 0	_numc_PAPI_TOT_INS: 0
	3_numc_perf::PERF_COUNT_HW_CACHE_MISSES: 0	_numc_perf::PERF_COUNT_HW_CACHE_REFERENCES: 0	_numc_PAPI_TOT_INS: 0
	4_numc_perf::PERF_COUNT_HW_CACHE_MISSES: 0	_numc_perf::PERF_COUNT_HW_CACHE_REFERENCES: 0	_numc_PAPI_TOT_INS: 0
	5_numc_perf::PERF_COUNT_HW_CACHE_MISSES: 0	_numc_perf::PERF_COUNT_HW_CACHE_REFERENCES: 0	_numc_PAPI_TOT_INS: 0
	6_numc_perf::PERF_COUNT_HW_CACHE_MISSES: 0	_numc_perf::PERF_COUNT_HW_CACHE_REFERENCES: 0	_numc_PAPI_TOT_INS: 0
	7_numc_perf::PERF_COUNT_HW_CACHE_MISSES: 0	_numc_perf::PERF_COUNT_HW_CACHE_REFERENCES: 0	_numc_PAPI_TOT_INS: 0
	8_numc_perf::PERF_COUNT_HW_CACHE_MISSES: 0	_numc_perf::PERF_COUNT_HW_CACHE_REFERENCES: 0	_numc_PAPI_TOT_INS: 0
	9_numc_perf::PERF_COUNT_HW_CACHE_MISSES: 0	_numc_perf::PERF_COUNT_HW_CACHE_REFERENCES: 0	_numc_PAPI_TOT_INS: 0
	10_numc_perf::PERF_COUNT_HW_CACHE_MISSES: 0	_numc_perf::PERF_COUNT_HW_CACHE_REFERENCES: 0	_numc_PAPI_TOT_INS: 0
	11_numc_perf::PERF_COUNT_HW_CACHE_MISSES: 0	_numc_perf::PERF_COUNT_HW_CACHE_REFERENCES: 0	_numc_PAPI_TOT_INS: 0
	12_numc_perf::PERF_COUNT_HW_CACHE_MISSES: 0	_numc_perf::PERF_COUNT_HW_CACHE_REFERENCES: 0	_numc_PAPI_TOT_INS: 0
	13_numc_perf::PERF_COUNT_HW_CACHE_MISSES: 0	_numc_perf::PERF_COUNT_HW_CACHE_REFERENCES: 0	_numc_PAPI_TOT_INS: 0
	14_numc_perf::PERF_COUNT_HW_CACHE_MISSES: 0	_numc_perf::PERF_COUNT_HW_CACHE_REFERENCES: 0	_numc_PAPI_TOT_INS: 0
	15_numc_perf::PERF_COUNT_HW_CACHE_MISSES: 0	_numc_perf::PERF_COUNT_HW_CACHE_REFERENCES: 0	_numc_PAPI_TOT_INS: 0
	16_numc_perf::PERF_COUNT_HW_CACHE_MISSES: 0	_numc_perf::PERF_COUNT_HW_CACHE_REFERENCES: 0	_numc_PAPI_TOT_INS: 0
	17_numc_perf::PERF_COUNT_HW_CACHE_MISSES: 0	_numc_perf::PERF_COUNT_HW_CACHE_REFERENCES: 0	_numc_PAPI_TOT_INS: 0
	18_numc_perf::PERF_COUNT_HW_CACHE_MISSES: 0	_numc_perf::PERF_COUNT_HW_CACHE_REFERENCES: 0	_numc_PAPI_TOT_INS: 0
	19_numc_perf::PERF_COUNT_HW_CACHE_MISSES: 0	_numc_perf::PERF_COUNT_HW_CACHE_REFERENCES: 0	_numc_PAPI_TOT_INS: 0
	20_numc_perf::PERF_COUNT_HW_CACHE_MISSES: 0	_numc_perf::PERF_COUNT_HW_CACHE_REFERENCES: 0	_numc_PAPI_TOT_INS: 0
	21_numc_perf::PERF_COUNT_HW_CACHE_MISSES: 0	_numc_perf::PERF_COUNT_HW_CACHE_REFERENCES: 0	_numc_PAPI_TOT_INS: 0
	22_numc_perf::PERF_COUNT_HW_CACHE_MISSES: 0	_numc_perf::PERF_COUNT_HW_CACHE_REFERENCES: 0	_numc_PAPI_TOT_INS: 0
	23_numc_perf::PERF_COUNT_HW_CACHE_MISSES: 0	_numc_perf::PERF_COUNT_HW_CACHE_REFERENCES: 0	_numc_PAPI_TOT_INS: 0
	24_numc_perf::PERF_COUNT_HW_CACHE_MISSES: 0	_numc_perf::PERF_COUNT_HW_CACHE_REFERENCES: 0	_numc_PAPI_TOT_INS: 0
	25_numc_perf::PERF_COUNT_HW_CACHE_MISSES: 0	_numc_perf::PERF_COUNT_HW_CACHE_REFERENCES: 0	_numc_PAPI_TOT_INS: 0
	26_numc_perf::PERF_COUNT_HW_CACHE_MISSES: 0	_numc_perf::PERF_COUNT_HW_CACHE_REFERENCES: 0	_numc_PAPI_TOT_INS: 0
	27_numc_perf::PERF_COUNT_HW_CACHE_MISSES: 0	_numc_perf::PERF_COUNT_HW_CACHE_REFERENCES: 0	_numc_PAPI_TOT_INS: 0
	28_numc_perf::PERF_COUNT_HW_CACHE_MISSES: 0	_numc_perf::PERF_COUNT_HW_CACHE_REFERENCES: 0	_numc_PAPI_TOT_INS: 0
	29_numc_perf::PERF_COUNT_HW_CACHE_MISSES: 0	_numc_perf::PERF_COUNT_HW_CACHE_REFERENCES: 0	_numc_PAPI_TOT_INS: 0
	30_numc_perf::PERF_COUNT_HW_CACHE_MISSES: 0	_numc_perf::PERF_COUNT_HW_CACHE_REFERENCES: 0	_numc_PAPI_TOT_INS: 0
	31_numc_perf::PERF_COUNT_HW_CACHE_MISSES: 0	_numc_perf::PERF_COUNT_HW_CACHE_REFERENCES: 0	_numc_PAPI_TOT_INS: 0

1th run	init_time: 0.013099115	symb_time: 3.981830512	mgmt_time: 0.000018752numc_time: 2.766087291	total_time: 6.761035670

	0_intprod: 1656993142
	1_intprod: 636164733
	2_intprod: 633326710
	3_intprod: 227036895
	4_intprod: 633890882
	5_intprod: 226170720
	6_intprod: 226743545
	7_intprod: 80055481
	8_intprod: 635671871
	9_intprod: 226069455
	10_intprod: 226700272
	11_intprod: 78669825
	12_intprod: 225476792
	13_intprod: 77312166
	14_intprod: 77962591
	15_intprod: 28575540
	16_intprod: 633251849
	17_intprod: 226715779
	18_intprod: 225816003
	19_intprod: 77411644
	20_intprod: 223019226
	21_intprod: 77484329
	22_intprod: 77027179
	23_intprod: 27278525
	24_intprod: 224580534
	25_intprod: 77370570
	26_intprod: 76333881
	27_intprod: 25387682
	28_intprod: 77700419
	29_intprod: 25679667
	30_intprod: 25622053
	31_intprod: 8620596

	0_symb_time: 1.562562645
	1_symb_time: 1.876139450
	2_symb_time: 2.008058569
	3_symb_time: 2.137802671
	4_symb_time: 2.309699985
	5_symb_time: 2.387571004
	6_symb_time: 2.393483527
	7_symb_time: 2.567304962
	8_symb_time: 2.965681631
	9_symb_time: 2.282728072
	10_symb_time: 2.843924197
	11_symb_time: 2.959657855
	12_symb_time: 2.764707948
	13_symb_time: 2.586647453
	14_symb_time: 2.973330110
	15_symb_time: 3.276395202
	16_symb_time: 3.271907211
	17_symb_time: 2.511248278
	18_symb_time: 2.752672167
	19_symb_time: 2.987354192
	20_symb_time: 3.185358202
	21_symb_time: 3.496857362
	22_symb_time: 3.396753430
	23_symb_time: 2.927246352
	24_symb_time: 2.565899468
	25_symb_time: 3.014164677
	26_symb_time: 3.311252943
	27_symb_time: 3.252836930
	28_symb_time: 3.317911430
	29_symb_time: 3.573293584
	30_symb_time: 3.537230517
	31_symb_time: 3.978546777

	0_numc_time: 2.758257452
	1_numc_time: 0.000000000
	2_numc_time: 0.000000000
	3_numc_time: 0.000000000
	4_numc_time: 0.000000000
	5_numc_time: 0.000000000
	6_numc_time: 0.000000000
	7_numc_time: 0.000000000
	8_numc_time: 0.000000000
	9_numc_time: 0.000000000
	10_numc_time: 0.000000000
	11_numc_time: 0.000000000
	12_numc_time: 0.000000000
	13_numc_time: 0.000000000
	14_numc_time: 0.000000000
	15_numc_time: 0.000000000
	16_numc_time: 0.000000000
	17_numc_time: 0.000000000
	18_numc_time: 0.000000000
	19_numc_time: 0.000000000
	20_numc_time: 0.000000000
	21_numc_time: 0.000000000
	22_numc_time: 0.000000000
	23_numc_time: 0.000000000
	24_numc_time: 0.000000000
	25_numc_time: 0.000000000
	26_numc_time: 0.000000000
	27_numc_time: 0.000000000
	28_numc_time: 0.000000000
	29_numc_time: 0.000000000
	30_numc_time: 0.000000000
	31_numc_time: 0.000000000

	perf::PERF_COUNT_HW_CACHE_MISSES	perf::PERF_COUNT_HW_CACHE_REFERENCES	PAPI_TOT_INS
	0_numc_perf::PERF_COUNT_HW_CACHE_MISSES: 16223830	_numc_perf::PERF_COUNT_HW_CACHE_REFERENCES: 346297728	_numc_PAPI_TOT_INS: 6788108635
	1_numc_perf::PERF_COUNT_HW_CACHE_MISSES: 0	_numc_perf::PERF_COUNT_HW_CACHE_REFERENCES: 0	_numc_PAPI_TOT_INS: 0
	2_numc_perf::PERF_COUNT_HW_CACHE_MISSES: 0	_numc_perf::PERF_COUNT_HW_CACHE_REFERENCES: 0	_numc_PAPI_TOT_INS: 0
	3_numc_perf::PERF_COUNT_HW_CACHE_MISSES: 0	_numc_perf::PERF_COUNT_HW_CACHE_REFERENCES: 0	_numc_PAPI_TOT_INS: 0
	4_numc_perf::PERF_COUNT_HW_CACHE_MISSES: 0	_numc_perf::PERF_COUNT_HW_CACHE_REFERENCES: 0	_numc_PAPI_TOT_INS: 0
	5_numc_perf::PERF_COUNT_HW_CACHE_MISSES: 0	_numc_perf::PERF_COUNT_HW_CACHE_REFERENCES: 0	_numc_PAPI_TOT_INS: 0
	6_numc_perf::PERF_COUNT_HW_CACHE_MISSES: 0	_numc_perf::PERF_COUNT_HW_CACHE_REFERENCES: 0	_numc_PAPI_TOT_INS: 0
	7_numc_perf::PERF_COUNT_HW_CACHE_MISSES: 0	_numc_perf::PERF_COUNT_HW_CACHE_REFERENCES: 0	_numc_PAPI_TOT_INS: 0
	8_numc_perf::PERF_COUNT_HW_CACHE_MISSES: 0	_numc_perf::PERF_COUNT_HW_CACHE_REFERENCES: 0	_numc_PAPI_TOT_INS: 0
	9_numc_perf::PERF_COUNT_HW_CACHE_MISSES: 0	_numc_perf::PERF_COUNT_HW_CACHE_REFERENCES: 0	_numc_PAPI_TOT_INS: 0
	10_numc_perf::PERF_COUNT_HW_CACHE_MISSES: 0	_numc_perf::PERF_COUNT_HW_CACHE_REFERENCES: 0	_numc_PAPI_TOT_INS: 0
	11_numc_perf::PERF_COUNT_HW_CACHE_MISSES: 0	_numc_perf::PERF_COUNT_HW_CACHE_REFERENCES: 0	_numc_PAPI_TOT_INS: 0
	12_numc_perf::PERF_COUNT_HW_CACHE_MISSES: 0	_numc_perf::PERF_COUNT_HW_CACHE_REFERENCES: 0	_numc_PAPI_TOT_INS: 0
	13_numc_perf::PERF_COUNT_HW_CACHE_MISSES: 0	_numc_perf::PERF_COUNT_HW_CACHE_REFERENCES: 0	_numc_PAPI_TOT_INS: 0
	14_numc_perf::PERF_COUNT_HW_CACHE_MISSES: 0	_numc_perf::PERF_COUNT_HW_CACHE_REFERENCES: 0	_numc_PAPI_TOT_INS: 0
	15_numc_perf::PERF_COUNT_HW_CACHE_MISSES: 0	_numc_perf::PERF_COUNT_HW_CACHE_REFERENCES: 0	_numc_PAPI_TOT_INS: 0
	16_numc_perf::PERF_COUNT_HW_CACHE_MISSES: 0	_numc_perf::PERF_COUNT_HW_CACHE_REFERENCES: 0	_numc_PAPI_TOT_INS: 0
	17_numc_perf::PERF_COUNT_HW_CACHE_MISSES: 0	_numc_perf::PERF_COUNT_HW_CACHE_REFERENCES: 0	_numc_PAPI_TOT_INS: 0
	18_numc_perf::PERF_COUNT_HW_CACHE_MISSES: 0	_numc_perf::PERF_COUNT_HW_CACHE_REFERENCES: 0	_numc_PAPI_TOT_INS: 0
	19_numc_perf::PERF_COUNT_HW_CACHE_MISSES: 0	_numc_perf::PERF_COUNT_HW_CACHE_REFERENCES: 0	_numc_PAPI_TOT_INS: 0
	20_numc_perf::PERF_COUNT_HW_CACHE_MISSES: 0	_numc_perf::PERF_COUNT_HW_CACHE_REFERENCES: 0	_numc_PAPI_TOT_INS: 0
	21_numc_perf::PERF_COUNT_HW_CACHE_MISSES: 0	_numc_perf::PERF_COUNT_HW_CACHE_REFERENCES: 0	_numc_PAPI_TOT_INS: 0
	22_numc_perf::PERF_COUNT_HW_CACHE_MISSES: 0	_numc_perf::PERF_COUNT_HW_CACHE_REFERENCES: 0	_numc_PAPI_TOT_INS: 0
	23_numc_perf::PERF_COUNT_HW_CACHE_MISSES: 0	_numc_perf::PERF_COUNT_HW_CACHE_REFERENCES: 0	_numc_PAPI_TOT_INS: 0
	24_numc_perf::PERF_COUNT_HW_CACHE_MISSES: 0	_numc_perf::PERF_COUNT_HW_CACHE_REFERENCES: 0	_numc_PAPI_TOT_INS: 0
	25_numc_perf::PERF_COUNT_HW_CACHE_MISSES: 0	_numc_perf::PERF_COUNT_HW_CACHE_REFERENCES: 0	_numc_PAPI_TOT_INS: 0
	26_numc_perf::PERF_COUNT_HW_CACHE_MISSES: 0	_numc_perf::PERF_COUNT_HW_CACHE_REFERENCES: 0	_numc_PAPI_TOT_INS: 0
	27_numc_perf::PERF_COUNT_HW_CACHE_MISSES: 0	_numc_perf::PERF_COUNT_HW_CACHE_REFERENCES: 0	_numc_PAPI_TOT_INS: 0
	28_numc_perf::PERF_COUNT_HW_CACHE_MISSES: 0	_numc_perf::PERF_COUNT_HW_CACHE_REFERENCES: 0	_numc_PAPI_TOT_INS: 0
	29_numc_perf::PERF_COUNT_HW_CACHE_MISSES: 0	_numc_perf::PERF_COUNT_HW_CACHE_REFERENCES: 0	_numc_PAPI_TOT_INS: 0
	30_numc_perf::PERF_COUNT_HW_CACHE_MISSES: 0	_numc_perf::PERF_COUNT_HW_CACHE_REFERENCES: 0	_numc_PAPI_TOT_INS: 0
	31_numc_perf::PERF_COUNT_HW_CACHE_MISSES: 0	_numc_perf::PERF_COUNT_HW_CACHE_REFERENCES: 0	_numc_PAPI_TOT_INS: 0

[PAPI-numc] PAPI_event_name_perf::PERF_COUNT_HW_CACHE_MISSES:	16169076
[PAPI-numc] PAPI_event_name_perf::PERF_COUNT_HW_CACHE_REFERENCES:	346435204
[PAPI-numc] PAPI_event_name_PAPI_TOT_INS:	6788109122
2th run	init_time: 0.013095079	symb_time: 3.980726181	mgmt_time: 0.000018416numc_time: 2.764924771	total_time: 6.758764447

dataset: g500_19_8	num_trials: 2	thread_num: 32	numa_mask: 6	init_time: 0.013097097	symb_time: 3.981278346	mgmt_time: 0.000018584	numc_time: 2.765506031	total_time: 6.759900059	flop_cnt: 8006120556	numc_perf: 2894992983.654787540	perf: 1184354870.148262501