[huang@xfusion-2288HV7 ujmm-hmem]$ numactl --physcpubind=32-63 ./bin/microbench/hashspgemm_numc_comp g500_19_8
CONFIGURATION:	USE_HYPERTHREADING	USE_WEIGHTED_INTERLEAVING	HASH_CONSTANT: 2654435761	THREAD_NUM: 32	AB_HIGH_THREAD_NUM: 16	AB_SIZE: 524288AB_MIN_NUM: 32768	AB_PRT: 0.900000	AB_DNR	DAHA	DAHA_REAR	DAHA_QUANTILE: 0.990000	DAHA_SYMB_THRES: 6000000	DAHA_NUMC_THRES: 800000DN_MIN: 256	GUD_ALPHA: 0.500000	GUD_MIN: 256	HYB_THRES: 0.950000
	0_intprod: 1656993142
	1_intprod: 636164733
	2_intprod: 633326710
	3_intprod: 227036895
	4_intprod: 633890882
	5_intprod: 226170720
	6_intprod: 226743545
	7_intprod: 80055481
	8_intprod: 635671871
	9_intprod: 226069455
	10_intprod: 226700272
	11_intprod: 78669825
	12_intprod: 225476792
	13_intprod: 77312166
	14_intprod: 77962591
	15_intprod: 28575540
	16_intprod: 633251849
	17_intprod: 226715779
	18_intprod: 225816003
	19_intprod: 77411644
	20_intprod: 223019226
	21_intprod: 77484329
	22_intprod: 77027179
	23_intprod: 27278525
	24_intprod: 224580534
	25_intprod: 77370570
	26_intprod: 76333881
	27_intprod: 25387682
	28_intprod: 77700419
	29_intprod: 25679667
	30_intprod: 25622053
	31_intprod: 8620596

	0_symb_time: 1.583797382
	1_symb_time: 1.853121370
	2_symb_time: 2.015239875
	3_symb_time: 2.158795859
	4_symb_time: 2.296118711
	5_symb_time: 2.415722942
	6_symb_time: 2.444103776
	7_symb_time: 2.567523645
	8_symb_time: 2.959242853
	9_symb_time: 2.271944249
	10_symb_time: 2.844063088
	11_symb_time: 2.950323054
	12_symb_time: 2.759562594
	13_symb_time: 2.601458881
	14_symb_time: 2.959267166
	15_symb_time: 3.263654236
	16_symb_time: 3.273725280
	17_symb_time: 2.505204839
	18_symb_time: 2.747787969
	19_symb_time: 2.975603597
	20_symb_time: 3.186555277
	21_symb_time: 3.481640089
	22_symb_time: 3.384805167
	23_symb_time: 2.922866109
	24_symb_time: 2.553294222
	25_symb_time: 3.008569694
	26_symb_time: 3.308326939
	27_symb_time: 3.245780179
	28_symb_time: 3.320768130
	29_symb_time: 3.570688296
	30_symb_time: 3.533349337
	31_symb_time: 3.975221645

	0_numc_time: 13.371393793
	1_numc_time: 12.875556315
	2_numc_time: 12.875341226
	3_numc_time: 12.875417478
	4_numc_time: 12.875373776
	5_numc_time: 13.200608012
	6_numc_time: 12.875309761
	7_numc_time: 12.875225648
	8_numc_time: 12.875746281
	9_numc_time: 12.875349139
	10_numc_time: 12.875315780
	11_numc_time: 12.876112703
	12_numc_time: 12.875827763
	13_numc_time: 12.875648478
	14_numc_time: 12.875903675
	15_numc_time: 12.875925155
	16_numc_time: 12.875340937
	17_numc_time: 12.875645230
	18_numc_time: 12.875586499
	19_numc_time: 12.875839265
	20_numc_time: 12.874912929
	21_numc_time: 12.875744050
	22_numc_time: 12.875314999
	23_numc_time: 12.875259270
	24_numc_time: 12.875039522
	25_numc_time: 12.875349348
	26_numc_time: 12.874868060
	27_numc_time: 12.875492431
	28_numc_time: 12.874988795
	29_numc_time: 12.874889261
	30_numc_time: 12.875262114
	31_numc_time: 12.874988550

	perf::PERF_COUNT_HW_CACHE_MISSES	perf::PERF_COUNT_HW_CACHE_REFERENCES	PAPI_TOT_INS
	0_numc_perf::PERF_COUNT_HW_CACHE_MISSES: 183331036	_numc_perf::PERF_COUNT_HW_CACHE_REFERENCES: 351663320	_numc_PAPI_TOT_INS: 6788119343
	1_numc_perf::PERF_COUNT_HW_CACHE_MISSES: 140789933	_numc_perf::PERF_COUNT_HW_CACHE_REFERENCES: 351433371	_numc_PAPI_TOT_INS: 6788119363
	2_numc_perf::PERF_COUNT_HW_CACHE_MISSES: 143657904	_numc_perf::PERF_COUNT_HW_CACHE_REFERENCES: 350895311	_numc_PAPI_TOT_INS: 6788119363
	3_numc_perf::PERF_COUNT_HW_CACHE_MISSES: 141966956	_numc_perf::PERF_COUNT_HW_CACHE_REFERENCES: 351497565	_numc_PAPI_TOT_INS: 6788119362
	4_numc_perf::PERF_COUNT_HW_CACHE_MISSES: 142162501	_numc_perf::PERF_COUNT_HW_CACHE_REFERENCES: 350835354	_numc_PAPI_TOT_INS: 6788119363
	5_numc_perf::PERF_COUNT_HW_CACHE_MISSES: 193037371	_numc_perf::PERF_COUNT_HW_CACHE_REFERENCES: 358153057	_numc_PAPI_TOT_INS: 6788119170
	6_numc_perf::PERF_COUNT_HW_CACHE_MISSES: 141853671	_numc_perf::PERF_COUNT_HW_CACHE_REFERENCES: 351444401	_numc_PAPI_TOT_INS: 6788119381
	7_numc_perf::PERF_COUNT_HW_CACHE_MISSES: 142258773	_numc_perf::PERF_COUNT_HW_CACHE_REFERENCES: 351016543	_numc_PAPI_TOT_INS: 6788119382
	8_numc_perf::PERF_COUNT_HW_CACHE_MISSES: 141547079	_numc_perf::PERF_COUNT_HW_CACHE_REFERENCES: 350834893	_numc_PAPI_TOT_INS: 6788119364
	9_numc_perf::PERF_COUNT_HW_CACHE_MISSES: 143196353	_numc_perf::PERF_COUNT_HW_CACHE_REFERENCES: 350888653	_numc_PAPI_TOT_INS: 6788119365
	10_numc_perf::PERF_COUNT_HW_CACHE_MISSES: 142413222	_numc_perf::PERF_COUNT_HW_CACHE_REFERENCES: 351440814	_numc_PAPI_TOT_INS: 6788119369
	11_numc_perf::PERF_COUNT_HW_CACHE_MISSES: 142362514	_numc_perf::PERF_COUNT_HW_CACHE_REFERENCES: 351313653	_numc_PAPI_TOT_INS: 6788119362
	12_numc_perf::PERF_COUNT_HW_CACHE_MISSES: 144590658	_numc_perf::PERF_COUNT_HW_CACHE_REFERENCES: 351753008	_numc_PAPI_TOT_INS: 6788119382
	13_numc_perf::PERF_COUNT_HW_CACHE_MISSES: 141427367	_numc_perf::PERF_COUNT_HW_CACHE_REFERENCES: 350749504	_numc_PAPI_TOT_INS: 6788119382
	14_numc_perf::PERF_COUNT_HW_CACHE_MISSES: 141406355	_numc_perf::PERF_COUNT_HW_CACHE_REFERENCES: 350895572	_numc_PAPI_TOT_INS: 6788119364
	15_numc_perf::PERF_COUNT_HW_CACHE_MISSES: 141342104	_numc_perf::PERF_COUNT_HW_CACHE_REFERENCES: 351105610	_numc_PAPI_TOT_INS: 6788119364
	16_numc_perf::PERF_COUNT_HW_CACHE_MISSES: 143246331	_numc_perf::PERF_COUNT_HW_CACHE_REFERENCES: 351255062	_numc_PAPI_TOT_INS: 6788119362
	17_numc_perf::PERF_COUNT_HW_CACHE_MISSES: 141606982	_numc_perf::PERF_COUNT_HW_CACHE_REFERENCES: 351516139	_numc_PAPI_TOT_INS: 6788119367
	18_numc_perf::PERF_COUNT_HW_CACHE_MISSES: 143391412	_numc_perf::PERF_COUNT_HW_CACHE_REFERENCES: 351017139	_numc_PAPI_TOT_INS: 6788119365
	19_numc_perf::PERF_COUNT_HW_CACHE_MISSES: 142902591	_numc_perf::PERF_COUNT_HW_CACHE_REFERENCES: 351156751	_numc_PAPI_TOT_INS: 6788119378
	20_numc_perf::PERF_COUNT_HW_CACHE_MISSES: 143197559	_numc_perf::PERF_COUNT_HW_CACHE_REFERENCES: 351741037	_numc_PAPI_TOT_INS: 6788119365
	21_numc_perf::PERF_COUNT_HW_CACHE_MISSES: 144176767	_numc_perf::PERF_COUNT_HW_CACHE_REFERENCES: 350424418	_numc_PAPI_TOT_INS: 6788119383
	22_numc_perf::PERF_COUNT_HW_CACHE_MISSES: 143798228	_numc_perf::PERF_COUNT_HW_CACHE_REFERENCES: 350968626	_numc_PAPI_TOT_INS: 6788119369
	23_numc_perf::PERF_COUNT_HW_CACHE_MISSES: 143983063	_numc_perf::PERF_COUNT_HW_CACHE_REFERENCES: 350441293	_numc_PAPI_TOT_INS: 6788119379
	24_numc_perf::PERF_COUNT_HW_CACHE_MISSES: 143076028	_numc_perf::PERF_COUNT_HW_CACHE_REFERENCES: 350851281	_numc_PAPI_TOT_INS: 6788119382
	25_numc_perf::PERF_COUNT_HW_CACHE_MISSES: 143801213	_numc_perf::PERF_COUNT_HW_CACHE_REFERENCES: 351274665	_numc_PAPI_TOT_INS: 6788119383
	26_numc_perf::PERF_COUNT_HW_CACHE_MISSES: 145454516	_numc_perf::PERF_COUNT_HW_CACHE_REFERENCES: 350400770	_numc_PAPI_TOT_INS: 6788119365
	27_numc_perf::PERF_COUNT_HW_CACHE_MISSES: 143180348	_numc_perf::PERF_COUNT_HW_CACHE_REFERENCES: 351010378	_numc_PAPI_TOT_INS: 6788119381
	28_numc_perf::PERF_COUNT_HW_CACHE_MISSES: 144601896	_numc_perf::PERF_COUNT_HW_CACHE_REFERENCES: 350598834	_numc_PAPI_TOT_INS: 6788119366
	29_numc_perf::PERF_COUNT_HW_CACHE_MISSES: 147111772	_numc_perf::PERF_COUNT_HW_CACHE_REFERENCES: 350492710	_numc_PAPI_TOT_INS: 6788120165
	30_numc_perf::PERF_COUNT_HW_CACHE_MISSES: 143044969	_numc_perf::PERF_COUNT_HW_CACHE_REFERENCES: 350562778	_numc_PAPI_TOT_INS: 6788119363
	31_numc_perf::PERF_COUNT_HW_CACHE_MISSES: 143412536	_numc_perf::PERF_COUNT_HW_CACHE_REFERENCES: 350927508	_numc_PAPI_TOT_INS: 6788119381

0th run	init_time: 0.013287969	symb_time: 3.977820742	mgmt_time: 0.000015061	numc_time: 13.384343139	total_time: 17.375466911

	0_intprod: 1656993142
	1_intprod: 636164733
	2_intprod: 633326710
	3_intprod: 227036895
	4_intprod: 633890882
	5_intprod: 226170720
	6_intprod: 226743545
	7_intprod: 80055481
	8_intprod: 635671871
	9_intprod: 226069455
	10_intprod: 226700272
	11_intprod: 78669825
	12_intprod: 225476792
	13_intprod: 77312166
	14_intprod: 77962591
	15_intprod: 28575540
	16_intprod: 633251849
	17_intprod: 226715779
	18_intprod: 225816003
	19_intprod: 77411644
	20_intprod: 223019226
	21_intprod: 77484329
	22_intprod: 77027179
	23_intprod: 27278525
	24_intprod: 224580534
	25_intprod: 77370570
	26_intprod: 76333881
	27_intprod: 25387682
	28_intprod: 77700419
	29_intprod: 25679667
	30_intprod: 25622053
	31_intprod: 8620596

	0_symb_time: 1.552055465
	1_symb_time: 1.840993984
	2_symb_time: 2.028701041
	3_symb_time: 2.130612456
	4_symb_time: 2.318526246
	5_symb_time: 2.389779415
	6_symb_time: 2.415181894
	7_symb_time: 2.550061794
	8_symb_time: 2.960757589
	9_symb_time: 2.277346713
	10_symb_time: 2.854275490
	11_symb_time: 2.957654294
	12_symb_time: 2.760660064
	13_symb_time: 2.581496957
	14_symb_time: 2.999128621
	15_symb_time: 3.251997381
	16_symb_time: 3.274991238
	17_symb_time: 2.503414287
	18_symb_time: 2.742933207
	19_symb_time: 2.990270026
	20_symb_time: 3.182404485
	21_symb_time: 3.491331454
	22_symb_time: 3.387498137
	23_symb_time: 2.928512471
	24_symb_time: 2.563242916
	25_symb_time: 3.006455851
	26_symb_time: 3.308966927
	27_symb_time: 3.245258118
	28_symb_time: 3.313759968
	29_symb_time: 3.576351206
	30_symb_time: 3.534312669
	31_symb_time: 3.974829277

	0_numc_time: 13.080294094
	1_numc_time: 13.079545780
	2_numc_time: 12.882118304
	3_numc_time: 12.882033842
	4_numc_time: 12.882250255
	5_numc_time: 12.882137051
	6_numc_time: 12.881641199
	7_numc_time: 12.882100664
	8_numc_time: 12.882011545
	9_numc_time: 12.881821945
	10_numc_time: 12.882253153
	11_numc_time: 12.881419095
	12_numc_time: 12.881499339
	13_numc_time: 12.882001342
	14_numc_time: 12.882073974
	15_numc_time: 12.881526310
	16_numc_time: 12.881771823
	17_numc_time: 12.881424983
	18_numc_time: 12.881235462
	19_numc_time: 12.882159555
	20_numc_time: 12.881924295
	21_numc_time: 12.881443395
	22_numc_time: 12.881642632
	23_numc_time: 12.881121446
	24_numc_time: 12.881998803
	25_numc_time: 12.881154914
	26_numc_time: 12.881372382
	27_numc_time: 12.881261310
	28_numc_time: 12.881232351
	29_numc_time: 12.881306579
	30_numc_time: 12.881373786
	31_numc_time: 12.881739486

	perf::PERF_COUNT_HW_CACHE_MISSES	perf::PERF_COUNT_HW_CACHE_REFERENCES	PAPI_TOT_INS
	0_numc_perf::PERF_COUNT_HW_CACHE_MISSES: 152792339	_numc_perf::PERF_COUNT_HW_CACHE_REFERENCES: 350942940	_numc_PAPI_TOT_INS: 6788119027
	1_numc_perf::PERF_COUNT_HW_CACHE_MISSES: 181918214	_numc_perf::PERF_COUNT_HW_CACHE_REFERENCES: 355739170	_numc_PAPI_TOT_INS: 6788119043
	2_numc_perf::PERF_COUNT_HW_CACHE_MISSES: 143156685	_numc_perf::PERF_COUNT_HW_CACHE_REFERENCES: 350945747	_numc_PAPI_TOT_INS: 6788118752
	3_numc_perf::PERF_COUNT_HW_CACHE_MISSES: 141742243	_numc_perf::PERF_COUNT_HW_CACHE_REFERENCES: 351229288	_numc_PAPI_TOT_INS: 6788118732
	4_numc_perf::PERF_COUNT_HW_CACHE_MISSES: 141048053	_numc_perf::PERF_COUNT_HW_CACHE_REFERENCES: 351932983	_numc_PAPI_TOT_INS: 6788118751
	5_numc_perf::PERF_COUNT_HW_CACHE_MISSES: 141300012	_numc_perf::PERF_COUNT_HW_CACHE_REFERENCES: 350822327	_numc_PAPI_TOT_INS: 6788118751
	6_numc_perf::PERF_COUNT_HW_CACHE_MISSES: 143027347	_numc_perf::PERF_COUNT_HW_CACHE_REFERENCES: 350895128	_numc_PAPI_TOT_INS: 6788118751
	7_numc_perf::PERF_COUNT_HW_CACHE_MISSES: 142982885	_numc_perf::PERF_COUNT_HW_CACHE_REFERENCES: 351456271	_numc_PAPI_TOT_INS: 6788118736
	8_numc_perf::PERF_COUNT_HW_CACHE_MISSES: 141561506	_numc_perf::PERF_COUNT_HW_CACHE_REFERENCES: 350997682	_numc_PAPI_TOT_INS: 6788118750
	9_numc_perf::PERF_COUNT_HW_CACHE_MISSES: 143972702	_numc_perf::PERF_COUNT_HW_CACHE_REFERENCES: 351355152	_numc_PAPI_TOT_INS: 6788118733
	10_numc_perf::PERF_COUNT_HW_CACHE_MISSES: 142342109	_numc_perf::PERF_COUNT_HW_CACHE_REFERENCES: 350921740	_numc_PAPI_TOT_INS: 6788118733
	11_numc_perf::PERF_COUNT_HW_CACHE_MISSES: 141823715	_numc_perf::PERF_COUNT_HW_CACHE_REFERENCES: 351023320	_numc_PAPI_TOT_INS: 6788118750
	12_numc_perf::PERF_COUNT_HW_CACHE_MISSES: 144675890	_numc_perf::PERF_COUNT_HW_CACHE_REFERENCES: 350449368	_numc_PAPI_TOT_INS: 6788118747
	13_numc_perf::PERF_COUNT_HW_CACHE_MISSES: 141369096	_numc_perf::PERF_COUNT_HW_CACHE_REFERENCES: 351023644	_numc_PAPI_TOT_INS: 6788118751
	14_numc_perf::PERF_COUNT_HW_CACHE_MISSES: 141987359	_numc_perf::PERF_COUNT_HW_CACHE_REFERENCES: 354300175	_numc_PAPI_TOT_INS: 6788118751
	15_numc_perf::PERF_COUNT_HW_CACHE_MISSES: 143123443	_numc_perf::PERF_COUNT_HW_CACHE_REFERENCES: 350597259	_numc_PAPI_TOT_INS: 6788118751
	16_numc_perf::PERF_COUNT_HW_CACHE_MISSES: 143038585	_numc_perf::PERF_COUNT_HW_CACHE_REFERENCES: 350317410	_numc_PAPI_TOT_INS: 6788118732
	17_numc_perf::PERF_COUNT_HW_CACHE_MISSES: 142016421	_numc_perf::PERF_COUNT_HW_CACHE_REFERENCES: 350924375	_numc_PAPI_TOT_INS: 6788118740
	18_numc_perf::PERF_COUNT_HW_CACHE_MISSES: 143364043	_numc_perf::PERF_COUNT_HW_CACHE_REFERENCES: 351102824	_numc_PAPI_TOT_INS: 6788118730
	19_numc_perf::PERF_COUNT_HW_CACHE_MISSES: 142699166	_numc_perf::PERF_COUNT_HW_CACHE_REFERENCES: 351182065	_numc_PAPI_TOT_INS: 6788118733
	20_numc_perf::PERF_COUNT_HW_CACHE_MISSES: 146390654	_numc_perf::PERF_COUNT_HW_CACHE_REFERENCES: 350447214	_numc_PAPI_TOT_INS: 6788118733
	21_numc_perf::PERF_COUNT_HW_CACHE_MISSES: 144657300	_numc_perf::PERF_COUNT_HW_CACHE_REFERENCES: 349951239	_numc_PAPI_TOT_INS: 6788118736
	22_numc_perf::PERF_COUNT_HW_CACHE_MISSES: 143881417	_numc_perf::PERF_COUNT_HW_CACHE_REFERENCES: 351555569	_numc_PAPI_TOT_INS: 6788118743
	23_numc_perf::PERF_COUNT_HW_CACHE_MISSES: 143235831	_numc_perf::PERF_COUNT_HW_CACHE_REFERENCES: 350112967	_numc_PAPI_TOT_INS: 6788118730
	24_numc_perf::PERF_COUNT_HW_CACHE_MISSES: 144886813	_numc_perf::PERF_COUNT_HW_CACHE_REFERENCES: 352093059	_numc_PAPI_TOT_INS: 6788118751
	25_numc_perf::PERF_COUNT_HW_CACHE_MISSES: 144669767	_numc_perf::PERF_COUNT_HW_CACHE_REFERENCES: 350541377	_numc_PAPI_TOT_INS: 6788118739
	26_numc_perf::PERF_COUNT_HW_CACHE_MISSES: 147465308	_numc_perf::PERF_COUNT_HW_CACHE_REFERENCES: 350818655	_numc_PAPI_TOT_INS: 6788118750
	27_numc_perf::PERF_COUNT_HW_CACHE_MISSES: 144808695	_numc_perf::PERF_COUNT_HW_CACHE_REFERENCES: 350282619	_numc_PAPI_TOT_INS: 6788118732
	28_numc_perf::PERF_COUNT_HW_CACHE_MISSES: 145275366	_numc_perf::PERF_COUNT_HW_CACHE_REFERENCES: 350511974	_numc_PAPI_TOT_INS: 6788118755
	29_numc_perf::PERF_COUNT_HW_CACHE_MISSES: 145035642	_numc_perf::PERF_COUNT_HW_CACHE_REFERENCES: 350426400	_numc_PAPI_TOT_INS: 6788118750
	30_numc_perf::PERF_COUNT_HW_CACHE_MISSES: 144943146	_numc_perf::PERF_COUNT_HW_CACHE_REFERENCES: 351199320	_numc_PAPI_TOT_INS: 6788118750
	31_numc_perf::PERF_COUNT_HW_CACHE_MISSES: 144022015	_numc_perf::PERF_COUNT_HW_CACHE_REFERENCES: 351457069	_numc_PAPI_TOT_INS: 6788118736

1th run	init_time: 0.013316444	symb_time: 3.976862537	mgmt_time: 0.000017683	numc_time: 13.093548990	total_time: 17.083745654

	0_intprod: 1656993142
	1_intprod: 636164733
	2_intprod: 633326710
	3_intprod: 227036895
	4_intprod: 633890882
	5_intprod: 226170720
	6_intprod: 226743545
	7_intprod: 80055481
	8_intprod: 635671871
	9_intprod: 226069455
	10_intprod: 226700272
	11_intprod: 78669825
	12_intprod: 225476792
	13_intprod: 77312166
	14_intprod: 77962591
	15_intprod: 28575540
	16_intprod: 633251849
	17_intprod: 226715779
	18_intprod: 225816003
	19_intprod: 77411644
	20_intprod: 223019226
	21_intprod: 77484329
	22_intprod: 77027179
	23_intprod: 27278525
	24_intprod: 224580534
	25_intprod: 77370570
	26_intprod: 76333881
	27_intprod: 25387682
	28_intprod: 77700419
	29_intprod: 25679667
	30_intprod: 25622053
	31_intprod: 8620596

	0_symb_time: 1.557644427
	1_symb_time: 1.820738434
	2_symb_time: 2.025024409
	3_symb_time: 2.160407087
	4_symb_time: 2.315480704
	5_symb_time: 2.406760538
	6_symb_time: 2.429399000
	7_symb_time: 2.568213993
	8_symb_time: 2.981384898
	9_symb_time: 2.279419491
	10_symb_time: 2.849871124
	11_symb_time: 2.965216230
	12_symb_time: 2.762724003
	13_symb_time: 2.586746729
	14_symb_time: 2.982344728
	15_symb_time: 3.269973044
	16_symb_time: 3.290627496
	17_symb_time: 2.498397864
	18_symb_time: 2.756287784
	19_symb_time: 2.990555219
	20_symb_time: 3.180471473
	21_symb_time: 3.488719068
	22_symb_time: 3.388853702
	23_symb_time: 2.928649316
	24_symb_time: 2.553649586
	25_symb_time: 3.021193807
	26_symb_time: 3.305537412
	27_symb_time: 3.240143733
	28_symb_time: 3.314546411
	29_symb_time: 3.576399871
	30_symb_time: 3.536859976
	31_symb_time: 3.978146456

	0_numc_time: 13.006600110
	1_numc_time: 13.006575900
	2_numc_time: 12.907706640
	3_numc_time: 13.006507853
	4_numc_time: 12.908331898
	5_numc_time: 12.908241857
	6_numc_time: 12.908015867
	7_numc_time: 12.908090091
	8_numc_time: 12.907917734
	9_numc_time: 12.907653077
	10_numc_time: 12.907542172
	11_numc_time: 12.907284577
	12_numc_time: 12.907741061
	13_numc_time: 12.907867365
	14_numc_time: 12.907648153
	15_numc_time: 12.907312514
	16_numc_time: 12.907516630
	17_numc_time: 12.907397768
	18_numc_time: 12.907069024
	19_numc_time: 12.907765603
	20_numc_time: 12.907142884
	21_numc_time: 12.907177736
	22_numc_time: 12.907072667
	23_numc_time: 12.906988855
	24_numc_time: 12.907338120
	25_numc_time: 12.907307695
	26_numc_time: 12.907088882
	27_numc_time: 12.907394232
	28_numc_time: 12.907732483
	29_numc_time: 12.906921052
	30_numc_time: 12.907054696
	31_numc_time: 12.906749514

	perf::PERF_COUNT_HW_CACHE_MISSES	perf::PERF_COUNT_HW_CACHE_REFERENCES	PAPI_TOT_INS
	0_numc_perf::PERF_COUNT_HW_CACHE_MISSES: 149627014	_numc_perf::PERF_COUNT_HW_CACHE_REFERENCES: 352019240	_numc_PAPI_TOT_INS: 6788118963
	1_numc_perf::PERF_COUNT_HW_CACHE_MISSES: 163528080	_numc_perf::PERF_COUNT_HW_CACHE_REFERENCES: 357532060	_numc_PAPI_TOT_INS: 6788118945
	2_numc_perf::PERF_COUNT_HW_CACHE_MISSES: 143377239	_numc_perf::PERF_COUNT_HW_CACHE_REFERENCES: 352241132	_numc_PAPI_TOT_INS: 6788118773
	3_numc_perf::PERF_COUNT_HW_CACHE_MISSES: 165919317	_numc_perf::PERF_COUNT_HW_CACHE_REFERENCES: 357935254	_numc_PAPI_TOT_INS: 6788118964
	4_numc_perf::PERF_COUNT_HW_CACHE_MISSES: 143253511	_numc_perf::PERF_COUNT_HW_CACHE_REFERENCES: 351951806	_numc_PAPI_TOT_INS: 6788118773
	5_numc_perf::PERF_COUNT_HW_CACHE_MISSES: 142098861	_numc_perf::PERF_COUNT_HW_CACHE_REFERENCES: 351465336	_numc_PAPI_TOT_INS: 6788118774
	6_numc_perf::PERF_COUNT_HW_CACHE_MISSES: 143471819	_numc_perf::PERF_COUNT_HW_CACHE_REFERENCES: 351878464	_numc_PAPI_TOT_INS: 6788118758
	7_numc_perf::PERF_COUNT_HW_CACHE_MISSES: 143799425	_numc_perf::PERF_COUNT_HW_CACHE_REFERENCES: 351091045	_numc_PAPI_TOT_INS: 6788118756
	8_numc_perf::PERF_COUNT_HW_CACHE_MISSES: 143670705	_numc_perf::PERF_COUNT_HW_CACHE_REFERENCES: 351483977	_numc_PAPI_TOT_INS: 6788118756
	9_numc_perf::PERF_COUNT_HW_CACHE_MISSES: 144510482	_numc_perf::PERF_COUNT_HW_CACHE_REFERENCES: 352552875	_numc_PAPI_TOT_INS: 6788118756
	10_numc_perf::PERF_COUNT_HW_CACHE_MISSES: 143111853	_numc_perf::PERF_COUNT_HW_CACHE_REFERENCES: 351128910	_numc_PAPI_TOT_INS: 6788118774
	11_numc_perf::PERF_COUNT_HW_CACHE_MISSES: 143252582	_numc_perf::PERF_COUNT_HW_CACHE_REFERENCES: 351168760	_numc_PAPI_TOT_INS: 6788118758
	12_numc_perf::PERF_COUNT_HW_CACHE_MISSES: 144276013	_numc_perf::PERF_COUNT_HW_CACHE_REFERENCES: 351563854	_numc_PAPI_TOT_INS: 6788118758
	13_numc_perf::PERF_COUNT_HW_CACHE_MISSES: 143030783	_numc_perf::PERF_COUNT_HW_CACHE_REFERENCES: 351618013	_numc_PAPI_TOT_INS: 6788118756
	14_numc_perf::PERF_COUNT_HW_CACHE_MISSES: 142352928	_numc_perf::PERF_COUNT_HW_CACHE_REFERENCES: 351303096	_numc_PAPI_TOT_INS: 6788118756
	15_numc_perf::PERF_COUNT_HW_CACHE_MISSES: 145403283	_numc_perf::PERF_COUNT_HW_CACHE_REFERENCES: 350841763	_numc_PAPI_TOT_INS: 6788118757
	16_numc_perf::PERF_COUNT_HW_CACHE_MISSES: 142880502	_numc_perf::PERF_COUNT_HW_CACHE_REFERENCES: 351580736	_numc_PAPI_TOT_INS: 6788118757
	17_numc_perf::PERF_COUNT_HW_CACHE_MISSES: 146395454	_numc_perf::PERF_COUNT_HW_CACHE_REFERENCES: 350452527	_numc_PAPI_TOT_INS: 6788118755
	18_numc_perf::PERF_COUNT_HW_CACHE_MISSES: 142841335	_numc_perf::PERF_COUNT_HW_CACHE_REFERENCES: 351657616	_numc_PAPI_TOT_INS: 6788118757
	19_numc_perf::PERF_COUNT_HW_CACHE_MISSES: 143800019	_numc_perf::PERF_COUNT_HW_CACHE_REFERENCES: 351631545	_numc_PAPI_TOT_INS: 6788118770
	20_numc_perf::PERF_COUNT_HW_CACHE_MISSES: 144009628	_numc_perf::PERF_COUNT_HW_CACHE_REFERENCES: 350811708	_numc_PAPI_TOT_INS: 6788118773
	21_numc_perf::PERF_COUNT_HW_CACHE_MISSES: 144875129	_numc_perf::PERF_COUNT_HW_CACHE_REFERENCES: 351707902	_numc_PAPI_TOT_INS: 6788118772
	22_numc_perf::PERF_COUNT_HW_CACHE_MISSES: 145504025	_numc_perf::PERF_COUNT_HW_CACHE_REFERENCES: 350672345	_numc_PAPI_TOT_INS: 6788118756
	23_numc_perf::PERF_COUNT_HW_CACHE_MISSES: 145141630	_numc_perf::PERF_COUNT_HW_CACHE_REFERENCES: 350409877	_numc_PAPI_TOT_INS: 6788118773
	24_numc_perf::PERF_COUNT_HW_CACHE_MISSES: 145380940	_numc_perf::PERF_COUNT_HW_CACHE_REFERENCES: 351220546	_numc_PAPI_TOT_INS: 6788118758
	25_numc_perf::PERF_COUNT_HW_CACHE_MISSES: 146950659	_numc_perf::PERF_COUNT_HW_CACHE_REFERENCES: 351570545	_numc_PAPI_TOT_INS: 6788118756
	26_numc_perf::PERF_COUNT_HW_CACHE_MISSES: 147245258	_numc_perf::PERF_COUNT_HW_CACHE_REFERENCES: 350739269	_numc_PAPI_TOT_INS: 6788118759
	27_numc_perf::PERF_COUNT_HW_CACHE_MISSES: 145257222	_numc_perf::PERF_COUNT_HW_CACHE_REFERENCES: 350714059	_numc_PAPI_TOT_INS: 6788118758
	28_numc_perf::PERF_COUNT_HW_CACHE_MISSES: 146586171	_numc_perf::PERF_COUNT_HW_CACHE_REFERENCES: 350313469	_numc_PAPI_TOT_INS: 6788118617
	29_numc_perf::PERF_COUNT_HW_CACHE_MISSES: 147352356	_numc_perf::PERF_COUNT_HW_CACHE_REFERENCES: 350398594	_numc_PAPI_TOT_INS: 6788118755
	30_numc_perf::PERF_COUNT_HW_CACHE_MISSES: 144500201	_numc_perf::PERF_COUNT_HW_CACHE_REFERENCES: 351575087	_numc_PAPI_TOT_INS: 6788118760
	31_numc_perf::PERF_COUNT_HW_CACHE_MISSES: 144873179	_numc_perf::PERF_COUNT_HW_CACHE_REFERENCES: 350199872	_numc_PAPI_TOT_INS: 6788118758

[PAPI-numc] PAPI_event_name_perf::PERF_COUNT_HW_CACHE_MISSES:	4658273792
[PAPI-numc] PAPI_event_name_perf::PERF_COUNT_HW_CACHE_REFERENCES:	11243849210
[PAPI-numc] PAPI_event_name_PAPI_TOT_INS:	217219807197
2th run	init_time: 0.013359116	symb_time: 3.980284582	mgmt_time: 0.000014630	numc_time: 13.019996881	total_time: 17.013655209

dataset: g500_19_8	num_trials: 2	thread_num: 32	numa_mask: 6	init_time: 0.013337780	symb_time: 3.978573560	mgmt_time: 0.000016157	numc_time: 13.056772935	total_time: 17.048700432	flop_cnt: 8006120556	numc_perf: 613177589.558304667	perf: 469602981.656449616