[huang@xfusion-2288HV7 ujmm-hmem]$ numactl --physcpubind=32-63 ./bin/microbench/hashspgemm_numc_comp g500_19_8
CONFIGURATION:	USE_HYPERTHREADING	USE_WEIGHTED_INTERLEAVING	HASH_CONSTANT: 2654435761	THREAD_NUM: 32	AB_HIGH_THREAD_NUM: 16	AB_SIZE: 524288AB_MIN_NUM: 32768	AB_PRT: 0.900000	AB_DNR	DAHA	DAHA_REAR	DAHA_QUANTILE: 0.990000	DAHA_SYMB_THRES: 6000000	DAHA_NUMC_THRES: 800000DN_MIN: 256	GUD_ALPHA: 0.500000	GUD_MIN: 256	HYB_THRES: 0.950000
	0_intprod: 1656993142
	1_intprod: 636164733
	2_intprod: 633326710
	3_intprod: 227036895
	4_intprod: 633890882
	5_intprod: 226170720
	6_intprod: 226743545
	7_intprod: 80055481
	8_intprod: 635671871
	9_intprod: 226069455
	10_intprod: 226700272
	11_intprod: 78669825
	12_intprod: 225476792
	13_intprod: 77312166
	14_intprod: 77962591
	15_intprod: 28575540
	16_intprod: 633251849
	17_intprod: 226715779
	18_intprod: 225816003
	19_intprod: 77411644
	20_intprod: 223019226
	21_intprod: 77484329
	22_intprod: 77027179
	23_intprod: 27278525
	24_intprod: 224580534
	25_intprod: 77370570
	26_intprod: 76333881
	27_intprod: 25387682
	28_intprod: 77700419
	29_intprod: 25679667
	30_intprod: 25622053
	31_intprod: 8620596

	0_symb_time: 1.545410738
	1_symb_time: 1.819300899
	2_symb_time: 2.038827652
	3_symb_time: 2.152303224

	4_symb_time: 2.315645371
	5_symb_time: 2.400042153

	6_symb_time: 2.413050493
	7_symb_time: 2.538689266
	8_symb_time: 2.970336799
	9_symb_time: 2.262914515
	10_symb_time: 2.835094911
	11_symb_time: 2.957525469
	12_symb_time: 2.754670557
	13_symb_time: 2.600754523
	14_symb_time: 2.972496565
	15_symb_time: 3.260381998
	16_symb_time: 3.271169379
	17_symb_time: 2.504595116
	18_symb_time: 2.751233432
	19_symb_time: 2.982548383
	20_symb_time: 3.174275776
	21_symb_time: 3.496717663
	22_symb_time: 3.394389590
	23_symb_time: 2.922318395
	24_symb_time: 2.547733275
	25_symb_time: 3.006416230
	26_symb_time: 3.303215571
	27_symb_time: 3.249446286
	28_symb_time: 3.322056929
	29_symb_time: 3.579760470
	30_symb_time: 3.528965604
	31_symb_time: 3.977744621

	0_numc_time: 0.000000000
	1_numc_time: 0.000000000
	2_numc_time: 0.000000000
	3_numc_time: 0.000000000
	4_numc_time: 0.000000000
	5_numc_time: 0.000000000
	6_numc_time: 0.000000000
	7_numc_time: 0.000000000
	8_numc_time: 0.000000000
	9_numc_time: 0.000000000
	10_numc_time: 0.000000000
	11_numc_time: 0.000000000
	12_numc_time: 0.000000000
	13_numc_time: 0.000000000
	14_numc_time: 0.000000000
	15_numc_time: 0.000000000
	16_numc_time: 0.000000000
	17_numc_time: 0.000000000
	18_numc_time: 0.000000000
	19_numc_time: 0.000000000
	20_numc_time: 0.000000000
	21_numc_time: 0.000000000
	22_numc_time: 0.000000000
	23_numc_time: 0.000000000
	24_numc_time: 0.000000000
	25_numc_time: 0.000000000
	26_numc_time: 0.000000000
	27_numc_time: 0.000000000
	28_numc_time: 0.000000000
	29_numc_time: 0.000000000
	30_numc_time: 0.000000000
	31_numc_time: 5.344201219

	perf::PERF_COUNT_HW_CACHE_MISSES	perf::PERF_COUNT_HW_CACHE_REFERENCES	PAPI_TOT_INS
	0_numc_perf::PERF_COUNT_HW_CACHE_MISSES: 0	_numc_perf::PERF_COUNT_HW_CACHE_REFERENCES: 0	_numc_PAPI_TOT_INS: 0
	1_numc_perf::PERF_COUNT_HW_CACHE_MISSES: 0	_numc_perf::PERF_COUNT_HW_CACHE_REFERENCES: 0	_numc_PAPI_TOT_INS: 0
	2_numc_perf::PERF_COUNT_HW_CACHE_MISSES: 0	_numc_perf::PERF_COUNT_HW_CACHE_REFERENCES: 0	_numc_PAPI_TOT_INS: 0
	3_numc_perf::PERF_COUNT_HW_CACHE_MISSES: 0	_numc_perf::PERF_COUNT_HW_CACHE_REFERENCES: 0	_numc_PAPI_TOT_INS: 0
	4_numc_perf::PERF_COUNT_HW_CACHE_MISSES: 0	_numc_perf::PERF_COUNT_HW_CACHE_REFERENCES: 0	_numc_PAPI_TOT_INS: 0
	5_numc_perf::PERF_COUNT_HW_CACHE_MISSES: 0	_numc_perf::PERF_COUNT_HW_CACHE_REFERENCES: 0	_numc_PAPI_TOT_INS: 0
	6_numc_perf::PERF_COUNT_HW_CACHE_MISSES: 0	_numc_perf::PERF_COUNT_HW_CACHE_REFERENCES: 0	_numc_PAPI_TOT_INS: 0
	7_numc_perf::PERF_COUNT_HW_CACHE_MISSES: 0	_numc_perf::PERF_COUNT_HW_CACHE_REFERENCES: 0	_numc_PAPI_TOT_INS: 0
	8_numc_perf::PERF_COUNT_HW_CACHE_MISSES: 0	_numc_perf::PERF_COUNT_HW_CACHE_REFERENCES: 0	_numc_PAPI_TOT_INS: 0
	9_numc_perf::PERF_COUNT_HW_CACHE_MISSES: 0	_numc_perf::PERF_COUNT_HW_CACHE_REFERENCES: 0	_numc_PAPI_TOT_INS: 0
	10_numc_perf::PERF_COUNT_HW_CACHE_MISSES: 0	_numc_perf::PERF_COUNT_HW_CACHE_REFERENCES: 0	_numc_PAPI_TOT_INS: 0
	11_numc_perf::PERF_COUNT_HW_CACHE_MISSES: 0	_numc_perf::PERF_COUNT_HW_CACHE_REFERENCES: 0	_numc_PAPI_TOT_INS: 0
	12_numc_perf::PERF_COUNT_HW_CACHE_MISSES: 0	_numc_perf::PERF_COUNT_HW_CACHE_REFERENCES: 0	_numc_PAPI_TOT_INS: 0
	13_numc_perf::PERF_COUNT_HW_CACHE_MISSES: 0	_numc_perf::PERF_COUNT_HW_CACHE_REFERENCES: 0	_numc_PAPI_TOT_INS: 0
	14_numc_perf::PERF_COUNT_HW_CACHE_MISSES: 0	_numc_perf::PERF_COUNT_HW_CACHE_REFERENCES: 0	_numc_PAPI_TOT_INS: 0
	15_numc_perf::PERF_COUNT_HW_CACHE_MISSES: 0	_numc_perf::PERF_COUNT_HW_CACHE_REFERENCES: 0	_numc_PAPI_TOT_INS: 0
	16_numc_perf::PERF_COUNT_HW_CACHE_MISSES: 0	_numc_perf::PERF_COUNT_HW_CACHE_REFERENCES: 0	_numc_PAPI_TOT_INS: 0
	17_numc_perf::PERF_COUNT_HW_CACHE_MISSES: 0	_numc_perf::PERF_COUNT_HW_CACHE_REFERENCES: 0	_numc_PAPI_TOT_INS: 0
	18_numc_perf::PERF_COUNT_HW_CACHE_MISSES: 0	_numc_perf::PERF_COUNT_HW_CACHE_REFERENCES: 0	_numc_PAPI_TOT_INS: 0
	19_numc_perf::PERF_COUNT_HW_CACHE_MISSES: 0	_numc_perf::PERF_COUNT_HW_CACHE_REFERENCES: 0	_numc_PAPI_TOT_INS: 0
	20_numc_perf::PERF_COUNT_HW_CACHE_MISSES: 0	_numc_perf::PERF_COUNT_HW_CACHE_REFERENCES: 0	_numc_PAPI_TOT_INS: 0
	21_numc_perf::PERF_COUNT_HW_CACHE_MISSES: 0	_numc_perf::PERF_COUNT_HW_CACHE_REFERENCES: 0	_numc_PAPI_TOT_INS: 0
	22_numc_perf::PERF_COUNT_HW_CACHE_MISSES: 0	_numc_perf::PERF_COUNT_HW_CACHE_REFERENCES: 0	_numc_PAPI_TOT_INS: 0
	23_numc_perf::PERF_COUNT_HW_CACHE_MISSES: 0	_numc_perf::PERF_COUNT_HW_CACHE_REFERENCES: 0	_numc_PAPI_TOT_INS: 0
	24_numc_perf::PERF_COUNT_HW_CACHE_MISSES: 0	_numc_perf::PERF_COUNT_HW_CACHE_REFERENCES: 0	_numc_PAPI_TOT_INS: 0
	25_numc_perf::PERF_COUNT_HW_CACHE_MISSES: 0	_numc_perf::PERF_COUNT_HW_CACHE_REFERENCES: 0	_numc_PAPI_TOT_INS: 0
	26_numc_perf::PERF_COUNT_HW_CACHE_MISSES: 0	_numc_perf::PERF_COUNT_HW_CACHE_REFERENCES: 0	_numc_PAPI_TOT_INS: 0
	27_numc_perf::PERF_COUNT_HW_CACHE_MISSES: 0	_numc_perf::PERF_COUNT_HW_CACHE_REFERENCES: 0	_numc_PAPI_TOT_INS: 0
	28_numc_perf::PERF_COUNT_HW_CACHE_MISSES: 0	_numc_perf::PERF_COUNT_HW_CACHE_REFERENCES: 0	_numc_PAPI_TOT_INS: 0
	29_numc_perf::PERF_COUNT_HW_CACHE_MISSES: 0	_numc_perf::PERF_COUNT_HW_CACHE_REFERENCES: 0	_numc_PAPI_TOT_INS: 0
	30_numc_perf::PERF_COUNT_HW_CACHE_MISSES: 0	_numc_perf::PERF_COUNT_HW_CACHE_REFERENCES: 0	_numc_PAPI_TOT_INS: 0
	31_numc_perf::PERF_COUNT_HW_CACHE_MISSES: 11806501	_numc_perf::PERF_COUNT_HW_CACHE_REFERENCES: 132371862	_numc_PAPI_TOT_INS: 13822585218

0th run	init_time: 0.013444255	symb_time: 3.979914399	mgmt_time: 0.000014239	numc_time: 5.351059266	total_time: 9.344432159

	0_intprod: 1656993142
	1_intprod: 636164733
	2_intprod: 633326710
	3_intprod: 227036895
	4_intprod: 633890882
	5_intprod: 226170720
	6_intprod: 226743545
	7_intprod: 80055481
	8_intprod: 635671871
	9_intprod: 226069455
	10_intprod: 226700272
	11_intprod: 78669825
	12_intprod: 225476792
	13_intprod: 77312166
	14_intprod: 77962591
	15_intprod: 28575540
	16_intprod: 633251849
	17_intprod: 226715779
	18_intprod: 225816003
	19_intprod: 77411644
	20_intprod: 223019226
	21_intprod: 77484329
	22_intprod: 77027179
	23_intprod: 27278525
	24_intprod: 224580534
	25_intprod: 77370570
	26_intprod: 76333881
	27_intprod: 25387682
	28_intprod: 77700419
	29_intprod: 25679667
	30_intprod: 25622053
	31_intprod: 8620596

	0_symb_time: 1.566732678
	1_symb_time: 1.834364530
	2_symb_time: 2.004982439
	3_symb_time: 2.131838679
	4_symb_time: 2.300442312
	5_symb_time: 2.390552898
	6_symb_time: 2.408458673
	7_symb_time: 2.558441295
	8_symb_time: 2.969138274
	9_symb_time: 2.264798437
	10_symb_time: 2.855770165
	11_symb_time: 2.963453344
	12_symb_time: 2.761268878
	13_symb_time: 2.591350933
	14_symb_time: 2.980407748
	15_symb_time: 3.268975213
	16_symb_time: 3.267452177
	17_symb_time: 2.502055808
	18_symb_time: 2.766460384
	19_symb_time: 2.996983848
	20_symb_time: 3.180947705
	21_symb_time: 3.495758599
	22_symb_time: 3.389370403
	23_symb_time: 2.929952458
	24_symb_time: 2.551664694
	25_symb_time: 3.007988670
	26_symb_time: 3.308363197
	27_symb_time: 3.248702132
	28_symb_time: 3.328198163
	29_symb_time: 3.575706257
	30_symb_time: 3.532817478
	31_symb_time: 3.981589671

	0_numc_time: 0.000000000
	1_numc_time: 0.000000000
	2_numc_time: 0.000000000
	3_numc_time: 0.000000000
	4_numc_time: 0.000000000
	5_numc_time: 0.000000000
	6_numc_time: 0.000000000
	7_numc_time: 0.000000000
	8_numc_time: 0.000000000
	9_numc_time: 0.000000000
	10_numc_time: 0.000000000
	11_numc_time: 0.000000000
	12_numc_time: 0.000000000
	13_numc_time: 0.000000000
	14_numc_time: 0.000000000
	15_numc_time: 0.000000000
	16_numc_time: 0.000000000
	17_numc_time: 0.000000000
	18_numc_time: 0.000000000
	19_numc_time: 0.000000000
	20_numc_time: 0.000000000
	21_numc_time: 0.000000000
	22_numc_time: 0.000000000
	23_numc_time: 0.000000000
	24_numc_time: 0.000000000
	25_numc_time: 0.000000000
	26_numc_time: 0.000000000
	27_numc_time: 0.000000000
	28_numc_time: 0.000000000
	29_numc_time: 0.000000000
	30_numc_time: 0.000000000
	31_numc_time: 5.327455180

	perf::PERF_COUNT_HW_CACHE_MISSES	perf::PERF_COUNT_HW_CACHE_REFERENCES	PAPI_TOT_INS
	0_numc_perf::PERF_COUNT_HW_CACHE_MISSES: 0	_numc_perf::PERF_COUNT_HW_CACHE_REFERENCES: 0	_numc_PAPI_TOT_INS: 0
	1_numc_perf::PERF_COUNT_HW_CACHE_MISSES: 0	_numc_perf::PERF_COUNT_HW_CACHE_REFERENCES: 0	_numc_PAPI_TOT_INS: 0
	2_numc_perf::PERF_COUNT_HW_CACHE_MISSES: 0	_numc_perf::PERF_COUNT_HW_CACHE_REFERENCES: 0	_numc_PAPI_TOT_INS: 0
	3_numc_perf::PERF_COUNT_HW_CACHE_MISSES: 0	_numc_perf::PERF_COUNT_HW_CACHE_REFERENCES: 0	_numc_PAPI_TOT_INS: 0
	4_numc_perf::PERF_COUNT_HW_CACHE_MISSES: 0	_numc_perf::PERF_COUNT_HW_CACHE_REFERENCES: 0	_numc_PAPI_TOT_INS: 0
	5_numc_perf::PERF_COUNT_HW_CACHE_MISSES: 0	_numc_perf::PERF_COUNT_HW_CACHE_REFERENCES: 0	_numc_PAPI_TOT_INS: 0
	6_numc_perf::PERF_COUNT_HW_CACHE_MISSES: 0	_numc_perf::PERF_COUNT_HW_CACHE_REFERENCES: 0	_numc_PAPI_TOT_INS: 0
	7_numc_perf::PERF_COUNT_HW_CACHE_MISSES: 0	_numc_perf::PERF_COUNT_HW_CACHE_REFERENCES: 0	_numc_PAPI_TOT_INS: 0
	8_numc_perf::PERF_COUNT_HW_CACHE_MISSES: 0	_numc_perf::PERF_COUNT_HW_CACHE_REFERENCES: 0	_numc_PAPI_TOT_INS: 0
	9_numc_perf::PERF_COUNT_HW_CACHE_MISSES: 0	_numc_perf::PERF_COUNT_HW_CACHE_REFERENCES: 0	_numc_PAPI_TOT_INS: 0
	10_numc_perf::PERF_COUNT_HW_CACHE_MISSES: 0	_numc_perf::PERF_COUNT_HW_CACHE_REFERENCES: 0	_numc_PAPI_TOT_INS: 0
	11_numc_perf::PERF_COUNT_HW_CACHE_MISSES: 0	_numc_perf::PERF_COUNT_HW_CACHE_REFERENCES: 0	_numc_PAPI_TOT_INS: 0
	12_numc_perf::PERF_COUNT_HW_CACHE_MISSES: 0	_numc_perf::PERF_COUNT_HW_CACHE_REFERENCES: 0	_numc_PAPI_TOT_INS: 0
	13_numc_perf::PERF_COUNT_HW_CACHE_MISSES: 0	_numc_perf::PERF_COUNT_HW_CACHE_REFERENCES: 0	_numc_PAPI_TOT_INS: 0
	14_numc_perf::PERF_COUNT_HW_CACHE_MISSES: 0	_numc_perf::PERF_COUNT_HW_CACHE_REFERENCES: 0	_numc_PAPI_TOT_INS: 0
	15_numc_perf::PERF_COUNT_HW_CACHE_MISSES: 0	_numc_perf::PERF_COUNT_HW_CACHE_REFERENCES: 0	_numc_PAPI_TOT_INS: 0
	16_numc_perf::PERF_COUNT_HW_CACHE_MISSES: 0	_numc_perf::PERF_COUNT_HW_CACHE_REFERENCES: 0	_numc_PAPI_TOT_INS: 0
	17_numc_perf::PERF_COUNT_HW_CACHE_MISSES: 0	_numc_perf::PERF_COUNT_HW_CACHE_REFERENCES: 0	_numc_PAPI_TOT_INS: 0
	18_numc_perf::PERF_COUNT_HW_CACHE_MISSES: 0	_numc_perf::PERF_COUNT_HW_CACHE_REFERENCES: 0	_numc_PAPI_TOT_INS: 0
	19_numc_perf::PERF_COUNT_HW_CACHE_MISSES: 0	_numc_perf::PERF_COUNT_HW_CACHE_REFERENCES: 0	_numc_PAPI_TOT_INS: 0
	20_numc_perf::PERF_COUNT_HW_CACHE_MISSES: 0	_numc_perf::PERF_COUNT_HW_CACHE_REFERENCES: 0	_numc_PAPI_TOT_INS: 0
	21_numc_perf::PERF_COUNT_HW_CACHE_MISSES: 0	_numc_perf::PERF_COUNT_HW_CACHE_REFERENCES: 0	_numc_PAPI_TOT_INS: 0
	22_numc_perf::PERF_COUNT_HW_CACHE_MISSES: 0	_numc_perf::PERF_COUNT_HW_CACHE_REFERENCES: 0	_numc_PAPI_TOT_INS: 0
	23_numc_perf::PERF_COUNT_HW_CACHE_MISSES: 0	_numc_perf::PERF_COUNT_HW_CACHE_REFERENCES: 0	_numc_PAPI_TOT_INS: 0
	24_numc_perf::PERF_COUNT_HW_CACHE_MISSES: 0	_numc_perf::PERF_COUNT_HW_CACHE_REFERENCES: 0	_numc_PAPI_TOT_INS: 0
	25_numc_perf::PERF_COUNT_HW_CACHE_MISSES: 0	_numc_perf::PERF_COUNT_HW_CACHE_REFERENCES: 0	_numc_PAPI_TOT_INS: 0
	26_numc_perf::PERF_COUNT_HW_CACHE_MISSES: 0	_numc_perf::PERF_COUNT_HW_CACHE_REFERENCES: 0	_numc_PAPI_TOT_INS: 0
	27_numc_perf::PERF_COUNT_HW_CACHE_MISSES: 0	_numc_perf::PERF_COUNT_HW_CACHE_REFERENCES: 0	_numc_PAPI_TOT_INS: 0
	28_numc_perf::PERF_COUNT_HW_CACHE_MISSES: 0	_numc_perf::PERF_COUNT_HW_CACHE_REFERENCES: 0	_numc_PAPI_TOT_INS: 0
	29_numc_perf::PERF_COUNT_HW_CACHE_MISSES: 0	_numc_perf::PERF_COUNT_HW_CACHE_REFERENCES: 0	_numc_PAPI_TOT_INS: 0
	30_numc_perf::PERF_COUNT_HW_CACHE_MISSES: 0	_numc_perf::PERF_COUNT_HW_CACHE_REFERENCES: 0	_numc_PAPI_TOT_INS: 0
	31_numc_perf::PERF_COUNT_HW_CACHE_MISSES: 11750435	_numc_perf::PERF_COUNT_HW_CACHE_REFERENCES: 133155709	_numc_PAPI_TOT_INS: 13822583756

1th run	init_time: 0.013000836	symb_time: 3.983578878	mgmt_time: 0.000010402	numc_time: 5.335740179	total_time: 9.332330295

	0_intprod: 1656993142
	1_intprod: 636164733
	2_intprod: 633326710
	3_intprod: 227036895
	4_intprod: 633890882
	5_intprod: 226170720
	6_intprod: 226743545
	7_intprod: 80055481
	8_intprod: 635671871
	9_intprod: 226069455
	10_intprod: 226700272
	11_intprod: 78669825
	12_intprod: 225476792
	13_intprod: 77312166
	14_intprod: 77962591
	15_intprod: 28575540
	16_intprod: 633251849
	17_intprod: 226715779
	18_intprod: 225816003
	19_intprod: 77411644
	20_intprod: 223019226
	21_intprod: 77484329
	22_intprod: 77027179
	23_intprod: 27278525
	24_intprod: 224580534
	25_intprod: 77370570
	26_intprod: 76333881
	27_intprod: 25387682
	28_intprod: 77700419
	29_intprod: 25679667
	30_intprod: 25622053
	31_intprod: 8620596

	0_symb_time: 1.552907644
	1_symb_time: 1.814902809
	2_symb_time: 2.013329523
	3_symb_time: 2.126817397
	4_symb_time: 2.304970297
	5_symb_time: 2.381946710
	6_symb_time: 2.406567727
	7_symb_time: 2.551304796
	8_symb_time: 2.978934923
	9_symb_time: 2.276642526
	10_symb_time: 2.845030201
	11_symb_time: 2.949653451
	12_symb_time: 2.761808099
	13_symb_time: 2.566628167
	14_symb_time: 2.982214940
	15_symb_time: 3.264776631
	16_symb_time: 3.260449575
	17_symb_time: 2.521236920
	18_symb_time: 2.760783158
	19_symb_time: 2.982704198
	20_symb_time: 3.182841877
	21_symb_time: 3.488600705
	22_symb_time: 3.385401979
	23_symb_time: 2.929483710
	24_symb_time: 2.552956527
	25_symb_time: 3.012029650
	26_symb_time: 3.303464031
	27_symb_time: 3.233275765
	28_symb_time: 3.326419223
	29_symb_time: 3.577039865
	30_symb_time: 3.535208226
	31_symb_time: 3.984905032

	0_numc_time: 0.000000000
	1_numc_time: 0.000000000
	2_numc_time: 0.000000000
	3_numc_time: 0.000000000
	4_numc_time: 0.000000000
	5_numc_time: 0.000000000
	6_numc_time: 0.000000000
	7_numc_time: 0.000000000
	8_numc_time: 0.000000000
	9_numc_time: 0.000000000
	10_numc_time: 0.000000000
	11_numc_time: 0.000000000
	12_numc_time: 0.000000000
	13_numc_time: 0.000000000
	14_numc_time: 0.000000000
	15_numc_time: 0.000000000
	16_numc_time: 0.000000000
	17_numc_time: 0.000000000
	18_numc_time: 0.000000000
	19_numc_time: 0.000000000
	20_numc_time: 0.000000000
	21_numc_time: 0.000000000
	22_numc_time: 0.000000000
	23_numc_time: 0.000000000
	24_numc_time: 0.000000000
	25_numc_time: 0.000000000
	26_numc_time: 0.000000000
	27_numc_time: 0.000000000
	28_numc_time: 0.000000000
	29_numc_time: 0.000000000
	30_numc_time: 0.000000000
	31_numc_time: 5.355909262

	perf::PERF_COUNT_HW_CACHE_MISSES	perf::PERF_COUNT_HW_CACHE_REFERENCES	PAPI_TOT_INS
	0_numc_perf::PERF_COUNT_HW_CACHE_MISSES: 0	_numc_perf::PERF_COUNT_HW_CACHE_REFERENCES: 0	_numc_PAPI_TOT_INS: 0
	1_numc_perf::PERF_COUNT_HW_CACHE_MISSES: 0	_numc_perf::PERF_COUNT_HW_CACHE_REFERENCES: 0	_numc_PAPI_TOT_INS: 0
	2_numc_perf::PERF_COUNT_HW_CACHE_MISSES: 0	_numc_perf::PERF_COUNT_HW_CACHE_REFERENCES: 0	_numc_PAPI_TOT_INS: 0
	3_numc_perf::PERF_COUNT_HW_CACHE_MISSES: 0	_numc_perf::PERF_COUNT_HW_CACHE_REFERENCES: 0	_numc_PAPI_TOT_INS: 0
	4_numc_perf::PERF_COUNT_HW_CACHE_MISSES: 0	_numc_perf::PERF_COUNT_HW_CACHE_REFERENCES: 0	_numc_PAPI_TOT_INS: 0
	5_numc_perf::PERF_COUNT_HW_CACHE_MISSES: 0	_numc_perf::PERF_COUNT_HW_CACHE_REFERENCES: 0	_numc_PAPI_TOT_INS: 0
	6_numc_perf::PERF_COUNT_HW_CACHE_MISSES: 0	_numc_perf::PERF_COUNT_HW_CACHE_REFERENCES: 0	_numc_PAPI_TOT_INS: 0
	7_numc_perf::PERF_COUNT_HW_CACHE_MISSES: 0	_numc_perf::PERF_COUNT_HW_CACHE_REFERENCES: 0	_numc_PAPI_TOT_INS: 0
	8_numc_perf::PERF_COUNT_HW_CACHE_MISSES: 0	_numc_perf::PERF_COUNT_HW_CACHE_REFERENCES: 0	_numc_PAPI_TOT_INS: 0
	9_numc_perf::PERF_COUNT_HW_CACHE_MISSES: 0	_numc_perf::PERF_COUNT_HW_CACHE_REFERENCES: 0	_numc_PAPI_TOT_INS: 0
	10_numc_perf::PERF_COUNT_HW_CACHE_MISSES: 0	_numc_perf::PERF_COUNT_HW_CACHE_REFERENCES: 0	_numc_PAPI_TOT_INS: 0
	11_numc_perf::PERF_COUNT_HW_CACHE_MISSES: 0	_numc_perf::PERF_COUNT_HW_CACHE_REFERENCES: 0	_numc_PAPI_TOT_INS: 0
	12_numc_perf::PERF_COUNT_HW_CACHE_MISSES: 0	_numc_perf::PERF_COUNT_HW_CACHE_REFERENCES: 0	_numc_PAPI_TOT_INS: 0
	13_numc_perf::PERF_COUNT_HW_CACHE_MISSES: 0	_numc_perf::PERF_COUNT_HW_CACHE_REFERENCES: 0	_numc_PAPI_TOT_INS: 0
	14_numc_perf::PERF_COUNT_HW_CACHE_MISSES: 0	_numc_perf::PERF_COUNT_HW_CACHE_REFERENCES: 0	_numc_PAPI_TOT_INS: 0
	15_numc_perf::PERF_COUNT_HW_CACHE_MISSES: 0	_numc_perf::PERF_COUNT_HW_CACHE_REFERENCES: 0	_numc_PAPI_TOT_INS: 0
	16_numc_perf::PERF_COUNT_HW_CACHE_MISSES: 0	_numc_perf::PERF_COUNT_HW_CACHE_REFERENCES: 0	_numc_PAPI_TOT_INS: 0
	17_numc_perf::PERF_COUNT_HW_CACHE_MISSES: 0	_numc_perf::PERF_COUNT_HW_CACHE_REFERENCES: 0	_numc_PAPI_TOT_INS: 0
	18_numc_perf::PERF_COUNT_HW_CACHE_MISSES: 0	_numc_perf::PERF_COUNT_HW_CACHE_REFERENCES: 0	_numc_PAPI_TOT_INS: 0
	19_numc_perf::PERF_COUNT_HW_CACHE_MISSES: 0	_numc_perf::PERF_COUNT_HW_CACHE_REFERENCES: 0	_numc_PAPI_TOT_INS: 0
	20_numc_perf::PERF_COUNT_HW_CACHE_MISSES: 0	_numc_perf::PERF_COUNT_HW_CACHE_REFERENCES: 0	_numc_PAPI_TOT_INS: 0
	21_numc_perf::PERF_COUNT_HW_CACHE_MISSES: 0	_numc_perf::PERF_COUNT_HW_CACHE_REFERENCES: 0	_numc_PAPI_TOT_INS: 0
	22_numc_perf::PERF_COUNT_HW_CACHE_MISSES: 0	_numc_perf::PERF_COUNT_HW_CACHE_REFERENCES: 0	_numc_PAPI_TOT_INS: 0
	23_numc_perf::PERF_COUNT_HW_CACHE_MISSES: 0	_numc_perf::PERF_COUNT_HW_CACHE_REFERENCES: 0	_numc_PAPI_TOT_INS: 0
	24_numc_perf::PERF_COUNT_HW_CACHE_MISSES: 0	_numc_perf::PERF_COUNT_HW_CACHE_REFERENCES: 0	_numc_PAPI_TOT_INS: 0
	25_numc_perf::PERF_COUNT_HW_CACHE_MISSES: 0	_numc_perf::PERF_COUNT_HW_CACHE_REFERENCES: 0	_numc_PAPI_TOT_INS: 0
	26_numc_perf::PERF_COUNT_HW_CACHE_MISSES: 0	_numc_perf::PERF_COUNT_HW_CACHE_REFERENCES: 0	_numc_PAPI_TOT_INS: 0
	27_numc_perf::PERF_COUNT_HW_CACHE_MISSES: 0	_numc_perf::PERF_COUNT_HW_CACHE_REFERENCES: 0	_numc_PAPI_TOT_INS: 0
	28_numc_perf::PERF_COUNT_HW_CACHE_MISSES: 0	_numc_perf::PERF_COUNT_HW_CACHE_REFERENCES: 0	_numc_PAPI_TOT_INS: 0
	29_numc_perf::PERF_COUNT_HW_CACHE_MISSES: 0	_numc_perf::PERF_COUNT_HW_CACHE_REFERENCES: 0	_numc_PAPI_TOT_INS: 0
	30_numc_perf::PERF_COUNT_HW_CACHE_MISSES: 0	_numc_perf::PERF_COUNT_HW_CACHE_REFERENCES: 0	_numc_PAPI_TOT_INS: 0
	31_numc_perf::PERF_COUNT_HW_CACHE_MISSES: 11877020	_numc_perf::PERF_COUNT_HW_CACHE_REFERENCES: 133266822	_numc_PAPI_TOT_INS: 13822583760

[PAPI-numc] PAPI_event_name_perf::PERF_COUNT_HW_CACHE_MISSES:	11811318
[PAPI-numc] PAPI_event_name_perf::PERF_COUNT_HW_CACHE_REFERENCES:	132931464
[PAPI-numc] PAPI_event_name_PAPI_TOT_INS:	13822584244
2th run	init_time: 0.013397970	symb_time: 3.986937106	mgmt_time: 0.000017140	numc_time: 5.363961301	total_time: 9.364313517

dataset: g500_19_8	num_trials: 2	thread_num: 32	numa_mask: 6	init_time: 0.013199403	symb_time: 3.985257992	mgmt_time: 0.000013771	numc_time: 5.349850740	total_time: 9.348321906	flop_cnt: 8006120556	numc_perf: 1496512883.273449898	perf: 856423285.002783418